Archive member included to satisfy reference by file (symbol)

/home/chris/opt/STM32CubeIDE/st/stm32cubeide_1.2.0/plugins/com.st.stm32cube.ide.mcu.externaltools.gnu-tools-for-stm32.7-2018-q2-update.linux64_1.0.0.201904181610/tools/bin/../lib/gcc/arm-none-eabi/7.3.1/../../../../arm-none-eabi/lib/thumb/v6-m/libc_nano.a(lib_a-errno.o)
                              Core/Src/syscalls.o (__errno)
/home/chris/opt/STM32CubeIDE/st/stm32cubeide_1.2.0/plugins/com.st.stm32cube.ide.mcu.externaltools.gnu-tools-for-stm32.7-2018-q2-update.linux64_1.0.0.201904181610/tools/bin/../lib/gcc/arm-none-eabi/7.3.1/../../../../arm-none-eabi/lib/thumb/v6-m/libc_nano.a(lib_a-exit.o)
                              /home/chris/opt/STM32CubeIDE/st/stm32cubeide_1.2.0/plugins/com.st.stm32cube.ide.mcu.externaltools.gnu-tools-for-stm32.7-2018-q2-update.linux64_1.0.0.201904181610/tools/bin/../lib/gcc/arm-none-eabi/7.3.1/../../../../arm-none-eabi/lib/thumb/v6-m/crt0.o (exit)
/home/chris/opt/STM32CubeIDE/st/stm32cubeide_1.2.0/plugins/com.st.stm32cube.ide.mcu.externaltools.gnu-tools-for-stm32.7-2018-q2-update.linux64_1.0.0.201904181610/tools/bin/../lib/gcc/arm-none-eabi/7.3.1/../../../../arm-none-eabi/lib/thumb/v6-m/libc_nano.a(lib_a-impure.o)
                              /home/chris/opt/STM32CubeIDE/st/stm32cubeide_1.2.0/plugins/com.st.stm32cube.ide.mcu.externaltools.gnu-tools-for-stm32.7-2018-q2-update.linux64_1.0.0.201904181610/tools/bin/../lib/gcc/arm-none-eabi/7.3.1/../../../../arm-none-eabi/lib/thumb/v6-m/libc_nano.a(lib_a-exit.o) (_global_impure_ptr)
/home/chris/opt/STM32CubeIDE/st/stm32cubeide_1.2.0/plugins/com.st.stm32cube.ide.mcu.externaltools.gnu-tools-for-stm32.7-2018-q2-update.linux64_1.0.0.201904181610/tools/bin/../lib/gcc/arm-none-eabi/7.3.1/../../../../arm-none-eabi/lib/thumb/v6-m/libc_nano.a(lib_a-init.o)
                              /home/chris/opt/STM32CubeIDE/st/stm32cubeide_1.2.0/plugins/com.st.stm32cube.ide.mcu.externaltools.gnu-tools-for-stm32.7-2018-q2-update.linux64_1.0.0.201904181610/tools/bin/../lib/gcc/arm-none-eabi/7.3.1/../../../../arm-none-eabi/lib/thumb/v6-m/crt0.o (__libc_init_array)
/home/chris/opt/STM32CubeIDE/st/stm32cubeide_1.2.0/plugins/com.st.stm32cube.ide.mcu.externaltools.gnu-tools-for-stm32.7-2018-q2-update.linux64_1.0.0.201904181610/tools/bin/../lib/gcc/arm-none-eabi/7.3.1/../../../../arm-none-eabi/lib/thumb/v6-m/libc_nano.a(lib_a-memset.o)
                              /home/chris/opt/STM32CubeIDE/st/stm32cubeide_1.2.0/plugins/com.st.stm32cube.ide.mcu.externaltools.gnu-tools-for-stm32.7-2018-q2-update.linux64_1.0.0.201904181610/tools/bin/../lib/gcc/arm-none-eabi/7.3.1/../../../../arm-none-eabi/lib/thumb/v6-m/crt0.o (memset)
/home/chris/opt/STM32CubeIDE/st/stm32cubeide_1.2.0/plugins/com.st.stm32cube.ide.mcu.externaltools.gnu-tools-for-stm32.7-2018-q2-update.linux64_1.0.0.201904181610/tools/bin/../lib/gcc/arm-none-eabi/7.3.1/../../../../arm-none-eabi/lib/thumb/v6-m/libc_nano.a(lib_a-snprintf.o)
                              Core/Src/main.o (snprintf)
/home/chris/opt/STM32CubeIDE/st/stm32cubeide_1.2.0/plugins/com.st.stm32cube.ide.mcu.externaltools.gnu-tools-for-stm32.7-2018-q2-update.linux64_1.0.0.201904181610/tools/bin/../lib/gcc/arm-none-eabi/7.3.1/../../../../arm-none-eabi/lib/thumb/v6-m/libc_nano.a(lib_a-nano-svfprintf.o)
                              /home/chris/opt/STM32CubeIDE/st/stm32cubeide_1.2.0/plugins/com.st.stm32cube.ide.mcu.externaltools.gnu-tools-for-stm32.7-2018-q2-update.linux64_1.0.0.201904181610/tools/bin/../lib/gcc/arm-none-eabi/7.3.1/../../../../arm-none-eabi/lib/thumb/v6-m/libc_nano.a(lib_a-snprintf.o) (_svfprintf_r)
/home/chris/opt/STM32CubeIDE/st/stm32cubeide_1.2.0/plugins/com.st.stm32cube.ide.mcu.externaltools.gnu-tools-for-stm32.7-2018-q2-update.linux64_1.0.0.201904181610/tools/bin/../lib/gcc/arm-none-eabi/7.3.1/../../../../arm-none-eabi/lib/thumb/v6-m/libc_nano.a(lib_a-nano-vfprintf_i.o)
                              /home/chris/opt/STM32CubeIDE/st/stm32cubeide_1.2.0/plugins/com.st.stm32cube.ide.mcu.externaltools.gnu-tools-for-stm32.7-2018-q2-update.linux64_1.0.0.201904181610/tools/bin/../lib/gcc/arm-none-eabi/7.3.1/../../../../arm-none-eabi/lib/thumb/v6-m/libc_nano.a(lib_a-nano-svfprintf.o) (_printf_i)
/home/chris/opt/STM32CubeIDE/st/stm32cubeide_1.2.0/plugins/com.st.stm32cube.ide.mcu.externaltools.gnu-tools-for-stm32.7-2018-q2-update.linux64_1.0.0.201904181610/tools/bin/../lib/gcc/arm-none-eabi/7.3.1/../../../../arm-none-eabi/lib/thumb/v6-m/libc_nano.a(lib_a-memchr-stub.o)
                              /home/chris/opt/STM32CubeIDE/st/stm32cubeide_1.2.0/plugins/com.st.stm32cube.ide.mcu.externaltools.gnu-tools-for-stm32.7-2018-q2-update.linux64_1.0.0.201904181610/tools/bin/../lib/gcc/arm-none-eabi/7.3.1/../../../../arm-none-eabi/lib/thumb/v6-m/libc_nano.a(lib_a-nano-svfprintf.o) (memchr)
[...]
Memory Configuration

Name             Origin             Length             Attributes
RAM              0x0000000020000000 0x0000000000004000 xrw
FLASH            0x0000000008000000 0x0000000000020000 xr
*default*        0x0000000000000000 0xffffffffffffffff

Linker script and memory map

LOAD /home/chris/opt/STM32CubeIDE/st/stm32cubeide_1.2.0/plugins/com.st.stm32cube.ide.mcu.externaltools.gnu-tools-for-stm32.7-2018-q2-update.linux64_1.0.0.201904181610/tools/bin/../lib/gcc/arm-none-eabi/7.3.1/thumb/v6-m/crti.o
LOAD /home/chris/opt/STM32CubeIDE/st/stm32cubeide_1.2.0/plugins/com.st.stm32cube.ide.mcu.externaltools.gnu-tools-for-stm32.7-2018-q2-update.linux64_1.0.0.201904181610/tools/bin/../lib/gcc/arm-none-eabi/7.3.1/thumb/v6-m/crtbegin.o
LOAD /home/chris/opt/STM32CubeIDE/st/stm32cubeide_1.2.0/plugins/com.st.stm32cube.ide.mcu.externaltools.gnu-tools-for-stm32.7-2018-q2-update.linux64_1.0.0.201904181610/tools/bin/../lib/gcc/arm-none-eabi/7.3.1/../../../../arm-none-eabi/lib/thumb/v6-m/crt0.o
LOAD Core/Src/gpio.o
LOAD Core/Src/main.o
LOAD Core/Src/spi.o
LOAD Core/Src/stm32f0xx_hal_msp.o
LOAD Core/Src/stm32f0xx_it.o
LOAD Core/Src/syscalls.o
LOAD Core/Src/sysmem.o
LOAD Core/Src/system_stm32f0xx.o
LOAD Core/Src/tim.o
LOAD Core/Startup/startup_stm32f072rbtx.o
LOAD Drivers/STM32F0xx_HAL_Driver/Src/stm32f0xx_hal.o
LOAD Drivers/STM32F0xx_HAL_Driver/Src/stm32f0xx_hal_cortex.o
LOAD Drivers/STM32F0xx_HAL_Driver/Src/stm32f0xx_hal_dma.o
LOAD Drivers/STM32F0xx_HAL_Driver/Src/stm32f0xx_hal_exti.o
LOAD Drivers/STM32F0xx_HAL_Driver/Src/stm32f0xx_hal_flash.o
LOAD Drivers/STM32F0xx_HAL_Driver/Src/stm32f0xx_hal_flash_ex.o
LOAD Drivers/STM32F0xx_HAL_Driver/Src/stm32f0xx_hal_gpio.o
LOAD Drivers/STM32F0xx_HAL_Driver/Src/stm32f0xx_hal_i2c.o
LOAD Drivers/STM32F0xx_HAL_Driver/Src/stm32f0xx_hal_i2c_ex.o
LOAD Drivers/STM32F0xx_HAL_Driver/Src/stm32f0xx_hal_pwr.o
LOAD Drivers/STM32F0xx_HAL_Driver/Src/stm32f0xx_hal_pwr_ex.o
LOAD Drivers/STM32F0xx_HAL_Driver/Src/stm32f0xx_hal_rcc.o
LOAD Drivers/STM32F0xx_HAL_Driver/Src/stm32f0xx_hal_rcc_ex.o
LOAD Drivers/STM32F0xx_HAL_Driver/Src/stm32f0xx_hal_spi.o
LOAD Drivers/STM32F0xx_HAL_Driver/Src/stm32f0xx_hal_spi_ex.o
LOAD Drivers/STM32F0xx_HAL_Driver/Src/stm32f0xx_hal_tim.o
LOAD Drivers/STM32F0xx_HAL_Driver/Src/stm32f0xx_hal_tim_ex.o
LOAD Optimized_STM32_ILI9341/ILI9341_GFX.o
LOAD Optimized_STM32_ILI9341/ILI9341_STM32_Driver.o
LOAD Optimized_STM32_ILI9341/STMBasicGui.o
LOAD Optimized_STM32_ILI9341/fade_log_seq.o
LOAD Optimized_TSC2046_TouchSceen/TSC2046_STM32_EventManager.o
LOAD Optimized_TSC2046_TouchSceen/TSC2046_STM32_HardwareManager.o
LOAD Optimized_TSC2046_TouchSceen/TSC2046_STM32_InterruptManager.o
START GROUP
LOAD /home/chris/opt/STM32CubeIDE/st/stm32cubeide_1.2.0/plugins/com.st.stm32cube.ide.mcu.externaltools.gnu-tools-for-stm32.7-2018-q2-update.linux64_1.0.0.201904181610/tools/bin/../lib/gcc/arm-none-eabi/7.3.1/../../../../arm-none-eabi/lib/thumb/v6-m/libc_nano.a
LOAD /home/chris/opt/STM32CubeIDE/st/stm32cubeide_1.2.0/plugins/com.st.stm32cube.ide.mcu.externaltools.gnu-tools-for-stm32.7-2018-q2-update.linux64_1.0.0.201904181610/tools/bin/../lib/gcc/arm-none-eabi/7.3.1/../../../../arm-none-eabi/lib/thumb/v6-m/libm.a
END GROUP
START GROUP
LOAD /home/chris/opt/STM32CubeIDE/st/stm32cubeide_1.2.0/plugins/com.st.stm32cube.ide.mcu.externaltools.gnu-tools-for-stm32.7-2018-q2-update.linux64_1.0.0.201904181610/tools/bin/../lib/gcc/arm-none-eabi/7.3.1/thumb/v6-m/libgcc.a
LOAD /home/chris/opt/STM32CubeIDE/st/stm32cubeide_1.2.0/plugins/com.st.stm32cube.ide.mcu.externaltools.gnu-tools-for-stm32.7-2018-q2-update.linux64_1.0.0.201904181610/tools/bin/../lib/gcc/arm-none-eabi/7.3.1/../../../../arm-none-eabi/lib/thumb/v6-m/libc_nano.a
END GROUP
START GROUP
LOAD /home/chris/opt/STM32CubeIDE/st/stm32cubeide_1.2.0/plugins/com.st.stm32cube.ide.mcu.externaltools.gnu-tools-for-stm32.7-2018-q2-update.linux64_1.0.0.201904181610/tools/bin/../lib/gcc/arm-none-eabi/7.3.1/thumb/v6-m/libgcc.a
LOAD /home/chris/opt/STM32CubeIDE/st/stm32cubeide_1.2.0/plugins/com.st.stm32cube.ide.mcu.externaltools.gnu-tools-for-stm32.7-2018-q2-update.linux64_1.0.0.201904181610/tools/bin/../lib/gcc/arm-none-eabi/7.3.1/../../../../arm-none-eabi/lib/thumb/v6-m/libc_nano.a
LOAD /home/chris/opt/STM32CubeIDE/st/stm32cubeide_1.2.0/plugins/com.st.stm32cube.ide.mcu.externaltools.gnu-tools-for-stm32.7-2018-q2-update.linux64_1.0.0.201904181610/tools/bin/../lib/gcc/arm-none-eabi/7.3.1/../../../../arm-none-eabi/lib/thumb/v6-m/libnosys.a
END GROUP
START GROUP
LOAD /home/chris/opt/STM32CubeIDE/st/stm32cubeide_1.2.0/plugins/com.st.stm32cube.ide.mcu.externaltools.gnu-tools-for-stm32.7-2018-q2-update.linux64_1.0.0.201904181610/tools/bin/../lib/gcc/arm-none-eabi/7.3.1/thumb/v6-m/libgcc.a
LOAD /home/chris/opt/STM32CubeIDE/st/stm32cubeide_1.2.0/plugins/com.st.stm32cube.ide.mcu.externaltools.gnu-tools-for-stm32.7-2018-q2-update.linux64_1.0.0.201904181610/tools/bin/../lib/gcc/arm-none-eabi/7.3.1/../../../../arm-none-eabi/lib/thumb/v6-m/libc_nano.a
LOAD /home/chris/opt/STM32CubeIDE/st/stm32cubeide_1.2.0/plugins/com.st.stm32cube.ide.mcu.externaltools.gnu-tools-for-stm32.7-2018-q2-update.linux64_1.0.0.201904181610/tools/bin/../lib/gcc/arm-none-eabi/7.3.1/../../../../arm-none-eabi/lib/thumb/v6-m/libnosys.a
END GROUP
LOAD /home/chris/opt/STM32CubeIDE/st/stm32cubeide_1.2.0/plugins/com.st.stm32cube.ide.mcu.externaltools.gnu-tools-for-stm32.7-2018-q2-update.linux64_1.0.0.201904181610/tools/bin/../lib/gcc/arm-none-eabi/7.3.1/thumb/v6-m/crtend.o
LOAD /home/chris/opt/STM32CubeIDE/st/stm32cubeide_1.2.0/plugins/com.st.stm32cube.ide.mcu.externaltools.gnu-tools-for-stm32.7-2018-q2-update.linux64_1.0.0.201904181610/tools/bin/../lib/gcc/arm-none-eabi/7.3.1/thumb/v6-m/crtn.o
                0x0000000020004000                _estack = (ORIGIN (RAM) + LENGTH (RAM))
                0x0000000000000200                _Min_Heap_Size = 0x200
                0x0000000000000400                _Min_Stack_Size = 0x400

.isr_vector     0x0000000008000000       0xc0
                0x0000000008000000                . = ALIGN (0x4)
 *(.isr_vector)
 .isr_vector    0x0000000008000000       0xc0 Core/Startup/startup_stm32f072rbtx.o
                0x0000000008000000                g_pfnVectors
                0x00000000080000c0                . = ALIGN (0x4)

.text           0x00000000080000c0     0x3a8c
                0x00000000080000c0                . = ALIGN (0x4)
 *(.text)
 .text          0x00000000080000c0       0x48 /home/chris/opt/STM32CubeIDE/st/stm32cubeide_1.2.0/plugins/com.st.stm32cube.ide.mcu.externaltools.gnu-tools-for-stm32.7-2018-q2-update.linux64_1.0.0.201904181610/tools/bin/../lib/gcc/arm-none-eabi/7.3.1/thumb/v6-m/crtbegin.o
 .text          0x0000000008000108      0x114 /home/chris/opt/STM32CubeIDE/st/stm32cubeide_1.2.0/plugins/com.st.stm32cube.ide.mcu.externaltools.gnu-tools-for-stm32.7-2018-q2-update.linux64_1.0.0.201904181610/tools/bin/../lib/gcc/arm-none-eabi/7.3.1/thumb/v6-m/libgcc.a(_udivsi3.o)
                0x0000000008000108                __udivsi3
                0x0000000008000108                __aeabi_uidiv
                0x0000000008000214                __aeabi_uidivmod
 .text          0x000000000800021c        0x4 /home/chris/opt/STM32CubeIDE/st/stm32cubeide_1.2.0/plugins/com.st.stm32cube.ide.mcu.externaltools.gnu-tools-for-stm32.7-2018-q2-update.linux64_1.0.0.201904181610/tools/bin/../lib/gcc/arm-none-eabi/7.3.1/thumb/v6-m/libgcc.a(_dvmd_tls.o)
                0x000000000800021c                __aeabi_ldiv0
                0x000000000800021c                __aeabi_idiv0
 *(.text*)
 .text.MX_GPIO_Init
                0x0000000008000220      0x120 Core/Src/gpio.o
                0x0000000008000220                MX_GPIO_Init
 .text.main     0x0000000008000340      0x104 Core/Src/main.o
                0x0000000008000340                main
 .text.SystemClock_Config
                0x0000000008000444       0x96 Core/Src/main.o
                0x0000000008000444                SystemClock_Config
 .text.Error_Handler
                0x00000000080004da        0xa Core/Src/main.o
                0x00000000080004da                Error_Handler
 .text.MX_SPI1_Init
                0x00000000080004e4       0x7c Core/Src/spi.o
                0x00000000080004e4                MX_SPI1_Init
 .text.MX_SPI2_Init
                0x0000000008000560       0x7c Core/Src/spi.o
                0x0000000008000560                MX_SPI2_Init
 .text.HAL_SPI_MspInit
                0x00000000080005dc      0x114 Core/Src/spi.o
                0x00000000080005dc                HAL_SPI_MspInit
 .text.HAL_MspInit
                0x00000000080006f0       0x48 Core/Src/stm32f0xx_hal_msp.o
                0x00000000080006f0                HAL_MspInit
 .text.NMI_Handler
                0x0000000008000738        0xa Core/Src/stm32f0xx_it.o
                0x0000000008000738                NMI_Handler
 .text.HardFault_Handler
                0x0000000008000742        0x6 Core/Src/stm32f0xx_it.o
                0x0000000008000742                HardFault_Handler
 .text.SVC_Handler
                0x0000000008000748        0xa Core/Src/stm32f0xx_it.o
                0x0000000008000748                SVC_Handler
 .text.PendSV_Handler
                0x0000000008000752        0xa Core/Src/stm32f0xx_it.o
                0x0000000008000752                PendSV_Handler
 .text.SysTick_Handler
                0x000000000800075c        0xe Core/Src/stm32f0xx_it.o
                0x000000000800075c                SysTick_Handler
 .text.EXTI4_15_IRQHandler
                0x000000000800076a       0x14 Core/Src/stm32f0xx_it.o
                0x000000000800076a                EXTI4_15_IRQHandler
 *fill*         0x000000000800077e        0x2 
 .text.TIM17_IRQHandler
                0x0000000008000780       0x1c Core/Src/stm32f0xx_it.o
                0x0000000008000780                TIM17_IRQHandler
 .text._sbrk    0x000000000800079c       0x58 Core/Src/sysmem.o
                0x000000000800079c                _sbrk
 .text.SystemInit
                0x00000000080007f4        0xa Core/Src/system_stm32f0xx.o
                0x00000000080007f4                SystemInit
 *fill*         0x00000000080007fe        0x2 
 .text.MX_TIM17_Init
                0x0000000008000800       0x50 Core/Src/tim.o
                0x0000000008000800                MX_TIM17_Init
 .text.HAL_TIM_Base_MspInit
                0x0000000008000850       0x50 Core/Src/tim.o
                0x0000000008000850                HAL_TIM_Base_MspInit
 .text.Reset_Handler
                0x00000000080008a0       0x50 Core/Startup/startup_stm32f072rbtx.o
                0x00000000080008a0                Reset_Handler
 .text.Default_Handler
                0x00000000080008f0        0x2 Core/Startup/startup_stm32f072rbtx.o
                0x00000000080008f0                TIM1_CC_IRQHandler
                0x00000000080008f0                TSC_IRQHandler
                0x00000000080008f0                ADC1_COMP_IRQHandler
                0x00000000080008f0                I2C1_IRQHandler
                0x00000000080008f0                RCC_CRS_IRQHandler
                0x00000000080008f0                SPI1_IRQHandler
                0x00000000080008f0                TIM6_DAC_IRQHandler
                0x00000000080008f0                USART3_4_IRQHandler
                0x00000000080008f0                EXTI2_3_IRQHandler
                0x00000000080008f0                I2C2_IRQHandler
                0x00000000080008f0                CEC_CAN_IRQHandler
                0x00000000080008f0                RTC_IRQHandler
                0x00000000080008f0                PVD_VDDIO2_IRQHandler
                0x00000000080008f0                DMA1_Channel4_5_6_7_IRQHandler
                0x00000000080008f0                TIM16_IRQHandler
                0x00000000080008f0                TIM3_IRQHandler
                0x00000000080008f0                DMA1_Channel1_IRQHandler
                0x00000000080008f0                Default_Handler
                0x00000000080008f0                TIM14_IRQHandler
                0x00000000080008f0                TIM7_IRQHandler
                0x00000000080008f0                TIM15_IRQHandler
                0x00000000080008f0                EXTI0_1_IRQHandler
                0x00000000080008f0                USB_IRQHandler
                0x00000000080008f0                SPI2_IRQHandler
                0x00000000080008f0                WWDG_IRQHandler
                0x00000000080008f0                TIM2_IRQHandler
                0x00000000080008f0                DMA1_Channel2_3_IRQHandler
                0x00000000080008f0                USART2_IRQHandler
                0x00000000080008f0                FLASH_IRQHandler
                0x00000000080008f0                USART1_IRQHandler
                0x00000000080008f0                TIM1_BRK_UP_TRG_COM_IRQHandler
 *fill*         0x00000000080008f2        0x2 
 .text.HAL_Init
                0x00000000080008f4       0x28 Drivers/STM32F0xx_HAL_Driver/Src/stm32f0xx_hal.o
                0x00000000080008f4                HAL_Init
 .text.HAL_InitTick
                0x000000000800091c       0x68 Drivers/STM32F0xx_HAL_Driver/Src/stm32f0xx_hal.o
                0x000000000800091c                HAL_InitTick
 .text.HAL_IncTick
                0x0000000008000984       0x24 Drivers/STM32F0xx_HAL_Driver/Src/stm32f0xx_hal.o
                0x0000000008000984                HAL_IncTick
 .text.HAL_GetTick
                0x00000000080009a8       0x14 Drivers/STM32F0xx_HAL_Driver/Src/stm32f0xx_hal.o
                0x00000000080009a8                HAL_GetTick
 .text.HAL_Delay
                0x00000000080009bc       0x44 Drivers/STM32F0xx_HAL_Driver/Src/stm32f0xx_hal.o
                0x00000000080009bc                HAL_Delay
 .text.__NVIC_EnableIRQ
                0x0000000008000a00       0x34 Drivers/STM32F0xx_HAL_Driver/Src/stm32f0xx_hal_cortex.o
 .text.__NVIC_SetPriority
                0x0000000008000a34       0xdc Drivers/STM32F0xx_HAL_Driver/Src/stm32f0xx_hal_cortex.o
 .text.SysTick_Config
                0x0000000008000b10       0x48 Drivers/STM32F0xx_HAL_Driver/Src/stm32f0xx_hal_cortex.o
 .text.HAL_NVIC_SetPriority
                0x0000000008000b58       0x2a Drivers/STM32F0xx_HAL_Driver/Src/stm32f0xx_hal_cortex.o
                0x0000000008000b58                HAL_NVIC_SetPriority
 .text.HAL_NVIC_EnableIRQ
                0x0000000008000b82       0x20 Drivers/STM32F0xx_HAL_Driver/Src/stm32f0xx_hal_cortex.o
                0x0000000008000b82                HAL_NVIC_EnableIRQ
 .text.HAL_SYSTICK_Config
                0x0000000008000ba2       0x1a Drivers/STM32F0xx_HAL_Driver/Src/stm32f0xx_hal_cortex.o
                0x0000000008000ba2                HAL_SYSTICK_Config
 .text.HAL_GPIO_Init
                0x0000000008000bbc      0x2f0 Drivers/STM32F0xx_HAL_Driver/Src/stm32f0xx_hal_gpio.o
                0x0000000008000bbc                HAL_GPIO_Init
 .text.HAL_GPIO_ReadPin
                0x0000000008000eac       0x3a Drivers/STM32F0xx_HAL_Driver/Src/stm32f0xx_hal_gpio.o
                0x0000000008000eac                HAL_GPIO_ReadPin
 .text.HAL_GPIO_WritePin
                0x0000000008000ee6       0x3a Drivers/STM32F0xx_HAL_Driver/Src/stm32f0xx_hal_gpio.o
                0x0000000008000ee6                HAL_GPIO_WritePin
 .text.HAL_GPIO_EXTI_IRQHandler
                0x0000000008000f20       0x38 Drivers/STM32F0xx_HAL_Driver/Src/stm32f0xx_hal_gpio.o
                0x0000000008000f20                HAL_GPIO_EXTI_IRQHandler
 .text.HAL_GPIO_EXTI_Callback
                0x0000000008000f58       0x14 Drivers/STM32F0xx_HAL_Driver/Src/stm32f0xx_hal_gpio.o
                0x0000000008000f58                HAL_GPIO_EXTI_Callback
 .text.HAL_RCC_OscConfig
                0x0000000008000f6c      0x70c Drivers/STM32F0xx_HAL_Driver/Src/stm32f0xx_hal_rcc.o
                0x0000000008000f6c                HAL_RCC_OscConfig
 .text.HAL_RCC_ClockConfig
                0x0000000008001678      0x1b4 Drivers/STM32F0xx_HAL_Driver/Src/stm32f0xx_hal_rcc.o
                0x0000000008001678                HAL_RCC_ClockConfig
 .text.HAL_RCC_GetSysClockFreq
                0x000000000800182c       0xfc Drivers/STM32F0xx_HAL_Driver/Src/stm32f0xx_hal_rcc.o
                0x000000000800182c                HAL_RCC_GetSysClockFreq
 .text.HAL_SPI_Init
                0x0000000008001928      0x134 Drivers/STM32F0xx_HAL_Driver/Src/stm32f0xx_hal_spi.o
                0x0000000008001928                HAL_SPI_Init
 .text.HAL_TIM_Base_Init
                0x0000000008001a5c       0x58 Drivers/STM32F0xx_HAL_Driver/Src/stm32f0xx_hal_tim.o
                0x0000000008001a5c                HAL_TIM_Base_Init
 .text.HAL_TIM_IRQHandler
                0x0000000008001ab4      0x22c Drivers/STM32F0xx_HAL_Driver/Src/stm32f0xx_hal_tim.o
                0x0000000008001ab4                HAL_TIM_IRQHandler
 .text.HAL_TIM_PeriodElapsedCallback
                0x0000000008001ce0       0x10 Drivers/STM32F0xx_HAL_Driver/Src/stm32f0xx_hal_tim.o
                0x0000000008001ce0                HAL_TIM_PeriodElapsedCallback
 .text.HAL_TIM_OC_DelayElapsedCallback
                0x0000000008001cf0       0x10 Drivers/STM32F0xx_HAL_Driver/Src/stm32f0xx_hal_tim.o
                0x0000000008001cf0                HAL_TIM_OC_DelayElapsedCallback
 .text.HAL_TIM_IC_CaptureCallback
                0x0000000008001d00       0x10 Drivers/STM32F0xx_HAL_Driver/Src/stm32f0xx_hal_tim.o
                0x0000000008001d00                HAL_TIM_IC_CaptureCallback
 .text.HAL_TIM_PWM_PulseFinishedCallback
                0x0000000008001d10       0x10 Drivers/STM32F0xx_HAL_Driver/Src/stm32f0xx_hal_tim.o
                0x0000000008001d10                HAL_TIM_PWM_PulseFinishedCallback
 .text.HAL_TIM_TriggerCallback
                0x0000000008001d20       0x10 Drivers/STM32F0xx_HAL_Driver/Src/stm32f0xx_hal_tim.o
                0x0000000008001d20                HAL_TIM_TriggerCallback
 .text.TIM_Base_SetConfig
                0x0000000008001d30      0x100 Drivers/STM32F0xx_HAL_Driver/Src/stm32f0xx_hal_tim.o
                0x0000000008001d30                TIM_Base_SetConfig
 .text.HAL_TIMEx_CommutCallback
                0x0000000008001e30       0x10 Drivers/STM32F0xx_HAL_Driver/Src/stm32f0xx_hal_tim_ex.o
                0x0000000008001e30                HAL_TIMEx_CommutCallback
 .text.HAL_TIMEx_BreakCallback
                0x0000000008001e40       0x10 Drivers/STM32F0xx_HAL_Driver/Src/stm32f0xx_hal_tim_ex.o
                0x0000000008001e40                HAL_TIMEx_BreakCallback
 .text.ILI9341_Draw_Filled_Circle
                0x0000000008001e50      0x132 Optimized_STM32_ILI9341/ILI9341_GFX.o
                0x0000000008001e50                ILI9341_Draw_Filled_Circle
 *fill*         0x0000000008001f82        0x2 
 .text.ILI9341_Draw_Char
                0x0000000008001f84      0x210 Optimized_STM32_ILI9341/ILI9341_GFX.o
                0x0000000008001f84                ILI9341_Draw_Char
 .text.ILI9341_Draw_Text
                0x0000000008002194       0xe2 Optimized_STM32_ILI9341/ILI9341_GFX.o
                0x0000000008002194                ILI9341_Draw_Text
 .text.ILI9341_Init
                0x0000000008002276      0x21e Optimized_STM32_ILI9341/ILI9341_STM32_Driver.o
                0x0000000008002276                ILI9341_Init
 .text.ILI9341_SPI_Init
                0x0000000008002494       0x38 Optimized_STM32_ILI9341/ILI9341_STM32_Driver.o
                0x0000000008002494                ILI9341_SPI_Init
 .text.ILI9341_Draw_Vertical_Line
                0x00000000080024cc      0x10c Optimized_STM32_ILI9341/ILI9341_STM32_Driver.o
                0x00000000080024cc                ILI9341_Draw_Vertical_Line
 .text.ILI9341_Set_Frame
                0x00000000080025d8       0xb0 Optimized_STM32_ILI9341/ILI9341_STM32_Driver.o
                0x00000000080025d8                ILI9341_Set_Frame
 .text.ILI9341_Fill_Screen
                0x0000000008002688       0x54 Optimized_STM32_ILI9341/ILI9341_STM32_Driver.o
                0x0000000008002688                ILI9341_Fill_Screen
 .text.ILI9341_Draw_Pixel
                0x00000000080026dc      0x2e8 Optimized_STM32_ILI9341/ILI9341_STM32_Driver.o
                0x00000000080026dc                ILI9341_Draw_Pixel
 .text.ILI9341_Draw_Rectangle
                0x00000000080029c4      0x19c Optimized_STM32_ILI9341/ILI9341_STM32_Driver.o
                0x00000000080029c4                ILI9341_Draw_Rectangle
 .text.ILI9341_Set_Rotation
                0x0000000008002b60       0xa0 Optimized_STM32_ILI9341/ILI9341_STM32_Driver.o
                0x0000000008002b60                ILI9341_Set_Rotation
 .text._LCD_Enable
                0x0000000008002c00       0x1c Optimized_STM32_ILI9341/ILI9341_STM32_Driver.o
                0x0000000008002c00                _LCD_Enable
 .text._LCD_Reset
                0x0000000008002c1c       0x40 Optimized_STM32_ILI9341/ILI9341_STM32_Driver.o
                0x0000000008002c1c                _LCD_Reset
 .text._LCD_Write_Frame
                0x0000000008002c5c      0x1c0 Optimized_STM32_ILI9341/ILI9341_STM32_Driver.o
                0x0000000008002c5c                _LCD_Write_Frame
 .text._LCD_SendCommand
                0x0000000008002e1c       0x6c Optimized_STM32_ILI9341/ILI9341_STM32_Driver.o
                0x0000000008002e1c                _LCD_SendCommand
 .text._LCD_SendData
                0x0000000008002e88       0x6c Optimized_STM32_ILI9341/ILI9341_STM32_Driver.o
                0x0000000008002e88                _LCD_SendData
 .text._SPI_SendByte
                0x0000000008002ef4       0x74 Optimized_STM32_ILI9341/ILI9341_STM32_Driver.o
                0x0000000008002ef4                _SPI_SendByte
 .text._SPI_SendByteMultiByte
                0x0000000008002f68       0xac Optimized_STM32_ILI9341/ILI9341_STM32_Driver.o
                0x0000000008002f68                _SPI_SendByteMultiByte
 .text.TSC2046_EM_GetTouchScreenState
                0x0000000008003014       0x14 Optimized_TSC2046_TouchSceen/TSC2046_STM32_EventManager.o
                0x0000000008003014                TSC2046_EM_GetTouchScreenState
 .text.TSC2046_EM_ProcessEvent
                0x0000000008003028       0x50 Optimized_TSC2046_TouchSceen/TSC2046_STM32_EventManager.o
                0x0000000008003028                TSC2046_EM_ProcessEvent
 .text.TSC2046_EM_EnableConversionState
                0x0000000008003078        0xc Optimized_TSC2046_TouchSceen/TSC2046_STM32_EventManager.o
                0x0000000008003078                TSC2046_EM_EnableConversionState
 .text.TSC2046_EM_EnableIdleState
                0x0000000008003084        0xc Optimized_TSC2046_TouchSceen/TSC2046_STM32_EventManager.o
                0x0000000008003084                TSC2046_EM_EnableIdleState
 .text.TSC2046_HM_Init
                0x0000000008003090       0x38 Optimized_TSC2046_TouchSceen/TSC2046_STM32_HardwareManager.o
                0x0000000008003090                TSC2046_HM_Init
 .text.TSC2046_HM_ReadAnalogInput
                0x00000000080030c8      0x15c Optimized_TSC2046_TouchSceen/TSC2046_STM32_HardwareManager.o
                0x00000000080030c8                TSC2046_HM_ReadAnalogInput
 .text.TSC2046_HM_ConvertToQVGA
                0x0000000008003224       0x3c Optimized_TSC2046_TouchSceen/TSC2046_STM32_HardwareManager.o
                0x0000000008003224                TSC2046_HM_ConvertToQVGA
 .text.TSC2046_IM_PENIRQ_EXTI_Handler
                0x0000000008003260       0x10 Optimized_TSC2046_TouchSceen/TSC2046_STM32_InterruptManager.o
                0x0000000008003260                TSC2046_IM_PENIRQ_EXTI_Handler
 .text.TSC2046_IM_HardwareManagerLoopHandler
                0x0000000008003270       0x2c Optimized_TSC2046_TouchSceen/TSC2046_STM32_InterruptManager.o
                0x0000000008003270                TSC2046_IM_HardwareManagerLoopHandler
 .text.__errno  0x000000000800329c        0xc /home/chris/opt/STM32CubeIDE/st/stm32cubeide_1.2.0/plugins/com.st.stm32cube.ide.mcu.externaltools.gnu-tools-for-stm32.7-2018-q2-update.linux64_1.0.0.201904181610/tools/bin/../lib/gcc/arm-none-eabi/7.3.1/../../../../arm-none-eabi/lib/thumb/v6-m/libc_nano.a(lib_a-errno.o)
                0x000000000800329c                __errno
 .text.__libc_init_array
                0x00000000080032a8       0x48 /home/chris/opt/STM32CubeIDE/st/stm32cubeide_1.2.0/plugins/com.st.stm32cube.ide.mcu.externaltools.gnu-tools-for-stm32.7-2018-q2-update.linux64_1.0.0.201904181610/tools/bin/../lib/gcc/arm-none-eabi/7.3.1/../../../../arm-none-eabi/lib/thumb/v6-m/libc_nano.a(lib_a-init.o)
                0x00000000080032a8                __libc_init_array
 .text.memset   0x00000000080032f0       0x10 /home/chris/opt/STM32CubeIDE/st/stm32cubeide_1.2.0/plugins/com.st.stm32cube.ide.mcu.externaltools.gnu-tools-for-stm32.7-2018-q2-update.linux64_1.0.0.201904181610/tools/bin/../lib/gcc/arm-none-eabi/7.3.1/../../../../arm-none-eabi/lib/thumb/v6-m/libc_nano.a(lib_a-memset.o)
                0x00000000080032f0                memset
 .text.snprintf
                0x0000000008003300       0x64 /home/chris/opt/STM32CubeIDE/st/stm32cubeide_1.2.0/plugins/com.st.stm32cube.ide.mcu.externaltools.gnu-tools-for-stm32.7-2018-q2-update.linux64_1.0.0.201904181610/tools/bin/../lib/gcc/arm-none-eabi/7.3.1/../../../../arm-none-eabi/lib/thumb/v6-m/libc_nano.a(lib_a-snprintf.o)
                0x0000000008003300                snprintf
                0x0000000008003300                sniprintf
 .text.__ssputs_r
                0x0000000008003364       0xc4 /home/chris/opt/STM32CubeIDE/st/stm32cubeide_1.2.0/plugins/com.st.stm32cube.ide.mcu.externaltools.gnu-tools-for-stm32.7-2018-q2-update.linux64_1.0.0.201904181610/tools/bin/../lib/gcc/arm-none-eabi/7.3.1/../../../../arm-none-eabi/lib/thumb/v6-m/libc_nano.a(lib_a-nano-svfprintf.o)
                0x0000000008003364                __ssputs_r
 .text._svfprintf_r
                0x0000000008003428      0x1fc /home/chris/opt/STM32CubeIDE/st/stm32cubeide_1.2.0/plugins/com.st.stm32cube.ide.mcu.externaltools.gnu-tools-for-stm32.7-2018-q2-update.linux64_1.0.0.201904181610/tools/bin/../lib/gcc/arm-none-eabi/7.3.1/../../../../arm-none-eabi/lib/thumb/v6-m/libc_nano.a(lib_a-nano-svfprintf.o)
                0x0000000008003428                _svfprintf_r
                0x0000000008003428                _svfiprintf_r
 .text._printf_common
                0x0000000008003624       0xda /home/chris/opt/STM32CubeIDE/st/stm32cubeide_1.2.0/plugins/com.st.stm32cube.ide.mcu.externaltools.gnu-tools-for-stm32.7-2018-q2-update.linux64_1.0.0.201904181610/tools/bin/../lib/gcc/arm-none-eabi/7.3.1/../../../../arm-none-eabi/lib/thumb/v6-m/libc_nano.a(lib_a-nano-vfprintf_i.o)
                0x0000000008003624                _printf_common
 *fill*         0x00000000080036fe        0x2 
 .text._printf_i
                0x0000000008003700      0x210 /home/chris/opt/STM32CubeIDE/st/stm32cubeide_1.2.0/plugins/com.st.stm32cube.ide.mcu.externaltools.gnu-tools-for-stm32.7-2018-q2-update.linux64_1.0.0.201904181610/tools/bin/../lib/gcc/arm-none-eabi/7.3.1/../../../../arm-none-eabi/lib/thumb/v6-m/libc_nano.a(lib_a-nano-vfprintf_i.o)
                0x0000000008003700                _printf_i
 .text.memchr   0x0000000008003910       0x16 /home/chris/opt/STM32CubeIDE/st/stm32cubeide_1.2.0/plugins/com.st.stm32cube.ide.mcu.externaltools.gnu-tools-for-stm32.7-2018-q2-update.linux64_1.0.0.201904181610/tools/bin/../lib/gcc/arm-none-eabi/7.3.1/../../../../arm-none-eabi/lib/thumb/v6-m/libc_nano.a(lib_a-memchr-stub.o)
                0x0000000008003910                memchr
 .text.memcpy   0x0000000008003926       0x12 /home/chris/opt/STM32CubeIDE/st/stm32cubeide_1.2.0/plugins/com.st.stm32cube.ide.mcu.externaltools.gnu-tools-for-stm32.7-2018-q2-update.linux64_1.0.0.201904181610/tools/bin/../lib/gcc/arm-none-eabi/7.3.1/../../../../arm-none-eabi/lib/thumb/v6-m/libc_nano.a(lib_a-memcpy-stub.o)
                0x0000000008003926                memcpy
 .text.memmove  0x0000000008003938       0x26 /home/chris/opt/STM32CubeIDE/st/stm32cubeide_1.2.0/plugins/com.st.stm32cube.ide.mcu.externaltools.gnu-tools-for-stm32.7-2018-q2-update.linux64_1.0.0.201904181610/tools/bin/../lib/gcc/arm-none-eabi/7.3.1/../../../../arm-none-eabi/lib/thumb/v6-m/libc_nano.a(lib_a-memmove.o)
                0x0000000008003938                memmove
 *fill*         0x000000000800395e        0x2 
 .text._free_r  0x0000000008003960       0x94 /home/chris/opt/STM32CubeIDE/st/stm32cubeide_1.2.0/plugins/com.st.stm32cube.ide.mcu.externaltools.gnu-tools-for-stm32.7-2018-q2-update.linux64_1.0.0.201904181610/tools/bin/../lib/gcc/arm-none-eabi/7.3.1/../../../../arm-none-eabi/lib/thumb/v6-m/libc_nano.a(lib_a-nano-freer.o)
                0x0000000008003960                _free_r
 .text._malloc_r
                0x00000000080039f4       0xbc /home/chris/opt/STM32CubeIDE/st/stm32cubeide_1.2.0/plugins/com.st.stm32cube.ide.mcu.externaltools.gnu-tools-for-stm32.7-2018-q2-update.linux64_1.0.0.201904181610/tools/bin/../lib/gcc/arm-none-eabi/7.3.1/../../../../arm-none-eabi/lib/thumb/v6-m/libc_nano.a(lib_a-nano-mallocr.o)
                0x00000000080039f4                _malloc_r
 .text._realloc_r
                0x0000000008003ab0       0x4c /home/chris/opt/STM32CubeIDE/st/stm32cubeide_1.2.0/plugins/com.st.stm32cube.ide.mcu.externaltools.gnu-tools-for-stm32.7-2018-q2-update.linux64_1.0.0.201904181610/tools/bin/../lib/gcc/arm-none-eabi/7.3.1/../../../../arm-none-eabi/lib/thumb/v6-m/libc_nano.a(lib_a-nano-reallocr.o)
                0x0000000008003ab0                _realloc_r
 .text._sbrk_r  0x0000000008003afc       0x24 /home/chris/opt/STM32CubeIDE/st/stm32cubeide_1.2.0/plugins/com.st.stm32cube.ide.mcu.externaltools.gnu-tools-for-stm32.7-2018-q2-update.linux64_1.0.0.201904181610/tools/bin/../lib/gcc/arm-none-eabi/7.3.1/../../../../arm-none-eabi/lib/thumb/v6-m/libc_nano.a(lib_a-sbrkr.o)
                0x0000000008003afc                _sbrk_r
 .text.__malloc_lock
                0x0000000008003b20        0x2 /home/chris/opt/STM32CubeIDE/st/stm32cubeide_1.2.0/plugins/com.st.stm32cube.ide.mcu.externaltools.gnu-tools-for-stm32.7-2018-q2-update.linux64_1.0.0.201904181610/tools/bin/../lib/gcc/arm-none-eabi/7.3.1/../../../../arm-none-eabi/lib/thumb/v6-m/libc_nano.a(lib_a-mlock.o)
                0x0000000008003b20                __malloc_lock
 .text.__malloc_unlock
                0x0000000008003b22        0x2 /home/chris/opt/STM32CubeIDE/st/stm32cubeide_1.2.0/plugins/com.st.stm32cube.ide.mcu.externaltools.gnu-tools-for-stm32.7-2018-q2-update.linux64_1.0.0.201904181610/tools/bin/../lib/gcc/arm-none-eabi/7.3.1/../../../../arm-none-eabi/lib/thumb/v6-m/libc_nano.a(lib_a-mlock.o)
                0x0000000008003b22                __malloc_unlock
 .text._malloc_usable_size_r
                0x0000000008003b24       0x10 /home/chris/opt/STM32CubeIDE/st/stm32cubeide_1.2.0/plugins/com.st.stm32cube.ide.mcu.externaltools.gnu-tools-for-stm32.7-2018-q2-update.linux64_1.0.0.201904181610/tools/bin/../lib/gcc/arm-none-eabi/7.3.1/../../../../arm-none-eabi/lib/thumb/v6-m/libc_nano.a(lib_a-nano-msizer.o)
                0x0000000008003b24                _malloc_usable_size_r
 *(.glue_7)
 .glue_7        0x0000000008003b34        0x0 linker stubs
 *(.glue_7t)
 .glue_7t       0x0000000008003b34        0x0 linker stubs
 *(.eh_frame)
 .eh_frame      0x0000000008003b34        0x0 /home/chris/opt/STM32CubeIDE/st/stm32cubeide_1.2.0/plugins/com.st.stm32cube.ide.mcu.externaltools.gnu-tools-for-stm32.7-2018-q2-update.linux64_1.0.0.201904181610/tools/bin/../lib/gcc/arm-none-eabi/7.3.1/thumb/v6-m/crtbegin.o
 *(.init)
 .init          0x0000000008003b34        0x4 /home/chris/opt/STM32CubeIDE/st/stm32cubeide_1.2.0/plugins/com.st.stm32cube.ide.mcu.externaltools.gnu-tools-for-stm32.7-2018-q2-update.linux64_1.0.0.201904181610/tools/bin/../lib/gcc/arm-none-eabi/7.3.1/thumb/v6-m/crti.o
                0x0000000008003b34                _init
 .init          0x0000000008003b38        0x8 /home/chris/opt/STM32CubeIDE/st/stm32cubeide_1.2.0/plugins/com.st.stm32cube.ide.mcu.externaltools.gnu-tools-for-stm32.7-2018-q2-update.linux64_1.0.0.201904181610/tools/bin/../lib/gcc/arm-none-eabi/7.3.1/thumb/v6-m/crtn.o
 *(.fini)
 .fini          0x0000000008003b40        0x4 /home/chris/opt/STM32CubeIDE/st/stm32cubeide_1.2.0/plugins/com.st.stm32cube.ide.mcu.externaltools.gnu-tools-for-stm32.7-2018-q2-update.linux64_1.0.0.201904181610/tools/bin/../lib/gcc/arm-none-eabi/7.3.1/thumb/v6-m/crti.o
                0x0000000008003b40                _fini
 .fini          0x0000000008003b44        0x8 /home/chris/opt/STM32CubeIDE/st/stm32cubeide_1.2.0/plugins/com.st.stm32cube.ide.mcu.externaltools.gnu-tools-for-stm32.7-2018-q2-update.linux64_1.0.0.201904181610/tools/bin/../lib/gcc/arm-none-eabi/7.3.1/thumb/v6-m/crtn.o
                0x0000000008003b4c                . = ALIGN (0x4)
                0x0000000008003b4c                _etext = .

.vfp11_veneer   0x0000000008003b4c        0x0
 .vfp11_veneer  0x0000000008003b4c        0x0 linker stubs

.v4_bx          0x0000000008003b4c        0x0
 .v4_bx         0x0000000008003b4c        0x0 linker stubs

.iplt           0x0000000008003b4c        0x0
 .iplt          0x0000000008003b4c        0x0 /home/chris/opt/STM32CubeIDE/st/stm32cubeide_1.2.0/plugins/com.st.stm32cube.ide.mcu.externaltools.gnu-tools-for-stm32.7-2018-q2-update.linux64_1.0.0.201904181610/tools/bin/../lib/gcc/arm-none-eabi/7.3.1/thumb/v6-m/crtbegin.o

.rodata         0x0000000008003b4c      0x2d4
                0x0000000008003b4c                . = ALIGN (0x4)
 *(.rodata)
 .rodata        0x0000000008003b4c       0x2d Core/Src/main.o
 *fill*         0x0000000008003b79        0x3 
 .rodata        0x0000000008003b7c       0x20 Drivers/STM32F0xx_HAL_Driver/Src/stm32f0xx_hal_rcc.o
 *(.rodata*)
 .rodata.AHBPrescTable
                0x0000000008003b9c       0x10 Core/Src/system_stm32f0xx.o
                0x0000000008003b9c                AHBPrescTable
 .rodata.font   0x0000000008003bac      0x240 Optimized_STM32_ILI9341/ILI9341_GFX.o
 .rodata._svfprintf_r.str1.1
                0x0000000008003dec       0x11 /home/chris/opt/STM32CubeIDE/st/stm32cubeide_1.2.0/plugins/com.st.stm32cube.ide.mcu.externaltools.gnu-tools-for-stm32.7-2018-q2-update.linux64_1.0.0.201904181610/tools/bin/../lib/gcc/arm-none-eabi/7.3.1/../../../../arm-none-eabi/lib/thumb/v6-m/libc_nano.a(lib_a-nano-svfprintf.o)
 .rodata._printf_i.str1.1
                0x0000000008003dfd       0x22 /home/chris/opt/STM32CubeIDE/st/stm32cubeide_1.2.0/plugins/com.st.stm32cube.ide.mcu.externaltools.gnu-tools-for-stm32.7-2018-q2-update.linux64_1.0.0.201904181610/tools/bin/../lib/gcc/arm-none-eabi/7.3.1/../../../../arm-none-eabi/lib/thumb/v6-m/libc_nano.a(lib_a-nano-vfprintf_i.o)
                0x0000000008003e20                . = ALIGN (0x4)
 *fill*         0x0000000008003e1f        0x1 

.rel.dyn        0x0000000008003e20        0x0
 .rel.iplt      0x0000000008003e20        0x0 /home/chris/opt/STM32CubeIDE/st/stm32cubeide_1.2.0/plugins/com.st.stm32cube.ide.mcu.externaltools.gnu-tools-for-stm32.7-2018-q2-update.linux64_1.0.0.201904181610/tools/bin/../lib/gcc/arm-none-eabi/7.3.1/thumb/v6-m/crtbegin.o

.ARM.extab      0x0000000008003e20        0x0
                0x0000000008003e20                . = ALIGN (0x4)
 *(.ARM.extab* .gnu.linkonce.armextab.*)
                0x0000000008003e20                . = ALIGN (0x4)

.ARM            0x0000000008003e20        0x0
                0x0000000008003e20                . = ALIGN (0x4)
                0x0000000008003e20                __exidx_start = .
 *(.ARM.exidx*)
                0x0000000008003e20                __exidx_end = .
                0x0000000008003e20                . = ALIGN (0x4)

.preinit_array  0x0000000008003e20        0x0
                0x0000000008003e20                . = ALIGN (0x4)
                0x0000000008003e20                PROVIDE (__preinit_array_start = .)
 *(.preinit_array*)
                0x0000000008003e20                PROVIDE (__preinit_array_end = .)
                0x0000000008003e20                . = ALIGN (0x4)

.init_array     0x0000000008003e20        0x4
                0x0000000008003e20                . = ALIGN (0x4)
                0x0000000008003e20                PROVIDE (__init_array_start = .)
 *(SORT_BY_NAME(.init_array.*))
 *(.init_array*)
 .init_array    0x0000000008003e20        0x4 /home/chris/opt/STM32CubeIDE/st/stm32cubeide_1.2.0/plugins/com.st.stm32cube.ide.mcu.externaltools.gnu-tools-for-stm32.7-2018-q2-update.linux64_1.0.0.201904181610/tools/bin/../lib/gcc/arm-none-eabi/7.3.1/thumb/v6-m/crtbegin.o
                0x0000000008003e24                PROVIDE (__init_array_end = .)
                0x0000000008003e24                . = ALIGN (0x4)

.fini_array     0x0000000008003e24        0x4
                0x0000000008003e24                . = ALIGN (0x4)
                [!provide]                        PROVIDE (__fini_array_start = .)
 *(SORT_BY_NAME(.fini_array.*))
 *(.fini_array*)
 .fini_array    0x0000000008003e24        0x4 /home/chris/opt/STM32CubeIDE/st/stm32cubeide_1.2.0/plugins/com.st.stm32cube.ide.mcu.externaltools.gnu-tools-for-stm32.7-2018-q2-update.linux64_1.0.0.201904181610/tools/bin/../lib/gcc/arm-none-eabi/7.3.1/thumb/v6-m/crtbegin.o
                [!provide]                        PROVIDE (__fini_array_end = .)
                0x0000000008003e28                . = ALIGN (0x4)
                0x0000000008003e28                _sidata = LOADADDR (.data)

.data           0x0000000020000000       0x74 load address 0x0000000008003e28
                0x0000000020000000                . = ALIGN (0x4)
                0x0000000020000000                _sdata = .
 *(.data)
 *(.data*)
 .data.SystemCoreClock
                0x0000000020000000        0x4 Core/Src/system_stm32f0xx.o
                0x0000000020000000                SystemCoreClock
 .data.uwTickPrio
                0x0000000020000004        0x4 Drivers/STM32F0xx_HAL_Driver/Src/stm32f0xx_hal.o
                0x0000000020000004                uwTickPrio
 .data.uwTickFreq
                0x0000000020000008        0x1 Drivers/STM32F0xx_HAL_Driver/Src/stm32f0xx_hal.o
                0x0000000020000008                uwTickFreq
 *fill*         0x0000000020000009        0x1 
 .data.LCD_HEIGHT
                0x000000002000000a        0x2 Optimized_STM32_ILI9341/ILI9341_STM32_Driver.o
                0x000000002000000a                LCD_HEIGHT
 .data.LCD_WIDTH
                0x000000002000000c        0x2 Optimized_STM32_ILI9341/ILI9341_STM32_Driver.o
                0x000000002000000c                LCD_WIDTH
 .data.BURST_MAX_SIZE
                0x000000002000000e        0x2 Optimized_STM32_ILI9341/ILI9341_STM32_Driver.o
                0x000000002000000e                BURST_MAX_SIZE
 .data._impure_ptr
                0x0000000020000010        0x4 /home/chris/opt/STM32CubeIDE/st/stm32cubeide_1.2.0/plugins/com.st.stm32cube.ide.mcu.externaltools.gnu-tools-for-stm32.7-2018-q2-update.linux64_1.0.0.201904181610/tools/bin/../lib/gcc/arm-none-eabi/7.3.1/../../../../arm-none-eabi/lib/thumb/v6-m/libc_nano.a(lib_a-impure.o)
                0x0000000020000010                _impure_ptr
 .data.impure_data
                0x0000000020000014       0x60 /home/chris/opt/STM32CubeIDE/st/stm32cubeide_1.2.0/plugins/com.st.stm32cube.ide.mcu.externaltools.gnu-tools-for-stm32.7-2018-q2-update.linux64_1.0.0.201904181610/tools/bin/../lib/gcc/arm-none-eabi/7.3.1/../../../../arm-none-eabi/lib/thumb/v6-m/libc_nano.a(lib_a-impure.o)
                0x0000000020000074                . = ALIGN (0x4)
                0x0000000020000074                _edata = .

.igot.plt       0x0000000020000074        0x0 load address 0x0000000008003e9c
 .igot.plt      0x0000000020000074        0x0 /home/chris/opt/STM32CubeIDE/st/stm32cubeide_1.2.0/plugins/com.st.stm32cube.ide.mcu.externaltools.gnu-tools-for-stm32.7-2018-q2-update.linux64_1.0.0.201904181610/tools/bin/../lib/gcc/arm-none-eabi/7.3.1/thumb/v6-m/crtbegin.o
                0x0000000020000074                . = ALIGN (0x4)

.bss            0x0000000020000074      0x13c load address 0x0000000008003e9c
                0x0000000020000074                _sbss = .
                0x0000000020000074                __bss_start__ = _sbss
 *(.bss)
 .bss           0x0000000020000074       0x1c /home/chris/opt/STM32CubeIDE/st/stm32cubeide_1.2.0/plugins/com.st.stm32cube.ide.mcu.externaltools.gnu-tools-for-stm32.7-2018-q2-update.linux64_1.0.0.201904181610/tools/bin/../lib/gcc/arm-none-eabi/7.3.1/thumb/v6-m/crtbegin.o
 *(.bss*)
 .bss.heap_end.5149
                0x0000000020000090        0x4 Core/Src/sysmem.o
 .bss.eTouchScreenState
                0x0000000020000094        0x1 Optimized_TSC2046_TouchSceen/TSC2046_STM32_EventManager.o
                0x0000000020000094                eTouchScreenState
 *fill*         0x0000000020000095        0x3 
 .bss.__malloc_free_list
                0x0000000020000098        0x4 /home/chris/opt/STM32CubeIDE/st/stm32cubeide_1.2.0/plugins/com.st.stm32cube.ide.mcu.externaltools.gnu-tools-for-stm32.7-2018-q2-update.linux64_1.0.0.201904181610/tools/bin/../lib/gcc/arm-none-eabi/7.3.1/../../../../arm-none-eabi/lib/thumb/v6-m/libc_nano.a(lib_a-nano-mallocr.o)
                0x0000000020000098                __malloc_free_list
 .bss.__malloc_sbrk_start
                0x000000002000009c        0x4 /home/chris/opt/STM32CubeIDE/st/stm32cubeide_1.2.0/plugins/com.st.stm32cube.ide.mcu.externaltools.gnu-tools-for-stm32.7-2018-q2-update.linux64_1.0.0.201904181610/tools/bin/../lib/gcc/arm-none-eabi/7.3.1/../../../../arm-none-eabi/lib/thumb/v6-m/libc_nano.a(lib_a-nano-mallocr.o)
                0x000000002000009c                __malloc_sbrk_start
 *(COMMON)
 COMMON         0x00000000200000a0       0xc8 Core/Src/spi.o
                0x00000000200000a0                hspi2
                0x0000000020000104                hspi1
 COMMON         0x0000000020000168       0x40 Core/Src/tim.o
                0x0000000020000168                htim17
 COMMON         0x00000000200001a8        0x4 Drivers/STM32F0xx_HAL_Driver/Src/stm32f0xx_hal.o
                0x00000000200001a8                uwTick
 COMMON         0x00000000200001ac        0x4 /home/chris/opt/STM32CubeIDE/st/stm32cubeide_1.2.0/plugins/com.st.stm32cube.ide.mcu.externaltools.gnu-tools-for-stm32.7-2018-q2-update.linux64_1.0.0.201904181610/tools/bin/../lib/gcc/arm-none-eabi/7.3.1/../../../../arm-none-eabi/lib/thumb/v6-m/libc_nano.a(lib_a-reent.o)
                0x00000000200001ac                errno
                0x00000000200001b0                . = ALIGN (0x4)
                0x00000000200001b0                _ebss = .
                0x00000000200001b0                __bss_end__ = _ebss

._user_heap_stack
                0x00000000200001b0      0x600 load address 0x0000000008003e9c
                0x00000000200001b0                . = ALIGN (0x8)
                0x00000000200001b0                PROVIDE (end = .)
                [!provide]                        PROVIDE (_end = .)
                0x00000000200003b0                . = (. + _Min_Heap_Size)
 *fill*         0x00000000200001b0      0x200 
                0x00000000200007b0                . = (. + _Min_Stack_Size)
 *fill*         0x00000000200003b0      0x400 
                0x00000000200007b0                . = ALIGN (0x8)

/DISCARD/
 libc.a(*)
 libm.a(*)
 libgcc.a(*)

.ARM.attributes
                0x0000000000000000       0x28
 *(.ARM.attributes)
 .ARM.attributes
                0x0000000000000000       0x1e /home/chris/opt/STM32CubeIDE/st/stm32cubeide_1.2.0/plugins/com.st.stm32cube.ide.mcu.externaltools.gnu-tools-for-stm32.7-2018-q2-update.linux64_1.0.0.201904181610/tools/bin/../lib/gcc/arm-none-eabi/7.3.1/thumb/v6-m/crti.o
 .ARM.attributes
                0x000000000000001e       0x2c /home/chris/opt/STM32CubeIDE/st/stm32cubeide_1.2.0/plugins/com.st.stm32cube.ide.mcu.externaltools.gnu-tools-for-stm32.7-2018-q2-update.linux64_1.0.0.201904181610/tools/bin/../lib/gcc/arm-none-eabi/7.3.1/thumb/v6-m/crtbegin.o
 .ARM.attributes
                0x000000000000004a       0x31 Core/Src/gpio.o
 .ARM.attributes
                0x000000000000007b       0x31 Core/Src/main.o
 .ARM.attributes
                0x00000000000000ac       0x31 Core/Src/spi.o
 .ARM.attributes
                0x00000000000000dd       0x31 Core/Src/stm32f0xx_hal_msp.o
 .ARM.attributes
                0x000000000000010e       0x31 Core/Src/stm32f0xx_it.o
 .ARM.attributes
                0x000000000000013f       0x31 Core/Src/sysmem.o
 .ARM.attributes
                0x0000000000000170       0x31 Core/Src/system_stm32f0xx.o
 .ARM.attributes
                0x00000000000001a1       0x31 Core/Src/tim.o
 .ARM.attributes
                0x00000000000001d2       0x21 Core/Startup/startup_stm32f072rbtx.o
 .ARM.attributes
                0x00000000000001f3       0x31 Drivers/STM32F0xx_HAL_Driver/Src/stm32f0xx_hal.o
 .ARM.attributes
                0x0000000000000224       0x31 Drivers/STM32F0xx_HAL_Driver/Src/stm32f0xx_hal_cortex.o
 .ARM.attributes
                0x0000000000000255       0x31 Drivers/STM32F0xx_HAL_Driver/Src/stm32f0xx_hal_gpio.o
 .ARM.attributes
                0x0000000000000286       0x31 Drivers/STM32F0xx_HAL_Driver/Src/stm32f0xx_hal_rcc.o
 .ARM.attributes
                0x00000000000002b7       0x31 Drivers/STM32F0xx_HAL_Driver/Src/stm32f0xx_hal_spi.o
 .ARM.attributes
                0x00000000000002e8       0x31 Drivers/STM32F0xx_HAL_Driver/Src/stm32f0xx_hal_tim.o
 .ARM.attributes
                0x0000000000000319       0x31 Drivers/STM32F0xx_HAL_Driver/Src/stm32f0xx_hal_tim_ex.o
 .ARM.attributes
                0x000000000000034a       0x31 Optimized_STM32_ILI9341/ILI9341_GFX.o
 .ARM.attributes
                0x000000000000037b       0x31 Optimized_STM32_ILI9341/ILI9341_STM32_Driver.o
 .ARM.attributes
                0x00000000000003ac       0x31 Optimized_TSC2046_TouchSceen/TSC2046_STM32_EventManager.o
 .ARM.attributes
                0x00000000000003dd       0x31 Optimized_TSC2046_TouchSceen/TSC2046_STM32_HardwareManager.o
 .ARM.attributes
                0x000000000000040e       0x31 Optimized_TSC2046_TouchSceen/TSC2046_STM32_InterruptManager.o
 .ARM.attributes
                0x000000000000043f       0x2c /home/chris/opt/STM32CubeIDE/st/stm32cubeide_1.2.0/plugins/com.st.stm32cube.ide.mcu.externaltools.gnu-tools-for-stm32.7-2018-q2-update.linux64_1.0.0.201904181610/tools/bin/../lib/gcc/arm-none-eabi/7.3.1/../../../../arm-none-eabi/lib/thumb/v6-m/libc_nano.a(lib_a-errno.o)
 .ARM.attributes
                0x000000000000046b       0x2c /home/chris/opt/STM32CubeIDE/st/stm32cubeide_1.2.0/plugins/com.st.stm32cube.ide.mcu.externaltools.gnu-tools-for-stm32.7-2018-q2-update.linux64_1.0.0.201904181610/tools/bin/../lib/gcc/arm-none-eabi/7.3.1/../../../../arm-none-eabi/lib/thumb/v6-m/libc_nano.a(lib_a-impure.o)
 .ARM.attributes
                0x0000000000000497       0x2c /home/chris/opt/STM32CubeIDE/st/stm32cubeide_1.2.0/plugins/com.st.stm32cube.ide.mcu.externaltools.gnu-tools-for-stm32.7-2018-q2-update.linux64_1.0.0.201904181610/tools/bin/../lib/gcc/arm-none-eabi/7.3.1/../../../../arm-none-eabi/lib/thumb/v6-m/libc_nano.a(lib_a-init.o)
 .ARM.attributes
                0x00000000000004c3       0x2c /home/chris/opt/STM32CubeIDE/st/stm32cubeide_1.2.0/plugins/com.st.stm32cube.ide.mcu.externaltools.gnu-tools-for-stm32.7-2018-q2-update.linux64_1.0.0.201904181610/tools/bin/../lib/gcc/arm-none-eabi/7.3.1/../../../../arm-none-eabi/lib/thumb/v6-m/libc_nano.a(lib_a-memset.o)
 .ARM.attributes
                0x00000000000004ef       0x2c /home/chris/opt/STM32CubeIDE/st/stm32cubeide_1.2.0/plugins/com.st.stm32cube.ide.mcu.externaltools.gnu-tools-for-stm32.7-2018-q2-update.linux64_1.0.0.201904181610/tools/bin/../lib/gcc/arm-none-eabi/7.3.1/../../../../arm-none-eabi/lib/thumb/v6-m/libc_nano.a(lib_a-snprintf.o)
 .ARM.attributes
                0x000000000000051b       0x2c /home/chris/opt/STM32CubeIDE/st/stm32cubeide_1.2.0/plugins/com.st.stm32cube.ide.mcu.externaltools.gnu-tools-for-stm32.7-2018-q2-update.linux64_1.0.0.201904181610/tools/bin/../lib/gcc/arm-none-eabi/7.3.1/../../../../arm-none-eabi/lib/thumb/v6-m/libc_nano.a(lib_a-nano-svfprintf.o)
 .ARM.attributes
                0x0000000000000547       0x2c /home/chris/opt/STM32CubeIDE/st/stm32cubeide_1.2.0/plugins/com.st.stm32cube.ide.mcu.externaltools.gnu-tools-for-stm32.7-2018-q2-update.linux64_1.0.0.201904181610/tools/bin/../lib/gcc/arm-none-eabi/7.3.1/../../../../arm-none-eabi/lib/thumb/v6-m/libc_nano.a(lib_a-nano-vfprintf_i.o)
 .ARM.attributes
                0x0000000000000573       0x2c /home/chris/opt/STM32CubeIDE/st/stm32cubeide_1.2.0/plugins/com.st.stm32cube.ide.mcu.externaltools.gnu-tools-for-stm32.7-2018-q2-update.linux64_1.0.0.201904181610/tools/bin/../lib/gcc/arm-none-eabi/7.3.1/../../../../arm-none-eabi/lib/thumb/v6-m/libc_nano.a(lib_a-memchr-stub.o)
 .ARM.attributes
                0x000000000000059f       0x2c /home/chris/opt/STM32CubeIDE/st/stm32cubeide_1.2.0/plugins/com.st.stm32cube.ide.mcu.externaltools.gnu-tools-for-stm32.7-2018-q2-update.linux64_1.0.0.201904181610/tools/bin/../lib/gcc/arm-none-eabi/7.3.1/../../../../arm-none-eabi/lib/thumb/v6-m/libc_nano.a(lib_a-memcpy-stub.o)
 .ARM.attributes
                0x00000000000005cb       0x2c /home/chris/opt/STM32CubeIDE/st/stm32cubeide_1.2.0/plugins/com.st.stm32cube.ide.mcu.externaltools.gnu-tools-for-stm32.7-2018-q2-update.linux64_1.0.0.201904181610/tools/bin/../lib/gcc/arm-none-eabi/7.3.1/../../../../arm-none-eabi/lib/thumb/v6-m/libc_nano.a(lib_a-memmove.o)
 .ARM.attributes
                0x00000000000005f7       0x2c /home/chris/opt/STM32CubeIDE/st/stm32cubeide_1.2.0/plugins/com.st.stm32cube.ide.mcu.externaltools.gnu-tools-for-stm32.7-2018-q2-update.linux64_1.0.0.201904181610/tools/bin/../lib/gcc/arm-none-eabi/7.3.1/../../../../arm-none-eabi/lib/thumb/v6-m/libc_nano.a(lib_a-nano-freer.o)
 .ARM.attributes
                0x0000000000000623       0x2c /home/chris/opt/STM32CubeIDE/st/stm32cubeide_1.2.0/plugins/com.st.stm32cube.ide.mcu.externaltools.gnu-tools-for-stm32.7-2018-q2-update.linux64_1.0.0.201904181610/tools/bin/../lib/gcc/arm-none-eabi/7.3.1/../../../../arm-none-eabi/lib/thumb/v6-m/libc_nano.a(lib_a-nano-mallocr.o)
 .ARM.attributes
                0x000000000000064f       0x2c /home/chris/opt/STM32CubeIDE/st/stm32cubeide_1.2.0/plugins/com.st.stm32cube.ide.mcu.externaltools.gnu-tools-for-stm32.7-2018-q2-update.linux64_1.0.0.201904181610/tools/bin/../lib/gcc/arm-none-eabi/7.3.1/../../../../arm-none-eabi/lib/thumb/v6-m/libc_nano.a(lib_a-nano-reallocr.o)
 .ARM.attributes
                0x000000000000067b       0x2c /home/chris/opt/STM32CubeIDE/st/stm32cubeide_1.2.0/plugins/com.st.stm32cube.ide.mcu.externaltools.gnu-tools-for-stm32.7-2018-q2-update.linux64_1.0.0.201904181610/tools/bin/../lib/gcc/arm-none-eabi/7.3.1/../../../../arm-none-eabi/lib/thumb/v6-m/libc_nano.a(lib_a-sbrkr.o)
 .ARM.attributes
                0x00000000000006a7       0x2c /home/chris/opt/STM32CubeIDE/st/stm32cubeide_1.2.0/plugins/com.st.stm32cube.ide.mcu.externaltools.gnu-tools-for-stm32.7-2018-q2-update.linux64_1.0.0.201904181610/tools/bin/../lib/gcc/arm-none-eabi/7.3.1/../../../../arm-none-eabi/lib/thumb/v6-m/libc_nano.a(lib_a-mlock.o)
 .ARM.attributes
                0x00000000000006d3       0x2c /home/chris/opt/STM32CubeIDE/st/stm32cubeide_1.2.0/plugins/com.st.stm32cube.ide.mcu.externaltools.gnu-tools-for-stm32.7-2018-q2-update.linux64_1.0.0.201904181610/tools/bin/../lib/gcc/arm-none-eabi/7.3.1/../../../../arm-none-eabi/lib/thumb/v6-m/libc_nano.a(lib_a-nano-msizer.o)
 .ARM.attributes
                0x00000000000006ff       0x2c /home/chris/opt/STM32CubeIDE/st/stm32cubeide_1.2.0/plugins/com.st.stm32cube.ide.mcu.externaltools.gnu-tools-for-stm32.7-2018-q2-update.linux64_1.0.0.201904181610/tools/bin/../lib/gcc/arm-none-eabi/7.3.1/../../../../arm-none-eabi/lib/thumb/v6-m/libc_nano.a(lib_a-reent.o)
 .ARM.attributes
                0x000000000000072b       0x1e /home/chris/opt/STM32CubeIDE/st/stm32cubeide_1.2.0/plugins/com.st.stm32cube.ide.mcu.externaltools.gnu-tools-for-stm32.7-2018-q2-update.linux64_1.0.0.201904181610/tools/bin/../lib/gcc/arm-none-eabi/7.3.1/thumb/v6-m/libgcc.a(_udivsi3.o)
 .ARM.attributes
                0x0000000000000749       0x1e /home/chris/opt/STM32CubeIDE/st/stm32cubeide_1.2.0/plugins/com.st.stm32cube.ide.mcu.externaltools.gnu-tools-for-stm32.7-2018-q2-update.linux64_1.0.0.201904181610/tools/bin/../lib/gcc/arm-none-eabi/7.3.1/thumb/v6-m/libgcc.a(_dvmd_tls.o)
 .ARM.attributes
                0x0000000000000767       0x1e /home/chris/opt/STM32CubeIDE/st/stm32cubeide_1.2.0/plugins/com.st.stm32cube.ide.mcu.externaltools.gnu-tools-for-stm32.7-2018-q2-update.linux64_1.0.0.201904181610/tools/bin/../lib/gcc/arm-none-eabi/7.3.1/thumb/v6-m/crtn.o
OUTPUT(HPECommonSlot_BreakoutModule_SW_F072.elf elf32-littlearm)

.debug_info     0x0000000000000000     0xe071
 .debug_info    0x0000000000000000      0x4a1 Core/Src/gpio.o
 .debug_info    0x00000000000004a1     0x12c2 Core/Src/main.o
 .debug_info    0x0000000000001763      0x902 Core/Src/spi.o
 .debug_info    0x0000000000002065      0x25e Core/Src/stm32f0xx_hal_msp.o
 .debug_info    0x00000000000022c3      0x667 Core/Src/stm32f0xx_it.o
 .debug_info    0x000000000000292a      0x91c Core/Src/sysmem.o
 .debug_info    0x0000000000003246      0x29e Core/Src/system_stm32f0xx.o
 .debug_info    0x00000000000034e4      0x83b Core/Src/tim.o
 .debug_info    0x0000000000003d1f       0x22 Core/Startup/startup_stm32f072rbtx.o
 .debug_info    0x0000000000003d41      0x6c0 Drivers/STM32F0xx_HAL_Driver/Src/stm32f0xx_hal.o
 .debug_info    0x0000000000004401      0x78c Drivers/STM32F0xx_HAL_Driver/Src/stm32f0xx_hal_cortex.o
 .debug_info    0x0000000000004b8d      0x67a Drivers/STM32F0xx_HAL_Driver/Src/stm32f0xx_hal_gpio.o
 .debug_info    0x0000000000005207      0x82d Drivers/STM32F0xx_HAL_Driver/Src/stm32f0xx_hal_rcc.o
 .debug_info    0x0000000000005a34     0x1603 Drivers/STM32F0xx_HAL_Driver/Src/stm32f0xx_hal_spi.o
 .debug_info    0x0000000000007037     0x252c Drivers/STM32F0xx_HAL_Driver/Src/stm32f0xx_hal_tim.o
 .debug_info    0x0000000000009563     0x10f0 Drivers/STM32F0xx_HAL_Driver/Src/stm32f0xx_hal_tim_ex.o
 .debug_info    0x000000000000a653     0x18f3 Optimized_STM32_ILI9341/ILI9341_GFX.o
 .debug_info    0x000000000000bf46      0xda7 Optimized_STM32_ILI9341/ILI9341_STM32_Driver.o
 .debug_info    0x000000000000cced      0x20b Optimized_TSC2046_TouchSceen/TSC2046_STM32_EventManager.o
 .debug_info    0x000000000000cef8      0xa8f Optimized_TSC2046_TouchSceen/TSC2046_STM32_HardwareManager.o
 .debug_info    0x000000000000d987      0x6ea Optimized_TSC2046_TouchSceen/TSC2046_STM32_InterruptManager.o

.debug_abbrev   0x0000000000000000     0x2347
 .debug_abbrev  0x0000000000000000      0x13d Core/Src/gpio.o
 .debug_abbrev  0x000000000000013d      0x222 Core/Src/main.o
 .debug_abbrev  0x000000000000035f      0x199 Core/Src/spi.o
 .debug_abbrev  0x00000000000004f8      0x109 Core/Src/stm32f0xx_hal_msp.o
 .debug_abbrev  0x0000000000000601      0x15a Core/Src/stm32f0xx_it.o
 .debug_abbrev  0x000000000000075b      0x1bb Core/Src/sysmem.o
 .debug_abbrev  0x0000000000000916      0x12b Core/Src/system_stm32f0xx.o
 .debug_abbrev  0x0000000000000a41      0x199 Core/Src/tim.o
 .debug_abbrev  0x0000000000000bda       0x12 Core/Startup/startup_stm32f072rbtx.o
 .debug_abbrev  0x0000000000000bec      0x1c7 Drivers/STM32F0xx_HAL_Driver/Src/stm32f0xx_hal.o
 .debug_abbrev  0x0000000000000db3      0x273 Drivers/STM32F0xx_HAL_Driver/Src/stm32f0xx_hal_cortex.o
 .debug_abbrev  0x0000000000001026      0x1c0 Drivers/STM32F0xx_HAL_Driver/Src/stm32f0xx_hal_gpio.o
 .debug_abbrev  0x00000000000011e6      0x20f Drivers/STM32F0xx_HAL_Driver/Src/stm32f0xx_hal_rcc.o
 .debug_abbrev  0x00000000000013f5      0x228 Drivers/STM32F0xx_HAL_Driver/Src/stm32f0xx_hal_spi.o
 .debug_abbrev  0x000000000000161d      0x230 Drivers/STM32F0xx_HAL_Driver/Src/stm32f0xx_hal_tim.o
 .debug_abbrev  0x000000000000184d      0x21e Drivers/STM32F0xx_HAL_Driver/Src/stm32f0xx_hal_tim_ex.o
 .debug_abbrev  0x0000000000001a6b      0x2ae Optimized_STM32_ILI9341/ILI9341_GFX.o
 .debug_abbrev  0x0000000000001d19      0x22b Optimized_STM32_ILI9341/ILI9341_STM32_Driver.o
 .debug_abbrev  0x0000000000001f44       0xe8 Optimized_TSC2046_TouchSceen/TSC2046_STM32_EventManager.o
 .debug_abbrev  0x000000000000202c      0x1ca Optimized_TSC2046_TouchSceen/TSC2046_STM32_HardwareManager.o
 .debug_abbrev  0x00000000000021f6      0x151 Optimized_TSC2046_TouchSceen/TSC2046_STM32_InterruptManager.o

.debug_aranges  0x0000000000000000      0xc88
 .debug_aranges
                0x0000000000000000       0x20 Core/Src/gpio.o
 .debug_aranges
                0x0000000000000020       0x30 Core/Src/main.o
 .debug_aranges
                0x0000000000000050       0x38 Core/Src/spi.o
 .debug_aranges
                0x0000000000000088       0x20 Core/Src/stm32f0xx_hal_msp.o
 .debug_aranges
                0x00000000000000a8       0x50 Core/Src/stm32f0xx_it.o
 .debug_aranges
                0x00000000000000f8       0x20 Core/Src/sysmem.o
 .debug_aranges
                0x0000000000000118       0x28 Core/Src/system_stm32f0xx.o
 .debug_aranges
                0x0000000000000140       0x30 Core/Src/tim.o
 .debug_aranges
                0x0000000000000170       0x28 Core/Startup/startup_stm32f072rbtx.o
 .debug_aranges
                0x0000000000000198       0xd0 Drivers/STM32F0xx_HAL_Driver/Src/stm32f0xx_hal.o
 .debug_aranges
                0x0000000000000268       0xc0 Drivers/STM32F0xx_HAL_Driver/Src/stm32f0xx_hal_cortex.o
 .debug_aranges
                0x0000000000000328       0x58 Drivers/STM32F0xx_HAL_Driver/Src/stm32f0xx_hal_gpio.o
 .debug_aranges
                0x0000000000000380       0x80 Drivers/STM32F0xx_HAL_Driver/Src/stm32f0xx_hal_rcc.o
 .debug_aranges
                0x0000000000000400      0x1d8 Drivers/STM32F0xx_HAL_Driver/Src/stm32f0xx_hal_spi.o
 .debug_aranges
                0x00000000000005d8      0x3b8 Drivers/STM32F0xx_HAL_Driver/Src/stm32f0xx_hal_tim.o
 .debug_aranges
                0x0000000000000990      0x150 Drivers/STM32F0xx_HAL_Driver/Src/stm32f0xx_hal_tim_ex.o
 .debug_aranges
                0x0000000000000ae0       0x78 Optimized_STM32_ILI9341/ILI9341_GFX.o
 .debug_aranges
                0x0000000000000b58       0x98 Optimized_STM32_ILI9341/ILI9341_STM32_Driver.o
 .debug_aranges
                0x0000000000000bf0       0x38 Optimized_TSC2046_TouchSceen/TSC2046_STM32_EventManager.o
 .debug_aranges
                0x0000000000000c28       0x38 Optimized_TSC2046_TouchSceen/TSC2046_STM32_HardwareManager.o
 .debug_aranges
                0x0000000000000c60       0x28 Optimized_TSC2046_TouchSceen/TSC2046_STM32_InterruptManager.o

.debug_ranges   0x0000000000000000      0xb40
 .debug_ranges  0x0000000000000000       0x10 Core/Src/gpio.o
 .debug_ranges  0x0000000000000010       0x20 Core/Src/main.o
 .debug_ranges  0x0000000000000030       0x28 Core/Src/spi.o
 .debug_ranges  0x0000000000000058       0x10 Core/Src/stm32f0xx_hal_msp.o
 .debug_ranges  0x0000000000000068       0x40 Core/Src/stm32f0xx_it.o
 .debug_ranges  0x00000000000000a8       0x10 Core/Src/sysmem.o
 .debug_ranges  0x00000000000000b8       0x18 Core/Src/system_stm32f0xx.o
 .debug_ranges  0x00000000000000d0       0x20 Core/Src/tim.o
 .debug_ranges  0x00000000000000f0       0x20 Core/Startup/startup_stm32f072rbtx.o
 .debug_ranges  0x0000000000000110       0xc0 Drivers/STM32F0xx_HAL_Driver/Src/stm32f0xx_hal.o
 .debug_ranges  0x00000000000001d0       0xb0 Drivers/STM32F0xx_HAL_Driver/Src/stm32f0xx_hal_cortex.o
 .debug_ranges  0x0000000000000280       0x48 Drivers/STM32F0xx_HAL_Driver/Src/stm32f0xx_hal_gpio.o
 .debug_ranges  0x00000000000002c8       0x70 Drivers/STM32F0xx_HAL_Driver/Src/stm32f0xx_hal_rcc.o
 .debug_ranges  0x0000000000000338      0x1c8 Drivers/STM32F0xx_HAL_Driver/Src/stm32f0xx_hal_spi.o
 .debug_ranges  0x0000000000000500      0x3a8 Drivers/STM32F0xx_HAL_Driver/Src/stm32f0xx_hal_tim.o
 .debug_ranges  0x00000000000008a8      0x140 Drivers/STM32F0xx_HAL_Driver/Src/stm32f0xx_hal_tim_ex.o
 .debug_ranges  0x00000000000009e8       0x68 Optimized_STM32_ILI9341/ILI9341_GFX.o
 .debug_ranges  0x0000000000000a50       0x88 Optimized_STM32_ILI9341/ILI9341_STM32_Driver.o
 .debug_ranges  0x0000000000000ad8       0x28 Optimized_TSC2046_TouchSceen/TSC2046_STM32_EventManager.o
 .debug_ranges  0x0000000000000b00       0x28 Optimized_TSC2046_TouchSceen/TSC2046_STM32_HardwareManager.o
 .debug_ranges  0x0000000000000b28       0x18 Optimized_TSC2046_TouchSceen/TSC2046_STM32_InterruptManager.o

.debug_macro    0x0000000000000000    0x17b7c
 .debug_macro   0x0000000000000000      0x1d3 Core/Src/gpio.o
 .debug_macro   0x00000000000001d3      0xa48 Core/Src/gpio.o
 .debug_macro   0x0000000000000c1b      0x133 Core/Src/gpio.o
 .debug_macro   0x0000000000000d4e       0x2e Core/Src/gpio.o
 .debug_macro   0x0000000000000d7c       0x22 Core/Src/gpio.o
 .debug_macro   0x0000000000000d9e       0x22 Core/Src/gpio.o
 .debug_macro   0x0000000000000dc0       0x8e Core/Src/gpio.o
 .debug_macro   0x0000000000000e4e       0x51 Core/Src/gpio.o
 .debug_macro   0x0000000000000e9f       0xef Core/Src/gpio.o
 .debug_macro   0x0000000000000f8e       0x6a Core/Src/gpio.o
 .debug_macro   0x0000000000000ff8      0x1df Core/Src/gpio.o
 .debug_macro   0x00000000000011d7       0x1c Core/Src/gpio.o
 .debug_macro   0x00000000000011f3       0x22 Core/Src/gpio.o
 .debug_macro   0x0000000000001215       0xb5 Core/Src/gpio.o
 .debug_macro   0x00000000000012ca      0x391 Core/Src/gpio.o
 .debug_macro   0x000000000000165b     0xfe50 Core/Src/gpio.o
 .debug_macro   0x00000000000114ab       0x3c Core/Src/gpio.o
 .debug_macro   0x00000000000114e7      0x174 Core/Src/gpio.o
 .debug_macro   0x000000000001165b       0x53 Core/Src/gpio.o
 .debug_macro   0x00000000000116ae      0x946 Core/Src/gpio.o
 .debug_macro   0x0000000000011ff4      0x5f3 Core/Src/gpio.o
 .debug_macro   0x00000000000125e7      0x12f Core/Src/gpio.o
 .debug_macro   0x0000000000012716      0x1a7 Core/Src/gpio.o
 .debug_macro   0x00000000000128bd      0x1a7 Core/Src/gpio.o
 .debug_macro   0x0000000000012a64      0x22c Core/Src/gpio.o
 .debug_macro   0x0000000000012c90       0x34 Core/Src/gpio.o
 .debug_macro   0x0000000000012cc4       0x43 Core/Src/gpio.o
 .debug_macro   0x0000000000012d07       0x28 Core/Src/gpio.o
 .debug_macro   0x0000000000012d2f       0xb0 Core/Src/gpio.o
 .debug_macro   0x0000000000012ddf      0x217 Core/Src/gpio.o
 .debug_macro   0x0000000000012ff6      0x22c Core/Src/gpio.o
 .debug_macro   0x0000000000013222       0x5f Core/Src/gpio.o
 .debug_macro   0x0000000000013281       0xa5 Core/Src/gpio.o
 .debug_macro   0x0000000000013326       0x4c Core/Src/gpio.o
 .debug_macro   0x0000000000013372      0x16d Core/Src/gpio.o
 .debug_macro   0x00000000000134df      0x305 Core/Src/gpio.o
 .debug_macro   0x00000000000137e4      0x8ae Core/Src/gpio.o
 .debug_macro   0x0000000000014092       0x28 Core/Src/gpio.o
 .debug_macro   0x00000000000140ba      0x130 Core/Src/gpio.o
 .debug_macro   0x00000000000141ea       0x70 Core/Src/gpio.o
 .debug_macro   0x000000000001425a      0x3ad Core/Src/main.o
 .debug_macro   0x0000000000014607       0x10 Core/Src/main.o
 .debug_macro   0x0000000000014617       0xc7 Core/Src/main.o
 .debug_macro   0x00000000000146de       0x46 Core/Src/main.o
 .debug_macro   0x0000000000014724       0x18 Core/Src/main.o
 .debug_macro   0x000000000001473c       0x3c Core/Src/main.o
 .debug_macro   0x0000000000014778       0x34 Core/Src/main.o
 .debug_macro   0x00000000000147ac       0x16 Core/Src/main.o
 .debug_macro   0x00000000000147c2       0x35 Core/Src/main.o
 .debug_macro   0x00000000000147f7      0x32a Core/Src/main.o
 .debug_macro   0x0000000000014b21       0x10 Core/Src/main.o
 .debug_macro   0x0000000000014b31       0x52 Core/Src/main.o
 .debug_macro   0x0000000000014b83       0x1f Core/Src/main.o
 .debug_macro   0x0000000000014ba2       0x43 Core/Src/main.o
 .debug_macro   0x0000000000014be5       0x20 Core/Src/main.o
 .debug_macro   0x0000000000014c05      0x1a3 Core/Src/main.o
 .debug_macro   0x0000000000014da8       0x10 Core/Src/main.o
 .debug_macro   0x0000000000014db8       0x1c Core/Src/main.o
 .debug_macro   0x0000000000014dd4       0x52 Core/Src/main.o
 .debug_macro   0x0000000000014e26       0x40 Core/Src/main.o
 .debug_macro   0x0000000000014e66       0x10 Core/Src/main.o
 .debug_macro   0x0000000000014e76       0x40 Core/Src/main.o
 .debug_macro   0x0000000000014eb6       0xd7 Core/Src/main.o
 .debug_macro   0x0000000000014f8d       0x1c Core/Src/main.o
 .debug_macro   0x0000000000014fa9       0x3d Core/Src/main.o
 .debug_macro   0x0000000000014fe6       0x16 Core/Src/main.o
 .debug_macro   0x0000000000014ffc      0x145 Core/Src/main.o
 .debug_macro   0x0000000000015141       0x16 Core/Src/main.o
 .debug_macro   0x0000000000015157       0x10 Core/Src/main.o
 .debug_macro   0x0000000000015167       0x10 Core/Src/main.o
 .debug_macro   0x0000000000015177       0x10 Core/Src/main.o
 .debug_macro   0x0000000000015187      0x1d3 Core/Src/spi.o
 .debug_macro   0x000000000001535a      0x1c9 Core/Src/stm32f0xx_hal_msp.o
 .debug_macro   0x0000000000015523      0x217 Core/Src/stm32f0xx_it.o
 .debug_macro   0x000000000001573a      0x1ae Core/Src/sysmem.o
 .debug_macro   0x00000000000158e8      0x23b Core/Src/sysmem.o
 .debug_macro   0x0000000000015b23      0x1ba Core/Src/system_stm32f0xx.o
 .debug_macro   0x0000000000015cdd      0x1d3 Core/Src/tim.o
 .debug_macro   0x0000000000015eb0      0x1de Drivers/STM32F0xx_HAL_Driver/Src/stm32f0xx_hal.o
 .debug_macro   0x000000000001608e      0x1ba Drivers/STM32F0xx_HAL_Driver/Src/stm32f0xx_hal_cortex.o
 .debug_macro   0x0000000000016248      0x1f2 Drivers/STM32F0xx_HAL_Driver/Src/stm32f0xx_hal_gpio.o
 .debug_macro   0x000000000001643a      0x1cc Drivers/STM32F0xx_HAL_Driver/Src/stm32f0xx_hal_rcc.o
 .debug_macro   0x0000000000016606      0x1c2 Drivers/STM32F0xx_HAL_Driver/Src/stm32f0xx_hal_spi.o
 .debug_macro   0x00000000000167c8      0x1bb Drivers/STM32F0xx_HAL_Driver/Src/stm32f0xx_hal_tim.o
 .debug_macro   0x0000000000016983      0x1ba Drivers/STM32F0xx_HAL_Driver/Src/stm32f0xx_hal_tim_ex.o
 .debug_macro   0x0000000000016b3d      0x38b Optimized_STM32_ILI9341/ILI9341_GFX.o
 .debug_macro   0x0000000000016ec8       0x97 Optimized_STM32_ILI9341/ILI9341_GFX.o
 .debug_macro   0x0000000000016f5f       0xfd Optimized_STM32_ILI9341/ILI9341_GFX.o
 .debug_macro   0x000000000001705c       0x16 Optimized_STM32_ILI9341/ILI9341_GFX.o
 .debug_macro   0x0000000000017072       0xaf Optimized_STM32_ILI9341/ILI9341_GFX.o
 .debug_macro   0x0000000000017121       0x4d Optimized_STM32_ILI9341/ILI9341_GFX.o
 .debug_macro   0x000000000001716e       0x1c Optimized_STM32_ILI9341/ILI9341_GFX.o
 .debug_macro   0x000000000001718a      0x1e1 Optimized_STM32_ILI9341/ILI9341_GFX.o
 .debug_macro   0x000000000001736b      0x208 Optimized_STM32_ILI9341/ILI9341_STM32_Driver.o
 .debug_macro   0x0000000000017573      0x1dd Optimized_TSC2046_TouchSceen/TSC2046_STM32_EventManager.o
 .debug_macro   0x0000000000017750      0x21d Optimized_TSC2046_TouchSceen/TSC2046_STM32_HardwareManager.o
 .debug_macro   0x000000000001796d      0x20f Optimized_TSC2046_TouchSceen/TSC2046_STM32_InterruptManager.o

.debug_line     0x0000000000000000     0xc6bf
 .debug_line    0x0000000000000000      0x6e6 Core/Src/gpio.o
 .debug_line    0x00000000000006e6      0xa49 Core/Src/main.o
 .debug_line    0x000000000000112f      0x743 Core/Src/spi.o
 .debug_line    0x0000000000001872      0x6d6 Core/Src/stm32f0xx_hal_msp.o
 .debug_line    0x0000000000001f48      0x80d Core/Src/stm32f0xx_it.o
 .debug_line    0x0000000000002755      0x5a9 Core/Src/sysmem.o
 .debug_line    0x0000000000002cfe      0x6f9 Core/Src/system_stm32f0xx.o
 .debug_line    0x00000000000033f7      0x6ff Core/Src/tim.o
 .debug_line    0x0000000000003af6       0x89 Core/Startup/startup_stm32f072rbtx.o
 .debug_line    0x0000000000003b7f      0x88c Drivers/STM32F0xx_HAL_Driver/Src/stm32f0xx_hal.o
 .debug_line    0x000000000000440b      0x8a4 Drivers/STM32F0xx_HAL_Driver/Src/stm32f0xx_hal_cortex.o
 .debug_line    0x0000000000004caf      0x866 Drivers/STM32F0xx_HAL_Driver/Src/stm32f0xx_hal_gpio.o
 .debug_line    0x0000000000005515      0x979 Drivers/STM32F0xx_HAL_Driver/Src/stm32f0xx_hal_rcc.o
 .debug_line    0x0000000000005e8e     0x1161 Drivers/STM32F0xx_HAL_Driver/Src/stm32f0xx_hal_spi.o
 .debug_line    0x0000000000006fef     0x1abe Drivers/STM32F0xx_HAL_Driver/Src/stm32f0xx_hal_tim.o
 .debug_line    0x0000000000008aad      0xcd8 Drivers/STM32F0xx_HAL_Driver/Src/stm32f0xx_hal_tim_ex.o
 .debug_line    0x0000000000009785      0xd64 Optimized_STM32_ILI9341/ILI9341_GFX.o
 .debug_line    0x000000000000a4e9      0xaa9 Optimized_STM32_ILI9341/ILI9341_STM32_Driver.o
 .debug_line    0x000000000000af92      0x775 Optimized_TSC2046_TouchSceen/TSC2046_STM32_EventManager.o
 .debug_line    0x000000000000b707      0x812 Optimized_TSC2046_TouchSceen/TSC2046_STM32_HardwareManager.o
 .debug_line    0x000000000000bf19      0x7a6 Optimized_TSC2046_TouchSceen/TSC2046_STM32_InterruptManager.o

.debug_str      0x0000000000000000    0x7eddc
 .debug_str     0x0000000000000000    0x76618 Core/Src/gpio.o
                                      0x768ae (size before relaxing)
 .debug_str     0x0000000000076618     0x4b51 Core/Src/main.o
                                      0x7b1fa (size before relaxing)
 .debug_str     0x000000000007b169       0x58 Core/Src/spi.o
                                      0x76ae1 (size before relaxing)
 .debug_str     0x000000000007b1c1       0x2c Core/Src/stm32f0xx_hal_msp.o
                                      0x76630 (size before relaxing)
 .debug_str     0x000000000007b1ed       0x9b Core/Src/stm32f0xx_it.o
                                      0x76af1 (size before relaxing)
 .debug_str     0x000000000007b288      0x4d1 Core/Src/sysmem.o
                                       0x7a99 (size before relaxing)
 .debug_str     0x000000000007b759       0x5f Core/Src/system_stm32f0xx.o
                                      0x764c7 (size before relaxing)
 .debug_str     0x000000000007b7b8       0x5b Core/Src/tim.o
                                      0x76c2a (size before relaxing)
 .debug_str     0x000000000007b813       0x36 Core/Startup/startup_stm32f072rbtx.o
                                         0xc4 (size before relaxing)
 .debug_str     0x000000000007b849      0x39c Drivers/STM32F0xx_HAL_Driver/Src/stm32f0xx_hal.o
                                      0x76a35 (size before relaxing)
 .debug_str     0x000000000007bbe5      0x220 Drivers/STM32F0xx_HAL_Driver/Src/stm32f0xx_hal_cortex.o
                                      0x768e9 (size before relaxing)
 .debug_str     0x000000000007be05      0x213 Drivers/STM32F0xx_HAL_Driver/Src/stm32f0xx_hal_gpio.o
                                      0x76763 (size before relaxing)
 .debug_str     0x000000000007c018      0x254 Drivers/STM32F0xx_HAL_Driver/Src/stm32f0xx_hal_rcc.o
                                      0x768dc (size before relaxing)
 .debug_str     0x000000000007c26c      0x57c Drivers/STM32F0xx_HAL_Driver/Src/stm32f0xx_hal_spi.o
                                      0x76e00 (size before relaxing)
 .debug_str     0x000000000007c7e8      0xe2a Drivers/STM32F0xx_HAL_Driver/Src/stm32f0xx_hal_tim.o
                                      0x776c0 (size before relaxing)
 .debug_str     0x000000000007d612      0x579 Drivers/STM32F0xx_HAL_Driver/Src/stm32f0xx_hal_tim_ex.o
                                      0x76e74 (size before relaxing)
 .debug_str     0x000000000007db8b      0xc05 Optimized_STM32_ILI9341/ILI9341_GFX.o
                                      0x7ba3d (size before relaxing)
 .debug_str     0x000000000007e790      0x2b6 Optimized_STM32_ILI9341/ILI9341_STM32_Driver.o
                                      0x76f5e (size before relaxing)
 .debug_str     0x000000000007ea46      0x159 Optimized_TSC2046_TouchSceen/TSC2046_STM32_EventManager.o
                                      0x7672b (size before relaxing)
 .debug_str     0x000000000007eb9f      0x159 Optimized_TSC2046_TouchSceen/TSC2046_STM32_HardwareManager.o
                                      0x76e51 (size before relaxing)
 .debug_str     0x000000000007ecf8       0xe4 Optimized_TSC2046_TouchSceen/TSC2046_STM32_InterruptManager.o
                                      0x76b89 (size before relaxing)

.comment        0x0000000000000000       0x7b
 .comment       0x0000000000000000       0x7b Core/Src/gpio.o
                                         0x7c (size before relaxing)
 .comment       0x000000000000007b       0x7c Core/Src/main.o
 .comment       0x000000000000007b       0x7c Core/Src/spi.o
 .comment       0x000000000000007b       0x7c Core/Src/stm32f0xx_hal_msp.o
 .comment       0x000000000000007b       0x7c Core/Src/stm32f0xx_it.o
 .comment       0x000000000000007b       0x7c Core/Src/sysmem.o
 .comment       0x000000000000007b       0x7c Core/Src/system_stm32f0xx.o
 .comment       0x000000000000007b       0x7c Core/Src/tim.o
 .comment       0x000000000000007b       0x7c Drivers/STM32F0xx_HAL_Driver/Src/stm32f0xx_hal.o
 .comment       0x000000000000007b       0x7c Drivers/STM32F0xx_HAL_Driver/Src/stm32f0xx_hal_cortex.o
 .comment       0x000000000000007b       0x7c Drivers/STM32F0xx_HAL_Driver/Src/stm32f0xx_hal_gpio.o
 .comment       0x000000000000007b       0x7c Drivers/STM32F0xx_HAL_Driver/Src/stm32f0xx_hal_rcc.o
 .comment       0x000000000000007b       0x7c Drivers/STM32F0xx_HAL_Driver/Src/stm32f0xx_hal_spi.o
 .comment       0x000000000000007b       0x7c Drivers/STM32F0xx_HAL_Driver/Src/stm32f0xx_hal_tim.o
 .comment       0x000000000000007b       0x7c Drivers/STM32F0xx_HAL_Driver/Src/stm32f0xx_hal_tim_ex.o
 .comment       0x000000000000007b       0x7c Optimized_STM32_ILI9341/ILI9341_GFX.o
 .comment       0x000000000000007b       0x7c Optimized_STM32_ILI9341/ILI9341_STM32_Driver.o
 .comment       0x000000000000007b       0x7c Optimized_TSC2046_TouchSceen/TSC2046_STM32_EventManager.o
 .comment       0x000000000000007b       0x7c Optimized_TSC2046_TouchSceen/TSC2046_STM32_HardwareManager.o
 .comment       0x000000000000007b       0x7c Optimized_TSC2046_TouchSceen/TSC2046_STM32_InterruptManager.o

.debug_frame    0x0000000000000000     0x2e10
 .debug_frame   0x0000000000000000       0x30 Core/Src/gpio.o
 .debug_frame   0x0000000000000030       0x6c Core/Src/main.o
 .debug_frame   0x000000000000009c       0x88 Core/Src/spi.o
 .debug_frame   0x0000000000000124       0x30 Core/Src/stm32f0xx_hal_msp.o
 .debug_frame   0x0000000000000154       0xd4 Core/Src/stm32f0xx_it.o
 .debug_frame   0x0000000000000228       0x30 Core/Src/sysmem.o
 .debug_frame   0x0000000000000258       0x4c Core/Src/system_stm32f0xx.o
 .debug_frame   0x00000000000002a4       0x6c Core/Src/tim.o
 .debug_frame   0x0000000000000310      0x2a4 Drivers/STM32F0xx_HAL_Driver/Src/stm32f0xx_hal.o
 .debug_frame   0x00000000000005b4      0x2a0 Drivers/STM32F0xx_HAL_Driver/Src/stm32f0xx_hal_cortex.o
 .debug_frame   0x0000000000000854      0x110 Drivers/STM32F0xx_HAL_Driver/Src/stm32f0xx_hal_gpio.o
 .debug_frame   0x0000000000000964      0x198 Drivers/STM32F0xx_HAL_Driver/Src/stm32f0xx_hal_rcc.o
 .debug_frame   0x0000000000000afc      0x710 Drivers/STM32F0xx_HAL_Driver/Src/stm32f0xx_hal_spi.o
 .debug_frame   0x000000000000120c      0xe90 Drivers/STM32F0xx_HAL_Driver/Src/stm32f0xx_hal_tim.o
 .debug_frame   0x000000000000209c      0x4f0 Drivers/STM32F0xx_HAL_Driver/Src/stm32f0xx_hal_tim_ex.o
 .debug_frame   0x000000000000258c      0x1bc Optimized_STM32_ILI9341/ILI9341_GFX.o
 .debug_frame   0x0000000000002748      0x214 Optimized_STM32_ILI9341/ILI9341_STM32_Driver.o
 .debug_frame   0x000000000000295c       0x84 Optimized_TSC2046_TouchSceen/TSC2046_STM32_EventManager.o
 .debug_frame   0x00000000000029e0       0x88 Optimized_TSC2046_TouchSceen/TSC2046_STM32_HardwareManager.o
 .debug_frame   0x0000000000002a68       0x48 Optimized_TSC2046_TouchSceen/TSC2046_STM32_InterruptManager.o
 .debug_frame   0x0000000000002ab0       0x20 /home/chris/opt/STM32CubeIDE/st/stm32cubeide_1.2.0/plugins/com.st.stm32cube.ide.mcu.externaltools.gnu-tools-for-stm32.7-2018-q2-update.linux64_1.0.0.201904181610/tools/bin/../lib/gcc/arm-none-eabi/7.3.1/../../../../arm-none-eabi/lib/thumb/v6-m/libc_nano.a(lib_a-errno.o)
 .debug_frame   0x0000000000002ad0       0x2c /home/chris/opt/STM32CubeIDE/st/stm32cubeide_1.2.0/plugins/com.st.stm32cube.ide.mcu.externaltools.gnu-tools-for-stm32.7-2018-q2-update.linux64_1.0.0.201904181610/tools/bin/../lib/gcc/arm-none-eabi/7.3.1/../../../../arm-none-eabi/lib/thumb/v6-m/libc_nano.a(lib_a-init.o)
 .debug_frame   0x0000000000002afc       0x20 /home/chris/opt/STM32CubeIDE/st/stm32cubeide_1.2.0/plugins/com.st.stm32cube.ide.mcu.externaltools.gnu-tools-for-stm32.7-2018-q2-update.linux64_1.0.0.201904181610/tools/bin/../lib/gcc/arm-none-eabi/7.3.1/../../../../arm-none-eabi/lib/thumb/v6-m/libc_nano.a(lib_a-memset.o)
 .debug_frame   0x0000000000002b1c       0x50 /home/chris/opt/STM32CubeIDE/st/stm32cubeide_1.2.0/plugins/com.st.stm32cube.ide.mcu.externaltools.gnu-tools-for-stm32.7-2018-q2-update.linux64_1.0.0.201904181610/tools/bin/../lib/gcc/arm-none-eabi/7.3.1/../../../../arm-none-eabi/lib/thumb/v6-m/libc_nano.a(lib_a-snprintf.o)
 .debug_frame   0x0000000000002b6c       0x74 /home/chris/opt/STM32CubeIDE/st/stm32cubeide_1.2.0/plugins/com.st.stm32cube.ide.mcu.externaltools.gnu-tools-for-stm32.7-2018-q2-update.linux64_1.0.0.201904181610/tools/bin/../lib/gcc/arm-none-eabi/7.3.1/../../../../arm-none-eabi/lib/thumb/v6-m/libc_nano.a(lib_a-nano-svfprintf.o)
 .debug_frame   0x0000000000002be0       0x54 /home/chris/opt/STM32CubeIDE/st/stm32cubeide_1.2.0/plugins/com.st.stm32cube.ide.mcu.externaltools.gnu-tools-for-stm32.7-2018-q2-update.linux64_1.0.0.201904181610/tools/bin/../lib/gcc/arm-none-eabi/7.3.1/../../../../arm-none-eabi/lib/thumb/v6-m/libc_nano.a(lib_a-nano-vfprintf_i.o)
 .debug_frame   0x0000000000002c34       0x20 /home/chris/opt/STM32CubeIDE/st/stm32cubeide_1.2.0/plugins/com.st.stm32cube.ide.mcu.externaltools.gnu-tools-for-stm32.7-2018-q2-update.linux64_1.0.0.201904181610/tools/bin/../lib/gcc/arm-none-eabi/7.3.1/../../../../arm-none-eabi/lib/thumb/v6-m/libc_nano.a(lib_a-memchr-stub.o)
 .debug_frame   0x0000000000002c54       0x28 /home/chris/opt/STM32CubeIDE/st/stm32cubeide_1.2.0/plugins/com.st.stm32cube.ide.mcu.externaltools.gnu-tools-for-stm32.7-2018-q2-update.linux64_1.0.0.201904181610/tools/bin/../lib/gcc/arm-none-eabi/7.3.1/../../../../arm-none-eabi/lib/thumb/v6-m/libc_nano.a(lib_a-memcpy-stub.o)
 .debug_frame   0x0000000000002c7c       0x28 /home/chris/opt/STM32CubeIDE/st/stm32cubeide_1.2.0/plugins/com.st.stm32cube.ide.mcu.externaltools.gnu-tools-for-stm32.7-2018-q2-update.linux64_1.0.0.201904181610/tools/bin/../lib/gcc/arm-none-eabi/7.3.1/../../../../arm-none-eabi/lib/thumb/v6-m/libc_nano.a(lib_a-memmove.o)
 .debug_frame   0x0000000000002ca4       0x2c /home/chris/opt/STM32CubeIDE/st/stm32cubeide_1.2.0/plugins/com.st.stm32cube.ide.mcu.externaltools.gnu-tools-for-stm32.7-2018-q2-update.linux64_1.0.0.201904181610/tools/bin/../lib/gcc/arm-none-eabi/7.3.1/../../../../arm-none-eabi/lib/thumb/v6-m/libc_nano.a(lib_a-nano-freer.o)
 .debug_frame   0x0000000000002cd0       0x2c /home/chris/opt/STM32CubeIDE/st/stm32cubeide_1.2.0/plugins/com.st.stm32cube.ide.mcu.externaltools.gnu-tools-for-stm32.7-2018-q2-update.linux64_1.0.0.201904181610/tools/bin/../lib/gcc/arm-none-eabi/7.3.1/../../../../arm-none-eabi/lib/thumb/v6-m/libc_nano.a(lib_a-nano-mallocr.o)
 .debug_frame   0x0000000000002cfc       0x30 /home/chris/opt/STM32CubeIDE/st/stm32cubeide_1.2.0/plugins/com.st.stm32cube.ide.mcu.externaltools.gnu-tools-for-stm32.7-2018-q2-update.linux64_1.0.0.201904181610/tools/bin/../lib/gcc/arm-none-eabi/7.3.1/../../../../arm-none-eabi/lib/thumb/v6-m/libc_nano.a(lib_a-nano-reallocr.o)
 .debug_frame   0x0000000000002d2c       0x2c /home/chris/opt/STM32CubeIDE/st/stm32cubeide_1.2.0/plugins/com.st.stm32cube.ide.mcu.externaltools.gnu-tools-for-stm32.7-2018-q2-update.linux64_1.0.0.201904181610/tools/bin/../lib/gcc/arm-none-eabi/7.3.1/../../../../arm-none-eabi/lib/thumb/v6-m/libc_nano.a(lib_a-sbrkr.o)
 .debug_frame   0x0000000000002d58       0x30 /home/chris/opt/STM32CubeIDE/st/stm32cubeide_1.2.0/plugins/com.st.stm32cube.ide.mcu.externaltools.gnu-tools-for-stm32.7-2018-q2-update.linux64_1.0.0.201904181610/tools/bin/../lib/gcc/arm-none-eabi/7.3.1/../../../../arm-none-eabi/lib/thumb/v6-m/libc_nano.a(lib_a-mlock.o)
 .debug_frame   0x0000000000002d88       0x20 /home/chris/opt/STM32CubeIDE/st/stm32cubeide_1.2.0/plugins/com.st.stm32cube.ide.mcu.externaltools.gnu-tools-for-stm32.7-2018-q2-update.linux64_1.0.0.201904181610/tools/bin/../lib/gcc/arm-none-eabi/7.3.1/../../../../arm-none-eabi/lib/thumb/v6-m/libc_nano.a(lib_a-nano-msizer.o)
 .debug_frame   0x0000000000002da8       0x48 /home/chris/opt/STM32CubeIDE/st/stm32cubeide_1.2.0/plugins/com.st.stm32cube.ide.mcu.externaltools.gnu-tools-for-stm32.7-2018-q2-update.linux64_1.0.0.201904181610/tools/bin/../lib/gcc/arm-none-eabi/7.3.1/../../../../arm-none-eabi/lib/thumb/v6-m/libc_nano.a(lib_a-reent.o)
 .debug_frame   0x0000000000002df0       0x20 /home/chris/opt/STM32CubeIDE/st/stm32cubeide_1.2.0/plugins/com.st.stm32cube.ide.mcu.externaltools.gnu-tools-for-stm32.7-2018-q2-update.linux64_1.0.0.201904181610/tools/bin/../lib/gcc/arm-none-eabi/7.3.1/thumb/v6-m/libgcc.a(_udivsi3.o)
