16:47:54 **** Incremental Build of configuration Debug for project PSUControllerF072 ****
make -j4 all 
arm-none-eabi-gcc "/home/chris/Projects/Embedded/Optimized_TSC2046_TouchSceen/TSC2046_STM32_EventManager.c" -mcpu=cortex-m0 -std=gnu11 -g3 -DUSE_HAL_DRIVER -DSTM32F072xB -DDEBUG -c -I"/home/chris/Projects/Embedded/Optimized_STM32_ILI9341" -I../Drivers/STM32F0xx_HAL_Driver/Inc -I../Drivers/CMSIS/Include -I"/home/chris/Projects/Embedded/Optimized_TSC2046_TouchSceen" -I../Core/Inc -I../Drivers/STM32F0xx_HAL_Driver/Inc/Legacy -I../Drivers/CMSIS/Device/ST/STM32F0xx/Include -O0 -ffunction-sections -fdata-sections -Wall -fstack-usage -MMD -MP -MF"Optimized_TSC2046_TouchSceen/TSC2046_STM32_EventManager.d" -MT"Optimized_TSC2046_TouchSceen/TSC2046_STM32_EventManager.o" --specs=nano.specs -mfloat-abi=soft -mthumb -o "Optimized_TSC2046_TouchSceen/TSC2046_STM32_EventManager.o"
arm-none-eabi-gcc "/home/chris/Projects/Embedded/Optimized_TSC2046_TouchSceen/TSC2046_STM32_HardwareManager.c" -mcpu=cortex-m0 -std=gnu11 -g3 -DUSE_HAL_DRIVER -DSTM32F072xB -DDEBUG -c -I"/home/chris/Projects/Embedded/Optimized_STM32_ILI9341" -I../Drivers/STM32F0xx_HAL_Driver/Inc -I../Drivers/CMSIS/Include -I"/home/chris/Projects/Embedded/Optimized_TSC2046_TouchSceen" -I../Core/Inc -I../Drivers/STM32F0xx_HAL_Driver/Inc/Legacy -I../Drivers/CMSIS/Device/ST/STM32F0xx/Include -O0 -ffunction-sections -fdata-sections -Wall -fstack-usage -MMD -MP -MF"Optimized_TSC2046_TouchSceen/TSC2046_STM32_HardwareManager.d" -MT"Optimized_TSC2046_TouchSceen/TSC2046_STM32_HardwareManager.o" --specs=nano.specs -mfloat-abi=soft -mthumb -o "Optimized_TSC2046_TouchSceen/TSC2046_STM32_HardwareManager.o"
arm-none-eabi-gcc "/home/chris/Projects/Embedded/Optimized_TSC2046_TouchSceen/TSC2046_STM32_InterruptManager.c" -mcpu=cortex-m0 -std=gnu11 -g3 -DUSE_HAL_DRIVER -DSTM32F072xB -DDEBUG -c -I"/home/chris/Projects/Embedded/Optimized_STM32_ILI9341" -I../Drivers/STM32F0xx_HAL_Driver/Inc -I../Drivers/CMSIS/Include -I"/home/chris/Projects/Embedded/Optimized_TSC2046_TouchSceen" -I../Core/Inc -I../Drivers/STM32F0xx_HAL_Driver/Inc/Legacy -I../Drivers/CMSIS/Device/ST/STM32F0xx/Include -O0 -ffunction-sections -fdata-sections -Wall -fstack-usage -MMD -MP -MF"Optimized_TSC2046_TouchSceen/TSC2046_STM32_InterruptManager.d" -MT"Optimized_TSC2046_TouchSceen/TSC2046_STM32_InterruptManager.o" --specs=nano.specs -mfloat-abi=soft -mthumb -o "Optimized_TSC2046_TouchSceen/TSC2046_STM32_InterruptManager.o"
arm-none-eabi-gcc "/home/chris/Projects/Embedded/Optimized_STM32_ILI9341/ILI9341_GFX.c" -mcpu=cortex-m0 -std=gnu11 -g3 -DUSE_HAL_DRIVER -DSTM32F072xB -DDEBUG -c -I"/home/chris/Projects/Embedded/Optimized_STM32_ILI9341" -I../Drivers/STM32F0xx_HAL_Driver/Inc -I../Drivers/CMSIS/Include -I"/home/chris/Projects/Embedded/Optimized_TSC2046_TouchSceen" -I../Core/Inc -I../Drivers/STM32F0xx_HAL_Driver/Inc/Legacy -I../Drivers/CMSIS/Device/ST/STM32F0xx/Include -O0 -ffunction-sections -fdata-sections -Wall -fstack-usage -MMD -MP -MF"Optimized_STM32_ILI9341/ILI9341_GFX.d" -MT"Optimized_STM32_ILI9341/ILI9341_GFX.o" --specs=nano.specs -mfloat-abi=soft -mthumb -o "Optimized_STM32_ILI9341/ILI9341_GFX.o"
arm-none-eabi-gcc "/home/chris/Projects/Embedded/Optimized_STM32_ILI9341/ILI9341_STM32_Driver.c" -mcpu=cortex-m0 -std=gnu11 -g3 -DUSE_HAL_DRIVER -DSTM32F072xB -DDEBUG -c -I"/home/chris/Projects/Embedded/Optimized_STM32_ILI9341" -I../Drivers/STM32F0xx_HAL_Driver/Inc -I../Drivers/CMSIS/Include -I"/home/chris/Projects/Embedded/Optimized_TSC2046_TouchSceen" -I../Core/Inc -I../Drivers/STM32F0xx_HAL_Driver/Inc/Legacy -I../Drivers/CMSIS/Device/ST/STM32F0xx/Include -O0 -ffunction-sections -fdata-sections -Wall -fstack-usage -MMD -MP -MF"Optimized_STM32_ILI9341/ILI9341_STM32_Driver.d" -MT"Optimized_STM32_ILI9341/ILI9341_STM32_Driver.o" --specs=nano.specs -mfloat-abi=soft -mthumb -o "Optimized_STM32_ILI9341/ILI9341_STM32_Driver.o"
arm-none-eabi-gcc "../Drivers/STM32F0xx_HAL_Driver/Src/stm32f0xx_hal.c" -mcpu=cortex-m0 -std=gnu11 -g3 -DUSE_HAL_DRIVER -DSTM32F072xB -DDEBUG -c -I"/home/chris/Projects/Embedded/Optimized_STM32_ILI9341" -I../Drivers/STM32F0xx_HAL_Driver/Inc -I../Drivers/CMSIS/Include -I"/home/chris/Projects/Embedded/Optimized_TSC2046_TouchSceen" -I../Core/Inc -I../Drivers/STM32F0xx_HAL_Driver/Inc/Legacy -I../Drivers/CMSIS/Device/ST/STM32F0xx/Include -O0 -ffunction-sections -fdata-sections -Wall -fstack-usage -MMD -MP -MF"Drivers/STM32F0xx_HAL_Driver/Src/stm32f0xx_hal.d" -MT"Drivers/STM32F0xx_HAL_Driver/Src/stm32f0xx_hal.o" --specs=nano.specs -mfloat-abi=soft -mthumb -o "Drivers/STM32F0xx_HAL_Driver/Src/stm32f0xx_hal.o"
arm-none-eabi-gcc "../Drivers/STM32F0xx_HAL_Driver/Src/stm32f0xx_hal_adc.c" -mcpu=cortex-m0 -std=gnu11 -g3 -DUSE_HAL_DRIVER -DSTM32F072xB -DDEBUG -c -I"/home/chris/Projects/Embedded/Optimized_STM32_ILI9341" -I../Drivers/STM32F0xx_HAL_Driver/Inc -I../Drivers/CMSIS/Include -I"/home/chris/Projects/Embedded/Optimized_TSC2046_TouchSceen" -I../Core/Inc -I../Drivers/STM32F0xx_HAL_Driver/Inc/Legacy -I../Drivers/CMSIS/Device/ST/STM32F0xx/Include -O0 -ffunction-sections -fdata-sections -Wall -fstack-usage -MMD -MP -MF"Drivers/STM32F0xx_HAL_Driver/Src/stm32f0xx_hal_adc.d" -MT"Drivers/STM32F0xx_HAL_Driver/Src/stm32f0xx_hal_adc.o" --specs=nano.specs -mfloat-abi=soft -mthumb -o "Drivers/STM32F0xx_HAL_Driver/Src/stm32f0xx_hal_adc.o"
arm-none-eabi-gcc "../Drivers/STM32F0xx_HAL_Driver/Src/stm32f0xx_hal_adc_ex.c" -mcpu=cortex-m0 -std=gnu11 -g3 -DUSE_HAL_DRIVER -DSTM32F072xB -DDEBUG -c -I"/home/chris/Projects/Embedded/Optimized_STM32_ILI9341" -I../Drivers/STM32F0xx_HAL_Driver/Inc -I../Drivers/CMSIS/Include -I"/home/chris/Projects/Embedded/Optimized_TSC2046_TouchSceen" -I../Core/Inc -I../Drivers/STM32F0xx_HAL_Driver/Inc/Legacy -I../Drivers/CMSIS/Device/ST/STM32F0xx/Include -O0 -ffunction-sections -fdata-sections -Wall -fstack-usage -MMD -MP -MF"Drivers/STM32F0xx_HAL_Driver/Src/stm32f0xx_hal_adc_ex.d" -MT"Drivers/STM32F0xx_HAL_Driver/Src/stm32f0xx_hal_adc_ex.o" --specs=nano.specs -mfloat-abi=soft -mthumb -o "Drivers/STM32F0xx_HAL_Driver/Src/stm32f0xx_hal_adc_ex.o"
arm-none-eabi-gcc "../Drivers/STM32F0xx_HAL_Driver/Src/stm32f0xx_hal_cortex.c" -mcpu=cortex-m0 -std=gnu11 -g3 -DUSE_HAL_DRIVER -DSTM32F072xB -DDEBUG -c -I"/home/chris/Projects/Embedded/Optimized_STM32_ILI9341" -I../Drivers/STM32F0xx_HAL_Driver/Inc -I../Drivers/CMSIS/Include -I"/home/chris/Projects/Embedded/Optimized_TSC2046_TouchSceen" -I../Core/Inc -I../Drivers/STM32F0xx_HAL_Driver/Inc/Legacy -I../Drivers/CMSIS/Device/ST/STM32F0xx/Include -O0 -ffunction-sections -fdata-sections -Wall -fstack-usage -MMD -MP -MF"Drivers/STM32F0xx_HAL_Driver/Src/stm32f0xx_hal_cortex.d" -MT"Drivers/STM32F0xx_HAL_Driver/Src/stm32f0xx_hal_cortex.o" --specs=nano.specs -mfloat-abi=soft -mthumb -o "Drivers/STM32F0xx_HAL_Driver/Src/stm32f0xx_hal_cortex.o"
arm-none-eabi-gcc "../Drivers/STM32F0xx_HAL_Driver/Src/stm32f0xx_hal_dma.c" -mcpu=cortex-m0 -std=gnu11 -g3 -DUSE_HAL_DRIVER -DSTM32F072xB -DDEBUG -c -I"/home/chris/Projects/Embedded/Optimized_STM32_ILI9341" -I../Drivers/STM32F0xx_HAL_Driver/Inc -I../Drivers/CMSIS/Include -I"/home/chris/Projects/Embedded/Optimized_TSC2046_TouchSceen" -I../Core/Inc -I../Drivers/STM32F0xx_HAL_Driver/Inc/Legacy -I../Drivers/CMSIS/Device/ST/STM32F0xx/Include -O0 -ffunction-sections -fdata-sections -Wall -fstack-usage -MMD -MP -MF"Drivers/STM32F0xx_HAL_Driver/Src/stm32f0xx_hal_dma.d" -MT"Drivers/STM32F0xx_HAL_Driver/Src/stm32f0xx_hal_dma.o" --specs=nano.specs -mfloat-abi=soft -mthumb -o "Drivers/STM32F0xx_HAL_Driver/Src/stm32f0xx_hal_dma.o"
arm-none-eabi-gcc "../Drivers/STM32F0xx_HAL_Driver/Src/stm32f0xx_hal_exti.c" -mcpu=cortex-m0 -std=gnu11 -g3 -DUSE_HAL_DRIVER -DSTM32F072xB -DDEBUG -c -I"/home/chris/Projects/Embedded/Optimized_STM32_ILI9341" -I../Drivers/STM32F0xx_HAL_Driver/Inc -I../Drivers/CMSIS/Include -I"/home/chris/Projects/Embedded/Optimized_TSC2046_TouchSceen" -I../Core/Inc -I../Drivers/STM32F0xx_HAL_Driver/Inc/Legacy -I../Drivers/CMSIS/Device/ST/STM32F0xx/Include -O0 -ffunction-sections -fdata-sections -Wall -fstack-usage -MMD -MP -MF"Drivers/STM32F0xx_HAL_Driver/Src/stm32f0xx_hal_exti.d" -MT"Drivers/STM32F0xx_HAL_Driver/Src/stm32f0xx_hal_exti.o" --specs=nano.specs -mfloat-abi=soft -mthumb -o "Drivers/STM32F0xx_HAL_Driver/Src/stm32f0xx_hal_exti.o"
arm-none-eabi-gcc "../Drivers/STM32F0xx_HAL_Driver/Src/stm32f0xx_hal_flash.c" -mcpu=cortex-m0 -std=gnu11 -g3 -DUSE_HAL_DRIVER -DSTM32F072xB -DDEBUG -c -I"/home/chris/Projects/Embedded/Optimized_STM32_ILI9341" -I../Drivers/STM32F0xx_HAL_Driver/Inc -I../Drivers/CMSIS/Include -I"/home/chris/Projects/Embedded/Optimized_TSC2046_TouchSceen" -I../Core/Inc -I../Drivers/STM32F0xx_HAL_Driver/Inc/Legacy -I../Drivers/CMSIS/Device/ST/STM32F0xx/Include -O0 -ffunction-sections -fdata-sections -Wall -fstack-usage -MMD -MP -MF"Drivers/STM32F0xx_HAL_Driver/Src/stm32f0xx_hal_flash.d" -MT"Drivers/STM32F0xx_HAL_Driver/Src/stm32f0xx_hal_flash.o" --specs=nano.specs -mfloat-abi=soft -mthumb -o "Drivers/STM32F0xx_HAL_Driver/Src/stm32f0xx_hal_flash.o"
arm-none-eabi-gcc "../Drivers/STM32F0xx_HAL_Driver/Src/stm32f0xx_hal_flash_ex.c" -mcpu=cortex-m0 -std=gnu11 -g3 -DUSE_HAL_DRIVER -DSTM32F072xB -DDEBUG -c -I"/home/chris/Projects/Embedded/Optimized_STM32_ILI9341" -I../Drivers/STM32F0xx_HAL_Driver/Inc -I../Drivers/CMSIS/Include -I"/home/chris/Projects/Embedded/Optimized_TSC2046_TouchSceen" -I../Core/Inc -I../Drivers/STM32F0xx_HAL_Driver/Inc/Legacy -I../Drivers/CMSIS/Device/ST/STM32F0xx/Include -O0 -ffunction-sections -fdata-sections -Wall -fstack-usage -MMD -MP -MF"Drivers/STM32F0xx_HAL_Driver/Src/stm32f0xx_hal_flash_ex.d" -MT"Drivers/STM32F0xx_HAL_Driver/Src/stm32f0xx_hal_flash_ex.o" --specs=nano.specs -mfloat-abi=soft -mthumb -o "Drivers/STM32F0xx_HAL_Driver/Src/stm32f0xx_hal_flash_ex.o"
arm-none-eabi-gcc "../Drivers/STM32F0xx_HAL_Driver/Src/stm32f0xx_hal_gpio.c" -mcpu=cortex-m0 -std=gnu11 -g3 -DUSE_HAL_DRIVER -DSTM32F072xB -DDEBUG -c -I"/home/chris/Projects/Embedded/Optimized_STM32_ILI9341" -I../Drivers/STM32F0xx_HAL_Driver/Inc -I../Drivers/CMSIS/Include -I"/home/chris/Projects/Embedded/Optimized_TSC2046_TouchSceen" -I../Core/Inc -I../Drivers/STM32F0xx_HAL_Driver/Inc/Legacy -I../Drivers/CMSIS/Device/ST/STM32F0xx/Include -O0 -ffunction-sections -fdata-sections -Wall -fstack-usage -MMD -MP -MF"Drivers/STM32F0xx_HAL_Driver/Src/stm32f0xx_hal_gpio.d" -MT"Drivers/STM32F0xx_HAL_Driver/Src/stm32f0xx_hal_gpio.o" --specs=nano.specs -mfloat-abi=soft -mthumb -o "Drivers/STM32F0xx_HAL_Driver/Src/stm32f0xx_hal_gpio.o"
arm-none-eabi-gcc "../Drivers/STM32F0xx_HAL_Driver/Src/stm32f0xx_hal_i2c.c" -mcpu=cortex-m0 -std=gnu11 -g3 -DUSE_HAL_DRIVER -DSTM32F072xB -DDEBUG -c -I"/home/chris/Projects/Embedded/Optimized_STM32_ILI9341" -I../Drivers/STM32F0xx_HAL_Driver/Inc -I../Drivers/CMSIS/Include -I"/home/chris/Projects/Embedded/Optimized_TSC2046_TouchSceen" -I../Core/Inc -I../Drivers/STM32F0xx_HAL_Driver/Inc/Legacy -I../Drivers/CMSIS/Device/ST/STM32F0xx/Include -O0 -ffunction-sections -fdata-sections -Wall -fstack-usage -MMD -MP -MF"Drivers/STM32F0xx_HAL_Driver/Src/stm32f0xx_hal_i2c.d" -MT"Drivers/STM32F0xx_HAL_Driver/Src/stm32f0xx_hal_i2c.o" --specs=nano.specs -mfloat-abi=soft -mthumb -o "Drivers/STM32F0xx_HAL_Driver/Src/stm32f0xx_hal_i2c.o"
arm-none-eabi-gcc "../Drivers/STM32F0xx_HAL_Driver/Src/stm32f0xx_hal_i2c_ex.c" -mcpu=cortex-m0 -std=gnu11 -g3 -DUSE_HAL_DRIVER -DSTM32F072xB -DDEBUG -c -I"/home/chris/Projects/Embedded/Optimized_STM32_ILI9341" -I../Drivers/STM32F0xx_HAL_Driver/Inc -I../Drivers/CMSIS/Include -I"/home/chris/Projects/Embedded/Optimized_TSC2046_TouchSceen" -I../Core/Inc -I../Drivers/STM32F0xx_HAL_Driver/Inc/Legacy -I../Drivers/CMSIS/Device/ST/STM32F0xx/Include -O0 -ffunction-sections -fdata-sections -Wall -fstack-usage -MMD -MP -MF"Drivers/STM32F0xx_HAL_Driver/Src/stm32f0xx_hal_i2c_ex.d" -MT"Drivers/STM32F0xx_HAL_Driver/Src/stm32f0xx_hal_i2c_ex.o" --specs=nano.specs -mfloat-abi=soft -mthumb -o "Drivers/STM32F0xx_HAL_Driver/Src/stm32f0xx_hal_i2c_ex.o"
arm-none-eabi-gcc "../Drivers/STM32F0xx_HAL_Driver/Src/stm32f0xx_hal_pwr.c" -mcpu=cortex-m0 -std=gnu11 -g3 -DUSE_HAL_DRIVER -DSTM32F072xB -DDEBUG -c -I"/home/chris/Projects/Embedded/Optimized_STM32_ILI9341" -I../Drivers/STM32F0xx_HAL_Driver/Inc -I../Drivers/CMSIS/Include -I"/home/chris/Projects/Embedded/Optimized_TSC2046_TouchSceen" -I../Core/Inc -I../Drivers/STM32F0xx_HAL_Driver/Inc/Legacy -I../Drivers/CMSIS/Device/ST/STM32F0xx/Include -O0 -ffunction-sections -fdata-sections -Wall -fstack-usage -MMD -MP -MF"Drivers/STM32F0xx_HAL_Driver/Src/stm32f0xx_hal_pwr.d" -MT"Drivers/STM32F0xx_HAL_Driver/Src/stm32f0xx_hal_pwr.o" --specs=nano.specs -mfloat-abi=soft -mthumb -o "Drivers/STM32F0xx_HAL_Driver/Src/stm32f0xx_hal_pwr.o"
arm-none-eabi-gcc "../Drivers/STM32F0xx_HAL_Driver/Src/stm32f0xx_hal_pwr_ex.c" -mcpu=cortex-m0 -std=gnu11 -g3 -DUSE_HAL_DRIVER -DSTM32F072xB -DDEBUG -c -I"/home/chris/Projects/Embedded/Optimized_STM32_ILI9341" -I../Drivers/STM32F0xx_HAL_Driver/Inc -I../Drivers/CMSIS/Include -I"/home/chris/Projects/Embedded/Optimized_TSC2046_TouchSceen" -I../Core/Inc -I../Drivers/STM32F0xx_HAL_Driver/Inc/Legacy -I../Drivers/CMSIS/Device/ST/STM32F0xx/Include -O0 -ffunction-sections -fdata-sections -Wall -fstack-usage -MMD -MP -MF"Drivers/STM32F0xx_HAL_Driver/Src/stm32f0xx_hal_pwr_ex.d" -MT"Drivers/STM32F0xx_HAL_Driver/Src/stm32f0xx_hal_pwr_ex.o" --specs=nano.specs -mfloat-abi=soft -mthumb -o "Drivers/STM32F0xx_HAL_Driver/Src/stm32f0xx_hal_pwr_ex.o"
arm-none-eabi-gcc "../Drivers/STM32F0xx_HAL_Driver/Src/stm32f0xx_hal_rcc.c" -mcpu=cortex-m0 -std=gnu11 -g3 -DUSE_HAL_DRIVER -DSTM32F072xB -DDEBUG -c -I"/home/chris/Projects/Embedded/Optimized_STM32_ILI9341" -I../Drivers/STM32F0xx_HAL_Driver/Inc -I../Drivers/CMSIS/Include -I"/home/chris/Projects/Embedded/Optimized_TSC2046_TouchSceen" -I../Core/Inc -I../Drivers/STM32F0xx_HAL_Driver/Inc/Legacy -I../Drivers/CMSIS/Device/ST/STM32F0xx/Include -O0 -ffunction-sections -fdata-sections -Wall -fstack-usage -MMD -MP -MF"Drivers/STM32F0xx_HAL_Driver/Src/stm32f0xx_hal_rcc.d" -MT"Drivers/STM32F0xx_HAL_Driver/Src/stm32f0xx_hal_rcc.o" --specs=nano.specs -mfloat-abi=soft -mthumb -o "Drivers/STM32F0xx_HAL_Driver/Src/stm32f0xx_hal_rcc.o"
arm-none-eabi-gcc "../Drivers/STM32F0xx_HAL_Driver/Src/stm32f0xx_hal_rcc_ex.c" -mcpu=cortex-m0 -std=gnu11 -g3 -DUSE_HAL_DRIVER -DSTM32F072xB -DDEBUG -c -I"/home/chris/Projects/Embedded/Optimized_STM32_ILI9341" -I../Drivers/STM32F0xx_HAL_Driver/Inc -I../Drivers/CMSIS/Include -I"/home/chris/Projects/Embedded/Optimized_TSC2046_TouchSceen" -I../Core/Inc -I../Drivers/STM32F0xx_HAL_Driver/Inc/Legacy -I../Drivers/CMSIS/Device/ST/STM32F0xx/Include -O0 -ffunction-sections -fdata-sections -Wall -fstack-usage -MMD -MP -MF"Drivers/STM32F0xx_HAL_Driver/Src/stm32f0xx_hal_rcc_ex.d" -MT"Drivers/STM32F0xx_HAL_Driver/Src/stm32f0xx_hal_rcc_ex.o" --specs=nano.specs -mfloat-abi=soft -mthumb -o "Drivers/STM32F0xx_HAL_Driver/Src/stm32f0xx_hal_rcc_ex.o"
arm-none-eabi-gcc "../Drivers/STM32F0xx_HAL_Driver/Src/stm32f0xx_hal_spi.c" -mcpu=cortex-m0 -std=gnu11 -g3 -DUSE_HAL_DRIVER -DSTM32F072xB -DDEBUG -c -I"/home/chris/Projects/Embedded/Optimized_STM32_ILI9341" -I../Drivers/STM32F0xx_HAL_Driver/Inc -I../Drivers/CMSIS/Include -I"/home/chris/Projects/Embedded/Optimized_TSC2046_TouchSceen" -I../Core/Inc -I../Drivers/STM32F0xx_HAL_Driver/Inc/Legacy -I../Drivers/CMSIS/Device/ST/STM32F0xx/Include -O0 -ffunction-sections -fdata-sections -Wall -fstack-usage -MMD -MP -MF"Drivers/STM32F0xx_HAL_Driver/Src/stm32f0xx_hal_spi.d" -MT"Drivers/STM32F0xx_HAL_Driver/Src/stm32f0xx_hal_spi.o" --specs=nano.specs -mfloat-abi=soft -mthumb -o "Drivers/STM32F0xx_HAL_Driver/Src/stm32f0xx_hal_spi.o"
arm-none-eabi-gcc "../Drivers/STM32F0xx_HAL_Driver/Src/stm32f0xx_hal_spi_ex.c" -mcpu=cortex-m0 -std=gnu11 -g3 -DUSE_HAL_DRIVER -DSTM32F072xB -DDEBUG -c -I"/home/chris/Projects/Embedded/Optimized_STM32_ILI9341" -I../Drivers/STM32F0xx_HAL_Driver/Inc -I../Drivers/CMSIS/Include -I"/home/chris/Projects/Embedded/Optimized_TSC2046_TouchSceen" -I../Core/Inc -I../Drivers/STM32F0xx_HAL_Driver/Inc/Legacy -I../Drivers/CMSIS/Device/ST/STM32F0xx/Include -O0 -ffunction-sections -fdata-sections -Wall -fstack-usage -MMD -MP -MF"Drivers/STM32F0xx_HAL_Driver/Src/stm32f0xx_hal_spi_ex.d" -MT"Drivers/STM32F0xx_HAL_Driver/Src/stm32f0xx_hal_spi_ex.o" --specs=nano.specs -mfloat-abi=soft -mthumb -o "Drivers/STM32F0xx_HAL_Driver/Src/stm32f0xx_hal_spi_ex.o"
arm-none-eabi-gcc "../Drivers/STM32F0xx_HAL_Driver/Src/stm32f0xx_hal_tim.c" -mcpu=cortex-m0 -std=gnu11 -g3 -DUSE_HAL_DRIVER -DSTM32F072xB -DDEBUG -c -I"/home/chris/Projects/Embedded/Optimized_STM32_ILI9341" -I../Drivers/STM32F0xx_HAL_Driver/Inc -I../Drivers/CMSIS/Include -I"/home/chris/Projects/Embedded/Optimized_TSC2046_TouchSceen" -I../Core/Inc -I../Drivers/STM32F0xx_HAL_Driver/Inc/Legacy -I../Drivers/CMSIS/Device/ST/STM32F0xx/Include -O0 -ffunction-sections -fdata-sections -Wall -fstack-usage -MMD -MP -MF"Drivers/STM32F0xx_HAL_Driver/Src/stm32f0xx_hal_tim.d" -MT"Drivers/STM32F0xx_HAL_Driver/Src/stm32f0xx_hal_tim.o" --specs=nano.specs -mfloat-abi=soft -mthumb -o "Drivers/STM32F0xx_HAL_Driver/Src/stm32f0xx_hal_tim.o"
arm-none-eabi-gcc "../Drivers/STM32F0xx_HAL_Driver/Src/stm32f0xx_hal_tim_ex.c" -mcpu=cortex-m0 -std=gnu11 -g3 -DUSE_HAL_DRIVER -DSTM32F072xB -DDEBUG -c -I"/home/chris/Projects/Embedded/Optimized_STM32_ILI9341" -I../Drivers/STM32F0xx_HAL_Driver/Inc -I../Drivers/CMSIS/Include -I"/home/chris/Projects/Embedded/Optimized_TSC2046_TouchSceen" -I../Core/Inc -I../Drivers/STM32F0xx_HAL_Driver/Inc/Legacy -I../Drivers/CMSIS/Device/ST/STM32F0xx/Include -O0 -ffunction-sections -fdata-sections -Wall -fstack-usage -MMD -MP -MF"Drivers/STM32F0xx_HAL_Driver/Src/stm32f0xx_hal_tim_ex.d" -MT"Drivers/STM32F0xx_HAL_Driver/Src/stm32f0xx_hal_tim_ex.o" --specs=nano.specs -mfloat-abi=soft -mthumb -o "Drivers/STM32F0xx_HAL_Driver/Src/stm32f0xx_hal_tim_ex.o"
arm-none-eabi-gcc "../Core/Src/adc.c" -mcpu=cortex-m0 -std=gnu11 -g3 -DUSE_HAL_DRIVER -DSTM32F072xB -DDEBUG -c -I"/home/chris/Projects/Embedded/Optimized_STM32_ILI9341" -I../Drivers/STM32F0xx_HAL_Driver/Inc -I../Drivers/CMSIS/Include -I"/home/chris/Projects/Embedded/Optimized_TSC2046_TouchSceen" -I../Core/Inc -I../Drivers/STM32F0xx_HAL_Driver/Inc/Legacy -I../Drivers/CMSIS/Device/ST/STM32F0xx/Include -O0 -ffunction-sections -fdata-sections -Wall -fstack-usage -MMD -MP -MF"Core/Src/adc.d" -MT"Core/Src/adc.o" --specs=nano.specs -mfloat-abi=soft -mthumb -o "Core/Src/adc.o"
arm-none-eabi-gcc "../Core/Src/dma.c" -mcpu=cortex-m0 -std=gnu11 -g3 -DUSE_HAL_DRIVER -DSTM32F072xB -DDEBUG -c -I"/home/chris/Projects/Embedded/Optimized_STM32_ILI9341" -I../Drivers/STM32F0xx_HAL_Driver/Inc -I../Drivers/CMSIS/Include -I"/home/chris/Projects/Embedded/Optimized_TSC2046_TouchSceen" -I../Core/Inc -I../Drivers/STM32F0xx_HAL_Driver/Inc/Legacy -I../Drivers/CMSIS/Device/ST/STM32F0xx/Include -O0 -ffunction-sections -fdata-sections -Wall -fstack-usage -MMD -MP -MF"Core/Src/dma.d" -MT"Core/Src/dma.o" --specs=nano.specs -mfloat-abi=soft -mthumb -o "Core/Src/dma.o"
arm-none-eabi-gcc "../Core/Src/gpio.c" -mcpu=cortex-m0 -std=gnu11 -g3 -DUSE_HAL_DRIVER -DSTM32F072xB -DDEBUG -c -I"/home/chris/Projects/Embedded/Optimized_STM32_ILI9341" -I../Drivers/STM32F0xx_HAL_Driver/Inc -I../Drivers/CMSIS/Include -I"/home/chris/Projects/Embedded/Optimized_TSC2046_TouchSceen" -I../Core/Inc -I../Drivers/STM32F0xx_HAL_Driver/Inc/Legacy -I../Drivers/CMSIS/Device/ST/STM32F0xx/Include -O0 -ffunction-sections -fdata-sections -Wall -fstack-usage -MMD -MP -MF"Core/Src/gpio.d" -MT"Core/Src/gpio.o" --specs=nano.specs -mfloat-abi=soft -mthumb -o "Core/Src/gpio.o"
arm-none-eabi-gcc "../Core/Src/main.c" -mcpu=cortex-m0 -std=gnu11 -g3 -DUSE_HAL_DRIVER -DSTM32F072xB -DDEBUG -c -I"/home/chris/Projects/Embedded/Optimized_STM32_ILI9341" -I../Drivers/STM32F0xx_HAL_Driver/Inc -I../Drivers/CMSIS/Include -I"/home/chris/Projects/Embedded/Optimized_TSC2046_TouchSceen" -I../Core/Inc -I../Drivers/STM32F0xx_HAL_Driver/Inc/Legacy -I../Drivers/CMSIS/Device/ST/STM32F0xx/Include -O0 -ffunction-sections -fdata-sections -Wall -fstack-usage -MMD -MP -MF"Core/Src/main.d" -MT"Core/Src/main.o" --specs=nano.specs -mfloat-abi=soft -mthumb -o "Core/Src/main.o"
arm-none-eabi-gcc "../Core/Src/spi.c" -mcpu=cortex-m0 -std=gnu11 -g3 -DUSE_HAL_DRIVER -DSTM32F072xB -DDEBUG -c -I"/home/chris/Projects/Embedded/Optimized_STM32_ILI9341" -I../Drivers/STM32F0xx_HAL_Driver/Inc -I../Drivers/CMSIS/Include -I"/home/chris/Projects/Embedded/Optimized_TSC2046_TouchSceen" -I../Core/Inc -I../Drivers/STM32F0xx_HAL_Driver/Inc/Legacy -I../Drivers/CMSIS/Device/ST/STM32F0xx/Include -O0 -ffunction-sections -fdata-sections -Wall -fstack-usage -MMD -MP -MF"Core/Src/spi.d" -MT"Core/Src/spi.o" --specs=nano.specs -mfloat-abi=soft -mthumb -o "Core/Src/spi.o"
arm-none-eabi-gcc "../Core/Src/stm32f0xx_hal_msp.c" -mcpu=cortex-m0 -std=gnu11 -g3 -DUSE_HAL_DRIVER -DSTM32F072xB -DDEBUG -c -I"/home/chris/Projects/Embedded/Optimized_STM32_ILI9341" -I../Drivers/STM32F0xx_HAL_Driver/Inc -I../Drivers/CMSIS/Include -I"/home/chris/Projects/Embedded/Optimized_TSC2046_TouchSceen" -I../Core/Inc -I../Drivers/STM32F0xx_HAL_Driver/Inc/Legacy -I../Drivers/CMSIS/Device/ST/STM32F0xx/Include -O0 -ffunction-sections -fdata-sections -Wall -fstack-usage -MMD -MP -MF"Core/Src/stm32f0xx_hal_msp.d" -MT"Core/Src/stm32f0xx_hal_msp.o" --specs=nano.specs -mfloat-abi=soft -mthumb -o "Core/Src/stm32f0xx_hal_msp.o"
arm-none-eabi-gcc "../Core/Src/stm32f0xx_it.c" -mcpu=cortex-m0 -std=gnu11 -g3 -DUSE_HAL_DRIVER -DSTM32F072xB -DDEBUG -c -I"/home/chris/Projects/Embedded/Optimized_STM32_ILI9341" -I../Drivers/STM32F0xx_HAL_Driver/Inc -I../Drivers/CMSIS/Include -I"/home/chris/Projects/Embedded/Optimized_TSC2046_TouchSceen" -I../Core/Inc -I../Drivers/STM32F0xx_HAL_Driver/Inc/Legacy -I../Drivers/CMSIS/Device/ST/STM32F0xx/Include -O0 -ffunction-sections -fdata-sections -Wall -fstack-usage -MMD -MP -MF"Core/Src/stm32f0xx_it.d" -MT"Core/Src/stm32f0xx_it.o" --specs=nano.specs -mfloat-abi=soft -mthumb -o "Core/Src/stm32f0xx_it.o"
arm-none-eabi-gcc "../Core/Src/system_stm32f0xx.c" -mcpu=cortex-m0 -std=gnu11 -g3 -DUSE_HAL_DRIVER -DSTM32F072xB -DDEBUG -c -I"/home/chris/Projects/Embedded/Optimized_STM32_ILI9341" -I../Drivers/STM32F0xx_HAL_Driver/Inc -I../Drivers/CMSIS/Include -I"/home/chris/Projects/Embedded/Optimized_TSC2046_TouchSceen" -I../Core/Inc -I../Drivers/STM32F0xx_HAL_Driver/Inc/Legacy -I../Drivers/CMSIS/Device/ST/STM32F0xx/Include -O0 -ffunction-sections -fdata-sections -Wall -fstack-usage -MMD -MP -MF"Core/Src/system_stm32f0xx.d" -MT"Core/Src/system_stm32f0xx.o" --specs=nano.specs -mfloat-abi=soft -mthumb -o "Core/Src/system_stm32f0xx.o"
arm-none-eabi-gcc "../Core/Src/tim.c" -mcpu=cortex-m0 -std=gnu11 -g3 -DUSE_HAL_DRIVER -DSTM32F072xB -DDEBUG -c -I"/home/chris/Projects/Embedded/Optimized_STM32_ILI9341" -I../Drivers/STM32F0xx_HAL_Driver/Inc -I../Drivers/CMSIS/Include -I"/home/chris/Projects/Embedded/Optimized_TSC2046_TouchSceen" -I../Core/Inc -I../Drivers/STM32F0xx_HAL_Driver/Inc/Legacy -I../Drivers/CMSIS/Device/ST/STM32F0xx/Include -O0 -ffunction-sections -fdata-sections -Wall -fstack-usage -MMD -MP -MF"Core/Src/tim.d" -MT"Core/Src/tim.o" --specs=nano.specs -mfloat-abi=soft -mthumb -o "Core/Src/tim.o"
arm-none-eabi-gcc -o "PSUControllerF072.elf" @"objects.list"   -mcpu=cortex-m0 -T"/home/chris/Projects/Embedded/CommonSlotPSU_TouchScreenController_SW/PSUControllerV2/PSUControllerF072/STM32F072RBTX_FLASH.ld" --specs=nosys.specs -Wl,-Map="PSUControllerF072.map" -Wl,--gc-sections -static --specs=nano.specs -mfloat-abi=soft -mthumb -Wl,--start-group -lc -lm -Wl,--end-group
Finished building target: PSUControllerF072.elf
 
arm-none-eabi-objdump -h -S  PSUControllerF072.elf  > "PSUControllerF072.list"
arm-none-eabi-objcopy  -O binary  PSUControllerF072.elf  "PSUControllerF072.bin"
arm-none-eabi-size   PSUControllerF072.elf 
   text	   data	    bss	    dec	    hex	filename
  19840	    124	   1996	  21960	   55c8	PSUControllerF072.elf
Finished building: default.size.stdout
 
Finished building: PSUControllerF072.bin
 
Finished building: PSUControllerF072.list
 
16:47:59 **** Incremental Build of configuration Debug for project PSUControllerF072 ****
make -j4 all 
arm-none-eabi-size   PSUControllerF072.elf 
   text	   data	    bss	    dec	    hex	filename
  19840	    124	   1996	  21960	   55c8	PSUControllerF072.elf
Finished building: default.size.stdout
 
16:49:27 **** Incremental Build of configuration Debug for project PSUControllerF072 ****
make -j4 all 
arm-none-eabi-gcc "/home/chris/Projects/Embedded/Optimized_TSC2046_TouchSceen/TSC2046_STM32_EventManager.c" -mcpu=cortex-m0 -std=gnu11 -g3 -DUSE_HAL_DRIVER -DSTM32F072xB -DDEBUG -c -I"/home/chris/Projects/Embedded/Optimized_STM32_ILI9341" -I../Drivers/STM32F0xx_HAL_Driver/Inc -I../Drivers/CMSIS/Include -I"/home/chris/Projects/Embedded/Optimized_TSC2046_TouchSceen" -I../Core/Inc -I../Drivers/STM32F0xx_HAL_Driver/Inc/Legacy -I../Drivers/CMSIS/Device/ST/STM32F0xx/Include -O0 -ffunction-sections -fdata-sections -Wall -fstack-usage -MMD -MP -MF"Optimized_TSC2046_TouchSceen/TSC2046_STM32_EventManager.d" -MT"Optimized_TSC2046_TouchSceen/TSC2046_STM32_EventManager.o" --specs=nano.specs -mfloat-abi=soft -mthumb -o "Optimized_TSC2046_TouchSceen/TSC2046_STM32_EventManager.o"
arm-none-eabi-gcc "/home/chris/Projects/Embedded/Optimized_TSC2046_TouchSceen/TSC2046_STM32_HardwareManager.c" -mcpu=cortex-m0 -std=gnu11 -g3 -DUSE_HAL_DRIVER -DSTM32F072xB -DDEBUG -c -I"/home/chris/Projects/Embedded/Optimized_STM32_ILI9341" -I../Drivers/STM32F0xx_HAL_Driver/Inc -I../Drivers/CMSIS/Include -I"/home/chris/Projects/Embedded/Optimized_TSC2046_TouchSceen" -I../Core/Inc -I../Drivers/STM32F0xx_HAL_Driver/Inc/Legacy -I../Drivers/CMSIS/Device/ST/STM32F0xx/Include -O0 -ffunction-sections -fdata-sections -Wall -fstack-usage -MMD -MP -MF"Optimized_TSC2046_TouchSceen/TSC2046_STM32_HardwareManager.d" -MT"Optimized_TSC2046_TouchSceen/TSC2046_STM32_HardwareManager.o" --specs=nano.specs -mfloat-abi=soft -mthumb -o "Optimized_TSC2046_TouchSceen/TSC2046_STM32_HardwareManager.o"
arm-none-eabi-gcc "/home/chris/Projects/Embedded/Optimized_TSC2046_TouchSceen/TSC2046_STM32_InterruptManager.c" -mcpu=cortex-m0 -std=gnu11 -g3 -DUSE_HAL_DRIVER -DSTM32F072xB -DDEBUG -c -I"/home/chris/Projects/Embedded/Optimized_STM32_ILI9341" -I../Drivers/STM32F0xx_HAL_Driver/Inc -I../Drivers/CMSIS/Include -I"/home/chris/Projects/Embedded/Optimized_TSC2046_TouchSceen" -I../Core/Inc -I../Drivers/STM32F0xx_HAL_Driver/Inc/Legacy -I../Drivers/CMSIS/Device/ST/STM32F0xx/Include -O0 -ffunction-sections -fdata-sections -Wall -fstack-usage -MMD -MP -MF"Optimized_TSC2046_TouchSceen/TSC2046_STM32_InterruptManager.d" -MT"Optimized_TSC2046_TouchSceen/TSC2046_STM32_InterruptManager.o" --specs=nano.specs -mfloat-abi=soft -mthumb -o "Optimized_TSC2046_TouchSceen/TSC2046_STM32_InterruptManager.o"
arm-none-eabi-gcc "/home/chris/Projects/Embedded/Optimized_STM32_ILI9341/ILI9341_GFX.c" -mcpu=cortex-m0 -std=gnu11 -g3 -DUSE_HAL_DRIVER -DSTM32F072xB -DDEBUG -c -I"/home/chris/Projects/Embedded/Optimized_STM32_ILI9341" -I../Drivers/STM32F0xx_HAL_Driver/Inc -I../Drivers/CMSIS/Include -I"/home/chris/Projects/Embedded/Optimized_TSC2046_TouchSceen" -I../Core/Inc -I../Drivers/STM32F0xx_HAL_Driver/Inc/Legacy -I../Drivers/CMSIS/Device/ST/STM32F0xx/Include -O0 -ffunction-sections -fdata-sections -Wall -fstack-usage -MMD -MP -MF"Optimized_STM32_ILI9341/ILI9341_GFX.d" -MT"Optimized_STM32_ILI9341/ILI9341_GFX.o" --specs=nano.specs -mfloat-abi=soft -mthumb -o "Optimized_STM32_ILI9341/ILI9341_GFX.o"
arm-none-eabi-gcc "/home/chris/Projects/Embedded/Optimized_STM32_ILI9341/ILI9341_STM32_Driver.c" -mcpu=cortex-m0 -std=gnu11 -g3 -DUSE_HAL_DRIVER -DSTM32F072xB -DDEBUG -c -I"/home/chris/Projects/Embedded/Optimized_STM32_ILI9341" -I../Drivers/STM32F0xx_HAL_Driver/Inc -I../Drivers/CMSIS/Include -I"/home/chris/Projects/Embedded/Optimized_TSC2046_TouchSceen" -I../Core/Inc -I../Drivers/STM32F0xx_HAL_Driver/Inc/Legacy -I../Drivers/CMSIS/Device/ST/STM32F0xx/Include -O0 -ffunction-sections -fdata-sections -Wall -fstack-usage -MMD -MP -MF"Optimized_STM32_ILI9341/ILI9341_STM32_Driver.d" -MT"Optimized_STM32_ILI9341/ILI9341_STM32_Driver.o" --specs=nano.specs -mfloat-abi=soft -mthumb -o "Optimized_STM32_ILI9341/ILI9341_STM32_Driver.o"
arm-none-eabi-gcc "../Drivers/STM32F0xx_HAL_Driver/Src/stm32f0xx_hal.c" -mcpu=cortex-m0 -std=gnu11 -g3 -DUSE_HAL_DRIVER -DSTM32F072xB -DDEBUG -c -I"/home/chris/Projects/Embedded/Optimized_STM32_ILI9341" -I../Drivers/STM32F0xx_HAL_Driver/Inc -I../Drivers/CMSIS/Include -I"/home/chris/Projects/Embedded/Optimized_TSC2046_TouchSceen" -I../Core/Inc -I../Drivers/STM32F0xx_HAL_Driver/Inc/Legacy -I../Drivers/CMSIS/Device/ST/STM32F0xx/Include -O0 -ffunction-sections -fdata-sections -Wall -fstack-usage -MMD -MP -MF"Drivers/STM32F0xx_HAL_Driver/Src/stm32f0xx_hal.d" -MT"Drivers/STM32F0xx_HAL_Driver/Src/stm32f0xx_hal.o" --specs=nano.specs -mfloat-abi=soft -mthumb -o "Drivers/STM32F0xx_HAL_Driver/Src/stm32f0xx_hal.o"
arm-none-eabi-gcc "../Drivers/STM32F0xx_HAL_Driver/Src/stm32f0xx_hal_adc.c" -mcpu=cortex-m0 -std=gnu11 -g3 -DUSE_HAL_DRIVER -DSTM32F072xB -DDEBUG -c -I"/home/chris/Projects/Embedded/Optimized_STM32_ILI9341" -I../Drivers/STM32F0xx_HAL_Driver/Inc -I../Drivers/CMSIS/Include -I"/home/chris/Projects/Embedded/Optimized_TSC2046_TouchSceen" -I../Core/Inc -I../Drivers/STM32F0xx_HAL_Driver/Inc/Legacy -I../Drivers/CMSIS/Device/ST/STM32F0xx/Include -O0 -ffunction-sections -fdata-sections -Wall -fstack-usage -MMD -MP -MF"Drivers/STM32F0xx_HAL_Driver/Src/stm32f0xx_hal_adc.d" -MT"Drivers/STM32F0xx_HAL_Driver/Src/stm32f0xx_hal_adc.o" --specs=nano.specs -mfloat-abi=soft -mthumb -o "Drivers/STM32F0xx_HAL_Driver/Src/stm32f0xx_hal_adc.o"
arm-none-eabi-gcc "../Drivers/STM32F0xx_HAL_Driver/Src/stm32f0xx_hal_adc_ex.c" -mcpu=cortex-m0 -std=gnu11 -g3 -DUSE_HAL_DRIVER -DSTM32F072xB -DDEBUG -c -I"/home/chris/Projects/Embedded/Optimized_STM32_ILI9341" -I../Drivers/STM32F0xx_HAL_Driver/Inc -I../Drivers/CMSIS/Include -I"/home/chris/Projects/Embedded/Optimized_TSC2046_TouchSceen" -I../Core/Inc -I../Drivers/STM32F0xx_HAL_Driver/Inc/Legacy -I../Drivers/CMSIS/Device/ST/STM32F0xx/Include -O0 -ffunction-sections -fdata-sections -Wall -fstack-usage -MMD -MP -MF"Drivers/STM32F0xx_HAL_Driver/Src/stm32f0xx_hal_adc_ex.d" -MT"Drivers/STM32F0xx_HAL_Driver/Src/stm32f0xx_hal_adc_ex.o" --specs=nano.specs -mfloat-abi=soft -mthumb -o "Drivers/STM32F0xx_HAL_Driver/Src/stm32f0xx_hal_adc_ex.o"
arm-none-eabi-gcc "../Drivers/STM32F0xx_HAL_Driver/Src/stm32f0xx_hal_cortex.c" -mcpu=cortex-m0 -std=gnu11 -g3 -DUSE_HAL_DRIVER -DSTM32F072xB -DDEBUG -c -I"/home/chris/Projects/Embedded/Optimized_STM32_ILI9341" -I../Drivers/STM32F0xx_HAL_Driver/Inc -I../Drivers/CMSIS/Include -I"/home/chris/Projects/Embedded/Optimized_TSC2046_TouchSceen" -I../Core/Inc -I../Drivers/STM32F0xx_HAL_Driver/Inc/Legacy -I../Drivers/CMSIS/Device/ST/STM32F0xx/Include -O0 -ffunction-sections -fdata-sections -Wall -fstack-usage -MMD -MP -MF"Drivers/STM32F0xx_HAL_Driver/Src/stm32f0xx_hal_cortex.d" -MT"Drivers/STM32F0xx_HAL_Driver/Src/stm32f0xx_hal_cortex.o" --specs=nano.specs -mfloat-abi=soft -mthumb -o "Drivers/STM32F0xx_HAL_Driver/Src/stm32f0xx_hal_cortex.o"
arm-none-eabi-gcc "../Drivers/STM32F0xx_HAL_Driver/Src/stm32f0xx_hal_dma.c" -mcpu=cortex-m0 -std=gnu11 -g3 -DUSE_HAL_DRIVER -DSTM32F072xB -DDEBUG -c -I"/home/chris/Projects/Embedded/Optimized_STM32_ILI9341" -I../Drivers/STM32F0xx_HAL_Driver/Inc -I../Drivers/CMSIS/Include -I"/home/chris/Projects/Embedded/Optimized_TSC2046_TouchSceen" -I../Core/Inc -I../Drivers/STM32F0xx_HAL_Driver/Inc/Legacy -I../Drivers/CMSIS/Device/ST/STM32F0xx/Include -O0 -ffunction-sections -fdata-sections -Wall -fstack-usage -MMD -MP -MF"Drivers/STM32F0xx_HAL_Driver/Src/stm32f0xx_hal_dma.d" -MT"Drivers/STM32F0xx_HAL_Driver/Src/stm32f0xx_hal_dma.o" --specs=nano.specs -mfloat-abi=soft -mthumb -o "Drivers/STM32F0xx_HAL_Driver/Src/stm32f0xx_hal_dma.o"
arm-none-eabi-gcc "../Drivers/STM32F0xx_HAL_Driver/Src/stm32f0xx_hal_exti.c" -mcpu=cortex-m0 -std=gnu11 -g3 -DUSE_HAL_DRIVER -DSTM32F072xB -DDEBUG -c -I"/home/chris/Projects/Embedded/Optimized_STM32_ILI9341" -I../Drivers/STM32F0xx_HAL_Driver/Inc -I../Drivers/CMSIS/Include -I"/home/chris/Projects/Embedded/Optimized_TSC2046_TouchSceen" -I../Core/Inc -I../Drivers/STM32F0xx_HAL_Driver/Inc/Legacy -I../Drivers/CMSIS/Device/ST/STM32F0xx/Include -O0 -ffunction-sections -fdata-sections -Wall -fstack-usage -MMD -MP -MF"Drivers/STM32F0xx_HAL_Driver/Src/stm32f0xx_hal_exti.d" -MT"Drivers/STM32F0xx_HAL_Driver/Src/stm32f0xx_hal_exti.o" --specs=nano.specs -mfloat-abi=soft -mthumb -o "Drivers/STM32F0xx_HAL_Driver/Src/stm32f0xx_hal_exti.o"
arm-none-eabi-gcc "../Drivers/STM32F0xx_HAL_Driver/Src/stm32f0xx_hal_flash.c" -mcpu=cortex-m0 -std=gnu11 -g3 -DUSE_HAL_DRIVER -DSTM32F072xB -DDEBUG -c -I"/home/chris/Projects/Embedded/Optimized_STM32_ILI9341" -I../Drivers/STM32F0xx_HAL_Driver/Inc -I../Drivers/CMSIS/Include -I"/home/chris/Projects/Embedded/Optimized_TSC2046_TouchSceen" -I../Core/Inc -I../Drivers/STM32F0xx_HAL_Driver/Inc/Legacy -I../Drivers/CMSIS/Device/ST/STM32F0xx/Include -O0 -ffunction-sections -fdata-sections -Wall -fstack-usage -MMD -MP -MF"Drivers/STM32F0xx_HAL_Driver/Src/stm32f0xx_hal_flash.d" -MT"Drivers/STM32F0xx_HAL_Driver/Src/stm32f0xx_hal_flash.o" --specs=nano.specs -mfloat-abi=soft -mthumb -o "Drivers/STM32F0xx_HAL_Driver/Src/stm32f0xx_hal_flash.o"
arm-none-eabi-gcc "../Drivers/STM32F0xx_HAL_Driver/Src/stm32f0xx_hal_flash_ex.c" -mcpu=cortex-m0 -std=gnu11 -g3 -DUSE_HAL_DRIVER -DSTM32F072xB -DDEBUG -c -I"/home/chris/Projects/Embedded/Optimized_STM32_ILI9341" -I../Drivers/STM32F0xx_HAL_Driver/Inc -I../Drivers/CMSIS/Include -I"/home/chris/Projects/Embedded/Optimized_TSC2046_TouchSceen" -I../Core/Inc -I../Drivers/STM32F0xx_HAL_Driver/Inc/Legacy -I../Drivers/CMSIS/Device/ST/STM32F0xx/Include -O0 -ffunction-sections -fdata-sections -Wall -fstack-usage -MMD -MP -MF"Drivers/STM32F0xx_HAL_Driver/Src/stm32f0xx_hal_flash_ex.d" -MT"Drivers/STM32F0xx_HAL_Driver/Src/stm32f0xx_hal_flash_ex.o" --specs=nano.specs -mfloat-abi=soft -mthumb -o "Drivers/STM32F0xx_HAL_Driver/Src/stm32f0xx_hal_flash_ex.o"
arm-none-eabi-gcc "../Drivers/STM32F0xx_HAL_Driver/Src/stm32f0xx_hal_gpio.c" -mcpu=cortex-m0 -std=gnu11 -g3 -DUSE_HAL_DRIVER -DSTM32F072xB -DDEBUG -c -I"/home/chris/Projects/Embedded/Optimized_STM32_ILI9341" -I../Drivers/STM32F0xx_HAL_Driver/Inc -I../Drivers/CMSIS/Include -I"/home/chris/Projects/Embedded/Optimized_TSC2046_TouchSceen" -I../Core/Inc -I../Drivers/STM32F0xx_HAL_Driver/Inc/Legacy -I../Drivers/CMSIS/Device/ST/STM32F0xx/Include -O0 -ffunction-sections -fdata-sections -Wall -fstack-usage -MMD -MP -MF"Drivers/STM32F0xx_HAL_Driver/Src/stm32f0xx_hal_gpio.d" -MT"Drivers/STM32F0xx_HAL_Driver/Src/stm32f0xx_hal_gpio.o" --specs=nano.specs -mfloat-abi=soft -mthumb -o "Drivers/STM32F0xx_HAL_Driver/Src/stm32f0xx_hal_gpio.o"
arm-none-eabi-gcc "../Drivers/STM32F0xx_HAL_Driver/Src/stm32f0xx_hal_i2c.c" -mcpu=cortex-m0 -std=gnu11 -g3 -DUSE_HAL_DRIVER -DSTM32F072xB -DDEBUG -c -I"/home/chris/Projects/Embedded/Optimized_STM32_ILI9341" -I../Drivers/STM32F0xx_HAL_Driver/Inc -I../Drivers/CMSIS/Include -I"/home/chris/Projects/Embedded/Optimized_TSC2046_TouchSceen" -I../Core/Inc -I../Drivers/STM32F0xx_HAL_Driver/Inc/Legacy -I../Drivers/CMSIS/Device/ST/STM32F0xx/Include -O0 -ffunction-sections -fdata-sections -Wall -fstack-usage -MMD -MP -MF"Drivers/STM32F0xx_HAL_Driver/Src/stm32f0xx_hal_i2c.d" -MT"Drivers/STM32F0xx_HAL_Driver/Src/stm32f0xx_hal_i2c.o" --specs=nano.specs -mfloat-abi=soft -mthumb -o "Drivers/STM32F0xx_HAL_Driver/Src/stm32f0xx_hal_i2c.o"
arm-none-eabi-gcc "../Drivers/STM32F0xx_HAL_Driver/Src/stm32f0xx_hal_i2c_ex.c" -mcpu=cortex-m0 -std=gnu11 -g3 -DUSE_HAL_DRIVER -DSTM32F072xB -DDEBUG -c -I"/home/chris/Projects/Embedded/Optimized_STM32_ILI9341" -I../Drivers/STM32F0xx_HAL_Driver/Inc -I../Drivers/CMSIS/Include -I"/home/chris/Projects/Embedded/Optimized_TSC2046_TouchSceen" -I../Core/Inc -I../Drivers/STM32F0xx_HAL_Driver/Inc/Legacy -I../Drivers/CMSIS/Device/ST/STM32F0xx/Include -O0 -ffunction-sections -fdata-sections -Wall -fstack-usage -MMD -MP -MF"Drivers/STM32F0xx_HAL_Driver/Src/stm32f0xx_hal_i2c_ex.d" -MT"Drivers/STM32F0xx_HAL_Driver/Src/stm32f0xx_hal_i2c_ex.o" --specs=nano.specs -mfloat-abi=soft -mthumb -o "Drivers/STM32F0xx_HAL_Driver/Src/stm32f0xx_hal_i2c_ex.o"
arm-none-eabi-gcc "../Drivers/STM32F0xx_HAL_Driver/Src/stm32f0xx_hal_pwr.c" -mcpu=cortex-m0 -std=gnu11 -g3 -DUSE_HAL_DRIVER -DSTM32F072xB -DDEBUG -c -I"/home/chris/Projects/Embedded/Optimized_STM32_ILI9341" -I../Drivers/STM32F0xx_HAL_Driver/Inc -I../Drivers/CMSIS/Include -I"/home/chris/Projects/Embedded/Optimized_TSC2046_TouchSceen" -I../Core/Inc -I../Drivers/STM32F0xx_HAL_Driver/Inc/Legacy -I../Drivers/CMSIS/Device/ST/STM32F0xx/Include -O0 -ffunction-sections -fdata-sections -Wall -fstack-usage -MMD -MP -MF"Drivers/STM32F0xx_HAL_Driver/Src/stm32f0xx_hal_pwr.d" -MT"Drivers/STM32F0xx_HAL_Driver/Src/stm32f0xx_hal_pwr.o" --specs=nano.specs -mfloat-abi=soft -mthumb -o "Drivers/STM32F0xx_HAL_Driver/Src/stm32f0xx_hal_pwr.o"
arm-none-eabi-gcc "../Drivers/STM32F0xx_HAL_Driver/Src/stm32f0xx_hal_pwr_ex.c" -mcpu=cortex-m0 -std=gnu11 -g3 -DUSE_HAL_DRIVER -DSTM32F072xB -DDEBUG -c -I"/home/chris/Projects/Embedded/Optimized_STM32_ILI9341" -I../Drivers/STM32F0xx_HAL_Driver/Inc -I../Drivers/CMSIS/Include -I"/home/chris/Projects/Embedded/Optimized_TSC2046_TouchSceen" -I../Core/Inc -I../Drivers/STM32F0xx_HAL_Driver/Inc/Legacy -I../Drivers/CMSIS/Device/ST/STM32F0xx/Include -O0 -ffunction-sections -fdata-sections -Wall -fstack-usage -MMD -MP -MF"Drivers/STM32F0xx_HAL_Driver/Src/stm32f0xx_hal_pwr_ex.d" -MT"Drivers/STM32F0xx_HAL_Driver/Src/stm32f0xx_hal_pwr_ex.o" --specs=nano.specs -mfloat-abi=soft -mthumb -o "Drivers/STM32F0xx_HAL_Driver/Src/stm32f0xx_hal_pwr_ex.o"
arm-none-eabi-gcc "../Drivers/STM32F0xx_HAL_Driver/Src/stm32f0xx_hal_rcc.c" -mcpu=cortex-m0 -std=gnu11 -g3 -DUSE_HAL_DRIVER -DSTM32F072xB -DDEBUG -c -I"/home/chris/Projects/Embedded/Optimized_STM32_ILI9341" -I../Drivers/STM32F0xx_HAL_Driver/Inc -I../Drivers/CMSIS/Include -I"/home/chris/Projects/Embedded/Optimized_TSC2046_TouchSceen" -I../Core/Inc -I../Drivers/STM32F0xx_HAL_Driver/Inc/Legacy -I../Drivers/CMSIS/Device/ST/STM32F0xx/Include -O0 -ffunction-sections -fdata-sections -Wall -fstack-usage -MMD -MP -MF"Drivers/STM32F0xx_HAL_Driver/Src/stm32f0xx_hal_rcc.d" -MT"Drivers/STM32F0xx_HAL_Driver/Src/stm32f0xx_hal_rcc.o" --specs=nano.specs -mfloat-abi=soft -mthumb -o "Drivers/STM32F0xx_HAL_Driver/Src/stm32f0xx_hal_rcc.o"
arm-none-eabi-gcc "../Drivers/STM32F0xx_HAL_Driver/Src/stm32f0xx_hal_rcc_ex.c" -mcpu=cortex-m0 -std=gnu11 -g3 -DUSE_HAL_DRIVER -DSTM32F072xB -DDEBUG -c -I"/home/chris/Projects/Embedded/Optimized_STM32_ILI9341" -I../Drivers/STM32F0xx_HAL_Driver/Inc -I../Drivers/CMSIS/Include -I"/home/chris/Projects/Embedded/Optimized_TSC2046_TouchSceen" -I../Core/Inc -I../Drivers/STM32F0xx_HAL_Driver/Inc/Legacy -I../Drivers/CMSIS/Device/ST/STM32F0xx/Include -O0 -ffunction-sections -fdata-sections -Wall -fstack-usage -MMD -MP -MF"Drivers/STM32F0xx_HAL_Driver/Src/stm32f0xx_hal_rcc_ex.d" -MT"Drivers/STM32F0xx_HAL_Driver/Src/stm32f0xx_hal_rcc_ex.o" --specs=nano.specs -mfloat-abi=soft -mthumb -o "Drivers/STM32F0xx_HAL_Driver/Src/stm32f0xx_hal_rcc_ex.o"
arm-none-eabi-gcc "../Drivers/STM32F0xx_HAL_Driver/Src/stm32f0xx_hal_spi.c" -mcpu=cortex-m0 -std=gnu11 -g3 -DUSE_HAL_DRIVER -DSTM32F072xB -DDEBUG -c -I"/home/chris/Projects/Embedded/Optimized_STM32_ILI9341" -I../Drivers/STM32F0xx_HAL_Driver/Inc -I../Drivers/CMSIS/Include -I"/home/chris/Projects/Embedded/Optimized_TSC2046_TouchSceen" -I../Core/Inc -I../Drivers/STM32F0xx_HAL_Driver/Inc/Legacy -I../Drivers/CMSIS/Device/ST/STM32F0xx/Include -O0 -ffunction-sections -fdata-sections -Wall -fstack-usage -MMD -MP -MF"Drivers/STM32F0xx_HAL_Driver/Src/stm32f0xx_hal_spi.d" -MT"Drivers/STM32F0xx_HAL_Driver/Src/stm32f0xx_hal_spi.o" --specs=nano.specs -mfloat-abi=soft -mthumb -o "Drivers/STM32F0xx_HAL_Driver/Src/stm32f0xx_hal_spi.o"
arm-none-eabi-gcc "../Drivers/STM32F0xx_HAL_Driver/Src/stm32f0xx_hal_spi_ex.c" -mcpu=cortex-m0 -std=gnu11 -g3 -DUSE_HAL_DRIVER -DSTM32F072xB -DDEBUG -c -I"/home/chris/Projects/Embedded/Optimized_STM32_ILI9341" -I../Drivers/STM32F0xx_HAL_Driver/Inc -I../Drivers/CMSIS/Include -I"/home/chris/Projects/Embedded/Optimized_TSC2046_TouchSceen" -I../Core/Inc -I../Drivers/STM32F0xx_HAL_Driver/Inc/Legacy -I../Drivers/CMSIS/Device/ST/STM32F0xx/Include -O0 -ffunction-sections -fdata-sections -Wall -fstack-usage -MMD -MP -MF"Drivers/STM32F0xx_HAL_Driver/Src/stm32f0xx_hal_spi_ex.d" -MT"Drivers/STM32F0xx_HAL_Driver/Src/stm32f0xx_hal_spi_ex.o" --specs=nano.specs -mfloat-abi=soft -mthumb -o "Drivers/STM32F0xx_HAL_Driver/Src/stm32f0xx_hal_spi_ex.o"
arm-none-eabi-gcc "../Drivers/STM32F0xx_HAL_Driver/Src/stm32f0xx_hal_tim.c" -mcpu=cortex-m0 -std=gnu11 -g3 -DUSE_HAL_DRIVER -DSTM32F072xB -DDEBUG -c -I"/home/chris/Projects/Embedded/Optimized_STM32_ILI9341" -I../Drivers/STM32F0xx_HAL_Driver/Inc -I../Drivers/CMSIS/Include -I"/home/chris/Projects/Embedded/Optimized_TSC2046_TouchSceen" -I../Core/Inc -I../Drivers/STM32F0xx_HAL_Driver/Inc/Legacy -I../Drivers/CMSIS/Device/ST/STM32F0xx/Include -O0 -ffunction-sections -fdata-sections -Wall -fstack-usage -MMD -MP -MF"Drivers/STM32F0xx_HAL_Driver/Src/stm32f0xx_hal_tim.d" -MT"Drivers/STM32F0xx_HAL_Driver/Src/stm32f0xx_hal_tim.o" --specs=nano.specs -mfloat-abi=soft -mthumb -o "Drivers/STM32F0xx_HAL_Driver/Src/stm32f0xx_hal_tim.o"
arm-none-eabi-gcc "../Drivers/STM32F0xx_HAL_Driver/Src/stm32f0xx_hal_tim_ex.c" -mcpu=cortex-m0 -std=gnu11 -g3 -DUSE_HAL_DRIVER -DSTM32F072xB -DDEBUG -c -I"/home/chris/Projects/Embedded/Optimized_STM32_ILI9341" -I../Drivers/STM32F0xx_HAL_Driver/Inc -I../Drivers/CMSIS/Include -I"/home/chris/Projects/Embedded/Optimized_TSC2046_TouchSceen" -I../Core/Inc -I../Drivers/STM32F0xx_HAL_Driver/Inc/Legacy -I../Drivers/CMSIS/Device/ST/STM32F0xx/Include -O0 -ffunction-sections -fdata-sections -Wall -fstack-usage -MMD -MP -MF"Drivers/STM32F0xx_HAL_Driver/Src/stm32f0xx_hal_tim_ex.d" -MT"Drivers/STM32F0xx_HAL_Driver/Src/stm32f0xx_hal_tim_ex.o" --specs=nano.specs -mfloat-abi=soft -mthumb -o "Drivers/STM32F0xx_HAL_Driver/Src/stm32f0xx_hal_tim_ex.o"
arm-none-eabi-gcc "../Core/Src/adc.c" -mcpu=cortex-m0 -std=gnu11 -g3 -DUSE_HAL_DRIVER -DSTM32F072xB -DDEBUG -c -I"/home/chris/Projects/Embedded/Optimized_STM32_ILI9341" -I../Drivers/STM32F0xx_HAL_Driver/Inc -I../Drivers/CMSIS/Include -I"/home/chris/Projects/Embedded/Optimized_TSC2046_TouchSceen" -I../Core/Inc -I../Drivers/STM32F0xx_HAL_Driver/Inc/Legacy -I../Drivers/CMSIS/Device/ST/STM32F0xx/Include -O0 -ffunction-sections -fdata-sections -Wall -fstack-usage -MMD -MP -MF"Core/Src/adc.d" -MT"Core/Src/adc.o" --specs=nano.specs -mfloat-abi=soft -mthumb -o "Core/Src/adc.o"
arm-none-eabi-gcc "../Core/Src/dma.c" -mcpu=cortex-m0 -std=gnu11 -g3 -DUSE_HAL_DRIVER -DSTM32F072xB -DDEBUG -c -I"/home/chris/Projects/Embedded/Optimized_STM32_ILI9341" -I../Drivers/STM32F0xx_HAL_Driver/Inc -I../Drivers/CMSIS/Include -I"/home/chris/Projects/Embedded/Optimized_TSC2046_TouchSceen" -I../Core/Inc -I../Drivers/STM32F0xx_HAL_Driver/Inc/Legacy -I../Drivers/CMSIS/Device/ST/STM32F0xx/Include -O0 -ffunction-sections -fdata-sections -Wall -fstack-usage -MMD -MP -MF"Core/Src/dma.d" -MT"Core/Src/dma.o" --specs=nano.specs -mfloat-abi=soft -mthumb -o "Core/Src/dma.o"
arm-none-eabi-gcc "../Core/Src/gpio.c" -mcpu=cortex-m0 -std=gnu11 -g3 -DUSE_HAL_DRIVER -DSTM32F072xB -DDEBUG -c -I"/home/chris/Projects/Embedded/Optimized_STM32_ILI9341" -I../Drivers/STM32F0xx_HAL_Driver/Inc -I../Drivers/CMSIS/Include -I"/home/chris/Projects/Embedded/Optimized_TSC2046_TouchSceen" -I../Core/Inc -I../Drivers/STM32F0xx_HAL_Driver/Inc/Legacy -I../Drivers/CMSIS/Device/ST/STM32F0xx/Include -O0 -ffunction-sections -fdata-sections -Wall -fstack-usage -MMD -MP -MF"Core/Src/gpio.d" -MT"Core/Src/gpio.o" --specs=nano.specs -mfloat-abi=soft -mthumb -o "Core/Src/gpio.o"
arm-none-eabi-gcc "../Core/Src/main.c" -mcpu=cortex-m0 -std=gnu11 -g3 -DUSE_HAL_DRIVER -DSTM32F072xB -DDEBUG -c -I"/home/chris/Projects/Embedded/Optimized_STM32_ILI9341" -I../Drivers/STM32F0xx_HAL_Driver/Inc -I../Drivers/CMSIS/Include -I"/home/chris/Projects/Embedded/Optimized_TSC2046_TouchSceen" -I../Core/Inc -I../Drivers/STM32F0xx_HAL_Driver/Inc/Legacy -I../Drivers/CMSIS/Device/ST/STM32F0xx/Include -O0 -ffunction-sections -fdata-sections -Wall -fstack-usage -MMD -MP -MF"Core/Src/main.d" -MT"Core/Src/main.o" --specs=nano.specs -mfloat-abi=soft -mthumb -o "Core/Src/main.o"
arm-none-eabi-gcc "../Core/Src/spi.c" -mcpu=cortex-m0 -std=gnu11 -g3 -DUSE_HAL_DRIVER -DSTM32F072xB -DDEBUG -c -I"/home/chris/Projects/Embedded/Optimized_STM32_ILI9341" -I../Drivers/STM32F0xx_HAL_Driver/Inc -I../Drivers/CMSIS/Include -I"/home/chris/Projects/Embedded/Optimized_TSC2046_TouchSceen" -I../Core/Inc -I../Drivers/STM32F0xx_HAL_Driver/Inc/Legacy -I../Drivers/CMSIS/Device/ST/STM32F0xx/Include -O0 -ffunction-sections -fdata-sections -Wall -fstack-usage -MMD -MP -MF"Core/Src/spi.d" -MT"Core/Src/spi.o" --specs=nano.specs -mfloat-abi=soft -mthumb -o "Core/Src/spi.o"
arm-none-eabi-gcc "../Core/Src/stm32f0xx_hal_msp.c" -mcpu=cortex-m0 -std=gnu11 -g3 -DUSE_HAL_DRIVER -DSTM32F072xB -DDEBUG -c -I"/home/chris/Projects/Embedded/Optimized_STM32_ILI9341" -I../Drivers/STM32F0xx_HAL_Driver/Inc -I../Drivers/CMSIS/Include -I"/home/chris/Projects/Embedded/Optimized_TSC2046_TouchSceen" -I../Core/Inc -I../Drivers/STM32F0xx_HAL_Driver/Inc/Legacy -I../Drivers/CMSIS/Device/ST/STM32F0xx/Include -O0 -ffunction-sections -fdata-sections -Wall -fstack-usage -MMD -MP -MF"Core/Src/stm32f0xx_hal_msp.d" -MT"Core/Src/stm32f0xx_hal_msp.o" --specs=nano.specs -mfloat-abi=soft -mthumb -o "Core/Src/stm32f0xx_hal_msp.o"
arm-none-eabi-gcc "../Core/Src/stm32f0xx_it.c" -mcpu=cortex-m0 -std=gnu11 -g3 -DUSE_HAL_DRIVER -DSTM32F072xB -DDEBUG -c -I"/home/chris/Projects/Embedded/Optimized_STM32_ILI9341" -I../Drivers/STM32F0xx_HAL_Driver/Inc -I../Drivers/CMSIS/Include -I"/home/chris/Projects/Embedded/Optimized_TSC2046_TouchSceen" -I../Core/Inc -I../Drivers/STM32F0xx_HAL_Driver/Inc/Legacy -I../Drivers/CMSIS/Device/ST/STM32F0xx/Include -O0 -ffunction-sections -fdata-sections -Wall -fstack-usage -MMD -MP -MF"Core/Src/stm32f0xx_it.d" -MT"Core/Src/stm32f0xx_it.o" --specs=nano.specs -mfloat-abi=soft -mthumb -o "Core/Src/stm32f0xx_it.o"
arm-none-eabi-gcc "../Core/Src/system_stm32f0xx.c" -mcpu=cortex-m0 -std=gnu11 -g3 -DUSE_HAL_DRIVER -DSTM32F072xB -DDEBUG -c -I"/home/chris/Projects/Embedded/Optimized_STM32_ILI9341" -I../Drivers/STM32F0xx_HAL_Driver/Inc -I../Drivers/CMSIS/Include -I"/home/chris/Projects/Embedded/Optimized_TSC2046_TouchSceen" -I../Core/Inc -I../Drivers/STM32F0xx_HAL_Driver/Inc/Legacy -I../Drivers/CMSIS/Device/ST/STM32F0xx/Include -O0 -ffunction-sections -fdata-sections -Wall -fstack-usage -MMD -MP -MF"Core/Src/system_stm32f0xx.d" -MT"Core/Src/system_stm32f0xx.o" --specs=nano.specs -mfloat-abi=soft -mthumb -o "Core/Src/system_stm32f0xx.o"
arm-none-eabi-gcc "../Core/Src/tim.c" -mcpu=cortex-m0 -std=gnu11 -g3 -DUSE_HAL_DRIVER -DSTM32F072xB -DDEBUG -c -I"/home/chris/Projects/Embedded/Optimized_STM32_ILI9341" -I../Drivers/STM32F0xx_HAL_Driver/Inc -I../Drivers/CMSIS/Include -I"/home/chris/Projects/Embedded/Optimized_TSC2046_TouchSceen" -I../Core/Inc -I../Drivers/STM32F0xx_HAL_Driver/Inc/Legacy -I../Drivers/CMSIS/Device/ST/STM32F0xx/Include -O0 -ffunction-sections -fdata-sections -Wall -fstack-usage -MMD -MP -MF"Core/Src/tim.d" -MT"Core/Src/tim.o" --specs=nano.specs -mfloat-abi=soft -mthumb -o "Core/Src/tim.o"
arm-none-eabi-gcc -o "PSUControllerF072.elf" @"objects.list"   -mcpu=cortex-m0 -T"/home/chris/Projects/Embedded/CommonSlotPSU_TouchScreenController_SW/PSUControllerV2/PSUControllerF072/STM32F072RBTX_FLASH.ld" --specs=nosys.specs -Wl,-Map="PSUControllerF072.map" -Wl,--gc-sections -static --specs=nano.specs -mfloat-abi=soft -mthumb -Wl,--start-group -lc -lm -Wl,--end-group
Finished building target: PSUControllerF072.elf
 
arm-none-eabi-objdump -h -S  PSUControllerF072.elf  > "PSUControllerF072.list"
arm-none-eabi-objcopy  -O binary  PSUControllerF072.elf  "PSUControllerF072.bin"
arm-none-eabi-size   PSUControllerF072.elf 
   text	   data	    bss	    dec	    hex	filename
  19840	    124	   1996	  21960	   55c8	PSUControllerF072.elf
Finished building: default.size.stdout
 
Finished building: PSUControllerF072.bin
 
Finished building: PSUControllerF072.list
 
16:51:54 **** Incremental Build of configuration Debug for project PSUControllerF072 ****
make -j4 all 
arm-none-eabi-gcc "/home/chris/Projects/Embedded/Optimized_TSC2046_TouchSceen/TSC2046_STM32_EventManager.c" -mcpu=cortex-m0 -std=gnu11 -g3 -DUSE_HAL_DRIVER -DSTM32F072xB -DDEBUG -c -I"/home/chris/Projects/Embedded/Optimized_STM32_ILI9341" -I../Drivers/STM32F0xx_HAL_Driver/Inc -I../Drivers/CMSIS/Include -I"/home/chris/Projects/Embedded/Optimized_TSC2046_TouchSceen" -I../Core/Inc -I../Drivers/STM32F0xx_HAL_Driver/Inc/Legacy -I../Drivers/CMSIS/Device/ST/STM32F0xx/Include -O0 -ffunction-sections -fdata-sections -Wall -fstack-usage -MMD -MP -MF"Optimized_TSC2046_TouchSceen/TSC2046_STM32_EventManager.d" -MT"Optimized_TSC2046_TouchSceen/TSC2046_STM32_EventManager.o" --specs=nano.specs -mfloat-abi=soft -mthumb -o "Optimized_TSC2046_TouchSceen/TSC2046_STM32_EventManager.o"
arm-none-eabi-gcc "/home/chris/Projects/Embedded/Optimized_TSC2046_TouchSceen/TSC2046_STM32_HardwareManager.c" -mcpu=cortex-m0 -std=gnu11 -g3 -DUSE_HAL_DRIVER -DSTM32F072xB -DDEBUG -c -I"/home/chris/Projects/Embedded/Optimized_STM32_ILI9341" -I../Drivers/STM32F0xx_HAL_Driver/Inc -I../Drivers/CMSIS/Include -I"/home/chris/Projects/Embedded/Optimized_TSC2046_TouchSceen" -I../Core/Inc -I../Drivers/STM32F0xx_HAL_Driver/Inc/Legacy -I../Drivers/CMSIS/Device/ST/STM32F0xx/Include -O0 -ffunction-sections -fdata-sections -Wall -fstack-usage -MMD -MP -MF"Optimized_TSC2046_TouchSceen/TSC2046_STM32_HardwareManager.d" -MT"Optimized_TSC2046_TouchSceen/TSC2046_STM32_HardwareManager.o" --specs=nano.specs -mfloat-abi=soft -mthumb -o "Optimized_TSC2046_TouchSceen/TSC2046_STM32_HardwareManager.o"
arm-none-eabi-gcc "/home/chris/Projects/Embedded/Optimized_TSC2046_TouchSceen/TSC2046_STM32_InterruptManager.c" -mcpu=cortex-m0 -std=gnu11 -g3 -DUSE_HAL_DRIVER -DSTM32F072xB -DDEBUG -c -I"/home/chris/Projects/Embedded/Optimized_STM32_ILI9341" -I../Drivers/STM32F0xx_HAL_Driver/Inc -I../Drivers/CMSIS/Include -I"/home/chris/Projects/Embedded/Optimized_TSC2046_TouchSceen" -I../Core/Inc -I../Drivers/STM32F0xx_HAL_Driver/Inc/Legacy -I../Drivers/CMSIS/Device/ST/STM32F0xx/Include -O0 -ffunction-sections -fdata-sections -Wall -fstack-usage -MMD -MP -MF"Optimized_TSC2046_TouchSceen/TSC2046_STM32_InterruptManager.d" -MT"Optimized_TSC2046_TouchSceen/TSC2046_STM32_InterruptManager.o" --specs=nano.specs -mfloat-abi=soft -mthumb -o "Optimized_TSC2046_TouchSceen/TSC2046_STM32_InterruptManager.o"
arm-none-eabi-gcc "/home/chris/Projects/Embedded/Optimized_STM32_ILI9341/ILI9341_GFX.c" -mcpu=cortex-m0 -std=gnu11 -g3 -DUSE_HAL_DRIVER -DSTM32F072xB -DDEBUG -c -I"/home/chris/Projects/Embedded/Optimized_STM32_ILI9341" -I../Drivers/STM32F0xx_HAL_Driver/Inc -I../Drivers/CMSIS/Include -I"/home/chris/Projects/Embedded/Optimized_TSC2046_TouchSceen" -I../Core/Inc -I../Drivers/STM32F0xx_HAL_Driver/Inc/Legacy -I../Drivers/CMSIS/Device/ST/STM32F0xx/Include -O0 -ffunction-sections -fdata-sections -Wall -fstack-usage -MMD -MP -MF"Optimized_STM32_ILI9341/ILI9341_GFX.d" -MT"Optimized_STM32_ILI9341/ILI9341_GFX.o" --specs=nano.specs -mfloat-abi=soft -mthumb -o "Optimized_STM32_ILI9341/ILI9341_GFX.o"
arm-none-eabi-gcc "/home/chris/Projects/Embedded/Optimized_STM32_ILI9341/ILI9341_STM32_Driver.c" -mcpu=cortex-m0 -std=gnu11 -g3 -DUSE_HAL_DRIVER -DSTM32F072xB -DDEBUG -c -I"/home/chris/Projects/Embedded/Optimized_STM32_ILI9341" -I../Drivers/STM32F0xx_HAL_Driver/Inc -I../Drivers/CMSIS/Include -I"/home/chris/Projects/Embedded/Optimized_TSC2046_TouchSceen" -I../Core/Inc -I../Drivers/STM32F0xx_HAL_Driver/Inc/Legacy -I../Drivers/CMSIS/Device/ST/STM32F0xx/Include -O0 -ffunction-sections -fdata-sections -Wall -fstack-usage -MMD -MP -MF"Optimized_STM32_ILI9341/ILI9341_STM32_Driver.d" -MT"Optimized_STM32_ILI9341/ILI9341_STM32_Driver.o" --specs=nano.specs -mfloat-abi=soft -mthumb -o "Optimized_STM32_ILI9341/ILI9341_STM32_Driver.o"
arm-none-eabi-gcc "../Drivers/STM32F0xx_HAL_Driver/Src/stm32f0xx_hal.c" -mcpu=cortex-m0 -std=gnu11 -g3 -DUSE_HAL_DRIVER -DSTM32F072xB -DDEBUG -c -I"/home/chris/Projects/Embedded/Optimized_STM32_ILI9341" -I../Drivers/STM32F0xx_HAL_Driver/Inc -I../Drivers/CMSIS/Include -I"/home/chris/Projects/Embedded/Optimized_TSC2046_TouchSceen" -I../Core/Inc -I../Drivers/STM32F0xx_HAL_Driver/Inc/Legacy -I../Drivers/CMSIS/Device/ST/STM32F0xx/Include -O0 -ffunction-sections -fdata-sections -Wall -fstack-usage -MMD -MP -MF"Drivers/STM32F0xx_HAL_Driver/Src/stm32f0xx_hal.d" -MT"Drivers/STM32F0xx_HAL_Driver/Src/stm32f0xx_hal.o" --specs=nano.specs -mfloat-abi=soft -mthumb -o "Drivers/STM32F0xx_HAL_Driver/Src/stm32f0xx_hal.o"
arm-none-eabi-gcc "../Drivers/STM32F0xx_HAL_Driver/Src/stm32f0xx_hal_adc.c" -mcpu=cortex-m0 -std=gnu11 -g3 -DUSE_HAL_DRIVER -DSTM32F072xB -DDEBUG -c -I"/home/chris/Projects/Embedded/Optimized_STM32_ILI9341" -I../Drivers/STM32F0xx_HAL_Driver/Inc -I../Drivers/CMSIS/Include -I"/home/chris/Projects/Embedded/Optimized_TSC2046_TouchSceen" -I../Core/Inc -I../Drivers/STM32F0xx_HAL_Driver/Inc/Legacy -I../Drivers/CMSIS/Device/ST/STM32F0xx/Include -O0 -ffunction-sections -fdata-sections -Wall -fstack-usage -MMD -MP -MF"Drivers/STM32F0xx_HAL_Driver/Src/stm32f0xx_hal_adc.d" -MT"Drivers/STM32F0xx_HAL_Driver/Src/stm32f0xx_hal_adc.o" --specs=nano.specs -mfloat-abi=soft -mthumb -o "Drivers/STM32F0xx_HAL_Driver/Src/stm32f0xx_hal_adc.o"
arm-none-eabi-gcc "../Drivers/STM32F0xx_HAL_Driver/Src/stm32f0xx_hal_adc_ex.c" -mcpu=cortex-m0 -std=gnu11 -g3 -DUSE_HAL_DRIVER -DSTM32F072xB -DDEBUG -c -I"/home/chris/Projects/Embedded/Optimized_STM32_ILI9341" -I../Drivers/STM32F0xx_HAL_Driver/Inc -I../Drivers/CMSIS/Include -I"/home/chris/Projects/Embedded/Optimized_TSC2046_TouchSceen" -I../Core/Inc -I../Drivers/STM32F0xx_HAL_Driver/Inc/Legacy -I../Drivers/CMSIS/Device/ST/STM32F0xx/Include -O0 -ffunction-sections -fdata-sections -Wall -fstack-usage -MMD -MP -MF"Drivers/STM32F0xx_HAL_Driver/Src/stm32f0xx_hal_adc_ex.d" -MT"Drivers/STM32F0xx_HAL_Driver/Src/stm32f0xx_hal_adc_ex.o" --specs=nano.specs -mfloat-abi=soft -mthumb -o "Drivers/STM32F0xx_HAL_Driver/Src/stm32f0xx_hal_adc_ex.o"
arm-none-eabi-gcc "../Drivers/STM32F0xx_HAL_Driver/Src/stm32f0xx_hal_cortex.c" -mcpu=cortex-m0 -std=gnu11 -g3 -DUSE_HAL_DRIVER -DSTM32F072xB -DDEBUG -c -I"/home/chris/Projects/Embedded/Optimized_STM32_ILI9341" -I../Drivers/STM32F0xx_HAL_Driver/Inc -I../Drivers/CMSIS/Include -I"/home/chris/Projects/Embedded/Optimized_TSC2046_TouchSceen" -I../Core/Inc -I../Drivers/STM32F0xx_HAL_Driver/Inc/Legacy -I../Drivers/CMSIS/Device/ST/STM32F0xx/Include -O0 -ffunction-sections -fdata-sections -Wall -fstack-usage -MMD -MP -MF"Drivers/STM32F0xx_HAL_Driver/Src/stm32f0xx_hal_cortex.d" -MT"Drivers/STM32F0xx_HAL_Driver/Src/stm32f0xx_hal_cortex.o" --specs=nano.specs -mfloat-abi=soft -mthumb -o "Drivers/STM32F0xx_HAL_Driver/Src/stm32f0xx_hal_cortex.o"
arm-none-eabi-gcc "../Drivers/STM32F0xx_HAL_Driver/Src/stm32f0xx_hal_dma.c" -mcpu=cortex-m0 -std=gnu11 -g3 -DUSE_HAL_DRIVER -DSTM32F072xB -DDEBUG -c -I"/home/chris/Projects/Embedded/Optimized_STM32_ILI9341" -I../Drivers/STM32F0xx_HAL_Driver/Inc -I../Drivers/CMSIS/Include -I"/home/chris/Projects/Embedded/Optimized_TSC2046_TouchSceen" -I../Core/Inc -I../Drivers/STM32F0xx_HAL_Driver/Inc/Legacy -I../Drivers/CMSIS/Device/ST/STM32F0xx/Include -O0 -ffunction-sections -fdata-sections -Wall -fstack-usage -MMD -MP -MF"Drivers/STM32F0xx_HAL_Driver/Src/stm32f0xx_hal_dma.d" -MT"Drivers/STM32F0xx_HAL_Driver/Src/stm32f0xx_hal_dma.o" --specs=nano.specs -mfloat-abi=soft -mthumb -o "Drivers/STM32F0xx_HAL_Driver/Src/stm32f0xx_hal_dma.o"
arm-none-eabi-gcc "../Drivers/STM32F0xx_HAL_Driver/Src/stm32f0xx_hal_exti.c" -mcpu=cortex-m0 -std=gnu11 -g3 -DUSE_HAL_DRIVER -DSTM32F072xB -DDEBUG -c -I"/home/chris/Projects/Embedded/Optimized_STM32_ILI9341" -I../Drivers/STM32F0xx_HAL_Driver/Inc -I../Drivers/CMSIS/Include -I"/home/chris/Projects/Embedded/Optimized_TSC2046_TouchSceen" -I../Core/Inc -I../Drivers/STM32F0xx_HAL_Driver/Inc/Legacy -I../Drivers/CMSIS/Device/ST/STM32F0xx/Include -O0 -ffunction-sections -fdata-sections -Wall -fstack-usage -MMD -MP -MF"Drivers/STM32F0xx_HAL_Driver/Src/stm32f0xx_hal_exti.d" -MT"Drivers/STM32F0xx_HAL_Driver/Src/stm32f0xx_hal_exti.o" --specs=nano.specs -mfloat-abi=soft -mthumb -o "Drivers/STM32F0xx_HAL_Driver/Src/stm32f0xx_hal_exti.o"
arm-none-eabi-gcc "../Drivers/STM32F0xx_HAL_Driver/Src/stm32f0xx_hal_flash.c" -mcpu=cortex-m0 -std=gnu11 -g3 -DUSE_HAL_DRIVER -DSTM32F072xB -DDEBUG -c -I"/home/chris/Projects/Embedded/Optimized_STM32_ILI9341" -I../Drivers/STM32F0xx_HAL_Driver/Inc -I../Drivers/CMSIS/Include -I"/home/chris/Projects/Embedded/Optimized_TSC2046_TouchSceen" -I../Core/Inc -I../Drivers/STM32F0xx_HAL_Driver/Inc/Legacy -I../Drivers/CMSIS/Device/ST/STM32F0xx/Include -O0 -ffunction-sections -fdata-sections -Wall -fstack-usage -MMD -MP -MF"Drivers/STM32F0xx_HAL_Driver/Src/stm32f0xx_hal_flash.d" -MT"Drivers/STM32F0xx_HAL_Driver/Src/stm32f0xx_hal_flash.o" --specs=nano.specs -mfloat-abi=soft -mthumb -o "Drivers/STM32F0xx_HAL_Driver/Src/stm32f0xx_hal_flash.o"
arm-none-eabi-gcc "../Drivers/STM32F0xx_HAL_Driver/Src/stm32f0xx_hal_flash_ex.c" -mcpu=cortex-m0 -std=gnu11 -g3 -DUSE_HAL_DRIVER -DSTM32F072xB -DDEBUG -c -I"/home/chris/Projects/Embedded/Optimized_STM32_ILI9341" -I../Drivers/STM32F0xx_HAL_Driver/Inc -I../Drivers/CMSIS/Include -I"/home/chris/Projects/Embedded/Optimized_TSC2046_TouchSceen" -I../Core/Inc -I../Drivers/STM32F0xx_HAL_Driver/Inc/Legacy -I../Drivers/CMSIS/Device/ST/STM32F0xx/Include -O0 -ffunction-sections -fdata-sections -Wall -fstack-usage -MMD -MP -MF"Drivers/STM32F0xx_HAL_Driver/Src/stm32f0xx_hal_flash_ex.d" -MT"Drivers/STM32F0xx_HAL_Driver/Src/stm32f0xx_hal_flash_ex.o" --specs=nano.specs -mfloat-abi=soft -mthumb -o "Drivers/STM32F0xx_HAL_Driver/Src/stm32f0xx_hal_flash_ex.o"
arm-none-eabi-gcc "../Drivers/STM32F0xx_HAL_Driver/Src/stm32f0xx_hal_gpio.c" -mcpu=cortex-m0 -std=gnu11 -g3 -DUSE_HAL_DRIVER -DSTM32F072xB -DDEBUG -c -I"/home/chris/Projects/Embedded/Optimized_STM32_ILI9341" -I../Drivers/STM32F0xx_HAL_Driver/Inc -I../Drivers/CMSIS/Include -I"/home/chris/Projects/Embedded/Optimized_TSC2046_TouchSceen" -I../Core/Inc -I../Drivers/STM32F0xx_HAL_Driver/Inc/Legacy -I../Drivers/CMSIS/Device/ST/STM32F0xx/Include -O0 -ffunction-sections -fdata-sections -Wall -fstack-usage -MMD -MP -MF"Drivers/STM32F0xx_HAL_Driver/Src/stm32f0xx_hal_gpio.d" -MT"Drivers/STM32F0xx_HAL_Driver/Src/stm32f0xx_hal_gpio.o" --specs=nano.specs -mfloat-abi=soft -mthumb -o "Drivers/STM32F0xx_HAL_Driver/Src/stm32f0xx_hal_gpio.o"
arm-none-eabi-gcc "../Drivers/STM32F0xx_HAL_Driver/Src/stm32f0xx_hal_i2c.c" -mcpu=cortex-m0 -std=gnu11 -g3 -DUSE_HAL_DRIVER -DSTM32F072xB -DDEBUG -c -I"/home/chris/Projects/Embedded/Optimized_STM32_ILI9341" -I../Drivers/STM32F0xx_HAL_Driver/Inc -I../Drivers/CMSIS/Include -I"/home/chris/Projects/Embedded/Optimized_TSC2046_TouchSceen" -I../Core/Inc -I../Drivers/STM32F0xx_HAL_Driver/Inc/Legacy -I../Drivers/CMSIS/Device/ST/STM32F0xx/Include -O0 -ffunction-sections -fdata-sections -Wall -fstack-usage -MMD -MP -MF"Drivers/STM32F0xx_HAL_Driver/Src/stm32f0xx_hal_i2c.d" -MT"Drivers/STM32F0xx_HAL_Driver/Src/stm32f0xx_hal_i2c.o" --specs=nano.specs -mfloat-abi=soft -mthumb -o "Drivers/STM32F0xx_HAL_Driver/Src/stm32f0xx_hal_i2c.o"
arm-none-eabi-gcc "../Drivers/STM32F0xx_HAL_Driver/Src/stm32f0xx_hal_i2c_ex.c" -mcpu=cortex-m0 -std=gnu11 -g3 -DUSE_HAL_DRIVER -DSTM32F072xB -DDEBUG -c -I"/home/chris/Projects/Embedded/Optimized_STM32_ILI9341" -I../Drivers/STM32F0xx_HAL_Driver/Inc -I../Drivers/CMSIS/Include -I"/home/chris/Projects/Embedded/Optimized_TSC2046_TouchSceen" -I../Core/Inc -I../Drivers/STM32F0xx_HAL_Driver/Inc/Legacy -I../Drivers/CMSIS/Device/ST/STM32F0xx/Include -O0 -ffunction-sections -fdata-sections -Wall -fstack-usage -MMD -MP -MF"Drivers/STM32F0xx_HAL_Driver/Src/stm32f0xx_hal_i2c_ex.d" -MT"Drivers/STM32F0xx_HAL_Driver/Src/stm32f0xx_hal_i2c_ex.o" --specs=nano.specs -mfloat-abi=soft -mthumb -o "Drivers/STM32F0xx_HAL_Driver/Src/stm32f0xx_hal_i2c_ex.o"
arm-none-eabi-gcc "../Drivers/STM32F0xx_HAL_Driver/Src/stm32f0xx_hal_pwr.c" -mcpu=cortex-m0 -std=gnu11 -g3 -DUSE_HAL_DRIVER -DSTM32F072xB -DDEBUG -c -I"/home/chris/Projects/Embedded/Optimized_STM32_ILI9341" -I../Drivers/STM32F0xx_HAL_Driver/Inc -I../Drivers/CMSIS/Include -I"/home/chris/Projects/Embedded/Optimized_TSC2046_TouchSceen" -I../Core/Inc -I../Drivers/STM32F0xx_HAL_Driver/Inc/Legacy -I../Drivers/CMSIS/Device/ST/STM32F0xx/Include -O0 -ffunction-sections -fdata-sections -Wall -fstack-usage -MMD -MP -MF"Drivers/STM32F0xx_HAL_Driver/Src/stm32f0xx_hal_pwr.d" -MT"Drivers/STM32F0xx_HAL_Driver/Src/stm32f0xx_hal_pwr.o" --specs=nano.specs -mfloat-abi=soft -mthumb -o "Drivers/STM32F0xx_HAL_Driver/Src/stm32f0xx_hal_pwr.o"
arm-none-eabi-gcc "../Drivers/STM32F0xx_HAL_Driver/Src/stm32f0xx_hal_pwr_ex.c" -mcpu=cortex-m0 -std=gnu11 -g3 -DUSE_HAL_DRIVER -DSTM32F072xB -DDEBUG -c -I"/home/chris/Projects/Embedded/Optimized_STM32_ILI9341" -I../Drivers/STM32F0xx_HAL_Driver/Inc -I../Drivers/CMSIS/Include -I"/home/chris/Projects/Embedded/Optimized_TSC2046_TouchSceen" -I../Core/Inc -I../Drivers/STM32F0xx_HAL_Driver/Inc/Legacy -I../Drivers/CMSIS/Device/ST/STM32F0xx/Include -O0 -ffunction-sections -fdata-sections -Wall -fstack-usage -MMD -MP -MF"Drivers/STM32F0xx_HAL_Driver/Src/stm32f0xx_hal_pwr_ex.d" -MT"Drivers/STM32F0xx_HAL_Driver/Src/stm32f0xx_hal_pwr_ex.o" --specs=nano.specs -mfloat-abi=soft -mthumb -o "Drivers/STM32F0xx_HAL_Driver/Src/stm32f0xx_hal_pwr_ex.o"
arm-none-eabi-gcc "../Drivers/STM32F0xx_HAL_Driver/Src/stm32f0xx_hal_rcc.c" -mcpu=cortex-m0 -std=gnu11 -g3 -DUSE_HAL_DRIVER -DSTM32F072xB -DDEBUG -c -I"/home/chris/Projects/Embedded/Optimized_STM32_ILI9341" -I../Drivers/STM32F0xx_HAL_Driver/Inc -I../Drivers/CMSIS/Include -I"/home/chris/Projects/Embedded/Optimized_TSC2046_TouchSceen" -I../Core/Inc -I../Drivers/STM32F0xx_HAL_Driver/Inc/Legacy -I../Drivers/CMSIS/Device/ST/STM32F0xx/Include -O0 -ffunction-sections -fdata-sections -Wall -fstack-usage -MMD -MP -MF"Drivers/STM32F0xx_HAL_Driver/Src/stm32f0xx_hal_rcc.d" -MT"Drivers/STM32F0xx_HAL_Driver/Src/stm32f0xx_hal_rcc.o" --specs=nano.specs -mfloat-abi=soft -mthumb -o "Drivers/STM32F0xx_HAL_Driver/Src/stm32f0xx_hal_rcc.o"
arm-none-eabi-gcc "../Drivers/STM32F0xx_HAL_Driver/Src/stm32f0xx_hal_rcc_ex.c" -mcpu=cortex-m0 -std=gnu11 -g3 -DUSE_HAL_DRIVER -DSTM32F072xB -DDEBUG -c -I"/home/chris/Projects/Embedded/Optimized_STM32_ILI9341" -I../Drivers/STM32F0xx_HAL_Driver/Inc -I../Drivers/CMSIS/Include -I"/home/chris/Projects/Embedded/Optimized_TSC2046_TouchSceen" -I../Core/Inc -I../Drivers/STM32F0xx_HAL_Driver/Inc/Legacy -I../Drivers/CMSIS/Device/ST/STM32F0xx/Include -O0 -ffunction-sections -fdata-sections -Wall -fstack-usage -MMD -MP -MF"Drivers/STM32F0xx_HAL_Driver/Src/stm32f0xx_hal_rcc_ex.d" -MT"Drivers/STM32F0xx_HAL_Driver/Src/stm32f0xx_hal_rcc_ex.o" --specs=nano.specs -mfloat-abi=soft -mthumb -o "Drivers/STM32F0xx_HAL_Driver/Src/stm32f0xx_hal_rcc_ex.o"
arm-none-eabi-gcc "../Drivers/STM32F0xx_HAL_Driver/Src/stm32f0xx_hal_spi.c" -mcpu=cortex-m0 -std=gnu11 -g3 -DUSE_HAL_DRIVER -DSTM32F072xB -DDEBUG -c -I"/home/chris/Projects/Embedded/Optimized_STM32_ILI9341" -I../Drivers/STM32F0xx_HAL_Driver/Inc -I../Drivers/CMSIS/Include -I"/home/chris/Projects/Embedded/Optimized_TSC2046_TouchSceen" -I../Core/Inc -I../Drivers/STM32F0xx_HAL_Driver/Inc/Legacy -I../Drivers/CMSIS/Device/ST/STM32F0xx/Include -O0 -ffunction-sections -fdata-sections -Wall -fstack-usage -MMD -MP -MF"Drivers/STM32F0xx_HAL_Driver/Src/stm32f0xx_hal_spi.d" -MT"Drivers/STM32F0xx_HAL_Driver/Src/stm32f0xx_hal_spi.o" --specs=nano.specs -mfloat-abi=soft -mthumb -o "Drivers/STM32F0xx_HAL_Driver/Src/stm32f0xx_hal_spi.o"
arm-none-eabi-gcc "../Drivers/STM32F0xx_HAL_Driver/Src/stm32f0xx_hal_spi_ex.c" -mcpu=cortex-m0 -std=gnu11 -g3 -DUSE_HAL_DRIVER -DSTM32F072xB -DDEBUG -c -I"/home/chris/Projects/Embedded/Optimized_STM32_ILI9341" -I../Drivers/STM32F0xx_HAL_Driver/Inc -I../Drivers/CMSIS/Include -I"/home/chris/Projects/Embedded/Optimized_TSC2046_TouchSceen" -I../Core/Inc -I../Drivers/STM32F0xx_HAL_Driver/Inc/Legacy -I../Drivers/CMSIS/Device/ST/STM32F0xx/Include -O0 -ffunction-sections -fdata-sections -Wall -fstack-usage -MMD -MP -MF"Drivers/STM32F0xx_HAL_Driver/Src/stm32f0xx_hal_spi_ex.d" -MT"Drivers/STM32F0xx_HAL_Driver/Src/stm32f0xx_hal_spi_ex.o" --specs=nano.specs -mfloat-abi=soft -mthumb -o "Drivers/STM32F0xx_HAL_Driver/Src/stm32f0xx_hal_spi_ex.o"
arm-none-eabi-gcc "../Drivers/STM32F0xx_HAL_Driver/Src/stm32f0xx_hal_tim.c" -mcpu=cortex-m0 -std=gnu11 -g3 -DUSE_HAL_DRIVER -DSTM32F072xB -DDEBUG -c -I"/home/chris/Projects/Embedded/Optimized_STM32_ILI9341" -I../Drivers/STM32F0xx_HAL_Driver/Inc -I../Drivers/CMSIS/Include -I"/home/chris/Projects/Embedded/Optimized_TSC2046_TouchSceen" -I../Core/Inc -I../Drivers/STM32F0xx_HAL_Driver/Inc/Legacy -I../Drivers/CMSIS/Device/ST/STM32F0xx/Include -O0 -ffunction-sections -fdata-sections -Wall -fstack-usage -MMD -MP -MF"Drivers/STM32F0xx_HAL_Driver/Src/stm32f0xx_hal_tim.d" -MT"Drivers/STM32F0xx_HAL_Driver/Src/stm32f0xx_hal_tim.o" --specs=nano.specs -mfloat-abi=soft -mthumb -o "Drivers/STM32F0xx_HAL_Driver/Src/stm32f0xx_hal_tim.o"
arm-none-eabi-gcc "../Drivers/STM32F0xx_HAL_Driver/Src/stm32f0xx_hal_tim_ex.c" -mcpu=cortex-m0 -std=gnu11 -g3 -DUSE_HAL_DRIVER -DSTM32F072xB -DDEBUG -c -I"/home/chris/Projects/Embedded/Optimized_STM32_ILI9341" -I../Drivers/STM32F0xx_HAL_Driver/Inc -I../Drivers/CMSIS/Include -I"/home/chris/Projects/Embedded/Optimized_TSC2046_TouchSceen" -I../Core/Inc -I../Drivers/STM32F0xx_HAL_Driver/Inc/Legacy -I../Drivers/CMSIS/Device/ST/STM32F0xx/Include -O0 -ffunction-sections -fdata-sections -Wall -fstack-usage -MMD -MP -MF"Drivers/STM32F0xx_HAL_Driver/Src/stm32f0xx_hal_tim_ex.d" -MT"Drivers/STM32F0xx_HAL_Driver/Src/stm32f0xx_hal_tim_ex.o" --specs=nano.specs -mfloat-abi=soft -mthumb -o "Drivers/STM32F0xx_HAL_Driver/Src/stm32f0xx_hal_tim_ex.o"
arm-none-eabi-gcc "../Core/Src/adc.c" -mcpu=cortex-m0 -std=gnu11 -g3 -DUSE_HAL_DRIVER -DSTM32F072xB -DDEBUG -c -I"/home/chris/Projects/Embedded/Optimized_STM32_ILI9341" -I../Drivers/STM32F0xx_HAL_Driver/Inc -I../Drivers/CMSIS/Include -I"/home/chris/Projects/Embedded/Optimized_TSC2046_TouchSceen" -I../Core/Inc -I../Drivers/STM32F0xx_HAL_Driver/Inc/Legacy -I../Drivers/CMSIS/Device/ST/STM32F0xx/Include -O0 -ffunction-sections -fdata-sections -Wall -fstack-usage -MMD -MP -MF"Core/Src/adc.d" -MT"Core/Src/adc.o" --specs=nano.specs -mfloat-abi=soft -mthumb -o "Core/Src/adc.o"
arm-none-eabi-gcc "../Core/Src/dma.c" -mcpu=cortex-m0 -std=gnu11 -g3 -DUSE_HAL_DRIVER -DSTM32F072xB -DDEBUG -c -I"/home/chris/Projects/Embedded/Optimized_STM32_ILI9341" -I../Drivers/STM32F0xx_HAL_Driver/Inc -I../Drivers/CMSIS/Include -I"/home/chris/Projects/Embedded/Optimized_TSC2046_TouchSceen" -I../Core/Inc -I../Drivers/STM32F0xx_HAL_Driver/Inc/Legacy -I../Drivers/CMSIS/Device/ST/STM32F0xx/Include -O0 -ffunction-sections -fdata-sections -Wall -fstack-usage -MMD -MP -MF"Core/Src/dma.d" -MT"Core/Src/dma.o" --specs=nano.specs -mfloat-abi=soft -mthumb -o "Core/Src/dma.o"
arm-none-eabi-gcc "../Core/Src/gpio.c" -mcpu=cortex-m0 -std=gnu11 -g3 -DUSE_HAL_DRIVER -DSTM32F072xB -DDEBUG -c -I"/home/chris/Projects/Embedded/Optimized_STM32_ILI9341" -I../Drivers/STM32F0xx_HAL_Driver/Inc -I../Drivers/CMSIS/Include -I"/home/chris/Projects/Embedded/Optimized_TSC2046_TouchSceen" -I../Core/Inc -I../Drivers/STM32F0xx_HAL_Driver/Inc/Legacy -I../Drivers/CMSIS/Device/ST/STM32F0xx/Include -O0 -ffunction-sections -fdata-sections -Wall -fstack-usage -MMD -MP -MF"Core/Src/gpio.d" -MT"Core/Src/gpio.o" --specs=nano.specs -mfloat-abi=soft -mthumb -o "Core/Src/gpio.o"
arm-none-eabi-gcc "../Core/Src/main.c" -mcpu=cortex-m0 -std=gnu11 -g3 -DUSE_HAL_DRIVER -DSTM32F072xB -DDEBUG -c -I"/home/chris/Projects/Embedded/Optimized_STM32_ILI9341" -I../Drivers/STM32F0xx_HAL_Driver/Inc -I../Drivers/CMSIS/Include -I"/home/chris/Projects/Embedded/Optimized_TSC2046_TouchSceen" -I../Core/Inc -I../Drivers/STM32F0xx_HAL_Driver/Inc/Legacy -I../Drivers/CMSIS/Device/ST/STM32F0xx/Include -O0 -ffunction-sections -fdata-sections -Wall -fstack-usage -MMD -MP -MF"Core/Src/main.d" -MT"Core/Src/main.o" --specs=nano.specs -mfloat-abi=soft -mthumb -o "Core/Src/main.o"
arm-none-eabi-gcc "../Core/Src/spi.c" -mcpu=cortex-m0 -std=gnu11 -g3 -DUSE_HAL_DRIVER -DSTM32F072xB -DDEBUG -c -I"/home/chris/Projects/Embedded/Optimized_STM32_ILI9341" -I../Drivers/STM32F0xx_HAL_Driver/Inc -I../Drivers/CMSIS/Include -I"/home/chris/Projects/Embedded/Optimized_TSC2046_TouchSceen" -I../Core/Inc -I../Drivers/STM32F0xx_HAL_Driver/Inc/Legacy -I../Drivers/CMSIS/Device/ST/STM32F0xx/Include -O0 -ffunction-sections -fdata-sections -Wall -fstack-usage -MMD -MP -MF"Core/Src/spi.d" -MT"Core/Src/spi.o" --specs=nano.specs -mfloat-abi=soft -mthumb -o "Core/Src/spi.o"
arm-none-eabi-gcc "../Core/Src/stm32f0xx_hal_msp.c" -mcpu=cortex-m0 -std=gnu11 -g3 -DUSE_HAL_DRIVER -DSTM32F072xB -DDEBUG -c -I"/home/chris/Projects/Embedded/Optimized_STM32_ILI9341" -I../Drivers/STM32F0xx_HAL_Driver/Inc -I../Drivers/CMSIS/Include -I"/home/chris/Projects/Embedded/Optimized_TSC2046_TouchSceen" -I../Core/Inc -I../Drivers/STM32F0xx_HAL_Driver/Inc/Legacy -I../Drivers/CMSIS/Device/ST/STM32F0xx/Include -O0 -ffunction-sections -fdata-sections -Wall -fstack-usage -MMD -MP -MF"Core/Src/stm32f0xx_hal_msp.d" -MT"Core/Src/stm32f0xx_hal_msp.o" --specs=nano.specs -mfloat-abi=soft -mthumb -o "Core/Src/stm32f0xx_hal_msp.o"
arm-none-eabi-gcc "../Core/Src/stm32f0xx_it.c" -mcpu=cortex-m0 -std=gnu11 -g3 -DUSE_HAL_DRIVER -DSTM32F072xB -DDEBUG -c -I"/home/chris/Projects/Embedded/Optimized_STM32_ILI9341" -I../Drivers/STM32F0xx_HAL_Driver/Inc -I../Drivers/CMSIS/Include -I"/home/chris/Projects/Embedded/Optimized_TSC2046_TouchSceen" -I../Core/Inc -I../Drivers/STM32F0xx_HAL_Driver/Inc/Legacy -I../Drivers/CMSIS/Device/ST/STM32F0xx/Include -O0 -ffunction-sections -fdata-sections -Wall -fstack-usage -MMD -MP -MF"Core/Src/stm32f0xx_it.d" -MT"Core/Src/stm32f0xx_it.o" --specs=nano.specs -mfloat-abi=soft -mthumb -o "Core/Src/stm32f0xx_it.o"
arm-none-eabi-gcc "../Core/Src/system_stm32f0xx.c" -mcpu=cortex-m0 -std=gnu11 -g3 -DUSE_HAL_DRIVER -DSTM32F072xB -DDEBUG -c -I"/home/chris/Projects/Embedded/Optimized_STM32_ILI9341" -I../Drivers/STM32F0xx_HAL_Driver/Inc -I../Drivers/CMSIS/Include -I"/home/chris/Projects/Embedded/Optimized_TSC2046_TouchSceen" -I../Core/Inc -I../Drivers/STM32F0xx_HAL_Driver/Inc/Legacy -I../Drivers/CMSIS/Device/ST/STM32F0xx/Include -O0 -ffunction-sections -fdata-sections -Wall -fstack-usage -MMD -MP -MF"Core/Src/system_stm32f0xx.d" -MT"Core/Src/system_stm32f0xx.o" --specs=nano.specs -mfloat-abi=soft -mthumb -o "Core/Src/system_stm32f0xx.o"
arm-none-eabi-gcc "../Core/Src/tim.c" -mcpu=cortex-m0 -std=gnu11 -g3 -DUSE_HAL_DRIVER -DSTM32F072xB -DDEBUG -c -I"/home/chris/Projects/Embedded/Optimized_STM32_ILI9341" -I../Drivers/STM32F0xx_HAL_Driver/Inc -I../Drivers/CMSIS/Include -I"/home/chris/Projects/Embedded/Optimized_TSC2046_TouchSceen" -I../Core/Inc -I../Drivers/STM32F0xx_HAL_Driver/Inc/Legacy -I../Drivers/CMSIS/Device/ST/STM32F0xx/Include -O0 -ffunction-sections -fdata-sections -Wall -fstack-usage -MMD -MP -MF"Core/Src/tim.d" -MT"Core/Src/tim.o" --specs=nano.specs -mfloat-abi=soft -mthumb -o "Core/Src/tim.o"
arm-none-eabi-gcc -o "PSUControllerF072.elf" @"objects.list"   -mcpu=cortex-m0 -T"/home/chris/Projects/Embedded/CommonSlotPSU_TouchScreenController_SW/PSUControllerV2/PSUControllerF072/STM32F072RBTX_FLASH.ld" --specs=nosys.specs -Wl,-Map="PSUControllerF072.map" -Wl,--gc-sections -static --specs=nano.specs -mfloat-abi=soft -mthumb -Wl,--start-group -lc -lm -Wl,--end-group
Finished building target: PSUControllerF072.elf
 
arm-none-eabi-objdump -h -S  PSUControllerF072.elf  > "PSUControllerF072.list"
arm-none-eabi-objcopy  -O binary  PSUControllerF072.elf  "PSUControllerF072.bin"
arm-none-eabi-size   PSUControllerF072.elf 
   text	   data	    bss	    dec	    hex	filename
  19836	    124	   1996	  21956	   55c4	PSUControllerF072.elf
Finished building: default.size.stdout
 
Finished building: PSUControllerF072.bin
 
Finished building: PSUControllerF072.list
 
16:52:48 **** Incremental Build of configuration Debug for project PSUControllerF072 ****
make -j4 all 
arm-none-eabi-gcc "/home/chris/Projects/Embedded/Optimized_TSC2046_TouchSceen/TSC2046_STM32_EventManager.c" -mcpu=cortex-m0 -std=gnu11 -g3 -DUSE_HAL_DRIVER -DSTM32F072xB -DDEBUG -c -I"/home/chris/Projects/Embedded/Optimized_STM32_ILI9341" -I../Drivers/STM32F0xx_HAL_Driver/Inc -I../Drivers/CMSIS/Include -I"/home/chris/Projects/Embedded/Optimized_TSC2046_TouchSceen" -I../Core/Inc -I../Drivers/STM32F0xx_HAL_Driver/Inc/Legacy -I../Drivers/CMSIS/Device/ST/STM32F0xx/Include -O0 -ffunction-sections -fdata-sections -Wall -fstack-usage -MMD -MP -MF"Optimized_TSC2046_TouchSceen/TSC2046_STM32_EventManager.d" -MT"Optimized_TSC2046_TouchSceen/TSC2046_STM32_EventManager.o" --specs=nano.specs -mfloat-abi=soft -mthumb -o "Optimized_TSC2046_TouchSceen/TSC2046_STM32_EventManager.o"
arm-none-eabi-gcc "/home/chris/Projects/Embedded/Optimized_TSC2046_TouchSceen/TSC2046_STM32_HardwareManager.c" -mcpu=cortex-m0 -std=gnu11 -g3 -DUSE_HAL_DRIVER -DSTM32F072xB -DDEBUG -c -I"/home/chris/Projects/Embedded/Optimized_STM32_ILI9341" -I../Drivers/STM32F0xx_HAL_Driver/Inc -I../Drivers/CMSIS/Include -I"/home/chris/Projects/Embedded/Optimized_TSC2046_TouchSceen" -I../Core/Inc -I../Drivers/STM32F0xx_HAL_Driver/Inc/Legacy -I../Drivers/CMSIS/Device/ST/STM32F0xx/Include -O0 -ffunction-sections -fdata-sections -Wall -fstack-usage -MMD -MP -MF"Optimized_TSC2046_TouchSceen/TSC2046_STM32_HardwareManager.d" -MT"Optimized_TSC2046_TouchSceen/TSC2046_STM32_HardwareManager.o" --specs=nano.specs -mfloat-abi=soft -mthumb -o "Optimized_TSC2046_TouchSceen/TSC2046_STM32_HardwareManager.o"
arm-none-eabi-gcc "/home/chris/Projects/Embedded/Optimized_TSC2046_TouchSceen/TSC2046_STM32_InterruptManager.c" -mcpu=cortex-m0 -std=gnu11 -g3 -DUSE_HAL_DRIVER -DSTM32F072xB -DDEBUG -c -I"/home/chris/Projects/Embedded/Optimized_STM32_ILI9341" -I../Drivers/STM32F0xx_HAL_Driver/Inc -I../Drivers/CMSIS/Include -I"/home/chris/Projects/Embedded/Optimized_TSC2046_TouchSceen" -I../Core/Inc -I../Drivers/STM32F0xx_HAL_Driver/Inc/Legacy -I../Drivers/CMSIS/Device/ST/STM32F0xx/Include -O0 -ffunction-sections -fdata-sections -Wall -fstack-usage -MMD -MP -MF"Optimized_TSC2046_TouchSceen/TSC2046_STM32_InterruptManager.d" -MT"Optimized_TSC2046_TouchSceen/TSC2046_STM32_InterruptManager.o" --specs=nano.specs -mfloat-abi=soft -mthumb -o "Optimized_TSC2046_TouchSceen/TSC2046_STM32_InterruptManager.o"
arm-none-eabi-gcc "/home/chris/Projects/Embedded/Optimized_STM32_ILI9341/ILI9341_GFX.c" -mcpu=cortex-m0 -std=gnu11 -g3 -DUSE_HAL_DRIVER -DSTM32F072xB -DDEBUG -c -I"/home/chris/Projects/Embedded/Optimized_STM32_ILI9341" -I../Drivers/STM32F0xx_HAL_Driver/Inc -I../Drivers/CMSIS/Include -I"/home/chris/Projects/Embedded/Optimized_TSC2046_TouchSceen" -I../Core/Inc -I../Drivers/STM32F0xx_HAL_Driver/Inc/Legacy -I../Drivers/CMSIS/Device/ST/STM32F0xx/Include -O0 -ffunction-sections -fdata-sections -Wall -fstack-usage -MMD -MP -MF"Optimized_STM32_ILI9341/ILI9341_GFX.d" -MT"Optimized_STM32_ILI9341/ILI9341_GFX.o" --specs=nano.specs -mfloat-abi=soft -mthumb -o "Optimized_STM32_ILI9341/ILI9341_GFX.o"
arm-none-eabi-gcc "/home/chris/Projects/Embedded/Optimized_STM32_ILI9341/ILI9341_STM32_Driver.c" -mcpu=cortex-m0 -std=gnu11 -g3 -DUSE_HAL_DRIVER -DSTM32F072xB -DDEBUG -c -I"/home/chris/Projects/Embedded/Optimized_STM32_ILI9341" -I../Drivers/STM32F0xx_HAL_Driver/Inc -I../Drivers/CMSIS/Include -I"/home/chris/Projects/Embedded/Optimized_TSC2046_TouchSceen" -I../Core/Inc -I../Drivers/STM32F0xx_HAL_Driver/Inc/Legacy -I../Drivers/CMSIS/Device/ST/STM32F0xx/Include -O0 -ffunction-sections -fdata-sections -Wall -fstack-usage -MMD -MP -MF"Optimized_STM32_ILI9341/ILI9341_STM32_Driver.d" -MT"Optimized_STM32_ILI9341/ILI9341_STM32_Driver.o" --specs=nano.specs -mfloat-abi=soft -mthumb -o "Optimized_STM32_ILI9341/ILI9341_STM32_Driver.o"
arm-none-eabi-gcc "../Drivers/STM32F0xx_HAL_Driver/Src/stm32f0xx_hal.c" -mcpu=cortex-m0 -std=gnu11 -g3 -DUSE_HAL_DRIVER -DSTM32F072xB -DDEBUG -c -I"/home/chris/Projects/Embedded/Optimized_STM32_ILI9341" -I../Drivers/STM32F0xx_HAL_Driver/Inc -I../Drivers/CMSIS/Include -I"/home/chris/Projects/Embedded/Optimized_TSC2046_TouchSceen" -I../Core/Inc -I../Drivers/STM32F0xx_HAL_Driver/Inc/Legacy -I../Drivers/CMSIS/Device/ST/STM32F0xx/Include -O0 -ffunction-sections -fdata-sections -Wall -fstack-usage -MMD -MP -MF"Drivers/STM32F0xx_HAL_Driver/Src/stm32f0xx_hal.d" -MT"Drivers/STM32F0xx_HAL_Driver/Src/stm32f0xx_hal.o" --specs=nano.specs -mfloat-abi=soft -mthumb -o "Drivers/STM32F0xx_HAL_Driver/Src/stm32f0xx_hal.o"
arm-none-eabi-gcc "../Drivers/STM32F0xx_HAL_Driver/Src/stm32f0xx_hal_adc.c" -mcpu=cortex-m0 -std=gnu11 -g3 -DUSE_HAL_DRIVER -DSTM32F072xB -DDEBUG -c -I"/home/chris/Projects/Embedded/Optimized_STM32_ILI9341" -I../Drivers/STM32F0xx_HAL_Driver/Inc -I../Drivers/CMSIS/Include -I"/home/chris/Projects/Embedded/Optimized_TSC2046_TouchSceen" -I../Core/Inc -I../Drivers/STM32F0xx_HAL_Driver/Inc/Legacy -I../Drivers/CMSIS/Device/ST/STM32F0xx/Include -O0 -ffunction-sections -fdata-sections -Wall -fstack-usage -MMD -MP -MF"Drivers/STM32F0xx_HAL_Driver/Src/stm32f0xx_hal_adc.d" -MT"Drivers/STM32F0xx_HAL_Driver/Src/stm32f0xx_hal_adc.o" --specs=nano.specs -mfloat-abi=soft -mthumb -o "Drivers/STM32F0xx_HAL_Driver/Src/stm32f0xx_hal_adc.o"
arm-none-eabi-gcc "../Drivers/STM32F0xx_HAL_Driver/Src/stm32f0xx_hal_adc_ex.c" -mcpu=cortex-m0 -std=gnu11 -g3 -DUSE_HAL_DRIVER -DSTM32F072xB -DDEBUG -c -I"/home/chris/Projects/Embedded/Optimized_STM32_ILI9341" -I../Drivers/STM32F0xx_HAL_Driver/Inc -I../Drivers/CMSIS/Include -I"/home/chris/Projects/Embedded/Optimized_TSC2046_TouchSceen" -I../Core/Inc -I../Drivers/STM32F0xx_HAL_Driver/Inc/Legacy -I../Drivers/CMSIS/Device/ST/STM32F0xx/Include -O0 -ffunction-sections -fdata-sections -Wall -fstack-usage -MMD -MP -MF"Drivers/STM32F0xx_HAL_Driver/Src/stm32f0xx_hal_adc_ex.d" -MT"Drivers/STM32F0xx_HAL_Driver/Src/stm32f0xx_hal_adc_ex.o" --specs=nano.specs -mfloat-abi=soft -mthumb -o "Drivers/STM32F0xx_HAL_Driver/Src/stm32f0xx_hal_adc_ex.o"
arm-none-eabi-gcc "../Drivers/STM32F0xx_HAL_Driver/Src/stm32f0xx_hal_cortex.c" -mcpu=cortex-m0 -std=gnu11 -g3 -DUSE_HAL_DRIVER -DSTM32F072xB -DDEBUG -c -I"/home/chris/Projects/Embedded/Optimized_STM32_ILI9341" -I../Drivers/STM32F0xx_HAL_Driver/Inc -I../Drivers/CMSIS/Include -I"/home/chris/Projects/Embedded/Optimized_TSC2046_TouchSceen" -I../Core/Inc -I../Drivers/STM32F0xx_HAL_Driver/Inc/Legacy -I../Drivers/CMSIS/Device/ST/STM32F0xx/Include -O0 -ffunction-sections -fdata-sections -Wall -fstack-usage -MMD -MP -MF"Drivers/STM32F0xx_HAL_Driver/Src/stm32f0xx_hal_cortex.d" -MT"Drivers/STM32F0xx_HAL_Driver/Src/stm32f0xx_hal_cortex.o" --specs=nano.specs -mfloat-abi=soft -mthumb -o "Drivers/STM32F0xx_HAL_Driver/Src/stm32f0xx_hal_cortex.o"
arm-none-eabi-gcc "../Drivers/STM32F0xx_HAL_Driver/Src/stm32f0xx_hal_dma.c" -mcpu=cortex-m0 -std=gnu11 -g3 -DUSE_HAL_DRIVER -DSTM32F072xB -DDEBUG -c -I"/home/chris/Projects/Embedded/Optimized_STM32_ILI9341" -I../Drivers/STM32F0xx_HAL_Driver/Inc -I../Drivers/CMSIS/Include -I"/home/chris/Projects/Embedded/Optimized_TSC2046_TouchSceen" -I../Core/Inc -I../Drivers/STM32F0xx_HAL_Driver/Inc/Legacy -I../Drivers/CMSIS/Device/ST/STM32F0xx/Include -O0 -ffunction-sections -fdata-sections -Wall -fstack-usage -MMD -MP -MF"Drivers/STM32F0xx_HAL_Driver/Src/stm32f0xx_hal_dma.d" -MT"Drivers/STM32F0xx_HAL_Driver/Src/stm32f0xx_hal_dma.o" --specs=nano.specs -mfloat-abi=soft -mthumb -o "Drivers/STM32F0xx_HAL_Driver/Src/stm32f0xx_hal_dma.o"
[...]
Finished building target: PSUControllerF072.elf
 
arm-none-eabi-objdump -h -S  PSUControllerF072.elf  > "PSUControllerF072.list"
arm-none-eabi-objcopy  -O binary  PSUControllerF072.elf  "PSUControllerF072.bin"
arm-none-eabi-size   PSUControllerF072.elf 
   text	   data	    bss	    dec	    hex	filename
  34064	    488	   1928	  36480	   8e80	PSUControllerF072.elf
Finished building: default.size.stdout
Finished building: PSUControllerF072.bin
 
 
Finished building: PSUControllerF072.list
 
23:37:17 **** Incremental Build of configuration Debug for project PSUControllerF072 ****
make -j4 all 
arm-none-eabi-size   PSUControllerF072.elf 
   text	   data	    bss	    dec	    hex	filename
  34064	    488	   1928	  36480	   8e80	PSUControllerF072.elf
Finished building: default.size.stdout
 
23:40:00 **** Incremental Build of configuration Debug for project PSUControllerF072 ****
make -j4 all 
arm-none-eabi-gcc "../Core/Src/UserTasks.c" -mcpu=cortex-m0 -std=gnu11 -g3 -DUSE_HAL_DRIVER -DSTM32F072xB -DDEBUG -c -I"/home/chris/Projects/Embedded/Optimized_STM32_ILI9341" -I../Drivers/STM32F0xx_HAL_Driver/Inc -I../Drivers/CMSIS/Include -I"/home/chris/Projects/Embedded/Optimized_TSC2046_TouchSceen" -I../Core/Inc -I../Drivers/STM32F0xx_HAL_Driver/Inc/Legacy -I../Drivers/CMSIS/Device/ST/STM32F0xx/Include -O0 -ffunction-sections -fdata-sections -Wall -fstack-usage -MMD -MP -MF"Core/Src/UserTasks.d" -MT"Core/Src/UserTasks.o" --specs=nano.specs -mfloat-abi=soft -mthumb -o "Core/Src/UserTasks.o"
arm-none-eabi-gcc "../Core/Src/main.c" -mcpu=cortex-m0 -std=gnu11 -g3 -DUSE_HAL_DRIVER -DSTM32F072xB -DDEBUG -c -I"/home/chris/Projects/Embedded/Optimized_STM32_ILI9341" -I../Drivers/STM32F0xx_HAL_Driver/Inc -I../Drivers/CMSIS/Include -I"/home/chris/Projects/Embedded/Optimized_TSC2046_TouchSceen" -I../Core/Inc -I../Drivers/STM32F0xx_HAL_Driver/Inc/Legacy -I../Drivers/CMSIS/Device/ST/STM32F0xx/Include -O0 -ffunction-sections -fdata-sections -Wall -fstack-usage -MMD -MP -MF"Core/Src/main.d" -MT"Core/Src/main.o" --specs=nano.specs -mfloat-abi=soft -mthumb -o "Core/Src/main.o"
../Core/Src/main.c: In function 'main':
../Core/Src/main.c:125:4: warning: implicit declaration of function 'UserPollADC' [-Wimplicit-function-declaration]
    UserPollADC();
    ^~~~~~~~~~~
arm-none-eabi-gcc -o "PSUControllerF072.elf" @"objects.list"   -mcpu=cortex-m0 -T"/home/chris/Projects/Embedded/CommonSlotPSU_TouchScreenController_SW/PSUControllerV2/PSUControllerF072/STM32F072RBTX_FLASH.ld" --specs=nosys.specs -Wl,-Map="PSUControllerF072.map" -Wl,--gc-sections -static -u _printf_float --specs=nano.specs -mfloat-abi=soft -mthumb -Wl,--start-group -lc -lm -Wl,--end-group
Finished building target: PSUControllerF072.elf
 
arm-none-eabi-objdump -h -S  PSUControllerF072.elf  > "PSUControllerF072.list"
arm-none-eabi-objcopy  -O binary  PSUControllerF072.elf  "PSUControllerF072.bin"
arm-none-eabi-size   PSUControllerF072.elf 
   text	   data	    bss	    dec	    hex	filename
  34096	    488	   1928	  36512	   8ea0	PSUControllerF072.elf
Finished building: default.size.stdout
 
Finished building: PSUControllerF072.bin
 
Finished building: PSUControllerF072.list
 
23:42:23 **** Incremental Build of configuration Debug for project PSUControllerF072 ****
make -j4 all 
arm-none-eabi-gcc "../Core/Src/UserTasks.c" -mcpu=cortex-m0 -std=gnu11 -g3 -DUSE_HAL_DRIVER -DSTM32F072xB -DDEBUG -c -I"/home/chris/Projects/Embedded/Optimized_STM32_ILI9341" -I../Drivers/STM32F0xx_HAL_Driver/Inc -I../Drivers/CMSIS/Include -I"/home/chris/Projects/Embedded/Optimized_TSC2046_TouchSceen" -I../Core/Inc -I../Drivers/STM32F0xx_HAL_Driver/Inc/Legacy -I../Drivers/CMSIS/Device/ST/STM32F0xx/Include -O0 -ffunction-sections -fdata-sections -Wall -fstack-usage -MMD -MP -MF"Core/Src/UserTasks.d" -MT"Core/Src/UserTasks.o" --specs=nano.specs -mfloat-abi=soft -mthumb -o "Core/Src/UserTasks.o"
arm-none-eabi-gcc -o "PSUControllerF072.elf" @"objects.list"   -mcpu=cortex-m0 -T"/home/chris/Projects/Embedded/CommonSlotPSU_TouchScreenController_SW/PSUControllerV2/PSUControllerF072/STM32F072RBTX_FLASH.ld" --specs=nosys.specs -Wl,-Map="PSUControllerF072.map" -Wl,--gc-sections -static -u _printf_float --specs=nano.specs -mfloat-abi=soft -mthumb -Wl,--start-group -lc -lm -Wl,--end-group
Finished building target: PSUControllerF072.elf
 
arm-none-eabi-objdump -h -S  PSUControllerF072.elf  > "PSUControllerF072.list"
arm-none-eabi-objcopy  -O binary  PSUControllerF072.elf  "PSUControllerF072.bin"
arm-none-eabi-size   PSUControllerF072.elf 
   text	   data	    bss	    dec	    hex	filename
  34136	    488	   1928	  36552	   8ec8	PSUControllerF072.elf
Finished building: default.size.stdout
 
Finished building: PSUControllerF072.bin
 
Finished building: PSUControllerF072.list
 
23:42:43 **** Incremental Build of configuration Debug for project PSUControllerF072 ****
make -j4 all 
arm-none-eabi-gcc "../Core/Src/UserTasks.c" -mcpu=cortex-m0 -std=gnu11 -g3 -DUSE_HAL_DRIVER -DSTM32F072xB -DDEBUG -c -I"/home/chris/Projects/Embedded/Optimized_STM32_ILI9341" -I../Drivers/STM32F0xx_HAL_Driver/Inc -I../Drivers/CMSIS/Include -I"/home/chris/Projects/Embedded/Optimized_TSC2046_TouchSceen" -I../Core/Inc -I../Drivers/STM32F0xx_HAL_Driver/Inc/Legacy -I../Drivers/CMSIS/Device/ST/STM32F0xx/Include -O0 -ffunction-sections -fdata-sections -Wall -fstack-usage -MMD -MP -MF"Core/Src/UserTasks.d" -MT"Core/Src/UserTasks.o" --specs=nano.specs -mfloat-abi=soft -mthumb -o "Core/Src/UserTasks.o"
arm-none-eabi-gcc -o "PSUControllerF072.elf" @"objects.list"   -mcpu=cortex-m0 -T"/home/chris/Projects/Embedded/CommonSlotPSU_TouchScreenController_SW/PSUControllerV2/PSUControllerF072/STM32F072RBTX_FLASH.ld" --specs=nosys.specs -Wl,-Map="PSUControllerF072.map" -Wl,--gc-sections -static -u _printf_float --specs=nano.specs -mfloat-abi=soft -mthumb -Wl,--start-group -lc -lm -Wl,--end-group
Finished building target: PSUControllerF072.elf
 
arm-none-eabi-objdump -h -S  PSUControllerF072.elf  > "PSUControllerF072.list"
arm-none-eabi-objcopy  -O binary  PSUControllerF072.elf  "PSUControllerF072.bin"
arm-none-eabi-size   PSUControllerF072.elf 
   text	   data	    bss	    dec	    hex	filename
  34136	    488	   1928	  36552	   8ec8	PSUControllerF072.elf
Finished building: PSUControllerF072.bin
Finished building: default.size.stdout
 
 
Finished building: PSUControllerF072.list
 
23:43:16 **** Incremental Build of configuration Debug for project PSUControllerF072 ****
make -j4 all 
arm-none-eabi-gcc "../Core/Src/UserTasks.c" -mcpu=cortex-m0 -std=gnu11 -g3 -DUSE_HAL_DRIVER -DSTM32F072xB -DDEBUG -c -I"/home/chris/Projects/Embedded/Optimized_STM32_ILI9341" -I../Drivers/STM32F0xx_HAL_Driver/Inc -I../Drivers/CMSIS/Include -I"/home/chris/Projects/Embedded/Optimized_TSC2046_TouchSceen" -I../Core/Inc -I../Drivers/STM32F0xx_HAL_Driver/Inc/Legacy -I../Drivers/CMSIS/Device/ST/STM32F0xx/Include -O0 -ffunction-sections -fdata-sections -Wall -fstack-usage -MMD -MP -MF"Core/Src/UserTasks.d" -MT"Core/Src/UserTasks.o" --specs=nano.specs -mfloat-abi=soft -mthumb -o "Core/Src/UserTasks.o"
arm-none-eabi-gcc -o "PSUControllerF072.elf" @"objects.list"   -mcpu=cortex-m0 -T"/home/chris/Projects/Embedded/CommonSlotPSU_TouchScreenController_SW/PSUControllerV2/PSUControllerF072/STM32F072RBTX_FLASH.ld" --specs=nosys.specs -Wl,-Map="PSUControllerF072.map" -Wl,--gc-sections -static -u _printf_float --specs=nano.specs -mfloat-abi=soft -mthumb -Wl,--start-group -lc -lm -Wl,--end-group
Finished building target: PSUControllerF072.elf
 
arm-none-eabi-objdump -h -S  PSUControllerF072.elf  > "PSUControllerF072.list"
arm-none-eabi-objcopy  -O binary  PSUControllerF072.elf  "PSUControllerF072.bin"
arm-none-eabi-size   PSUControllerF072.elf 
   text	   data	    bss	    dec	    hex	filename
  34140	    488	   1928	  36556	   8ecc	PSUControllerF072.elf
Finished building: default.size.stdout
Finished building: PSUControllerF072.bin
 
 
Finished building: PSUControllerF072.list
 
23:44:03 **** Incremental Build of configuration Debug for project PSUControllerF072 ****
make -j4 all 
arm-none-eabi-gcc "../Core/Src/main.c" -mcpu=cortex-m0 -std=gnu11 -g3 -DUSE_HAL_DRIVER -DSTM32F072xB -DDEBUG -c -I"/home/chris/Projects/Embedded/Optimized_STM32_ILI9341" -I../Drivers/STM32F0xx_HAL_Driver/Inc -I../Drivers/CMSIS/Include -I"/home/chris/Projects/Embedded/Optimized_TSC2046_TouchSceen" -I../Core/Inc -I../Drivers/STM32F0xx_HAL_Driver/Inc/Legacy -I../Drivers/CMSIS/Device/ST/STM32F0xx/Include -O0 -ffunction-sections -fdata-sections -Wall -fstack-usage -MMD -MP -MF"Core/Src/main.d" -MT"Core/Src/main.o" --specs=nano.specs -mfloat-abi=soft -mthumb -o "Core/Src/main.o"
../Core/Src/main.c: In function 'main':
../Core/Src/main.c:125:4: warning: implicit declaration of function 'UserPollADC' [-Wimplicit-function-declaration]
    UserPollADC();
    ^~~~~~~~~~~
arm-none-eabi-gcc -o "PSUControllerF072.elf" @"objects.list"   -mcpu=cortex-m0 -T"/home/chris/Projects/Embedded/CommonSlotPSU_TouchScreenController_SW/PSUControllerV2/PSUControllerF072/STM32F072RBTX_FLASH.ld" --specs=nosys.specs -Wl,-Map="PSUControllerF072.map" -Wl,--gc-sections -static -u _printf_float --specs=nano.specs -mfloat-abi=soft -mthumb -Wl,--start-group -lc -lm -Wl,--end-group
Finished building target: PSUControllerF072.elf
 
arm-none-eabi-objdump -h -S  PSUControllerF072.elf  > "PSUControllerF072.list"
arm-none-eabi-objcopy  -O binary  PSUControllerF072.elf  "PSUControllerF072.bin"
arm-none-eabi-size   PSUControllerF072.elf 
   text	   data	    bss	    dec	    hex	filename
  34140	    488	   1928	  36556	   8ecc	PSUControllerF072.elf
Finished building: PSUControllerF072.bin
 
Finished building: default.size.stdout
 
Finished building: PSUControllerF072.list
 
23:44:14 **** Incremental Build of configuration Debug for project PSUControllerF072 ****
make -j4 all 
arm-none-eabi-size   PSUControllerF072.elf 
   text	   data	    bss	    dec	    hex	filename
  34140	    488	   1928	  36556	   8ecc	PSUControllerF072.elf
Finished building: default.size.stdout
 
23:56:14 **** Incremental Build of configuration Debug for project PSUControllerF072 ****
make -j4 all 
arm-none-eabi-gcc "../Core/Src/UserTasks.c" -mcpu=cortex-m0 -std=gnu11 -g3 -DUSE_HAL_DRIVER -DSTM32F072xB -DDEBUG -c -I"/home/chris/Projects/Embedded/Optimized_STM32_ILI9341" -I../Drivers/STM32F0xx_HAL_Driver/Inc -I../Drivers/CMSIS/Include -I"/home/chris/Projects/Embedded/Optimized_TSC2046_TouchSceen" -I../Core/Inc -I../Drivers/STM32F0xx_HAL_Driver/Inc/Legacy -I../Drivers/CMSIS/Device/ST/STM32F0xx/Include -O0 -ffunction-sections -fdata-sections -Wall -fstack-usage -MMD -MP -MF"Core/Src/UserTasks.d" -MT"Core/Src/UserTasks.o" --specs=nano.specs -mfloat-abi=soft -mthumb -o "Core/Src/UserTasks.o"
arm-none-eabi-gcc -o "PSUControllerF072.elf" @"objects.list"   -mcpu=cortex-m0 -T"/home/chris/Projects/Embedded/CommonSlotPSU_TouchScreenController_SW/PSUControllerV2/PSUControllerF072/STM32F072RBTX_FLASH.ld" --specs=nosys.specs -Wl,-Map="PSUControllerF072.map" -Wl,--gc-sections -static -u _printf_float --specs=nano.specs -mfloat-abi=soft -mthumb -Wl,--start-group -lc -lm -Wl,--end-group
Finished building target: PSUControllerF072.elf
 
arm-none-eabi-objdump -h -S  PSUControllerF072.elf  > "PSUControllerF072.list"
arm-none-eabi-objcopy  -O binary  PSUControllerF072.elf  "PSUControllerF072.bin"
arm-none-eabi-size   PSUControllerF072.elf 
   text	   data	    bss	    dec	    hex	filename
  35036	    488	   1936	  37460	   9254	PSUControllerF072.elf
Finished building: default.size.stdout
 
Finished building: PSUControllerF072.bin
 
Finished building: PSUControllerF072.list
 
23:56:36 **** Incremental Build of configuration Debug for project PSUControllerF072 ****
make -j4 all 
arm-none-eabi-size   PSUControllerF072.elf 
   text	   data	    bss	    dec	    hex	filename
  35036	    488	   1936	  37460	   9254	PSUControllerF072.elf
Finished building: default.size.stdout
 
23:57:24 **** Incremental Build of configuration Debug for project PSUControllerF072 ****
make -j4 all 
arm-none-eabi-gcc "../Core/Src/UserTasks.c" -mcpu=cortex-m0 -std=gnu11 -g3 -DUSE_HAL_DRIVER -DSTM32F072xB -DDEBUG -c -I"/home/chris/Projects/Embedded/Optimized_STM32_ILI9341" -I../Drivers/STM32F0xx_HAL_Driver/Inc -I../Drivers/CMSIS/Include -I"/home/chris/Projects/Embedded/Optimized_TSC2046_TouchSceen" -I../Core/Inc -I../Drivers/STM32F0xx_HAL_Driver/Inc/Legacy -I../Drivers/CMSIS/Device/ST/STM32F0xx/Include -O0 -ffunction-sections -fdata-sections -Wall -fstack-usage -MMD -MP -MF"Core/Src/UserTasks.d" -MT"Core/Src/UserTasks.o" --specs=nano.specs -mfloat-abi=soft -mthumb -o "Core/Src/UserTasks.o"
arm-none-eabi-gcc -o "PSUControllerF072.elf" @"objects.list"   -mcpu=cortex-m0 -T"/home/chris/Projects/Embedded/CommonSlotPSU_TouchScreenController_SW/PSUControllerV2/PSUControllerF072/STM32F072RBTX_FLASH.ld" --specs=nosys.specs -Wl,-Map="PSUControllerF072.map" -Wl,--gc-sections -static -u _printf_float --specs=nano.specs -mfloat-abi=soft -mthumb -Wl,--start-group -lc -lm -Wl,--end-group
Finished building target: PSUControllerF072.elf
 
arm-none-eabi-objdump -h -S  PSUControllerF072.elf  > "PSUControllerF072.list"
arm-none-eabi-objcopy  -O binary  PSUControllerF072.elf  "PSUControllerF072.bin"
arm-none-eabi-size   PSUControllerF072.elf 
   text	   data	    bss	    dec	    hex	filename
  35036	    488	   1936	  37460	   9254	PSUControllerF072.elf
Finished building: default.size.stdout
 
Finished building: PSUControllerF072.bin
 
Finished building: PSUControllerF072.list
 
23:58:36 **** Incremental Build of configuration Debug for project PSUControllerF072 ****
make -j4 all 
arm-none-eabi-gcc "../Core/Src/UserTasks.c" -mcpu=cortex-m0 -std=gnu11 -g3 -DUSE_HAL_DRIVER -DSTM32F072xB -DDEBUG -c -I"/home/chris/Projects/Embedded/Optimized_STM32_ILI9341" -I../Drivers/STM32F0xx_HAL_Driver/Inc -I../Drivers/CMSIS/Include -I"/home/chris/Projects/Embedded/Optimized_TSC2046_TouchSceen" -I../Core/Inc -I../Drivers/STM32F0xx_HAL_Driver/Inc/Legacy -I../Drivers/CMSIS/Device/ST/STM32F0xx/Include -O0 -ffunction-sections -fdata-sections -Wall -fstack-usage -MMD -MP -MF"Core/Src/UserTasks.d" -MT"Core/Src/UserTasks.o" --specs=nano.specs -mfloat-abi=soft -mthumb -o "Core/Src/UserTasks.o"
arm-none-eabi-gcc -o "PSUControllerF072.elf" @"objects.list"   -mcpu=cortex-m0 -T"/home/chris/Projects/Embedded/CommonSlotPSU_TouchScreenController_SW/PSUControllerV2/PSUControllerF072/STM32F072RBTX_FLASH.ld" --specs=nosys.specs -Wl,-Map="PSUControllerF072.map" -Wl,--gc-sections -static -u _printf_float --specs=nano.specs -mfloat-abi=soft -mthumb -Wl,--start-group -lc -lm -Wl,--end-group
Finished building target: PSUControllerF072.elf
 
arm-none-eabi-objdump -h -S  PSUControllerF072.elf  > "PSUControllerF072.list"
arm-none-eabi-objcopy  -O binary  PSUControllerF072.elf  "PSUControllerF072.bin"
arm-none-eabi-size   PSUControllerF072.elf 
   text	   data	    bss	    dec	    hex	filename
  34748	    488	   1936	  37172	   9134	PSUControllerF072.elf
Finished building: default.size.stdout
Finished building: PSUControllerF072.bin
 
 
Finished building: PSUControllerF072.list
 
23:59:24 **** Incremental Build of configuration Debug for project PSUControllerF072 ****
make -j4 all 
arm-none-eabi-gcc "../Core/Src/UserTasks.c" -mcpu=cortex-m0 -std=gnu11 -g3 -DUSE_HAL_DRIVER -DSTM32F072xB -DDEBUG -c -I"/home/chris/Projects/Embedded/Optimized_STM32_ILI9341" -I../Drivers/STM32F0xx_HAL_Driver/Inc -I../Drivers/CMSIS/Include -I"/home/chris/Projects/Embedded/Optimized_TSC2046_TouchSceen" -I../Core/Inc -I../Drivers/STM32F0xx_HAL_Driver/Inc/Legacy -I../Drivers/CMSIS/Device/ST/STM32F0xx/Include -O0 -ffunction-sections -fdata-sections -Wall -fstack-usage -MMD -MP -MF"Core/Src/UserTasks.d" -MT"Core/Src/UserTasks.o" --specs=nano.specs -mfloat-abi=soft -mthumb -o "Core/Src/UserTasks.o"
arm-none-eabi-gcc -o "PSUControllerF072.elf" @"objects.list"   -mcpu=cortex-m0 -T"/home/chris/Projects/Embedded/CommonSlotPSU_TouchScreenController_SW/PSUControllerV2/PSUControllerF072/STM32F072RBTX_FLASH.ld" --specs=nosys.specs -Wl,-Map="PSUControllerF072.map" -Wl,--gc-sections -static -u _printf_float --specs=nano.specs -mfloat-abi=soft -mthumb -Wl,--start-group -lc -lm -Wl,--end-group
Finished building target: PSUControllerF072.elf
 
arm-none-eabi-objdump -h -S  PSUControllerF072.elf  > "PSUControllerF072.list"
arm-none-eabi-objcopy  -O binary  PSUControllerF072.elf  "PSUControllerF072.bin"
arm-none-eabi-size   PSUControllerF072.elf 
   text	   data	    bss	    dec	    hex	filename
  34748	    488	   1936	  37172	   9134	PSUControllerF072.elf
Finished building: default.size.stdout
 
Finished building: PSUControllerF072.bin
 
Finished building: PSUControllerF072.list
 
00:00:00 **** Incremental Build of configuration Debug for project PSUControllerF072 ****
make -j4 all 
arm-none-eabi-gcc "../Core/Src/UserTasks.c" -mcpu=cortex-m0 -std=gnu11 -g3 -DUSE_HAL_DRIVER -DSTM32F072xB -DDEBUG -c -I"/home/chris/Projects/Embedded/Optimized_STM32_ILI9341" -I../Drivers/STM32F0xx_HAL_Driver/Inc -I../Drivers/CMSIS/Include -I"/home/chris/Projects/Embedded/Optimized_TSC2046_TouchSceen" -I../Core/Inc -I../Drivers/STM32F0xx_HAL_Driver/Inc/Legacy -I../Drivers/CMSIS/Device/ST/STM32F0xx/Include -O0 -ffunction-sections -fdata-sections -Wall -fstack-usage -MMD -MP -MF"Core/Src/UserTasks.d" -MT"Core/Src/UserTasks.o" --specs=nano.specs -mfloat-abi=soft -mthumb -o "Core/Src/UserTasks.o"
arm-none-eabi-gcc -o "PSUControllerF072.elf" @"objects.list"   -mcpu=cortex-m0 -T"/home/chris/Projects/Embedded/CommonSlotPSU_TouchScreenController_SW/PSUControllerV2/PSUControllerF072/STM32F072RBTX_FLASH.ld" --specs=nosys.specs -Wl,-Map="PSUControllerF072.map" -Wl,--gc-sections -static -u _printf_float --specs=nano.specs -mfloat-abi=soft -mthumb -Wl,--start-group -lc -lm -Wl,--end-group
Finished building target: PSUControllerF072.elf
 
arm-none-eabi-objdump -h -S  PSUControllerF072.elf  > "PSUControllerF072.list"
arm-none-eabi-objcopy  -O binary  PSUControllerF072.elf  "PSUControllerF072.bin"
arm-none-eabi-size   PSUControllerF072.elf 
   text	   data	    bss	    dec	    hex	filename
  34748	    488	   1936	  37172	   9134	PSUControllerF072.elf
Finished building: default.size.stdout
 
Finished building: PSUControllerF072.bin
 
Finished building: PSUControllerF072.list
 
00:00:54 **** Incremental Build of configuration Debug for project PSUControllerF072 ****
make -j4 all 
arm-none-eabi-gcc "../Core/Src/UserTasks.c" -mcpu=cortex-m0 -std=gnu11 -g3 -DUSE_HAL_DRIVER -DSTM32F072xB -DDEBUG -c -I"/home/chris/Projects/Embedded/Optimized_STM32_ILI9341" -I../Drivers/STM32F0xx_HAL_Driver/Inc -I../Drivers/CMSIS/Include -I"/home/chris/Projects/Embedded/Optimized_TSC2046_TouchSceen" -I../Core/Inc -I../Drivers/STM32F0xx_HAL_Driver/Inc/Legacy -I../Drivers/CMSIS/Device/ST/STM32F0xx/Include -O0 -ffunction-sections -fdata-sections -Wall -fstack-usage -MMD -MP -MF"Core/Src/UserTasks.d" -MT"Core/Src/UserTasks.o" --specs=nano.specs -mfloat-abi=soft -mthumb -o "Core/Src/UserTasks.o"
arm-none-eabi-gcc -o "PSUControllerF072.elf" @"objects.list"   -mcpu=cortex-m0 -T"/home/chris/Projects/Embedded/CommonSlotPSU_TouchScreenController_SW/PSUControllerV2/PSUControllerF072/STM32F072RBTX_FLASH.ld" --specs=nosys.specs -Wl,-Map="PSUControllerF072.map" -Wl,--gc-sections -static -u _printf_float --specs=nano.specs -mfloat-abi=soft -mthumb -Wl,--start-group -lc -lm -Wl,--end-group
Finished building target: PSUControllerF072.elf
 
arm-none-eabi-objdump -h -S  PSUControllerF072.elf  > "PSUControllerF072.list"
arm-none-eabi-objcopy  -O binary  PSUControllerF072.elf  "PSUControllerF072.bin"
arm-none-eabi-size   PSUControllerF072.elf 
   text	   data	    bss	    dec	    hex	filename
  35036	    488	   1936	  37460	   9254	PSUControllerF072.elf
Finished building: default.size.stdout
Finished building: PSUControllerF072.bin
 
 
Finished building: PSUControllerF072.list
 
