TSC2046_STM32_HardwareManager.c:33:6:TSC2046_HM_Init	8	static
TSC2046_STM32_HardwareManager.c:49:27:TSC2046_HM_ReadAnalogInput	56	static,ignoring_inline_asm
TSC2046_STM32_HardwareManager.c:164:6:TSC2046_HM_ConvertToQVGA	24	static
TSC2046_STM32_HardwareManager.c:192:6:_SetCsPinHigh	8	static
TSC2046_STM32_HardwareManager.c:197:6:_SetCsPinLow	8	static
TSC2046_STM32_HardwareManager.c:202:6:_EnableSPI	8	static
TSC2046_STM32_HardwareManager.c:212:6:_SpiTransmit8	16	static
TSC2046_STM32_HardwareManager.c:220:10:_SpiReceive16	16	static
TSC2046_STM32_HardwareManager.c:230:6:_SpiOverflowReset	8	static
