11:12:07 **** Build of configuration Debug for project HPECommonSlot_BreakoutModule_SW_F072 ****
make -j4 all 
arm-none-eabi-size   HPECommonSlot_BreakoutModule_SW_F072.elf 
   text	   data	    bss	    dec	    hex	filename
  16116	    124	   1860	  18100	   46b4	HPECommonSlot_BreakoutModule_SW_F072.elf
Finished building: default.size.stdout
 
11:13:26 **** Incremental Build of configuration Debug for project HPECommonSlot_BreakoutModule_SW_F072 ****
make -j4 all 
arm-none-eabi-size   HPECommonSlot_BreakoutModule_SW_F072.elf 
   text	   data	    bss	    dec	    hex	filename
  16116	    124	   1860	  18100	   46b4	HPECommonSlot_BreakoutModule_SW_F072.elf
Finished building: default.size.stdout
 
