23:40:53 **** Incremental Build of configuration Debug for project HPECommonSlot_BreakoutModule_SW_F072 ****
make -j4 all 
arm-none-eabi-gcc "/home/chris/Projects/Embedded/Optimized_TSC2046_TouchSceen/TSC2046_STM32_EventManager.c" -mcpu=cortex-m0 -std=gnu11 -g3 -DUSE_HAL_DRIVER -DSTM32F072xB -DDEBUG -c -I"/home/chris/Projects/Embedded/Optimized_STM32_ILI9341" -I../Drivers/STM32F0xx_HAL_Driver/Inc -I../Drivers/CMSIS/Include -I../Core/Inc -I"/home/chris/Projects/Embedded/Optimized_TSC2046_TouchSceen" -I../Drivers/STM32F0xx_HAL_Driver/Inc/Legacy -I../Drivers/CMSIS/Device/ST/STM32F0xx/Include -O0 -ffunction-sections -fdata-sections -Wall -fstack-usage -MMD -MP -MF"Optimized_TSC2046_TouchSceen/TSC2046_STM32_EventManager.d" -MT"Optimized_TSC2046_TouchSceen/TSC2046_STM32_EventManager.o" --specs=nano.specs -mfloat-abi=soft -mthumb -o "Optimized_TSC2046_TouchSceen/TSC2046_STM32_EventManager.o"
arm-none-eabi-gcc "/home/chris/Projects/Embedded/Optimized_TSC2046_TouchSceen/TSC2046_STM32_HardwareManager.c" -mcpu=cortex-m0 -std=gnu11 -g3 -DUSE_HAL_DRIVER -DSTM32F072xB -DDEBUG -c -I"/home/chris/Projects/Embedded/Optimized_STM32_ILI9341" -I../Drivers/STM32F0xx_HAL_Driver/Inc -I../Drivers/CMSIS/Include -I../Core/Inc -I"/home/chris/Projects/Embedded/Optimized_TSC2046_TouchSceen" -I../Drivers/STM32F0xx_HAL_Driver/Inc/Legacy -I../Drivers/CMSIS/Device/ST/STM32F0xx/Include -O0 -ffunction-sections -fdata-sections -Wall -fstack-usage -MMD -MP -MF"Optimized_TSC2046_TouchSceen/TSC2046_STM32_HardwareManager.d" -MT"Optimized_TSC2046_TouchSceen/TSC2046_STM32_HardwareManager.o" --specs=nano.specs -mfloat-abi=soft -mthumb -o "Optimized_TSC2046_TouchSceen/TSC2046_STM32_HardwareManager.o"
arm-none-eabi-gcc "/home/chris/Projects/Embedded/Optimized_TSC2046_TouchSceen/TSC2046_STM32_InterruptManager.c" -mcpu=cortex-m0 -std=gnu11 -g3 -DUSE_HAL_DRIVER -DSTM32F072xB -DDEBUG -c -I"/home/chris/Projects/Embedded/Optimized_STM32_ILI9341" -I../Drivers/STM32F0xx_HAL_Driver/Inc -I../Drivers/CMSIS/Include -I../Core/Inc -I"/home/chris/Projects/Embedded/Optimized_TSC2046_TouchSceen" -I../Drivers/STM32F0xx_HAL_Driver/Inc/Legacy -I../Drivers/CMSIS/Device/ST/STM32F0xx/Include -O0 -ffunction-sections -fdata-sections -Wall -fstack-usage -MMD -MP -MF"Optimized_TSC2046_TouchSceen/TSC2046_STM32_InterruptManager.d" -MT"Optimized_TSC2046_TouchSceen/TSC2046_STM32_InterruptManager.o" --specs=nano.specs -mfloat-abi=soft -mthumb -o "Optimized_TSC2046_TouchSceen/TSC2046_STM32_InterruptManager.o"
arm-none-eabi-gcc "/home/chris/Projects/Embedded/Optimized_STM32_ILI9341/ILI9341_GFX.c" -mcpu=cortex-m0 -std=gnu11 -g3 -DUSE_HAL_DRIVER -DSTM32F072xB -DDEBUG -c -I"/home/chris/Projects/Embedded/Optimized_STM32_ILI9341" -I../Drivers/STM32F0xx_HAL_Driver/Inc -I../Drivers/CMSIS/Include -I../Core/Inc -I"/home/chris/Projects/Embedded/Optimized_TSC2046_TouchSceen" -I../Drivers/STM32F0xx_HAL_Driver/Inc/Legacy -I../Drivers/CMSIS/Device/ST/STM32F0xx/Include -O0 -ffunction-sections -fdata-sections -Wall -fstack-usage -MMD -MP -MF"Optimized_STM32_ILI9341/ILI9341_GFX.d" -MT"Optimized_STM32_ILI9341/ILI9341_GFX.o" --specs=nano.specs -mfloat-abi=soft -mthumb -o "Optimized_STM32_ILI9341/ILI9341_GFX.o"
/home/chris/Projects/Embedded/Optimized_TSC2046_TouchSceen/TSC2046_STM32_HardwareManager.c: In function 'TSC2046_HM_ReadAnalogInput':
/home/chris/Projects/Embedded/Optimized_TSC2046_TouchSceen/TSC2046_STM32_HardwareManager.c:55:10: warning: unused variable 'tsc2046_read_ypos_data' [-Wunused-variable]
  uint8_t tsc2046_read_ypos_data[2] = {};
          ^~~~~~~~~~~~~~~~~~~~~~
/home/chris/Projects/Embedded/Optimized_TSC2046_TouchSceen/TSC2046_STM32_HardwareManager.c:54:10: warning: unused variable 'tsc2046_read_xpos_data' [-Wunused-variable]
  uint8_t tsc2046_read_xpos_data[2] = {};
          ^~~~~~~~~~~~~~~~~~~~~~
/home/chris/Projects/Embedded/Optimized_TSC2046_TouchSceen/TSC2046_STM32_HardwareManager.c:51:10: warning: unused variable 'tsc2046_read_xpos_cmd' [-Wunused-variable]
  uint8_t tsc2046_read_xpos_cmd[1] = { 0xD0 };   // 1101 0000
          ^~~~~~~~~~~~~~~~~~~~~
/home/chris/Projects/Embedded/Optimized_TSC2046_TouchSceen/TSC2046_STM32_HardwareManager.c:50:10: warning: unused variable 'tsc2046_read_ypos_cmd' [-Wunused-variable]
  uint8_t tsc2046_read_ypos_cmd[1] = { 0x90 };   // 1001 0000 - Read Y, 12-bit, DFR mode
          ^~~~~~~~~~~~~~~~~~~~~
arm-none-eabi-gcc "/home/chris/Projects/Embedded/Optimized_STM32_ILI9341/ILI9341_STM32_Driver.c" -mcpu=cortex-m0 -std=gnu11 -g3 -DUSE_HAL_DRIVER -DSTM32F072xB -DDEBUG -c -I"/home/chris/Projects/Embedded/Optimized_STM32_ILI9341" -I../Drivers/STM32F0xx_HAL_Driver/Inc -I../Drivers/CMSIS/Include -I../Core/Inc -I"/home/chris/Projects/Embedded/Optimized_TSC2046_TouchSceen" -I../Drivers/STM32F0xx_HAL_Driver/Inc/Legacy -I../Drivers/CMSIS/Device/ST/STM32F0xx/Include -O0 -ffunction-sections -fdata-sections -Wall -fstack-usage -MMD -MP -MF"Optimized_STM32_ILI9341/ILI9341_STM32_Driver.d" -MT"Optimized_STM32_ILI9341/ILI9341_STM32_Driver.o" --specs=nano.specs -mfloat-abi=soft -mthumb -o "Optimized_STM32_ILI9341/ILI9341_STM32_Driver.o"
arm-none-eabi-gcc "../Drivers/STM32F0xx_HAL_Driver/Src/stm32f0xx_hal.c" -mcpu=cortex-m0 -std=gnu11 -g3 -DUSE_HAL_DRIVER -DSTM32F072xB -DDEBUG -c -I"/home/chris/Projects/Embedded/Optimized_STM32_ILI9341" -I../Drivers/STM32F0xx_HAL_Driver/Inc -I../Drivers/CMSIS/Include -I../Core/Inc -I"/home/chris/Projects/Embedded/Optimized_TSC2046_TouchSceen" -I../Drivers/STM32F0xx_HAL_Driver/Inc/Legacy -I../Drivers/CMSIS/Device/ST/STM32F0xx/Include -O0 -ffunction-sections -fdata-sections -Wall -fstack-usage -MMD -MP -MF"Drivers/STM32F0xx_HAL_Driver/Src/stm32f0xx_hal.d" -MT"Drivers/STM32F0xx_HAL_Driver/Src/stm32f0xx_hal.o" --specs=nano.specs -mfloat-abi=soft -mthumb -o "Drivers/STM32F0xx_HAL_Driver/Src/stm32f0xx_hal.o"
arm-none-eabi-gcc "../Drivers/STM32F0xx_HAL_Driver/Src/stm32f0xx_hal_cortex.c" -mcpu=cortex-m0 -std=gnu11 -g3 -DUSE_HAL_DRIVER -DSTM32F072xB -DDEBUG -c -I"/home/chris/Projects/Embedded/Optimized_STM32_ILI9341" -I../Drivers/STM32F0xx_HAL_Driver/Inc -I../Drivers/CMSIS/Include -I../Core/Inc -I"/home/chris/Projects/Embedded/Optimized_TSC2046_TouchSceen" -I../Drivers/STM32F0xx_HAL_Driver/Inc/Legacy -I../Drivers/CMSIS/Device/ST/STM32F0xx/Include -O0 -ffunction-sections -fdata-sections -Wall -fstack-usage -MMD -MP -MF"Drivers/STM32F0xx_HAL_Driver/Src/stm32f0xx_hal_cortex.d" -MT"Drivers/STM32F0xx_HAL_Driver/Src/stm32f0xx_hal_cortex.o" --specs=nano.specs -mfloat-abi=soft -mthumb -o "Drivers/STM32F0xx_HAL_Driver/Src/stm32f0xx_hal_cortex.o"
arm-none-eabi-gcc "../Drivers/STM32F0xx_HAL_Driver/Src/stm32f0xx_hal_dma.c" -mcpu=cortex-m0 -std=gnu11 -g3 -DUSE_HAL_DRIVER -DSTM32F072xB -DDEBUG -c -I"/home/chris/Projects/Embedded/Optimized_STM32_ILI9341" -I../Drivers/STM32F0xx_HAL_Driver/Inc -I../Drivers/CMSIS/Include -I../Core/Inc -I"/home/chris/Projects/Embedded/Optimized_TSC2046_TouchSceen" -I../Drivers/STM32F0xx_HAL_Driver/Inc/Legacy -I../Drivers/CMSIS/Device/ST/STM32F0xx/Include -O0 -ffunction-sections -fdata-sections -Wall -fstack-usage -MMD -MP -MF"Drivers/STM32F0xx_HAL_Driver/Src/stm32f0xx_hal_dma.d" -MT"Drivers/STM32F0xx_HAL_Driver/Src/stm32f0xx_hal_dma.o" --specs=nano.specs -mfloat-abi=soft -mthumb -o "Drivers/STM32F0xx_HAL_Driver/Src/stm32f0xx_hal_dma.o"
arm-none-eabi-gcc "../Drivers/STM32F0xx_HAL_Driver/Src/stm32f0xx_hal_exti.c" -mcpu=cortex-m0 -std=gnu11 -g3 -DUSE_HAL_DRIVER -DSTM32F072xB -DDEBUG -c -I"/home/chris/Projects/Embedded/Optimized_STM32_ILI9341" -I../Drivers/STM32F0xx_HAL_Driver/Inc -I../Drivers/CMSIS/Include -I../Core/Inc -I"/home/chris/Projects/Embedded/Optimized_TSC2046_TouchSceen" -I../Drivers/STM32F0xx_HAL_Driver/Inc/Legacy -I../Drivers/CMSIS/Device/ST/STM32F0xx/Include -O0 -ffunction-sections -fdata-sections -Wall -fstack-usage -MMD -MP -MF"Drivers/STM32F0xx_HAL_Driver/Src/stm32f0xx_hal_exti.d" -MT"Drivers/STM32F0xx_HAL_Driver/Src/stm32f0xx_hal_exti.o" --specs=nano.specs -mfloat-abi=soft -mthumb -o "Drivers/STM32F0xx_HAL_Driver/Src/stm32f0xx_hal_exti.o"
arm-none-eabi-gcc "../Drivers/STM32F0xx_HAL_Driver/Src/stm32f0xx_hal_flash.c" -mcpu=cortex-m0 -std=gnu11 -g3 -DUSE_HAL_DRIVER -DSTM32F072xB -DDEBUG -c -I"/home/chris/Projects/Embedded/Optimized_STM32_ILI9341" -I../Drivers/STM32F0xx_HAL_Driver/Inc -I../Drivers/CMSIS/Include -I../Core/Inc -I"/home/chris/Projects/Embedded/Optimized_TSC2046_TouchSceen" -I../Drivers/STM32F0xx_HAL_Driver/Inc/Legacy -I../Drivers/CMSIS/Device/ST/STM32F0xx/Include -O0 -ffunction-sections -fdata-sections -Wall -fstack-usage -MMD -MP -MF"Drivers/STM32F0xx_HAL_Driver/Src/stm32f0xx_hal_flash.d" -MT"Drivers/STM32F0xx_HAL_Driver/Src/stm32f0xx_hal_flash.o" --specs=nano.specs -mfloat-abi=soft -mthumb -o "Drivers/STM32F0xx_HAL_Driver/Src/stm32f0xx_hal_flash.o"
arm-none-eabi-gcc "../Drivers/STM32F0xx_HAL_Driver/Src/stm32f0xx_hal_flash_ex.c" -mcpu=cortex-m0 -std=gnu11 -g3 -DUSE_HAL_DRIVER -DSTM32F072xB -DDEBUG -c -I"/home/chris/Projects/Embedded/Optimized_STM32_ILI9341" -I../Drivers/STM32F0xx_HAL_Driver/Inc -I../Drivers/CMSIS/Include -I../Core/Inc -I"/home/chris/Projects/Embedded/Optimized_TSC2046_TouchSceen" -I../Drivers/STM32F0xx_HAL_Driver/Inc/Legacy -I../Drivers/CMSIS/Device/ST/STM32F0xx/Include -O0 -ffunction-sections -fdata-sections -Wall -fstack-usage -MMD -MP -MF"Drivers/STM32F0xx_HAL_Driver/Src/stm32f0xx_hal_flash_ex.d" -MT"Drivers/STM32F0xx_HAL_Driver/Src/stm32f0xx_hal_flash_ex.o" --specs=nano.specs -mfloat-abi=soft -mthumb -o "Drivers/STM32F0xx_HAL_Driver/Src/stm32f0xx_hal_flash_ex.o"
arm-none-eabi-gcc "../Drivers/STM32F0xx_HAL_Driver/Src/stm32f0xx_hal_gpio.c" -mcpu=cortex-m0 -std=gnu11 -g3 -DUSE_HAL_DRIVER -DSTM32F072xB -DDEBUG -c -I"/home/chris/Projects/Embedded/Optimized_STM32_ILI9341" -I../Drivers/STM32F0xx_HAL_Driver/Inc -I../Drivers/CMSIS/Include -I../Core/Inc -I"/home/chris/Projects/Embedded/Optimized_TSC2046_TouchSceen" -I../Drivers/STM32F0xx_HAL_Driver/Inc/Legacy -I../Drivers/CMSIS/Device/ST/STM32F0xx/Include -O0 -ffunction-sections -fdata-sections -Wall -fstack-usage -MMD -MP -MF"Drivers/STM32F0xx_HAL_Driver/Src/stm32f0xx_hal_gpio.d" -MT"Drivers/STM32F0xx_HAL_Driver/Src/stm32f0xx_hal_gpio.o" --specs=nano.specs -mfloat-abi=soft -mthumb -o "Drivers/STM32F0xx_HAL_Driver/Src/stm32f0xx_hal_gpio.o"
arm-none-eabi-gcc "../Drivers/STM32F0xx_HAL_Driver/Src/stm32f0xx_hal_i2c.c" -mcpu=cortex-m0 -std=gnu11 -g3 -DUSE_HAL_DRIVER -DSTM32F072xB -DDEBUG -c -I"/home/chris/Projects/Embedded/Optimized_STM32_ILI9341" -I../Drivers/STM32F0xx_HAL_Driver/Inc -I../Drivers/CMSIS/Include -I../Core/Inc -I"/home/chris/Projects/Embedded/Optimized_TSC2046_TouchSceen" -I../Drivers/STM32F0xx_HAL_Driver/Inc/Legacy -I../Drivers/CMSIS/Device/ST/STM32F0xx/Include -O0 -ffunction-sections -fdata-sections -Wall -fstack-usage -MMD -MP -MF"Drivers/STM32F0xx_HAL_Driver/Src/stm32f0xx_hal_i2c.d" -MT"Drivers/STM32F0xx_HAL_Driver/Src/stm32f0xx_hal_i2c.o" --specs=nano.specs -mfloat-abi=soft -mthumb -o "Drivers/STM32F0xx_HAL_Driver/Src/stm32f0xx_hal_i2c.o"
arm-none-eabi-gcc "../Drivers/STM32F0xx_HAL_Driver/Src/stm32f0xx_hal_i2c_ex.c" -mcpu=cortex-m0 -std=gnu11 -g3 -DUSE_HAL_DRIVER -DSTM32F072xB -DDEBUG -c -I"/home/chris/Projects/Embedded/Optimized_STM32_ILI9341" -I../Drivers/STM32F0xx_HAL_Driver/Inc -I../Drivers/CMSIS/Include -I../Core/Inc -I"/home/chris/Projects/Embedded/Optimized_TSC2046_TouchSceen" -I../Drivers/STM32F0xx_HAL_Driver/Inc/Legacy -I../Drivers/CMSIS/Device/ST/STM32F0xx/Include -O0 -ffunction-sections -fdata-sections -Wall -fstack-usage -MMD -MP -MF"Drivers/STM32F0xx_HAL_Driver/Src/stm32f0xx_hal_i2c_ex.d" -MT"Drivers/STM32F0xx_HAL_Driver/Src/stm32f0xx_hal_i2c_ex.o" --specs=nano.specs -mfloat-abi=soft -mthumb -o "Drivers/STM32F0xx_HAL_Driver/Src/stm32f0xx_hal_i2c_ex.o"
arm-none-eabi-gcc "../Drivers/STM32F0xx_HAL_Driver/Src/stm32f0xx_hal_pwr.c" -mcpu=cortex-m0 -std=gnu11 -g3 -DUSE_HAL_DRIVER -DSTM32F072xB -DDEBUG -c -I"/home/chris/Projects/Embedded/Optimized_STM32_ILI9341" -I../Drivers/STM32F0xx_HAL_Driver/Inc -I../Drivers/CMSIS/Include -I../Core/Inc -I"/home/chris/Projects/Embedded/Optimized_TSC2046_TouchSceen" -I../Drivers/STM32F0xx_HAL_Driver/Inc/Legacy -I../Drivers/CMSIS/Device/ST/STM32F0xx/Include -O0 -ffunction-sections -fdata-sections -Wall -fstack-usage -MMD -MP -MF"Drivers/STM32F0xx_HAL_Driver/Src/stm32f0xx_hal_pwr.d" -MT"Drivers/STM32F0xx_HAL_Driver/Src/stm32f0xx_hal_pwr.o" --specs=nano.specs -mfloat-abi=soft -mthumb -o "Drivers/STM32F0xx_HAL_Driver/Src/stm32f0xx_hal_pwr.o"
arm-none-eabi-gcc "../Drivers/STM32F0xx_HAL_Driver/Src/stm32f0xx_hal_pwr_ex.c" -mcpu=cortex-m0 -std=gnu11 -g3 -DUSE_HAL_DRIVER -DSTM32F072xB -DDEBUG -c -I"/home/chris/Projects/Embedded/Optimized_STM32_ILI9341" -I../Drivers/STM32F0xx_HAL_Driver/Inc -I../Drivers/CMSIS/Include -I../Core/Inc -I"/home/chris/Projects/Embedded/Optimized_TSC2046_TouchSceen" -I../Drivers/STM32F0xx_HAL_Driver/Inc/Legacy -I../Drivers/CMSIS/Device/ST/STM32F0xx/Include -O0 -ffunction-sections -fdata-sections -Wall -fstack-usage -MMD -MP -MF"Drivers/STM32F0xx_HAL_Driver/Src/stm32f0xx_hal_pwr_ex.d" -MT"Drivers/STM32F0xx_HAL_Driver/Src/stm32f0xx_hal_pwr_ex.o" --specs=nano.specs -mfloat-abi=soft -mthumb -o "Drivers/STM32F0xx_HAL_Driver/Src/stm32f0xx_hal_pwr_ex.o"
arm-none-eabi-gcc "../Drivers/STM32F0xx_HAL_Driver/Src/stm32f0xx_hal_rcc.c" -mcpu=cortex-m0 -std=gnu11 -g3 -DUSE_HAL_DRIVER -DSTM32F072xB -DDEBUG -c -I"/home/chris/Projects/Embedded/Optimized_STM32_ILI9341" -I../Drivers/STM32F0xx_HAL_Driver/Inc -I../Drivers/CMSIS/Include -I../Core/Inc -I"/home/chris/Projects/Embedded/Optimized_TSC2046_TouchSceen" -I../Drivers/STM32F0xx_HAL_Driver/Inc/Legacy -I../Drivers/CMSIS/Device/ST/STM32F0xx/Include -O0 -ffunction-sections -fdata-sections -Wall -fstack-usage -MMD -MP -MF"Drivers/STM32F0xx_HAL_Driver/Src/stm32f0xx_hal_rcc.d" -MT"Drivers/STM32F0xx_HAL_Driver/Src/stm32f0xx_hal_rcc.o" --specs=nano.specs -mfloat-abi=soft -mthumb -o "Drivers/STM32F0xx_HAL_Driver/Src/stm32f0xx_hal_rcc.o"
arm-none-eabi-gcc "../Drivers/STM32F0xx_HAL_Driver/Src/stm32f0xx_hal_rcc_ex.c" -mcpu=cortex-m0 -std=gnu11 -g3 -DUSE_HAL_DRIVER -DSTM32F072xB -DDEBUG -c -I"/home/chris/Projects/Embedded/Optimized_STM32_ILI9341" -I../Drivers/STM32F0xx_HAL_Driver/Inc -I../Drivers/CMSIS/Include -I../Core/Inc -I"/home/chris/Projects/Embedded/Optimized_TSC2046_TouchSceen" -I../Drivers/STM32F0xx_HAL_Driver/Inc/Legacy -I../Drivers/CMSIS/Device/ST/STM32F0xx/Include -O0 -ffunction-sections -fdata-sections -Wall -fstack-usage -MMD -MP -MF"Drivers/STM32F0xx_HAL_Driver/Src/stm32f0xx_hal_rcc_ex.d" -MT"Drivers/STM32F0xx_HAL_Driver/Src/stm32f0xx_hal_rcc_ex.o" --specs=nano.specs -mfloat-abi=soft -mthumb -o "Drivers/STM32F0xx_HAL_Driver/Src/stm32f0xx_hal_rcc_ex.o"
arm-none-eabi-gcc "../Drivers/STM32F0xx_HAL_Driver/Src/stm32f0xx_hal_spi.c" -mcpu=cortex-m0 -std=gnu11 -g3 -DUSE_HAL_DRIVER -DSTM32F072xB -DDEBUG -c -I"/home/chris/Projects/Embedded/Optimized_STM32_ILI9341" -I../Drivers/STM32F0xx_HAL_Driver/Inc -I../Drivers/CMSIS/Include -I../Core/Inc -I"/home/chris/Projects/Embedded/Optimized_TSC2046_TouchSceen" -I../Drivers/STM32F0xx_HAL_Driver/Inc/Legacy -I../Drivers/CMSIS/Device/ST/STM32F0xx/Include -O0 -ffunction-sections -fdata-sections -Wall -fstack-usage -MMD -MP -MF"Drivers/STM32F0xx_HAL_Driver/Src/stm32f0xx_hal_spi.d" -MT"Drivers/STM32F0xx_HAL_Driver/Src/stm32f0xx_hal_spi.o" --specs=nano.specs -mfloat-abi=soft -mthumb -o "Drivers/STM32F0xx_HAL_Driver/Src/stm32f0xx_hal_spi.o"
arm-none-eabi-gcc "../Drivers/STM32F0xx_HAL_Driver/Src/stm32f0xx_hal_spi_ex.c" -mcpu=cortex-m0 -std=gnu11 -g3 -DUSE_HAL_DRIVER -DSTM32F072xB -DDEBUG -c -I"/home/chris/Projects/Embedded/Optimized_STM32_ILI9341" -I../Drivers/STM32F0xx_HAL_Driver/Inc -I../Drivers/CMSIS/Include -I../Core/Inc -I"/home/chris/Projects/Embedded/Optimized_TSC2046_TouchSceen" -I../Drivers/STM32F0xx_HAL_Driver/Inc/Legacy -I../Drivers/CMSIS/Device/ST/STM32F0xx/Include -O0 -ffunction-sections -fdata-sections -Wall -fstack-usage -MMD -MP -MF"Drivers/STM32F0xx_HAL_Driver/Src/stm32f0xx_hal_spi_ex.d" -MT"Drivers/STM32F0xx_HAL_Driver/Src/stm32f0xx_hal_spi_ex.o" --specs=nano.specs -mfloat-abi=soft -mthumb -o "Drivers/STM32F0xx_HAL_Driver/Src/stm32f0xx_hal_spi_ex.o"
arm-none-eabi-gcc "../Drivers/STM32F0xx_HAL_Driver/Src/stm32f0xx_hal_tim.c" -mcpu=cortex-m0 -std=gnu11 -g3 -DUSE_HAL_DRIVER -DSTM32F072xB -DDEBUG -c -I"/home/chris/Projects/Embedded/Optimized_STM32_ILI9341" -I../Drivers/STM32F0xx_HAL_Driver/Inc -I../Drivers/CMSIS/Include -I../Core/Inc -I"/home/chris/Projects/Embedded/Optimized_TSC2046_TouchSceen" -I../Drivers/STM32F0xx_HAL_Driver/Inc/Legacy -I../Drivers/CMSIS/Device/ST/STM32F0xx/Include -O0 -ffunction-sections -fdata-sections -Wall -fstack-usage -MMD -MP -MF"Drivers/STM32F0xx_HAL_Driver/Src/stm32f0xx_hal_tim.d" -MT"Drivers/STM32F0xx_HAL_Driver/Src/stm32f0xx_hal_tim.o" --specs=nano.specs -mfloat-abi=soft -mthumb -o "Drivers/STM32F0xx_HAL_Driver/Src/stm32f0xx_hal_tim.o"
arm-none-eabi-gcc "../Drivers/STM32F0xx_HAL_Driver/Src/stm32f0xx_hal_tim_ex.c" -mcpu=cortex-m0 -std=gnu11 -g3 -DUSE_HAL_DRIVER -DSTM32F072xB -DDEBUG -c -I"/home/chris/Projects/Embedded/Optimized_STM32_ILI9341" -I../Drivers/STM32F0xx_HAL_Driver/Inc -I../Drivers/CMSIS/Include -I../Core/Inc -I"/home/chris/Projects/Embedded/Optimized_TSC2046_TouchSceen" -I../Drivers/STM32F0xx_HAL_Driver/Inc/Legacy -I../Drivers/CMSIS/Device/ST/STM32F0xx/Include -O0 -ffunction-sections -fdata-sections -Wall -fstack-usage -MMD -MP -MF"Drivers/STM32F0xx_HAL_Driver/Src/stm32f0xx_hal_tim_ex.d" -MT"Drivers/STM32F0xx_HAL_Driver/Src/stm32f0xx_hal_tim_ex.o" --specs=nano.specs -mfloat-abi=soft -mthumb -o "Drivers/STM32F0xx_HAL_Driver/Src/stm32f0xx_hal_tim_ex.o"
arm-none-eabi-gcc "../Core/Src/gpio.c" -mcpu=cortex-m0 -std=gnu11 -g3 -DUSE_HAL_DRIVER -DSTM32F072xB -DDEBUG -c -I"/home/chris/Projects/Embedded/Optimized_STM32_ILI9341" -I../Drivers/STM32F0xx_HAL_Driver/Inc -I../Drivers/CMSIS/Include -I../Core/Inc -I"/home/chris/Projects/Embedded/Optimized_TSC2046_TouchSceen" -I../Drivers/STM32F0xx_HAL_Driver/Inc/Legacy -I../Drivers/CMSIS/Device/ST/STM32F0xx/Include -O0 -ffunction-sections -fdata-sections -Wall -fstack-usage -MMD -MP -MF"Core/Src/gpio.d" -MT"Core/Src/gpio.o" --specs=nano.specs -mfloat-abi=soft -mthumb -o "Core/Src/gpio.o"
arm-none-eabi-gcc "../Core/Src/main.c" -mcpu=cortex-m0 -std=gnu11 -g3 -DUSE_HAL_DRIVER -DSTM32F072xB -DDEBUG -c -I"/home/chris/Projects/Embedded/Optimized_STM32_ILI9341" -I../Drivers/STM32F0xx_HAL_Driver/Inc -I../Drivers/CMSIS/Include -I../Core/Inc -I"/home/chris/Projects/Embedded/Optimized_TSC2046_TouchSceen" -I../Drivers/STM32F0xx_HAL_Driver/Inc/Legacy -I../Drivers/CMSIS/Device/ST/STM32F0xx/Include -O0 -ffunction-sections -fdata-sections -Wall -fstack-usage -MMD -MP -MF"Core/Src/main.d" -MT"Core/Src/main.o" --specs=nano.specs -mfloat-abi=soft -mthumb -o "Core/Src/main.o"
arm-none-eabi-gcc "../Core/Src/spi.c" -mcpu=cortex-m0 -std=gnu11 -g3 -DUSE_HAL_DRIVER -DSTM32F072xB -DDEBUG -c -I"/home/chris/Projects/Embedded/Optimized_STM32_ILI9341" -I../Drivers/STM32F0xx_HAL_Driver/Inc -I../Drivers/CMSIS/Include -I../Core/Inc -I"/home/chris/Projects/Embedded/Optimized_TSC2046_TouchSceen" -I../Drivers/STM32F0xx_HAL_Driver/Inc/Legacy -I../Drivers/CMSIS/Device/ST/STM32F0xx/Include -O0 -ffunction-sections -fdata-sections -Wall -fstack-usage -MMD -MP -MF"Core/Src/spi.d" -MT"Core/Src/spi.o" --specs=nano.specs -mfloat-abi=soft -mthumb -o "Core/Src/spi.o"
arm-none-eabi-gcc "../Core/Src/stm32f0xx_hal_msp.c" -mcpu=cortex-m0 -std=gnu11 -g3 -DUSE_HAL_DRIVER -DSTM32F072xB -DDEBUG -c -I"/home/chris/Projects/Embedded/Optimized_STM32_ILI9341" -I../Drivers/STM32F0xx_HAL_Driver/Inc -I../Drivers/CMSIS/Include -I../Core/Inc -I"/home/chris/Projects/Embedded/Optimized_TSC2046_TouchSceen" -I../Drivers/STM32F0xx_HAL_Driver/Inc/Legacy -I../Drivers/CMSIS/Device/ST/STM32F0xx/Include -O0 -ffunction-sections -fdata-sections -Wall -fstack-usage -MMD -MP -MF"Core/Src/stm32f0xx_hal_msp.d" -MT"Core/Src/stm32f0xx_hal_msp.o" --specs=nano.specs -mfloat-abi=soft -mthumb -o "Core/Src/stm32f0xx_hal_msp.o"
arm-none-eabi-gcc "../Core/Src/stm32f0xx_it.c" -mcpu=cortex-m0 -std=gnu11 -g3 -DUSE_HAL_DRIVER -DSTM32F072xB -DDEBUG -c -I"/home/chris/Projects/Embedded/Optimized_STM32_ILI9341" -I../Drivers/STM32F0xx_HAL_Driver/Inc -I../Drivers/CMSIS/Include -I../Core/Inc -I"/home/chris/Projects/Embedded/Optimized_TSC2046_TouchSceen" -I../Drivers/STM32F0xx_HAL_Driver/Inc/Legacy -I../Drivers/CMSIS/Device/ST/STM32F0xx/Include -O0 -ffunction-sections -fdata-sections -Wall -fstack-usage -MMD -MP -MF"Core/Src/stm32f0xx_it.d" -MT"Core/Src/stm32f0xx_it.o" --specs=nano.specs -mfloat-abi=soft -mthumb -o "Core/Src/stm32f0xx_it.o"
arm-none-eabi-gcc "../Core/Src/system_stm32f0xx.c" -mcpu=cortex-m0 -std=gnu11 -g3 -DUSE_HAL_DRIVER -DSTM32F072xB -DDEBUG -c -I"/home/chris/Projects/Embedded/Optimized_STM32_ILI9341" -I../Drivers/STM32F0xx_HAL_Driver/Inc -I../Drivers/CMSIS/Include -I../Core/Inc -I"/home/chris/Projects/Embedded/Optimized_TSC2046_TouchSceen" -I../Drivers/STM32F0xx_HAL_Driver/Inc/Legacy -I../Drivers/CMSIS/Device/ST/STM32F0xx/Include -O0 -ffunction-sections -fdata-sections -Wall -fstack-usage -MMD -MP -MF"Core/Src/system_stm32f0xx.d" -MT"Core/Src/system_stm32f0xx.o" --specs=nano.specs -mfloat-abi=soft -mthumb -o "Core/Src/system_stm32f0xx.o"
arm-none-eabi-gcc "../Core/Src/tim.c" -mcpu=cortex-m0 -std=gnu11 -g3 -DUSE_HAL_DRIVER -DSTM32F072xB -DDEBUG -c -I"/home/chris/Projects/Embedded/Optimized_STM32_ILI9341" -I../Drivers/STM32F0xx_HAL_Driver/Inc -I../Drivers/CMSIS/Include -I../Core/Inc -I"/home/chris/Projects/Embedded/Optimized_TSC2046_TouchSceen" -I../Drivers/STM32F0xx_HAL_Driver/Inc/Legacy -I../Drivers/CMSIS/Device/ST/STM32F0xx/Include -O0 -ffunction-sections -fdata-sections -Wall -fstack-usage -MMD -MP -MF"Core/Src/tim.d" -MT"Core/Src/tim.o" --specs=nano.specs -mfloat-abi=soft -mthumb -o "Core/Src/tim.o"
arm-none-eabi-gcc -o "HPECommonSlot_BreakoutModule_SW_F072.elf" @"objects.list"   -mcpu=cortex-m0 -T"/home/chris/Projects/Embedded/HPECommonSlot_BreakoutModule_SW/HPECommonSlot_BreakoutModule_SW_F072/HPECommonSlot_BreakoutModule_SW_F072/STM32F072RBTX_FLASH.ld" --specs=nosys.specs -Wl,-Map="HPECommonSlot_BreakoutModule_SW_F072.map" -Wl,--gc-sections -static --specs=nano.specs -mfloat-abi=soft -mthumb -Wl,--start-group -lc -lm -Wl,--end-group
Finished building target: HPECommonSlot_BreakoutModule_SW_F072.elf
 
arm-none-eabi-objdump -h -S  HPECommonSlot_BreakoutModule_SW_F072.elf  > "HPECommonSlot_BreakoutModule_SW_F072.list"
arm-none-eabi-objcopy  -O binary  HPECommonSlot_BreakoutModule_SW_F072.elf  "HPECommonSlot_BreakoutModule_SW_F072.bin"
arm-none-eabi-size   HPECommonSlot_BreakoutModule_SW_F072.elf 
   text	   data	    bss	    dec	    hex	filename
  15620	    124	   1756	  17500	   445c	HPECommonSlot_BreakoutModule_SW_F072.elf
Finished building: HPECommonSlot_BreakoutModule_SW_F072.bin
Finished building: default.size.stdout
 
 
Finished building: HPECommonSlot_BreakoutModule_SW_F072.list
 
23:41:06 **** Incremental Build of configuration Debug for project HPECommonSlot_BreakoutModule_SW_F072 ****
make -j4 all 
arm-none-eabi-size   HPECommonSlot_BreakoutModule_SW_F072.elf 
   text	   data	    bss	    dec	    hex	filename
  15620	    124	   1756	  17500	   445c	HPECommonSlot_BreakoutModule_SW_F072.elf
Finished building: default.size.stdout
 
23:41:38 **** Incremental Build of configuration Debug for project HPECommonSlot_BreakoutModule_SW_F072 ****
make -j4 all 
arm-none-eabi-gcc "../Core/Src/stm32f0xx_it.c" -mcpu=cortex-m0 -std=gnu11 -g3 -DUSE_HAL_DRIVER -DSTM32F072xB -DDEBUG -c -I"/home/chris/Projects/Embedded/Optimized_STM32_ILI9341" -I../Drivers/STM32F0xx_HAL_Driver/Inc -I../Drivers/CMSIS/Include -I../Core/Inc -I"/home/chris/Projects/Embedded/Optimized_TSC2046_TouchSceen" -I../Drivers/STM32F0xx_HAL_Driver/Inc/Legacy -I../Drivers/CMSIS/Device/ST/STM32F0xx/Include -O0 -ffunction-sections -fdata-sections -Wall -fstack-usage -MMD -MP -MF"Core/Src/stm32f0xx_it.d" -MT"Core/Src/stm32f0xx_it.o" --specs=nano.specs -mfloat-abi=soft -mthumb -o "Core/Src/stm32f0xx_it.o"
arm-none-eabi-gcc -o "HPECommonSlot_BreakoutModule_SW_F072.elf" @"objects.list"   -mcpu=cortex-m0 -T"/home/chris/Projects/Embedded/HPECommonSlot_BreakoutModule_SW/HPECommonSlot_BreakoutModule_SW_F072/HPECommonSlot_BreakoutModule_SW_F072/STM32F072RBTX_FLASH.ld" --specs=nosys.specs -Wl,-Map="HPECommonSlot_BreakoutModule_SW_F072.map" -Wl,--gc-sections -static --specs=nano.specs -mfloat-abi=soft -mthumb -Wl,--start-group -lc -lm -Wl,--end-group
Finished building target: HPECommonSlot_BreakoutModule_SW_F072.elf
 
arm-none-eabi-objdump -h -S  HPECommonSlot_BreakoutModule_SW_F072.elf  > "HPECommonSlot_BreakoutModule_SW_F072.list"
arm-none-eabi-objcopy  -O binary  HPECommonSlot_BreakoutModule_SW_F072.elf  "HPECommonSlot_BreakoutModule_SW_F072.bin"
arm-none-eabi-size   HPECommonSlot_BreakoutModule_SW_F072.elf 
Finished building: HPECommonSlot_BreakoutModule_SW_F072.bin
   text	   data	    bss	    dec	    hex	filename
  15640	    124	   1756	  17520	   4470	HPECommonSlot_BreakoutModule_SW_F072.elf
Finished building: default.size.stdout
 
 
Finished building: HPECommonSlot_BreakoutModule_SW_F072.list
 
23:41:59 **** Incremental Build of configuration Debug for project HPECommonSlot_BreakoutModule_SW_F072 ****
make -j4 all 
arm-none-eabi-gcc "../Core/Src/main.c" -mcpu=cortex-m0 -std=gnu11 -g3 -DUSE_HAL_DRIVER -DSTM32F072xB -DDEBUG -c -I"/home/chris/Projects/Embedded/Optimized_STM32_ILI9341" -I../Drivers/STM32F0xx_HAL_Driver/Inc -I../Drivers/CMSIS/Include -I../Core/Inc -I"/home/chris/Projects/Embedded/Optimized_TSC2046_TouchSceen" -I../Drivers/STM32F0xx_HAL_Driver/Inc/Legacy -I../Drivers/CMSIS/Device/ST/STM32F0xx/Include -O0 -ffunction-sections -fdata-sections -Wall -fstack-usage -MMD -MP -MF"Core/Src/main.d" -MT"Core/Src/main.o" --specs=nano.specs -mfloat-abi=soft -mthumb -o "Core/Src/main.o"
arm-none-eabi-gcc -o "HPECommonSlot_BreakoutModule_SW_F072.elf" @"objects.list"   -mcpu=cortex-m0 -T"/home/chris/Projects/Embedded/HPECommonSlot_BreakoutModule_SW/HPECommonSlot_BreakoutModule_SW_F072/HPECommonSlot_BreakoutModule_SW_F072/STM32F072RBTX_FLASH.ld" --specs=nosys.specs -Wl,-Map="HPECommonSlot_BreakoutModule_SW_F072.map" -Wl,--gc-sections -static --specs=nano.specs -mfloat-abi=soft -mthumb -Wl,--start-group -lc -lm -Wl,--end-group
Finished building target: HPECommonSlot_BreakoutModule_SW_F072.elf
 
arm-none-eabi-objdump -h -S  HPECommonSlot_BreakoutModule_SW_F072.elf  > "HPECommonSlot_BreakoutModule_SW_F072.list"
arm-none-eabi-objcopy  -O binary  HPECommonSlot_BreakoutModule_SW_F072.elf  "HPECommonSlot_BreakoutModule_SW_F072.bin"
arm-none-eabi-size   HPECommonSlot_BreakoutModule_SW_F072.elf 
   text	   data	    bss	    dec	    hex	filename
  15700	    124	   1756	  17580	   44ac	HPECommonSlot_BreakoutModule_SW_F072.elf
Finished building: default.size.stdout
 
Finished building: HPECommonSlot_BreakoutModule_SW_F072.bin
 
Finished building: HPECommonSlot_BreakoutModule_SW_F072.list
 
23:44:57 **** Incremental Build of configuration Debug for project HPECommonSlot_BreakoutModule_SW_F072 ****
make -j4 all 
arm-none-eabi-gcc "/home/chris/Projects/Embedded/Optimized_TSC2046_TouchSceen/TSC2046_STM32_EventManager.c" -mcpu=cortex-m0 -std=gnu11 -g3 -DUSE_HAL_DRIVER -DSTM32F072xB -DDEBUG -c -I"/home/chris/Projects/Embedded/Optimized_STM32_ILI9341" -I../Drivers/STM32F0xx_HAL_Driver/Inc -I../Drivers/CMSIS/Include -I../Core/Inc -I"/home/chris/Projects/Embedded/Optimized_TSC2046_TouchSceen" -I../Drivers/STM32F0xx_HAL_Driver/Inc/Legacy -I../Drivers/CMSIS/Device/ST/STM32F0xx/Include -O0 -ffunction-sections -fdata-sections -Wall -fstack-usage -MMD -MP -MF"Optimized_TSC2046_TouchSceen/TSC2046_STM32_EventManager.d" -MT"Optimized_TSC2046_TouchSceen/TSC2046_STM32_EventManager.o" --specs=nano.specs -mfloat-abi=soft -mthumb -o "Optimized_TSC2046_TouchSceen/TSC2046_STM32_EventManager.o"
arm-none-eabi-gcc "/home/chris/Projects/Embedded/Optimized_TSC2046_TouchSceen/TSC2046_STM32_HardwareManager.c" -mcpu=cortex-m0 -std=gnu11 -g3 -DUSE_HAL_DRIVER -DSTM32F072xB -DDEBUG -c -I"/home/chris/Projects/Embedded/Optimized_STM32_ILI9341" -I../Drivers/STM32F0xx_HAL_Driver/Inc -I../Drivers/CMSIS/Include -I../Core/Inc -I"/home/chris/Projects/Embedded/Optimized_TSC2046_TouchSceen" -I../Drivers/STM32F0xx_HAL_Driver/Inc/Legacy -I../Drivers/CMSIS/Device/ST/STM32F0xx/Include -O0 -ffunction-sections -fdata-sections -Wall -fstack-usage -MMD -MP -MF"Optimized_TSC2046_TouchSceen/TSC2046_STM32_HardwareManager.d" -MT"Optimized_TSC2046_TouchSceen/TSC2046_STM32_HardwareManager.o" --specs=nano.specs -mfloat-abi=soft -mthumb -o "Optimized_TSC2046_TouchSceen/TSC2046_STM32_HardwareManager.o"
arm-none-eabi-gcc "/home/chris/Projects/Embedded/Optimized_TSC2046_TouchSceen/TSC2046_STM32_InterruptManager.c" -mcpu=cortex-m0 -std=gnu11 -g3 -DUSE_HAL_DRIVER -DSTM32F072xB -DDEBUG -c -I"/home/chris/Projects/Embedded/Optimized_STM32_ILI9341" -I../Drivers/STM32F0xx_HAL_Driver/Inc -I../Drivers/CMSIS/Include -I../Core/Inc -I"/home/chris/Projects/Embedded/Optimized_TSC2046_TouchSceen" -I../Drivers/STM32F0xx_HAL_Driver/Inc/Legacy -I../Drivers/CMSIS/Device/ST/STM32F0xx/Include -O0 -ffunction-sections -fdata-sections -Wall -fstack-usage -MMD -MP -MF"Optimized_TSC2046_TouchSceen/TSC2046_STM32_InterruptManager.d" -MT"Optimized_TSC2046_TouchSceen/TSC2046_STM32_InterruptManager.o" --specs=nano.specs -mfloat-abi=soft -mthumb -o "Optimized_TSC2046_TouchSceen/TSC2046_STM32_InterruptManager.o"
arm-none-eabi-gcc "/home/chris/Projects/Embedded/Optimized_STM32_ILI9341/ILI9341_GFX.c" -mcpu=cortex-m0 -std=gnu11 -g3 -DUSE_HAL_DRIVER -DSTM32F072xB -DDEBUG -c -I"/home/chris/Projects/Embedded/Optimized_STM32_ILI9341" -I../Drivers/STM32F0xx_HAL_Driver/Inc -I../Drivers/CMSIS/Include -I../Core/Inc -I"/home/chris/Projects/Embedded/Optimized_TSC2046_TouchSceen" -I../Drivers/STM32F0xx_HAL_Driver/Inc/Legacy -I../Drivers/CMSIS/Device/ST/STM32F0xx/Include -O0 -ffunction-sections -fdata-sections -Wall -fstack-usage -MMD -MP -MF"Optimized_STM32_ILI9341/ILI9341_GFX.d" -MT"Optimized_STM32_ILI9341/ILI9341_GFX.o" --specs=nano.specs -mfloat-abi=soft -mthumb -o "Optimized_STM32_ILI9341/ILI9341_GFX.o"
/home/chris/Projects/Embedded/Optimized_TSC2046_TouchSceen/TSC2046_STM32_HardwareManager.c: In function 'TSC2046_HM_ReadAnalogInput':
/home/chris/Projects/Embedded/Optimized_TSC2046_TouchSceen/TSC2046_STM32_HardwareManager.c:55:10: warning: unused variable 'tsc2046_read_ypos_data' [-Wunused-variable]
  uint8_t tsc2046_read_ypos_data[2] = {};
          ^~~~~~~~~~~~~~~~~~~~~~
/home/chris/Projects/Embedded/Optimized_TSC2046_TouchSceen/TSC2046_STM32_HardwareManager.c:54:10: warning: unused variable 'tsc2046_read_xpos_data' [-Wunused-variable]
  uint8_t tsc2046_read_xpos_data[2] = {};
          ^~~~~~~~~~~~~~~~~~~~~~
/home/chris/Projects/Embedded/Optimized_TSC2046_TouchSceen/TSC2046_STM32_HardwareManager.c:51:10: warning: unused variable 'tsc2046_read_xpos_cmd' [-Wunused-variable]
  uint8_t tsc2046_read_xpos_cmd[1] = { 0xD0 };   // 1101 0000
          ^~~~~~~~~~~~~~~~~~~~~
/home/chris/Projects/Embedded/Optimized_TSC2046_TouchSceen/TSC2046_STM32_HardwareManager.c:50:10: warning: unused variable 'tsc2046_read_ypos_cmd' [-Wunused-variable]
  uint8_t tsc2046_read_ypos_cmd[1] = { 0x90 };   // 1001 0000 - Read Y, 12-bit, DFR mode
          ^~~~~~~~~~~~~~~~~~~~~
arm-none-eabi-gcc "/home/chris/Projects/Embedded/Optimized_STM32_ILI9341/ILI9341_STM32_Driver.c" -mcpu=cortex-m0 -std=gnu11 -g3 -DUSE_HAL_DRIVER -DSTM32F072xB -DDEBUG -c -I"/home/chris/Projects/Embedded/Optimized_STM32_ILI9341" -I../Drivers/STM32F0xx_HAL_Driver/Inc -I../Drivers/CMSIS/Include -I../Core/Inc -I"/home/chris/Projects/Embedded/Optimized_TSC2046_TouchSceen" -I../Drivers/STM32F0xx_HAL_Driver/Inc/Legacy -I../Drivers/CMSIS/Device/ST/STM32F0xx/Include -O0 -ffunction-sections -fdata-sections -Wall -fstack-usage -MMD -MP -MF"Optimized_STM32_ILI9341/ILI9341_STM32_Driver.d" -MT"Optimized_STM32_ILI9341/ILI9341_STM32_Driver.o" --specs=nano.specs -mfloat-abi=soft -mthumb -o "Optimized_STM32_ILI9341/ILI9341_STM32_Driver.o"
arm-none-eabi-gcc "../Drivers/STM32F0xx_HAL_Driver/Src/stm32f0xx_hal.c" -mcpu=cortex-m0 -std=gnu11 -g3 -DUSE_HAL_DRIVER -DSTM32F072xB -DDEBUG -c -I"/home/chris/Projects/Embedded/Optimized_STM32_ILI9341" -I../Drivers/STM32F0xx_HAL_Driver/Inc -I../Drivers/CMSIS/Include -I../Core/Inc -I"/home/chris/Projects/Embedded/Optimized_TSC2046_TouchSceen" -I../Drivers/STM32F0xx_HAL_Driver/Inc/Legacy -I../Drivers/CMSIS/Device/ST/STM32F0xx/Include -O0 -ffunction-sections -fdata-sections -Wall -fstack-usage -MMD -MP -MF"Drivers/STM32F0xx_HAL_Driver/Src/stm32f0xx_hal.d" -MT"Drivers/STM32F0xx_HAL_Driver/Src/stm32f0xx_hal.o" --specs=nano.specs -mfloat-abi=soft -mthumb -o "Drivers/STM32F0xx_HAL_Driver/Src/stm32f0xx_hal.o"
arm-none-eabi-gcc "../Drivers/STM32F0xx_HAL_Driver/Src/stm32f0xx_hal_cortex.c" -mcpu=cortex-m0 -std=gnu11 -g3 -DUSE_HAL_DRIVER -DSTM32F072xB -DDEBUG -c -I"/home/chris/Projects/Embedded/Optimized_STM32_ILI9341" -I../Drivers/STM32F0xx_HAL_Driver/Inc -I../Drivers/CMSIS/Include -I../Core/Inc -I"/home/chris/Projects/Embedded/Optimized_TSC2046_TouchSceen" -I../Drivers/STM32F0xx_HAL_Driver/Inc/Legacy -I../Drivers/CMSIS/Device/ST/STM32F0xx/Include -O0 -ffunction-sections -fdata-sections -Wall -fstack-usage -MMD -MP -MF"Drivers/STM32F0xx_HAL_Driver/Src/stm32f0xx_hal_cortex.d" -MT"Drivers/STM32F0xx_HAL_Driver/Src/stm32f0xx_hal_cortex.o" --specs=nano.specs -mfloat-abi=soft -mthumb -o "Drivers/STM32F0xx_HAL_Driver/Src/stm32f0xx_hal_cortex.o"
arm-none-eabi-gcc "../Drivers/STM32F0xx_HAL_Driver/Src/stm32f0xx_hal_dma.c" -mcpu=cortex-m0 -std=gnu11 -g3 -DUSE_HAL_DRIVER -DSTM32F072xB -DDEBUG -c -I"/home/chris/Projects/Embedded/Optimized_STM32_ILI9341" -I../Drivers/STM32F0xx_HAL_Driver/Inc -I../Drivers/CMSIS/Include -I../Core/Inc -I"/home/chris/Projects/Embedded/Optimized_TSC2046_TouchSceen" -I../Drivers/STM32F0xx_HAL_Driver/Inc/Legacy -I../Drivers/CMSIS/Device/ST/STM32F0xx/Include -O0 -ffunction-sections -fdata-sections -Wall -fstack-usage -MMD -MP -MF"Drivers/STM32F0xx_HAL_Driver/Src/stm32f0xx_hal_dma.d" -MT"Drivers/STM32F0xx_HAL_Driver/Src/stm32f0xx_hal_dma.o" --specs=nano.specs -mfloat-abi=soft -mthumb -o "Drivers/STM32F0xx_HAL_Driver/Src/stm32f0xx_hal_dma.o"
arm-none-eabi-gcc "../Drivers/STM32F0xx_HAL_Driver/Src/stm32f0xx_hal_exti.c" -mcpu=cortex-m0 -std=gnu11 -g3 -DUSE_HAL_DRIVER -DSTM32F072xB -DDEBUG -c -I"/home/chris/Projects/Embedded/Optimized_STM32_ILI9341" -I../Drivers/STM32F0xx_HAL_Driver/Inc -I../Drivers/CMSIS/Include -I../Core/Inc -I"/home/chris/Projects/Embedded/Optimized_TSC2046_TouchSceen" -I../Drivers/STM32F0xx_HAL_Driver/Inc/Legacy -I../Drivers/CMSIS/Device/ST/STM32F0xx/Include -O0 -ffunction-sections -fdata-sections -Wall -fstack-usage -MMD -MP -MF"Drivers/STM32F0xx_HAL_Driver/Src/stm32f0xx_hal_exti.d" -MT"Drivers/STM32F0xx_HAL_Driver/Src/stm32f0xx_hal_exti.o" --specs=nano.specs -mfloat-abi=soft -mthumb -o "Drivers/STM32F0xx_HAL_Driver/Src/stm32f0xx_hal_exti.o"
arm-none-eabi-gcc "../Drivers/STM32F0xx_HAL_Driver/Src/stm32f0xx_hal_flash.c" -mcpu=cortex-m0 -std=gnu11 -g3 -DUSE_HAL_DRIVER -DSTM32F072xB -DDEBUG -c -I"/home/chris/Projects/Embedded/Optimized_STM32_ILI9341" -I../Drivers/STM32F0xx_HAL_Driver/Inc -I../Drivers/CMSIS/Include -I../Core/Inc -I"/home/chris/Projects/Embedded/Optimized_TSC2046_TouchSceen" -I../Drivers/STM32F0xx_HAL_Driver/Inc/Legacy -I../Drivers/CMSIS/Device/ST/STM32F0xx/Include -O0 -ffunction-sections -fdata-sections -Wall -fstack-usage -MMD -MP -MF"Drivers/STM32F0xx_HAL_Driver/Src/stm32f0xx_hal_flash.d" -MT"Drivers/STM32F0xx_HAL_Driver/Src/stm32f0xx_hal_flash.o" --specs=nano.specs -mfloat-abi=soft -mthumb -o "Drivers/STM32F0xx_HAL_Driver/Src/stm32f0xx_hal_flash.o"
arm-none-eabi-gcc "../Drivers/STM32F0xx_HAL_Driver/Src/stm32f0xx_hal_flash_ex.c" -mcpu=cortex-m0 -std=gnu11 -g3 -DUSE_HAL_DRIVER -DSTM32F072xB -DDEBUG -c -I"/home/chris/Projects/Embedded/Optimized_STM32_ILI9341" -I../Drivers/STM32F0xx_HAL_Driver/Inc -I../Drivers/CMSIS/Include -I../Core/Inc -I"/home/chris/Projects/Embedded/Optimized_TSC2046_TouchSceen" -I../Drivers/STM32F0xx_HAL_Driver/Inc/Legacy -I../Drivers/CMSIS/Device/ST/STM32F0xx/Include -O0 -ffunction-sections -fdata-sections -Wall -fstack-usage -MMD -MP -MF"Drivers/STM32F0xx_HAL_Driver/Src/stm32f0xx_hal_flash_ex.d" -MT"Drivers/STM32F0xx_HAL_Driver/Src/stm32f0xx_hal_flash_ex.o" --specs=nano.specs -mfloat-abi=soft -mthumb -o "Drivers/STM32F0xx_HAL_Driver/Src/stm32f0xx_hal_flash_ex.o"
arm-none-eabi-gcc "../Drivers/STM32F0xx_HAL_Driver/Src/stm32f0xx_hal_gpio.c" -mcpu=cortex-m0 -std=gnu11 -g3 -DUSE_HAL_DRIVER -DSTM32F072xB -DDEBUG -c -I"/home/chris/Projects/Embedded/Optimized_STM32_ILI9341" -I../Drivers/STM32F0xx_HAL_Driver/Inc -I../Drivers/CMSIS/Include -I../Core/Inc -I"/home/chris/Projects/Embedded/Optimized_TSC2046_TouchSceen" -I../Drivers/STM32F0xx_HAL_Driver/Inc/Legacy -I../Drivers/CMSIS/Device/ST/STM32F0xx/Include -O0 -ffunction-sections -fdata-sections -Wall -fstack-usage -MMD -MP -MF"Drivers/STM32F0xx_HAL_Driver/Src/stm32f0xx_hal_gpio.d" -MT"Drivers/STM32F0xx_HAL_Driver/Src/stm32f0xx_hal_gpio.o" --specs=nano.specs -mfloat-abi=soft -mthumb -o "Drivers/STM32F0xx_HAL_Driver/Src/stm32f0xx_hal_gpio.o"
arm-none-eabi-gcc "../Drivers/STM32F0xx_HAL_Driver/Src/stm32f0xx_hal_i2c.c" -mcpu=cortex-m0 -std=gnu11 -g3 -DUSE_HAL_DRIVER -DSTM32F072xB -DDEBUG -c -I"/home/chris/Projects/Embedded/Optimized_STM32_ILI9341" -I../Drivers/STM32F0xx_HAL_Driver/Inc -I../Drivers/CMSIS/Include -I../Core/Inc -I"/home/chris/Projects/Embedded/Optimized_TSC2046_TouchSceen" -I../Drivers/STM32F0xx_HAL_Driver/Inc/Legacy -I../Drivers/CMSIS/Device/ST/STM32F0xx/Include -O0 -ffunction-sections -fdata-sections -Wall -fstack-usage -MMD -MP -MF"Drivers/STM32F0xx_HAL_Driver/Src/stm32f0xx_hal_i2c.d" -MT"Drivers/STM32F0xx_HAL_Driver/Src/stm32f0xx_hal_i2c.o" --specs=nano.specs -mfloat-abi=soft -mthumb -o "Drivers/STM32F0xx_HAL_Driver/Src/stm32f0xx_hal_i2c.o"
arm-none-eabi-gcc "../Drivers/STM32F0xx_HAL_Driver/Src/stm32f0xx_hal_i2c_ex.c" -mcpu=cortex-m0 -std=gnu11 -g3 -DUSE_HAL_DRIVER -DSTM32F072xB -DDEBUG -c -I"/home/chris/Projects/Embedded/Optimized_STM32_ILI9341" -I../Drivers/STM32F0xx_HAL_Driver/Inc -I../Drivers/CMSIS/Include -I../Core/Inc -I"/home/chris/Projects/Embedded/Optimized_TSC2046_TouchSceen" -I../Drivers/STM32F0xx_HAL_Driver/Inc/Legacy -I../Drivers/CMSIS/Device/ST/STM32F0xx/Include -O0 -ffunction-sections -fdata-sections -Wall -fstack-usage -MMD -MP -MF"Drivers/STM32F0xx_HAL_Driver/Src/stm32f0xx_hal_i2c_ex.d" -MT"Drivers/STM32F0xx_HAL_Driver/Src/stm32f0xx_hal_i2c_ex.o" --specs=nano.specs -mfloat-abi=soft -mthumb -o "Drivers/STM32F0xx_HAL_Driver/Src/stm32f0xx_hal_i2c_ex.o"
arm-none-eabi-gcc "../Drivers/STM32F0xx_HAL_Driver/Src/stm32f0xx_hal_pwr.c" -mcpu=cortex-m0 -std=gnu11 -g3 -DUSE_HAL_DRIVER -DSTM32F072xB -DDEBUG -c -I"/home/chris/Projects/Embedded/Optimized_STM32_ILI9341" -I../Drivers/STM32F0xx_HAL_Driver/Inc -I../Drivers/CMSIS/Include -I../Core/Inc -I"/home/chris/Projects/Embedded/Optimized_TSC2046_TouchSceen" -I../Drivers/STM32F0xx_HAL_Driver/Inc/Legacy -I../Drivers/CMSIS/Device/ST/STM32F0xx/Include -O0 -ffunction-sections -fdata-sections -Wall -fstack-usage -MMD -MP -MF"Drivers/STM32F0xx_HAL_Driver/Src/stm32f0xx_hal_pwr.d" -MT"Drivers/STM32F0xx_HAL_Driver/Src/stm32f0xx_hal_pwr.o" --specs=nano.specs -mfloat-abi=soft -mthumb -o "Drivers/STM32F0xx_HAL_Driver/Src/stm32f0xx_hal_pwr.o"
arm-none-eabi-gcc "../Drivers/STM32F0xx_HAL_Driver/Src/stm32f0xx_hal_pwr_ex.c" -mcpu=cortex-m0 -std=gnu11 -g3 -DUSE_HAL_DRIVER -DSTM32F072xB -DDEBUG -c -I"/home/chris/Projects/Embedded/Optimized_STM32_ILI9341" -I../Drivers/STM32F0xx_HAL_Driver/Inc -I../Drivers/CMSIS/Include -I../Core/Inc -I"/home/chris/Projects/Embedded/Optimized_TSC2046_TouchSceen" -I../Drivers/STM32F0xx_HAL_Driver/Inc/Legacy -I../Drivers/CMSIS/Device/ST/STM32F0xx/Include -O0 -ffunction-sections -fdata-sections -Wall -fstack-usage -MMD -MP -MF"Drivers/STM32F0xx_HAL_Driver/Src/stm32f0xx_hal_pwr_ex.d" -MT"Drivers/STM32F0xx_HAL_Driver/Src/stm32f0xx_hal_pwr_ex.o" --specs=nano.specs -mfloat-abi=soft -mthumb -o "Drivers/STM32F0xx_HAL_Driver/Src/stm32f0xx_hal_pwr_ex.o"
arm-none-eabi-gcc "../Drivers/STM32F0xx_HAL_Driver/Src/stm32f0xx_hal_rcc.c" -mcpu=cortex-m0 -std=gnu11 -g3 -DUSE_HAL_DRIVER -DSTM32F072xB -DDEBUG -c -I"/home/chris/Projects/Embedded/Optimized_STM32_ILI9341" -I../Drivers/STM32F0xx_HAL_Driver/Inc -I../Drivers/CMSIS/Include -I../Core/Inc -I"/home/chris/Projects/Embedded/Optimized_TSC2046_TouchSceen" -I../Drivers/STM32F0xx_HAL_Driver/Inc/Legacy -I../Drivers/CMSIS/Device/ST/STM32F0xx/Include -O0 -ffunction-sections -fdata-sections -Wall -fstack-usage -MMD -MP -MF"Drivers/STM32F0xx_HAL_Driver/Src/stm32f0xx_hal_rcc.d" -MT"Drivers/STM32F0xx_HAL_Driver/Src/stm32f0xx_hal_rcc.o" --specs=nano.specs -mfloat-abi=soft -mthumb -o "Drivers/STM32F0xx_HAL_Driver/Src/stm32f0xx_hal_rcc.o"
arm-none-eabi-gcc "../Drivers/STM32F0xx_HAL_Driver/Src/stm32f0xx_hal_rcc_ex.c" -mcpu=cortex-m0 -std=gnu11 -g3 -DUSE_HAL_DRIVER -DSTM32F072xB -DDEBUG -c -I"/home/chris/Projects/Embedded/Optimized_STM32_ILI9341" -I../Drivers/STM32F0xx_HAL_Driver/Inc -I../Drivers/CMSIS/Include -I../Core/Inc -I"/home/chris/Projects/Embedded/Optimized_TSC2046_TouchSceen" -I../Drivers/STM32F0xx_HAL_Driver/Inc/Legacy -I../Drivers/CMSIS/Device/ST/STM32F0xx/Include -O0 -ffunction-sections -fdata-sections -Wall -fstack-usage -MMD -MP -MF"Drivers/STM32F0xx_HAL_Driver/Src/stm32f0xx_hal_rcc_ex.d" -MT"Drivers/STM32F0xx_HAL_Driver/Src/stm32f0xx_hal_rcc_ex.o" --specs=nano.specs -mfloat-abi=soft -mthumb -o "Drivers/STM32F0xx_HAL_Driver/Src/stm32f0xx_hal_rcc_ex.o"
arm-none-eabi-gcc "../Drivers/STM32F0xx_HAL_Driver/Src/stm32f0xx_hal_spi.c" -mcpu=cortex-m0 -std=gnu11 -g3 -DUSE_HAL_DRIVER -DSTM32F072xB -DDEBUG -c -I"/home/chris/Projects/Embedded/Optimized_STM32_ILI9341" -I../Drivers/STM32F0xx_HAL_Driver/Inc -I../Drivers/CMSIS/Include -I../Core/Inc -I"/home/chris/Projects/Embedded/Optimized_TSC2046_TouchSceen" -I../Drivers/STM32F0xx_HAL_Driver/Inc/Legacy -I../Drivers/CMSIS/Device/ST/STM32F0xx/Include -O0 -ffunction-sections -fdata-sections -Wall -fstack-usage -MMD -MP -MF"Drivers/STM32F0xx_HAL_Driver/Src/stm32f0xx_hal_spi.d" -MT"Drivers/STM32F0xx_HAL_Driver/Src/stm32f0xx_hal_spi.o" --specs=nano.specs -mfloat-abi=soft -mthumb -o "Drivers/STM32F0xx_HAL_Driver/Src/stm32f0xx_hal_spi.o"
arm-none-eabi-gcc "../Drivers/STM32F0xx_HAL_Driver/Src/stm32f0xx_hal_spi_ex.c" -mcpu=cortex-m0 -std=gnu11 -g3 -DUSE_HAL_DRIVER -DSTM32F072xB -DDEBUG -c -I"/home/chris/Projects/Embedded/Optimized_STM32_ILI9341" -I../Drivers/STM32F0xx_HAL_Driver/Inc -I../Drivers/CMSIS/Include -I../Core/Inc -I"/home/chris/Projects/Embedded/Optimized_TSC2046_TouchSceen" -I../Drivers/STM32F0xx_HAL_Driver/Inc/Legacy -I../Drivers/CMSIS/Device/ST/STM32F0xx/Include -O0 -ffunction-sections -fdata-sections -Wall -fstack-usage -MMD -MP -MF"Drivers/STM32F0xx_HAL_Driver/Src/stm32f0xx_hal_spi_ex.d" -MT"Drivers/STM32F0xx_HAL_Driver/Src/stm32f0xx_hal_spi_ex.o" --specs=nano.specs -mfloat-abi=soft -mthumb -o "Drivers/STM32F0xx_HAL_Driver/Src/stm32f0xx_hal_spi_ex.o"
arm-none-eabi-gcc "../Drivers/STM32F0xx_HAL_Driver/Src/stm32f0xx_hal_tim.c" -mcpu=cortex-m0 -std=gnu11 -g3 -DUSE_HAL_DRIVER -DSTM32F072xB -DDEBUG -c -I"/home/chris/Projects/Embedded/Optimized_STM32_ILI9341" -I../Drivers/STM32F0xx_HAL_Driver/Inc -I../Drivers/CMSIS/Include -I../Core/Inc -I"/home/chris/Projects/Embedded/Optimized_TSC2046_TouchSceen" -I../Drivers/STM32F0xx_HAL_Driver/Inc/Legacy -I../Drivers/CMSIS/Device/ST/STM32F0xx/Include -O0 -ffunction-sections -fdata-sections -Wall -fstack-usage -MMD -MP -MF"Drivers/STM32F0xx_HAL_Driver/Src/stm32f0xx_hal_tim.d" -MT"Drivers/STM32F0xx_HAL_Driver/Src/stm32f0xx_hal_tim.o" --specs=nano.specs -mfloat-abi=soft -mthumb -o "Drivers/STM32F0xx_HAL_Driver/Src/stm32f0xx_hal_tim.o"
arm-none-eabi-gcc "../Drivers/STM32F0xx_HAL_Driver/Src/stm32f0xx_hal_tim_ex.c" -mcpu=cortex-m0 -std=gnu11 -g3 -DUSE_HAL_DRIVER -DSTM32F072xB -DDEBUG -c -I"/home/chris/Projects/Embedded/Optimized_STM32_ILI9341" -I../Drivers/STM32F0xx_HAL_Driver/Inc -I../Drivers/CMSIS/Include -I../Core/Inc -I"/home/chris/Projects/Embedded/Optimized_TSC2046_TouchSceen" -I../Drivers/STM32F0xx_HAL_Driver/Inc/Legacy -I../Drivers/CMSIS/Device/ST/STM32F0xx/Include -O0 -ffunction-sections -fdata-sections -Wall -fstack-usage -MMD -MP -MF"Drivers/STM32F0xx_HAL_Driver/Src/stm32f0xx_hal_tim_ex.d" -MT"Drivers/STM32F0xx_HAL_Driver/Src/stm32f0xx_hal_tim_ex.o" --specs=nano.specs -mfloat-abi=soft -mthumb -o "Drivers/STM32F0xx_HAL_Driver/Src/stm32f0xx_hal_tim_ex.o"
arm-none-eabi-gcc "../Core/Src/gpio.c" -mcpu=cortex-m0 -std=gnu11 -g3 -DUSE_HAL_DRIVER -DSTM32F072xB -DDEBUG -c -I"/home/chris/Projects/Embedded/Optimized_STM32_ILI9341" -I../Drivers/STM32F0xx_HAL_Driver/Inc -I../Drivers/CMSIS/Include -I../Core/Inc -I"/home/chris/Projects/Embedded/Optimized_TSC2046_TouchSceen" -I../Drivers/STM32F0xx_HAL_Driver/Inc/Legacy -I../Drivers/CMSIS/Device/ST/STM32F0xx/Include -O0 -ffunction-sections -fdata-sections -Wall -fstack-usage -MMD -MP -MF"Core/Src/gpio.d" -MT"Core/Src/gpio.o" --specs=nano.specs -mfloat-abi=soft -mthumb -o "Core/Src/gpio.o"
arm-none-eabi-gcc "../Core/Src/main.c" -mcpu=cortex-m0 -std=gnu11 -g3 -DUSE_HAL_DRIVER -DSTM32F072xB -DDEBUG -c -I"/home/chris/Projects/Embedded/Optimized_STM32_ILI9341" -I../Drivers/STM32F0xx_HAL_Driver/Inc -I../Drivers/CMSIS/Include -I../Core/Inc -I"/home/chris/Projects/Embedded/Optimized_TSC2046_TouchSceen" -I../Drivers/STM32F0xx_HAL_Driver/Inc/Legacy -I../Drivers/CMSIS/Device/ST/STM32F0xx/Include -O0 -ffunction-sections -fdata-sections -Wall -fstack-usage -MMD -MP -MF"Core/Src/main.d" -MT"Core/Src/main.o" --specs=nano.specs -mfloat-abi=soft -mthumb -o "Core/Src/main.o"
arm-none-eabi-gcc "../Core/Src/spi.c" -mcpu=cortex-m0 -std=gnu11 -g3 -DUSE_HAL_DRIVER -DSTM32F072xB -DDEBUG -c -I"/home/chris/Projects/Embedded/Optimized_STM32_ILI9341" -I../Drivers/STM32F0xx_HAL_Driver/Inc -I../Drivers/CMSIS/Include -I../Core/Inc -I"/home/chris/Projects/Embedded/Optimized_TSC2046_TouchSceen" -I../Drivers/STM32F0xx_HAL_Driver/Inc/Legacy -I../Drivers/CMSIS/Device/ST/STM32F0xx/Include -O0 -ffunction-sections -fdata-sections -Wall -fstack-usage -MMD -MP -MF"Core/Src/spi.d" -MT"Core/Src/spi.o" --specs=nano.specs -mfloat-abi=soft -mthumb -o "Core/Src/spi.o"
arm-none-eabi-gcc "../Core/Src/stm32f0xx_hal_msp.c" -mcpu=cortex-m0 -std=gnu11 -g3 -DUSE_HAL_DRIVER -DSTM32F072xB -DDEBUG -c -I"/home/chris/Projects/Embedded/Optimized_STM32_ILI9341" -I../Drivers/STM32F0xx_HAL_Driver/Inc -I../Drivers/CMSIS/Include -I../Core/Inc -I"/home/chris/Projects/Embedded/Optimized_TSC2046_TouchSceen" -I../Drivers/STM32F0xx_HAL_Driver/Inc/Legacy -I../Drivers/CMSIS/Device/ST/STM32F0xx/Include -O0 -ffunction-sections -fdata-sections -Wall -fstack-usage -MMD -MP -MF"Core/Src/stm32f0xx_hal_msp.d" -MT"Core/Src/stm32f0xx_hal_msp.o" --specs=nano.specs -mfloat-abi=soft -mthumb -o "Core/Src/stm32f0xx_hal_msp.o"
arm-none-eabi-gcc "../Core/Src/stm32f0xx_it.c" -mcpu=cortex-m0 -std=gnu11 -g3 -DUSE_HAL_DRIVER -DSTM32F072xB -DDEBUG -c -I"/home/chris/Projects/Embedded/Optimized_STM32_ILI9341" -I../Drivers/STM32F0xx_HAL_Driver/Inc -I../Drivers/CMSIS/Include -I../Core/Inc -I"/home/chris/Projects/Embedded/Optimized_TSC2046_TouchSceen" -I../Drivers/STM32F0xx_HAL_Driver/Inc/Legacy -I../Drivers/CMSIS/Device/ST/STM32F0xx/Include -O0 -ffunction-sections -fdata-sections -Wall -fstack-usage -MMD -MP -MF"Core/Src/stm32f0xx_it.d" -MT"Core/Src/stm32f0xx_it.o" --specs=nano.specs -mfloat-abi=soft -mthumb -o "Core/Src/stm32f0xx_it.o"
arm-none-eabi-gcc "../Core/Src/system_stm32f0xx.c" -mcpu=cortex-m0 -std=gnu11 -g3 -DUSE_HAL_DRIVER -DSTM32F072xB -DDEBUG -c -I"/home/chris/Projects/Embedded/Optimized_STM32_ILI9341" -I../Drivers/STM32F0xx_HAL_Driver/Inc -I../Drivers/CMSIS/Include -I../Core/Inc -I"/home/chris/Projects/Embedded/Optimized_TSC2046_TouchSceen" -I../Drivers/STM32F0xx_HAL_Driver/Inc/Legacy -I../Drivers/CMSIS/Device/ST/STM32F0xx/Include -O0 -ffunction-sections -fdata-sections -Wall -fstack-usage -MMD -MP -MF"Core/Src/system_stm32f0xx.d" -MT"Core/Src/system_stm32f0xx.o" --specs=nano.specs -mfloat-abi=soft -mthumb -o "Core/Src/system_stm32f0xx.o"
arm-none-eabi-gcc "../Core/Src/tim.c" -mcpu=cortex-m0 -std=gnu11 -g3 -DUSE_HAL_DRIVER -DSTM32F072xB -DDEBUG -c -I"/home/chris/Projects/Embedded/Optimized_STM32_ILI9341" -I../Drivers/STM32F0xx_HAL_Driver/Inc -I../Drivers/CMSIS/Include -I../Core/Inc -I"/home/chris/Projects/Embedded/Optimized_TSC2046_TouchSceen" -I../Drivers/STM32F0xx_HAL_Driver/Inc/Legacy -I../Drivers/CMSIS/Device/ST/STM32F0xx/Include -O0 -ffunction-sections -fdata-sections -Wall -fstack-usage -MMD -MP -MF"Core/Src/tim.d" -MT"Core/Src/tim.o" --specs=nano.specs -mfloat-abi=soft -mthumb -o "Core/Src/tim.o"
arm-none-eabi-gcc -o "HPECommonSlot_BreakoutModule_SW_F072.elf" @"objects.list"   -mcpu=cortex-m0 -T"/home/chris/Projects/Embedded/HPECommonSlot_BreakoutModule_SW/HPECommonSlot_BreakoutModule_SW_F072/HPECommonSlot_BreakoutModule_SW_F072/STM32F072RBTX_FLASH.ld" --specs=nosys.specs -Wl,-Map="HPECommonSlot_BreakoutModule_SW_F072.map" -Wl,--gc-sections -static --specs=nano.specs -mfloat-abi=soft -mthumb -Wl,--start-group -lc -lm -Wl,--end-group
Finished building target: HPECommonSlot_BreakoutModule_SW_F072.elf
 
arm-none-eabi-objdump -h -S  HPECommonSlot_BreakoutModule_SW_F072.elf  > "HPECommonSlot_BreakoutModule_SW_F072.list"
arm-none-eabi-objcopy  -O binary  HPECommonSlot_BreakoutModule_SW_F072.elf  "HPECommonSlot_BreakoutModule_SW_F072.bin"
arm-none-eabi-size   HPECommonSlot_BreakoutModule_SW_F072.elf 
   text	   data	    bss	    dec	    hex	filename
  15904	    124	   1852	  17880	   45d8	HPECommonSlot_BreakoutModule_SW_F072.elf
Finished building: HPECommonSlot_BreakoutModule_SW_F072.bin
Finished building: default.size.stdout
 
 
Finished building: HPECommonSlot_BreakoutModule_SW_F072.list
 
23:47:25 **** Incremental Build of configuration Debug for project HPECommonSlot_BreakoutModule_SW_F072 ****
make -j4 all 
arm-none-eabi-gcc "/home/chris/Projects/Embedded/Optimized_TSC2046_TouchSceen/TSC2046_STM32_HardwareManager.c" -mcpu=cortex-m0 -std=gnu11 -g3 -DUSE_HAL_DRIVER -DSTM32F072xB -DDEBUG -c -I"/home/chris/Projects/Embedded/Optimized_STM32_ILI9341" -I../Drivers/STM32F0xx_HAL_Driver/Inc -I../Drivers/CMSIS/Include -I../Core/Inc -I"/home/chris/Projects/Embedded/Optimized_TSC2046_TouchSceen" -I../Drivers/STM32F0xx_HAL_Driver/Inc/Legacy -I../Drivers/CMSIS/Device/ST/STM32F0xx/Include -O0 -ffunction-sections -fdata-sections -Wall -fstack-usage -MMD -MP -MF"Optimized_TSC2046_TouchSceen/TSC2046_STM32_HardwareManager.d" -MT"Optimized_TSC2046_TouchSceen/TSC2046_STM32_HardwareManager.o" --specs=nano.specs -mfloat-abi=soft -mthumb -o "Optimized_TSC2046_TouchSceen/TSC2046_STM32_HardwareManager.o"
/home/chris/Projects/Embedded/Optimized_TSC2046_TouchSceen/TSC2046_STM32_HardwareManager.c: In function 'TSC2046_HM_ReadAnalogInput':
/home/chris/Projects/Embedded/Optimized_TSC2046_TouchSceen/TSC2046_STM32_HardwareManager.c:55:10: warning: unused variable 'tsc2046_read_ypos_data' [-Wunused-variable]
  uint8_t tsc2046_read_ypos_data[2] = {};
          ^~~~~~~~~~~~~~~~~~~~~~
/home/chris/Projects/Embedded/Optimized_TSC2046_TouchSceen/TSC2046_STM32_HardwareManager.c:54:10: warning: unused variable 'tsc2046_read_xpos_data' [-Wunused-variable]
  uint8_t tsc2046_read_xpos_data[2] = {};
          ^~~~~~~~~~~~~~~~~~~~~~
/home/chris/Projects/Embedded/Optimized_TSC2046_TouchSceen/TSC2046_STM32_HardwareManager.c:51:10: warning: unused variable 'tsc2046_read_xpos_cmd' [-Wunused-variable]
  uint8_t tsc2046_read_xpos_cmd[1] = { 0xD0 };   // 1101 0000
          ^~~~~~~~~~~~~~~~~~~~~
/home/chris/Projects/Embedded/Optimized_TSC2046_TouchSceen/TSC2046_STM32_HardwareManager.c:50:10: warning: unused variable 'tsc2046_read_ypos_cmd' [-Wunused-variable]
  uint8_t tsc2046_read_ypos_cmd[1] = { 0x90 };   // 1001 0000 - Read Y, 12-bit, DFR mode
          ^~~~~~~~~~~~~~~~~~~~~
arm-none-eabi-gcc -o "HPECommonSlot_BreakoutModule_SW_F072.elf" @"objects.list"   -mcpu=cortex-m0 -T"/home/chris/Projects/Embedded/HPECommonSlot_BreakoutModule_SW/HPECommonSlot_BreakoutModule_SW_F072/HPECommonSlot_BreakoutModule_SW_F072/STM32F072RBTX_FLASH.ld" --specs=nosys.specs -Wl,-Map="HPECommonSlot_BreakoutModule_SW_F072.map" -Wl,--gc-sections -static --specs=nano.specs -mfloat-abi=soft -mthumb -Wl,--start-group -lc -lm -Wl,--end-group
Finished building target: HPECommonSlot_BreakoutModule_SW_F072.elf
 
arm-none-eabi-objdump -h -S  HPECommonSlot_BreakoutModule_SW_F072.elf  > "HPECommonSlot_BreakoutModule_SW_F072.list"
arm-none-eabi-objcopy  -O binary  HPECommonSlot_BreakoutModule_SW_F072.elf  "HPECommonSlot_BreakoutModule_SW_F072.bin"
arm-none-eabi-size   HPECommonSlot_BreakoutModule_SW_F072.elf 
   text	   data	    bss	    dec	    hex	filename
  15920	    124	   1852	  17896	   45e8	HPECommonSlot_BreakoutModule_SW_F072.elf
Finished building: default.size.stdout
Finished building: HPECommonSlot_BreakoutModule_SW_F072.bin
 
 
Finished building: HPECommonSlot_BreakoutModule_SW_F072.list
 
23:47:30 **** Incremental Build of configuration Debug for project HPECommonSlot_BreakoutModule_SW_F072 ****
make -j4 all 
arm-none-eabi-size   HPECommonSlot_BreakoutModule_SW_F072.elf 
   text	   data	    bss	    dec	    hex	filename
  15920	    124	   1852	  17896	   45e8	HPECommonSlot_BreakoutModule_SW_F072.elf
Finished building: default.size.stdout
 
23:48:01 **** Incremental Build of configuration Debug for project HPECommonSlot_BreakoutModule_SW_F072 ****
make -j4 all 
arm-none-eabi-gcc "/home/chris/Projects/Embedded/Optimized_TSC2046_TouchSceen/TSC2046_STM32_EventManager.c" -mcpu=cortex-m0 -std=gnu11 -g3 -DUSE_HAL_DRIVER -DSTM32F072xB -DDEBUG -c -I"/home/chris/Projects/Embedded/Optimized_STM32_ILI9341" -I../Drivers/STM32F0xx_HAL_Driver/Inc -I../Drivers/CMSIS/Include -I../Core/Inc -I"/home/chris/Projects/Embedded/Optimized_TSC2046_TouchSceen" -I../Drivers/STM32F0xx_HAL_Driver/Inc/Legacy -I../Drivers/CMSIS/Device/ST/STM32F0xx/Include -O0 -ffunction-sections -fdata-sections -Wall -fstack-usage -MMD -MP -MF"Optimized_TSC2046_TouchSceen/TSC2046_STM32_EventManager.d" -MT"Optimized_TSC2046_TouchSceen/TSC2046_STM32_EventManager.o" --specs=nano.specs -mfloat-abi=soft -mthumb -o "Optimized_TSC2046_TouchSceen/TSC2046_STM32_EventManager.o"
arm-none-eabi-gcc "/home/chris/Projects/Embedded/Optimized_TSC2046_TouchSceen/TSC2046_STM32_HardwareManager.c" -mcpu=cortex-m0 -std=gnu11 -g3 -DUSE_HAL_DRIVER -DSTM32F072xB -DDEBUG -c -I"/home/chris/Projects/Embedded/Optimized_STM32_ILI9341" -I../Drivers/STM32F0xx_HAL_Driver/Inc -I../Drivers/CMSIS/Include -I../Core/Inc -I"/home/chris/Projects/Embedded/Optimized_TSC2046_TouchSceen" -I../Drivers/STM32F0xx_HAL_Driver/Inc/Legacy -I../Drivers/CMSIS/Device/ST/STM32F0xx/Include -O0 -ffunction-sections -fdata-sections -Wall -fstack-usage -MMD -MP -MF"Optimized_TSC2046_TouchSceen/TSC2046_STM32_HardwareManager.d" -MT"Optimized_TSC2046_TouchSceen/TSC2046_STM32_HardwareManager.o" --specs=nano.specs -mfloat-abi=soft -mthumb -o "Optimized_TSC2046_TouchSceen/TSC2046_STM32_HardwareManager.o"
arm-none-eabi-gcc "/home/chris/Projects/Embedded/Optimized_TSC2046_TouchSceen/TSC2046_STM32_InterruptManager.c" -mcpu=cortex-m0 -std=gnu11 -g3 -DUSE_HAL_DRIVER -DSTM32F072xB -DDEBUG -c -I"/home/chris/Projects/Embedded/Optimized_STM32_ILI9341" -I../Drivers/STM32F0xx_HAL_Driver/Inc -I../Drivers/CMSIS/Include -I../Core/Inc -I"/home/chris/Projects/Embedded/Optimized_TSC2046_TouchSceen" -I../Drivers/STM32F0xx_HAL_Driver/Inc/Legacy -I../Drivers/CMSIS/Device/ST/STM32F0xx/Include -O0 -ffunction-sections -fdata-sections -Wall -fstack-usage -MMD -MP -MF"Optimized_TSC2046_TouchSceen/TSC2046_STM32_InterruptManager.d" -MT"Optimized_TSC2046_TouchSceen/TSC2046_STM32_InterruptManager.o" --specs=nano.specs -mfloat-abi=soft -mthumb -o "Optimized_TSC2046_TouchSceen/TSC2046_STM32_InterruptManager.o"
arm-none-eabi-gcc "/home/chris/Projects/Embedded/Optimized_STM32_ILI9341/ILI9341_GFX.c" -mcpu=cortex-m0 -std=gnu11 -g3 -DUSE_HAL_DRIVER -DSTM32F072xB -DDEBUG -c -I"/home/chris/Projects/Embedded/Optimized_STM32_ILI9341" -I../Drivers/STM32F0xx_HAL_Driver/Inc -I../Drivers/CMSIS/Include -I../Core/Inc -I"/home/chris/Projects/Embedded/Optimized_TSC2046_TouchSceen" -I../Drivers/STM32F0xx_HAL_Driver/Inc/Legacy -I../Drivers/CMSIS/Device/ST/STM32F0xx/Include -O0 -ffunction-sections -fdata-sections -Wall -fstack-usage -MMD -MP -MF"Optimized_STM32_ILI9341/ILI9341_GFX.d" -MT"Optimized_STM32_ILI9341/ILI9341_GFX.o" --specs=nano.specs -mfloat-abi=soft -mthumb -o "Optimized_STM32_ILI9341/ILI9341_GFX.o"
/home/chris/Projects/Embedded/Optimized_TSC2046_TouchSceen/TSC2046_STM32_HardwareManager.c: In function 'TSC2046_HM_ReadAnalogInput':
/home/chris/Projects/Embedded/Optimized_TSC2046_TouchSceen/TSC2046_STM32_HardwareManager.c:55:10: warning: unused variable 'tsc2046_read_ypos_data' [-Wunused-variable]
  uint8_t tsc2046_read_ypos_data[2] = {};
          ^~~~~~~~~~~~~~~~~~~~~~
/home/chris/Projects/Embedded/Optimized_TSC2046_TouchSceen/TSC2046_STM32_HardwareManager.c:54:10: warning: unused variable 'tsc2046_read_xpos_data' [-Wunused-variable]
  uint8_t tsc2046_read_xpos_data[2] = {};
          ^~~~~~~~~~~~~~~~~~~~~~
/home/chris/Projects/Embedded/Optimized_TSC2046_TouchSceen/TSC2046_STM32_HardwareManager.c:51:10: warning: unused variable 'tsc2046_read_xpos_cmd' [-Wunused-variable]
  uint8_t tsc2046_read_xpos_cmd[1] = { 0xD0 };   // 1101 0000
          ^~~~~~~~~~~~~~~~~~~~~
/home/chris/Projects/Embedded/Optimized_TSC2046_TouchSceen/TSC2046_STM32_HardwareManager.c:50:10: warning: unused variable 'tsc2046_read_ypos_cmd' [-Wunused-variable]
  uint8_t tsc2046_read_ypos_cmd[1] = { 0x90 };   // 1001 0000 - Read Y, 12-bit, DFR mode
          ^~~~~~~~~~~~~~~~~~~~~
arm-none-eabi-gcc "/home/chris/Projects/Embedded/Optimized_STM32_ILI9341/ILI9341_STM32_Driver.c" -mcpu=cortex-m0 -std=gnu11 -g3 -DUSE_HAL_DRIVER -DSTM32F072xB -DDEBUG -c -I"/home/chris/Projects/Embedded/Optimized_STM32_ILI9341" -I../Drivers/STM32F0xx_HAL_Driver/Inc -I../Drivers/CMSIS/Include -I../Core/Inc -I"/home/chris/Projects/Embedded/Optimized_TSC2046_TouchSceen" -I../Drivers/STM32F0xx_HAL_Driver/Inc/Legacy -I../Drivers/CMSIS/Device/ST/STM32F0xx/Include -O0 -ffunction-sections -fdata-sections -Wall -fstack-usage -MMD -MP -MF"Optimized_STM32_ILI9341/ILI9341_STM32_Driver.d" -MT"Optimized_STM32_ILI9341/ILI9341_STM32_Driver.o" --specs=nano.specs -mfloat-abi=soft -mthumb -o "Optimized_STM32_ILI9341/ILI9341_STM32_Driver.o"
arm-none-eabi-gcc "../Drivers/STM32F0xx_HAL_Driver/Src/stm32f0xx_hal.c" -mcpu=cortex-m0 -std=gnu11 -g3 -DUSE_HAL_DRIVER -DSTM32F072xB -DDEBUG -c -I"/home/chris/Projects/Embedded/Optimized_STM32_ILI9341" -I../Drivers/STM32F0xx_HAL_Driver/Inc -I../Drivers/CMSIS/Include -I../Core/Inc -I"/home/chris/Projects/Embedded/Optimized_TSC2046_TouchSceen" -I../Drivers/STM32F0xx_HAL_Driver/Inc/Legacy -I../Drivers/CMSIS/Device/ST/STM32F0xx/Include -O0 -ffunction-sections -fdata-sections -Wall -fstack-usage -MMD -MP -MF"Drivers/STM32F0xx_HAL_Driver/Src/stm32f0xx_hal.d" -MT"Drivers/STM32F0xx_HAL_Driver/Src/stm32f0xx_hal.o" --specs=nano.specs -mfloat-abi=soft -mthumb -o "Drivers/STM32F0xx_HAL_Driver/Src/stm32f0xx_hal.o"
arm-none-eabi-gcc "../Drivers/STM32F0xx_HAL_Driver/Src/stm32f0xx_hal_cortex.c" -mcpu=cortex-m0 -std=gnu11 -g3 -DUSE_HAL_DRIVER -DSTM32F072xB -DDEBUG -c -I"/home/chris/Projects/Embedded/Optimized_STM32_ILI9341" -I../Drivers/STM32F0xx_HAL_Driver/Inc -I../Drivers/CMSIS/Include -I../Core/Inc -I"/home/chris/Projects/Embedded/Optimized_TSC2046_TouchSceen" -I../Drivers/STM32F0xx_HAL_Driver/Inc/Legacy -I../Drivers/CMSIS/Device/ST/STM32F0xx/Include -O0 -ffunction-sections -fdata-sections -Wall -fstack-usage -MMD -MP -MF"Drivers/STM32F0xx_HAL_Driver/Src/stm32f0xx_hal_cortex.d" -MT"Drivers/STM32F0xx_HAL_Driver/Src/stm32f0xx_hal_cortex.o" --specs=nano.specs -mfloat-abi=soft -mthumb -o "Drivers/STM32F0xx_HAL_Driver/Src/stm32f0xx_hal_cortex.o"
arm-none-eabi-gcc "../Drivers/STM32F0xx_HAL_Driver/Src/stm32f0xx_hal_dma.c" -mcpu=cortex-m0 -std=gnu11 -g3 -DUSE_HAL_DRIVER -DSTM32F072xB -DDEBUG -c -I"/home/chris/Projects/Embedded/Optimized_STM32_ILI9341" -I../Drivers/STM32F0xx_HAL_Driver/Inc -I../Drivers/CMSIS/Include -I../Core/Inc -I"/home/chris/Projects/Embedded/Optimized_TSC2046_TouchSceen" -I../Drivers/STM32F0xx_HAL_Driver/Inc/Legacy -I../Drivers/CMSIS/Device/ST/STM32F0xx/Include -O0 -ffunction-sections -fdata-sections -Wall -fstack-usage -MMD -MP -MF"Drivers/STM32F0xx_HAL_Driver/Src/stm32f0xx_hal_dma.d" -MT"Drivers/STM32F0xx_HAL_Driver/Src/stm32f0xx_hal_dma.o" --specs=nano.specs -mfloat-abi=soft -mthumb -o "Drivers/STM32F0xx_HAL_Driver/Src/stm32f0xx_hal_dma.o"
arm-none-eabi-gcc "../Drivers/STM32F0xx_HAL_Driver/Src/stm32f0xx_hal_exti.c" -mcpu=cortex-m0 -std=gnu11 -g3 -DUSE_HAL_DRIVER -DSTM32F072xB -DDEBUG -c -I"/home/chris/Projects/Embedded/Optimized_STM32_ILI9341" -I../Drivers/STM32F0xx_HAL_Driver/Inc -I../Drivers/CMSIS/Include -I../Core/Inc -I"/home/chris/Projects/Embedded/Optimized_TSC2046_TouchSceen" -I../Drivers/STM32F0xx_HAL_Driver/Inc/Legacy -I../Drivers/CMSIS/Device/ST/STM32F0xx/Include -O0 -ffunction-sections -fdata-sections -Wall -fstack-usage -MMD -MP -MF"Drivers/STM32F0xx_HAL_Driver/Src/stm32f0xx_hal_exti.d" -MT"Drivers/STM32F0xx_HAL_Driver/Src/stm32f0xx_hal_exti.o" --specs=nano.specs -mfloat-abi=soft -mthumb -o "Drivers/STM32F0xx_HAL_Driver/Src/stm32f0xx_hal_exti.o"
arm-none-eabi-gcc "../Drivers/STM32F0xx_HAL_Driver/Src/stm32f0xx_hal_flash.c" -mcpu=cortex-m0 -std=gnu11 -g3 -DUSE_HAL_DRIVER -DSTM32F072xB -DDEBUG -c -I"/home/chris/Projects/Embedded/Optimized_STM32_ILI9341" -I../Drivers/STM32F0xx_HAL_Driver/Inc -I../Drivers/CMSIS/Include -I../Core/Inc -I"/home/chris/Projects/Embedded/Optimized_TSC2046_TouchSceen" -I../Drivers/STM32F0xx_HAL_Driver/Inc/Legacy -I../Drivers/CMSIS/Device/ST/STM32F0xx/Include -O0 -ffunction-sections -fdata-sections -Wall -fstack-usage -MMD -MP -MF"Drivers/STM32F0xx_HAL_Driver/Src/stm32f0xx_hal_flash.d" -MT"Drivers/STM32F0xx_HAL_Driver/Src/stm32f0xx_hal_flash.o" --specs=nano.specs -mfloat-abi=soft -mthumb -o "Drivers/STM32F0xx_HAL_Driver/Src/stm32f0xx_hal_flash.o"
arm-none-eabi-gcc "../Drivers/STM32F0xx_HAL_Driver/Src/stm32f0xx_hal_flash_ex.c" -mcpu=cortex-m0 -std=gnu11 -g3 -DUSE_HAL_DRIVER -DSTM32F072xB -DDEBUG -c -I"/home/chris/Projects/Embedded/Optimized_STM32_ILI9341" -I../Drivers/STM32F0xx_HAL_Driver/Inc -I../Drivers/CMSIS/Include -I../Core/Inc -I"/home/chris/Projects/Embedded/Optimized_TSC2046_TouchSceen" -I../Drivers/STM32F0xx_HAL_Driver/Inc/Legacy -I../Drivers/CMSIS/Device/ST/STM32F0xx/Include -O0 -ffunction-sections -fdata-sections -Wall -fstack-usage -MMD -MP -MF"Drivers/STM32F0xx_HAL_Driver/Src/stm32f0xx_hal_flash_ex.d" -MT"Drivers/STM32F0xx_HAL_Driver/Src/stm32f0xx_hal_flash_ex.o" --specs=nano.specs -mfloat-abi=soft -mthumb -o "Drivers/STM32F0xx_HAL_Driver/Src/stm32f0xx_hal_flash_ex.o"
arm-none-eabi-gcc "../Drivers/STM32F0xx_HAL_Driver/Src/stm32f0xx_hal_gpio.c" -mcpu=cortex-m0 -std=gnu11 -g3 -DUSE_HAL_DRIVER -DSTM32F072xB -DDEBUG -c -I"/home/chris/Projects/Embedded/Optimized_STM32_ILI9341" -I../Drivers/STM32F0xx_HAL_Driver/Inc -I../Drivers/CMSIS/Include -I../Core/Inc -I"/home/chris/Projects/Embedded/Optimized_TSC2046_TouchSceen" -I../Drivers/STM32F0xx_HAL_Driver/Inc/Legacy -I../Drivers/CMSIS/Device/ST/STM32F0xx/Include -O0 -ffunction-sections -fdata-sections -Wall -fstack-usage -MMD -MP -MF"Drivers/STM32F0xx_HAL_Driver/Src/stm32f0xx_hal_gpio.d" -MT"Drivers/STM32F0xx_HAL_Driver/Src/stm32f0xx_hal_gpio.o" --specs=nano.specs -mfloat-abi=soft -mthumb -o "Drivers/STM32F0xx_HAL_Driver/Src/stm32f0xx_hal_gpio.o"
arm-none-eabi-gcc "../Drivers/STM32F0xx_HAL_Driver/Src/stm32f0xx_hal_i2c.c" -mcpu=cortex-m0 -std=gnu11 -g3 -DUSE_HAL_DRIVER -DSTM32F072xB -DDEBUG -c -I"/home/chris/Projects/Embedded/Optimized_STM32_ILI9341" -I../Drivers/STM32F0xx_HAL_Driver/Inc -I../Drivers/CMSIS/Include -I../Core/Inc -I"/home/chris/Projects/Embedded/Optimized_TSC2046_TouchSceen" -I../Drivers/STM32F0xx_HAL_Driver/Inc/Legacy -I../Drivers/CMSIS/Device/ST/STM32F0xx/Include -O0 -ffunction-sections -fdata-sections -Wall -fstack-usage -MMD -MP -MF"Drivers/STM32F0xx_HAL_Driver/Src/stm32f0xx_hal_i2c.d" -MT"Drivers/STM32F0xx_HAL_Driver/Src/stm32f0xx_hal_i2c.o" --specs=nano.specs -mfloat-abi=soft -mthumb -o "Drivers/STM32F0xx_HAL_Driver/Src/stm32f0xx_hal_i2c.o"
arm-none-eabi-gcc "../Drivers/STM32F0xx_HAL_Driver/Src/stm32f0xx_hal_i2c_ex.c" -mcpu=cortex-m0 -std=gnu11 -g3 -DUSE_HAL_DRIVER -DSTM32F072xB -DDEBUG -c -I"/home/chris/Projects/Embedded/Optimized_STM32_ILI9341" -I../Drivers/STM32F0xx_HAL_Driver/Inc -I../Drivers/CMSIS/Include -I../Core/Inc -I"/home/chris/Projects/Embedded/Optimized_TSC2046_TouchSceen" -I../Drivers/STM32F0xx_HAL_Driver/Inc/Legacy -I../Drivers/CMSIS/Device/ST/STM32F0xx/Include -O0 -ffunction-sections -fdata-sections -Wall -fstack-usage -MMD -MP -MF"Drivers/STM32F0xx_HAL_Driver/Src/stm32f0xx_hal_i2c_ex.d" -MT"Drivers/STM32F0xx_HAL_Driver/Src/stm32f0xx_hal_i2c_ex.o" --specs=nano.specs -mfloat-abi=soft -mthumb -o "Drivers/STM32F0xx_HAL_Driver/Src/stm32f0xx_hal_i2c_ex.o"
arm-none-eabi-gcc "../Drivers/STM32F0xx_HAL_Driver/Src/stm32f0xx_hal_pwr.c" -mcpu=cortex-m0 -std=gnu11 -g3 -DUSE_HAL_DRIVER -DSTM32F072xB -DDEBUG -c -I"/home/chris/Projects/Embedded/Optimized_STM32_ILI9341" -I../Drivers/STM32F0xx_HAL_Driver/Inc -I../Drivers/CMSIS/Include -I../Core/Inc -I"/home/chris/Projects/Embedded/Optimized_TSC2046_TouchSceen" -I../Drivers/STM32F0xx_HAL_Driver/Inc/Legacy -I../Drivers/CMSIS/Device/ST/STM32F0xx/Include -O0 -ffunction-sections -fdata-sections -Wall -fstack-usage -MMD -MP -MF"Drivers/STM32F0xx_HAL_Driver/Src/stm32f0xx_hal_pwr.d" -MT"Drivers/STM32F0xx_HAL_Driver/Src/stm32f0xx_hal_pwr.o" --specs=nano.specs -mfloat-abi=soft -mthumb -o "Drivers/STM32F0xx_HAL_Driver/Src/stm32f0xx_hal_pwr.o"
arm-none-eabi-gcc "../Drivers/STM32F0xx_HAL_Driver/Src/stm32f0xx_hal_pwr_ex.c" -mcpu=cortex-m0 -std=gnu11 -g3 -DUSE_HAL_DRIVER -DSTM32F072xB -DDEBUG -c -I"/home/chris/Projects/Embedded/Optimized_STM32_ILI9341" -I../Drivers/STM32F0xx_HAL_Driver/Inc -I../Drivers/CMSIS/Include -I../Core/Inc -I"/home/chris/Projects/Embedded/Optimized_TSC2046_TouchSceen" -I../Drivers/STM32F0xx_HAL_Driver/Inc/Legacy -I../Drivers/CMSIS/Device/ST/STM32F0xx/Include -O0 -ffunction-sections -fdata-sections -Wall -fstack-usage -MMD -MP -MF"Drivers/STM32F0xx_HAL_Driver/Src/stm32f0xx_hal_pwr_ex.d" -MT"Drivers/STM32F0xx_HAL_Driver/Src/stm32f0xx_hal_pwr_ex.o" --specs=nano.specs -mfloat-abi=soft -mthumb -o "Drivers/STM32F0xx_HAL_Driver/Src/stm32f0xx_hal_pwr_ex.o"
arm-none-eabi-gcc "../Drivers/STM32F0xx_HAL_Driver/Src/stm32f0xx_hal_rcc.c" -mcpu=cortex-m0 -std=gnu11 -g3 -DUSE_HAL_DRIVER -DSTM32F072xB -DDEBUG -c -I"/home/chris/Projects/Embedded/Optimized_STM32_ILI9341" -I../Drivers/STM32F0xx_HAL_Driver/Inc -I../Drivers/CMSIS/Include -I../Core/Inc -I"/home/chris/Projects/Embedded/Optimized_TSC2046_TouchSceen" -I../Drivers/STM32F0xx_HAL_Driver/Inc/Legacy -I../Drivers/CMSIS/Device/ST/STM32F0xx/Include -O0 -ffunction-sections -fdata-sections -Wall -fstack-usage -MMD -MP -MF"Drivers/STM32F0xx_HAL_Driver/Src/stm32f0xx_hal_rcc.d" -MT"Drivers/STM32F0xx_HAL_Driver/Src/stm32f0xx_hal_rcc.o" --specs=nano.specs -mfloat-abi=soft -mthumb -o "Drivers/STM32F0xx_HAL_Driver/Src/stm32f0xx_hal_rcc.o"
arm-none-eabi-gcc "../Drivers/STM32F0xx_HAL_Driver/Src/stm32f0xx_hal_rcc_ex.c" -mcpu=cortex-m0 -std=gnu11 -g3 -DUSE_HAL_DRIVER -DSTM32F072xB -DDEBUG -c -I"/home/chris/Projects/Embedded/Optimized_STM32_ILI9341" -I../Drivers/STM32F0xx_HAL_Driver/Inc -I../Drivers/CMSIS/Include -I../Core/Inc -I"/home/chris/Projects/Embedded/Optimized_TSC2046_TouchSceen" -I../Drivers/STM32F0xx_HAL_Driver/Inc/Legacy -I../Drivers/CMSIS/Device/ST/STM32F0xx/Include -O0 -ffunction-sections -fdata-sections -Wall -fstack-usage -MMD -MP -MF"Drivers/STM32F0xx_HAL_Driver/Src/stm32f0xx_hal_rcc_ex.d" -MT"Drivers/STM32F0xx_HAL_Driver/Src/stm32f0xx_hal_rcc_ex.o" --specs=nano.specs -mfloat-abi=soft -mthumb -o "Drivers/STM32F0xx_HAL_Driver/Src/stm32f0xx_hal_rcc_ex.o"
arm-none-eabi-gcc "../Drivers/STM32F0xx_HAL_Driver/Src/stm32f0xx_hal_spi.c" -mcpu=cortex-m0 -std=gnu11 -g3 -DUSE_HAL_DRIVER -DSTM32F072xB -DDEBUG -c -I"/home/chris/Projects/Embedded/Optimized_STM32_ILI9341" -I../Drivers/STM32F0xx_HAL_Driver/Inc -I../Drivers/CMSIS/Include -I../Core/Inc -I"/home/chris/Projects/Embedded/Optimized_TSC2046_TouchSceen" -I../Drivers/STM32F0xx_HAL_Driver/Inc/Legacy -I../Drivers/CMSIS/Device/ST/STM32F0xx/Include -O0 -ffunction-sections -fdata-sections -Wall -fstack-usage -MMD -MP -MF"Drivers/STM32F0xx_HAL_Driver/Src/stm32f0xx_hal_spi.d" -MT"Drivers/STM32F0xx_HAL_Driver/Src/stm32f0xx_hal_spi.o" --specs=nano.specs -mfloat-abi=soft -mthumb -o "Drivers/STM32F0xx_HAL_Driver/Src/stm32f0xx_hal_spi.o"
arm-none-eabi-gcc "../Drivers/STM32F0xx_HAL_Driver/Src/stm32f0xx_hal_spi_ex.c" -mcpu=cortex-m0 -std=gnu11 -g3 -DUSE_HAL_DRIVER -DSTM32F072xB -DDEBUG -c -I"/home/chris/Projects/Embedded/Optimized_STM32_ILI9341" -I../Drivers/STM32F0xx_HAL_Driver/Inc -I../Drivers/CMSIS/Include -I../Core/Inc -I"/home/chris/Projects/Embedded/Optimized_TSC2046_TouchSceen" -I../Drivers/STM32F0xx_HAL_Driver/Inc/Legacy -I../Drivers/CMSIS/Device/ST/STM32F0xx/Include -O0 -ffunction-sections -fdata-sections -Wall -fstack-usage -MMD -MP -MF"Drivers/STM32F0xx_HAL_Driver/Src/stm32f0xx_hal_spi_ex.d" -MT"Drivers/STM32F0xx_HAL_Driver/Src/stm32f0xx_hal_spi_ex.o" --specs=nano.specs -mfloat-abi=soft -mthumb -o "Drivers/STM32F0xx_HAL_Driver/Src/stm32f0xx_hal_spi_ex.o"
arm-none-eabi-gcc "../Drivers/STM32F0xx_HAL_Driver/Src/stm32f0xx_hal_tim.c" -mcpu=cortex-m0 -std=gnu11 -g3 -DUSE_HAL_DRIVER -DSTM32F072xB -DDEBUG -c -I"/home/chris/Projects/Embedded/Optimized_STM32_ILI9341" -I../Drivers/STM32F0xx_HAL_Driver/Inc -I../Drivers/CMSIS/Include -I../Core/Inc -I"/home/chris/Projects/Embedded/Optimized_TSC2046_TouchSceen" -I../Drivers/STM32F0xx_HAL_Driver/Inc/Legacy -I../Drivers/CMSIS/Device/ST/STM32F0xx/Include -O0 -ffunction-sections -fdata-sections -Wall -fstack-usage -MMD -MP -MF"Drivers/STM32F0xx_HAL_Driver/Src/stm32f0xx_hal_tim.d" -MT"Drivers/STM32F0xx_HAL_Driver/Src/stm32f0xx_hal_tim.o" --specs=nano.specs -mfloat-abi=soft -mthumb -o "Drivers/STM32F0xx_HAL_Driver/Src/stm32f0xx_hal_tim.o"
arm-none-eabi-gcc "../Drivers/STM32F0xx_HAL_Driver/Src/stm32f0xx_hal_tim_ex.c" -mcpu=cortex-m0 -std=gnu11 -g3 -DUSE_HAL_DRIVER -DSTM32F072xB -DDEBUG -c -I"/home/chris/Projects/Embedded/Optimized_STM32_ILI9341" -I../Drivers/STM32F0xx_HAL_Driver/Inc -I../Drivers/CMSIS/Include -I../Core/Inc -I"/home/chris/Projects/Embedded/Optimized_TSC2046_TouchSceen" -I../Drivers/STM32F0xx_HAL_Driver/Inc/Legacy -I../Drivers/CMSIS/Device/ST/STM32F0xx/Include -O0 -ffunction-sections -fdata-sections -Wall -fstack-usage -MMD -MP -MF"Drivers/STM32F0xx_HAL_Driver/Src/stm32f0xx_hal_tim_ex.d" -MT"Drivers/STM32F0xx_HAL_Driver/Src/stm32f0xx_hal_tim_ex.o" --specs=nano.specs -mfloat-abi=soft -mthumb -o "Drivers/STM32F0xx_HAL_Driver/Src/stm32f0xx_hal_tim_ex.o"
arm-none-eabi-gcc "../Core/Src/gpio.c" -mcpu=cortex-m0 -std=gnu11 -g3 -DUSE_HAL_DRIVER -DSTM32F072xB -DDEBUG -c -I"/home/chris/Projects/Embedded/Optimized_STM32_ILI9341" -I../Drivers/STM32F0xx_HAL_Driver/Inc -I../Drivers/CMSIS/Include -I../Core/Inc -I"/home/chris/Projects/Embedded/Optimized_TSC2046_TouchSceen" -I../Drivers/STM32F0xx_HAL_Driver/Inc/Legacy -I../Drivers/CMSIS/Device/ST/STM32F0xx/Include -O0 -ffunction-sections -fdata-sections -Wall -fstack-usage -MMD -MP -MF"Core/Src/gpio.d" -MT"Core/Src/gpio.o" --specs=nano.specs -mfloat-abi=soft -mthumb -o "Core/Src/gpio.o"
arm-none-eabi-gcc "../Core/Src/main.c" -mcpu=cortex-m0 -std=gnu11 -g3 -DUSE_HAL_DRIVER -DSTM32F072xB -DDEBUG -c -I"/home/chris/Projects/Embedded/Optimized_STM32_ILI9341" -I../Drivers/STM32F0xx_HAL_Driver/Inc -I../Drivers/CMSIS/Include -I../Core/Inc -I"/home/chris/Projects/Embedded/Optimized_TSC2046_TouchSceen" -I../Drivers/STM32F0xx_HAL_Driver/Inc/Legacy -I../Drivers/CMSIS/Device/ST/STM32F0xx/Include -O0 -ffunction-sections -fdata-sections -Wall -fstack-usage -MMD -MP -MF"Core/Src/main.d" -MT"Core/Src/main.o" --specs=nano.specs -mfloat-abi=soft -mthumb -o "Core/Src/main.o"
arm-none-eabi-gcc "../Core/Src/spi.c" -mcpu=cortex-m0 -std=gnu11 -g3 -DUSE_HAL_DRIVER -DSTM32F072xB -DDEBUG -c -I"/home/chris/Projects/Embedded/Optimized_STM32_ILI9341" -I../Drivers/STM32F0xx_HAL_Driver/Inc -I../Drivers/CMSIS/Include -I../Core/Inc -I"/home/chris/Projects/Embedded/Optimized_TSC2046_TouchSceen" -I../Drivers/STM32F0xx_HAL_Driver/Inc/Legacy -I../Drivers/CMSIS/Device/ST/STM32F0xx/Include -O0 -ffunction-sections -fdata-sections -Wall -fstack-usage -MMD -MP -MF"Core/Src/spi.d" -MT"Core/Src/spi.o" --specs=nano.specs -mfloat-abi=soft -mthumb -o "Core/Src/spi.o"
arm-none-eabi-gcc "../Core/Src/stm32f0xx_hal_msp.c" -mcpu=cortex-m0 -std=gnu11 -g3 -DUSE_HAL_DRIVER -DSTM32F072xB -DDEBUG -c -I"/home/chris/Projects/Embedded/Optimized_STM32_ILI9341" -I../Drivers/STM32F0xx_HAL_Driver/Inc -I../Drivers/CMSIS/Include -I../Core/Inc -I"/home/chris/Projects/Embedded/Optimized_TSC2046_TouchSceen" -I../Drivers/STM32F0xx_HAL_Driver/Inc/Legacy -I../Drivers/CMSIS/Device/ST/STM32F0xx/Include -O0 -ffunction-sections -fdata-sections -Wall -fstack-usage -MMD -MP -MF"Core/Src/stm32f0xx_hal_msp.d" -MT"Core/Src/stm32f0xx_hal_msp.o" --specs=nano.specs -mfloat-abi=soft -mthumb -o "Core/Src/stm32f0xx_hal_msp.o"
arm-none-eabi-gcc "../Core/Src/stm32f0xx_it.c" -mcpu=cortex-m0 -std=gnu11 -g3 -DUSE_HAL_DRIVER -DSTM32F072xB -DDEBUG -c -I"/home/chris/Projects/Embedded/Optimized_STM32_ILI9341" -I../Drivers/STM32F0xx_HAL_Driver/Inc -I../Drivers/CMSIS/Include -I../Core/Inc -I"/home/chris/Projects/Embedded/Optimized_TSC2046_TouchSceen" -I../Drivers/STM32F0xx_HAL_Driver/Inc/Legacy -I../Drivers/CMSIS/Device/ST/STM32F0xx/Include -O0 -ffunction-sections -fdata-sections -Wall -fstack-usage -MMD -MP -MF"Core/Src/stm32f0xx_it.d" -MT"Core/Src/stm32f0xx_it.o" --specs=nano.specs -mfloat-abi=soft -mthumb -o "Core/Src/stm32f0xx_it.o"
arm-none-eabi-gcc "../Core/Src/system_stm32f0xx.c" -mcpu=cortex-m0 -std=gnu11 -g3 -DUSE_HAL_DRIVER -DSTM32F072xB -DDEBUG -c -I"/home/chris/Projects/Embedded/Optimized_STM32_ILI9341" -I../Drivers/STM32F0xx_HAL_Driver/Inc -I../Drivers/CMSIS/Include -I../Core/Inc -I"/home/chris/Projects/Embedded/Optimized_TSC2046_TouchSceen" -I../Drivers/STM32F0xx_HAL_Driver/Inc/Legacy -I../Drivers/CMSIS/Device/ST/STM32F0xx/Include -O0 -ffunction-sections -fdata-sections -Wall -fstack-usage -MMD -MP -MF"Core/Src/system_stm32f0xx.d" -MT"Core/Src/system_stm32f0xx.o" --specs=nano.specs -mfloat-abi=soft -mthumb -o "Core/Src/system_stm32f0xx.o"
arm-none-eabi-gcc "../Core/Src/tim.c" -mcpu=cortex-m0 -std=gnu11 -g3 -DUSE_HAL_DRIVER -DSTM32F072xB -DDEBUG -c -I"/home/chris/Projects/Embedded/Optimized_STM32_ILI9341" -I../Drivers/STM32F0xx_HAL_Driver/Inc -I../Drivers/CMSIS/Include -I../Core/Inc -I"/home/chris/Projects/Embedded/Optimized_TSC2046_TouchSceen" -I../Drivers/STM32F0xx_HAL_Driver/Inc/Legacy -I../Drivers/CMSIS/Device/ST/STM32F0xx/Include -O0 -ffunction-sections -fdata-sections -Wall -fstack-usage -MMD -MP -MF"Core/Src/tim.d" -MT"Core/Src/tim.o" --specs=nano.specs -mfloat-abi=soft -mthumb -o "Core/Src/tim.o"
arm-none-eabi-gcc -o "HPECommonSlot_BreakoutModule_SW_F072.elf" @"objects.list"   -mcpu=cortex-m0 -T"/home/chris/Projects/Embedded/HPECommonSlot_BreakoutModule_SW/HPECommonSlot_BreakoutModule_SW_F072/HPECommonSlot_BreakoutModule_SW_F072/STM32F072RBTX_FLASH.ld" --specs=nosys.specs -Wl,-Map="HPECommonSlot_BreakoutModule_SW_F072.map" -Wl,--gc-sections -static --specs=nano.specs -mfloat-abi=soft -mthumb -Wl,--start-group -lc -lm -Wl,--end-group
Finished building target: HPECommonSlot_BreakoutModule_SW_F072.elf
 
arm-none-eabi-objdump -h -S  HPECommonSlot_BreakoutModule_SW_F072.elf  > "HPECommonSlot_BreakoutModule_SW_F072.list"
arm-none-eabi-objcopy  -O binary  HPECommonSlot_BreakoutModule_SW_F072.elf  "HPECommonSlot_BreakoutModule_SW_F072.bin"
arm-none-eabi-size   HPECommonSlot_BreakoutModule_SW_F072.elf 
   text	   data	    bss	    dec	    hex	filename
  15716	    124	   1756	  17596	   44bc	HPECommonSlot_BreakoutModule_SW_F072.elf
Finished building: default.size.stdout
 
Finished building: HPECommonSlot_BreakoutModule_SW_F072.bin
 
Finished building: HPECommonSlot_BreakoutModule_SW_F072.list
 
23:48:28 **** Incremental Build of configuration Debug for project HPECommonSlot_BreakoutModule_SW_F072 ****
make -j4 all 
arm-none-eabi-gcc "/home/chris/Projects/Embedded/Optimized_TSC2046_TouchSceen/TSC2046_STM32_HardwareManager.c" -mcpu=cortex-m0 -std=gnu11 -g3 -DUSE_HAL_DRIVER -DSTM32F072xB -DDEBUG -c -I"/home/chris/Projects/Embedded/Optimized_STM32_ILI9341" -I../Drivers/STM32F0xx_HAL_Driver/Inc -I../Drivers/CMSIS/Include -I../Core/Inc -I"/home/chris/Projects/Embedded/Optimized_TSC2046_TouchSceen" -I../Drivers/STM32F0xx_HAL_Driver/Inc/Legacy -I../Drivers/CMSIS/Device/ST/STM32F0xx/Include -O0 -ffunction-sections -fdata-sections -Wall -fstack-usage -MMD -MP -MF"Optimized_TSC2046_TouchSceen/TSC2046_STM32_HardwareManager.d" -MT"Optimized_TSC2046_TouchSceen/TSC2046_STM32_HardwareManager.o" --specs=nano.specs -mfloat-abi=soft -mthumb -o "Optimized_TSC2046_TouchSceen/TSC2046_STM32_HardwareManager.o"
/home/chris/Projects/Embedded/Optimized_TSC2046_TouchSceen/TSC2046_STM32_HardwareManager.c: In function 'TSC2046_HM_ReadAnalogInput':
/home/chris/Projects/Embedded/Optimized_TSC2046_TouchSceen/TSC2046_STM32_HardwareManager.c:55:10: warning: unused variable 'tsc2046_read_ypos_data' [-Wunused-variable]
  uint8_t tsc2046_read_ypos_data[2] = {};
          ^~~~~~~~~~~~~~~~~~~~~~
/home/chris/Projects/Embedded/Optimized_TSC2046_TouchSceen/TSC2046_STM32_HardwareManager.c:54:10: warning: unused variable 'tsc2046_read_xpos_data' [-Wunused-variable]
  uint8_t tsc2046_read_xpos_data[2] = {};
          ^~~~~~~~~~~~~~~~~~~~~~
/home/chris/Projects/Embedded/Optimized_TSC2046_TouchSceen/TSC2046_STM32_HardwareManager.c:51:10: warning: unused variable 'tsc2046_read_xpos_cmd' [-Wunused-variable]
  uint8_t tsc2046_read_xpos_cmd[1] = { 0xD0 };   // 1101 0000
          ^~~~~~~~~~~~~~~~~~~~~
/home/chris/Projects/Embedded/Optimized_TSC2046_TouchSceen/TSC2046_STM32_HardwareManager.c:50:10: warning: unused variable 'tsc2046_read_ypos_cmd' [-Wunused-variable]
  uint8_t tsc2046_read_ypos_cmd[1] = { 0x90 };   // 1001 0000 - Read Y, 12-bit, DFR mode
          ^~~~~~~~~~~~~~~~~~~~~
arm-none-eabi-gcc -o "HPECommonSlot_BreakoutModule_SW_F072.elf" @"objects.list"   -mcpu=cortex-m0 -T"/home/chris/Projects/Embedded/HPECommonSlot_BreakoutModule_SW/HPECommonSlot_BreakoutModule_SW_F072/HPECommonSlot_BreakoutModule_SW_F072/STM32F072RBTX_FLASH.ld" --specs=nosys.specs -Wl,-Map="HPECommonSlot_BreakoutModule_SW_F072.map" -Wl,--gc-sections -static --specs=nano.specs -mfloat-abi=soft -mthumb -Wl,--start-group -lc -lm -Wl,--end-group
Finished building target: HPECommonSlot_BreakoutModule_SW_F072.elf
 
arm-none-eabi-objdump -h -S  HPECommonSlot_BreakoutModule_SW_F072.elf  > "HPECommonSlot_BreakoutModule_SW_F072.list"
arm-none-eabi-objcopy  -O binary  HPECommonSlot_BreakoutModule_SW_F072.elf  "HPECommonSlot_BreakoutModule_SW_F072.bin"
arm-none-eabi-size   HPECommonSlot_BreakoutModule_SW_F072.elf 
   text	   data	    bss	    dec	    hex	filename
  15700	    124	   1756	  17580	   44ac	HPECommonSlot_BreakoutModule_SW_F072.elf
Finished building: default.size.stdout
 
Finished building: HPECommonSlot_BreakoutModule_SW_F072.bin
 
Finished building: HPECommonSlot_BreakoutModule_SW_F072.list
 
23:48:44 **** Incremental Build of configuration Debug for project HPECommonSlot_BreakoutModule_SW_F072 ****
make -j4 all 
arm-none-eabi-size   HPECommonSlot_BreakoutModule_SW_F072.elf 
   text	   data	    bss	    dec	    hex	filename
  15700	    124	   1756	  17580	   44ac	HPECommonSlot_BreakoutModule_SW_F072.elf
Finished building: default.size.stdout
 
23:50:53 **** Incremental Build of configuration Debug for project HPECommonSlot_BreakoutModule_SW_F072 ****
make -j4 all 
[...]
Finished building target: HPECommonSlot_BreakoutModule_SW_F072.elf
 
arm-none-eabi-objdump -h -S  HPECommonSlot_BreakoutModule_SW_F072.elf  > "HPECommonSlot_BreakoutModule_SW_F072.list"
arm-none-eabi-objcopy  -O binary  HPECommonSlot_BreakoutModule_SW_F072.elf  "HPECommonSlot_BreakoutModule_SW_F072.bin"
arm-none-eabi-size   HPECommonSlot_BreakoutModule_SW_F072.elf 
   text	   data	    bss	    dec	    hex	filename
  16004	    124	   1852	  17980	   463c	HPECommonSlot_BreakoutModule_SW_F072.elf
Finished building: default.size.stdout
 
Finished building: HPECommonSlot_BreakoutModule_SW_F072.bin
 
Finished building: HPECommonSlot_BreakoutModule_SW_F072.list
 
00:17:15 **** Incremental Build of configuration Debug for project HPECommonSlot_BreakoutModule_SW_F072 ****
make -j4 all 
arm-none-eabi-gcc "/home/chris/Projects/Embedded/Optimized_TSC2046_TouchSceen/TSC2046_STM32_HardwareManager.c" -mcpu=cortex-m0 -std=gnu11 -g3 -DUSE_HAL_DRIVER -DSTM32F072xB -DDEBUG -c -I"/home/chris/Projects/Embedded/Optimized_STM32_ILI9341" -I../Drivers/STM32F0xx_HAL_Driver/Inc -I../Drivers/CMSIS/Include -I../Core/Inc -I"/home/chris/Projects/Embedded/Optimized_TSC2046_TouchSceen" -I../Drivers/STM32F0xx_HAL_Driver/Inc/Legacy -I../Drivers/CMSIS/Device/ST/STM32F0xx/Include -O0 -ffunction-sections -fdata-sections -Wall -fstack-usage -MMD -MP -MF"Optimized_TSC2046_TouchSceen/TSC2046_STM32_HardwareManager.d" -MT"Optimized_TSC2046_TouchSceen/TSC2046_STM32_HardwareManager.o" --specs=nano.specs -mfloat-abi=soft -mthumb -o "Optimized_TSC2046_TouchSceen/TSC2046_STM32_HardwareManager.o"
/home/chris/Projects/Embedded/Optimized_TSC2046_TouchSceen/TSC2046_STM32_HardwareManager.c: In function 'TSC2046_HM_ReadAnalogInput':
/home/chris/Projects/Embedded/Optimized_TSC2046_TouchSceen/TSC2046_STM32_HardwareManager.c:59:10: warning: unused variable 'tsc2046_read_ypos_data' [-Wunused-variable]
  uint8_t tsc2046_read_ypos_data[2] = {};
          ^~~~~~~~~~~~~~~~~~~~~~
/home/chris/Projects/Embedded/Optimized_TSC2046_TouchSceen/TSC2046_STM32_HardwareManager.c:58:10: warning: unused variable 'tsc2046_read_xpos_data' [-Wunused-variable]
  uint8_t tsc2046_read_xpos_data[2] = {};
          ^~~~~~~~~~~~~~~~~~~~~~
/home/chris/Projects/Embedded/Optimized_TSC2046_TouchSceen/TSC2046_STM32_HardwareManager.c:55:10: warning: unused variable 'tsc2046_read_xpos_cmd' [-Wunused-variable]
  uint8_t tsc2046_read_xpos_cmd[1] = { 0xD0 };   // 1101 0000
          ^~~~~~~~~~~~~~~~~~~~~
/home/chris/Projects/Embedded/Optimized_TSC2046_TouchSceen/TSC2046_STM32_HardwareManager.c:54:10: warning: unused variable 'tsc2046_read_ypos_cmd' [-Wunused-variable]
  uint8_t tsc2046_read_ypos_cmd[1] = { 0x90 };   // 1001 0000 - Read Y, 12-bit, DFR mode
          ^~~~~~~~~~~~~~~~~~~~~
arm-none-eabi-gcc -o "HPECommonSlot_BreakoutModule_SW_F072.elf" @"objects.list"   -mcpu=cortex-m0 -T"/home/chris/Projects/Embedded/HPECommonSlot_BreakoutModule_SW/HPECommonSlot_BreakoutModule_SW_F072/HPECommonSlot_BreakoutModule_SW_F072/STM32F072RBTX_FLASH.ld" --specs=nosys.specs -Wl,-Map="HPECommonSlot_BreakoutModule_SW_F072.map" -Wl,--gc-sections -static --specs=nano.specs -mfloat-abi=soft -mthumb -Wl,--start-group -lc -lm -Wl,--end-group
Finished building target: HPECommonSlot_BreakoutModule_SW_F072.elf
 
arm-none-eabi-objdump -h -S  HPECommonSlot_BreakoutModule_SW_F072.elf  > "HPECommonSlot_BreakoutModule_SW_F072.list"
arm-none-eabi-objcopy  -O binary  HPECommonSlot_BreakoutModule_SW_F072.elf  "HPECommonSlot_BreakoutModule_SW_F072.bin"
arm-none-eabi-size   HPECommonSlot_BreakoutModule_SW_F072.elf 
   text	   data	    bss	    dec	    hex	filename
  16012	    124	   1852	  17988	   4644	HPECommonSlot_BreakoutModule_SW_F072.elf
Finished building: default.size.stdout
 
Finished building: HPECommonSlot_BreakoutModule_SW_F072.bin
 
Finished building: HPECommonSlot_BreakoutModule_SW_F072.list
 
00:17:32 **** Incremental Build of configuration Debug for project HPECommonSlot_BreakoutModule_SW_F072 ****
make -j4 all 
arm-none-eabi-gcc "/home/chris/Projects/Embedded/Optimized_TSC2046_TouchSceen/TSC2046_STM32_HardwareManager.c" -mcpu=cortex-m0 -std=gnu11 -g3 -DUSE_HAL_DRIVER -DSTM32F072xB -DDEBUG -c -I"/home/chris/Projects/Embedded/Optimized_STM32_ILI9341" -I../Drivers/STM32F0xx_HAL_Driver/Inc -I../Drivers/CMSIS/Include -I../Core/Inc -I"/home/chris/Projects/Embedded/Optimized_TSC2046_TouchSceen" -I../Drivers/STM32F0xx_HAL_Driver/Inc/Legacy -I../Drivers/CMSIS/Device/ST/STM32F0xx/Include -O0 -ffunction-sections -fdata-sections -Wall -fstack-usage -MMD -MP -MF"Optimized_TSC2046_TouchSceen/TSC2046_STM32_HardwareManager.d" -MT"Optimized_TSC2046_TouchSceen/TSC2046_STM32_HardwareManager.o" --specs=nano.specs -mfloat-abi=soft -mthumb -o "Optimized_TSC2046_TouchSceen/TSC2046_STM32_HardwareManager.o"
/home/chris/Projects/Embedded/Optimized_TSC2046_TouchSceen/TSC2046_STM32_HardwareManager.c: In function 'TSC2046_HM_ReadAnalogInput':
/home/chris/Projects/Embedded/Optimized_TSC2046_TouchSceen/TSC2046_STM32_HardwareManager.c:59:10: warning: unused variable 'tsc2046_read_ypos_data' [-Wunused-variable]
  uint8_t tsc2046_read_ypos_data[2] = {};
          ^~~~~~~~~~~~~~~~~~~~~~
/home/chris/Projects/Embedded/Optimized_TSC2046_TouchSceen/TSC2046_STM32_HardwareManager.c:58:10: warning: unused variable 'tsc2046_read_xpos_data' [-Wunused-variable]
  uint8_t tsc2046_read_xpos_data[2] = {};
          ^~~~~~~~~~~~~~~~~~~~~~
/home/chris/Projects/Embedded/Optimized_TSC2046_TouchSceen/TSC2046_STM32_HardwareManager.c:55:10: warning: unused variable 'tsc2046_read_xpos_cmd' [-Wunused-variable]
  uint8_t tsc2046_read_xpos_cmd[1] = { 0xD0 };   // 1101 0000
          ^~~~~~~~~~~~~~~~~~~~~
/home/chris/Projects/Embedded/Optimized_TSC2046_TouchSceen/TSC2046_STM32_HardwareManager.c:54:10: warning: unused variable 'tsc2046_read_ypos_cmd' [-Wunused-variable]
  uint8_t tsc2046_read_ypos_cmd[1] = { 0x90 };   // 1001 0000 - Read Y, 12-bit, DFR mode
          ^~~~~~~~~~~~~~~~~~~~~
arm-none-eabi-gcc -o "HPECommonSlot_BreakoutModule_SW_F072.elf" @"objects.list"   -mcpu=cortex-m0 -T"/home/chris/Projects/Embedded/HPECommonSlot_BreakoutModule_SW/HPECommonSlot_BreakoutModule_SW_F072/HPECommonSlot_BreakoutModule_SW_F072/STM32F072RBTX_FLASH.ld" --specs=nosys.specs -Wl,-Map="HPECommonSlot_BreakoutModule_SW_F072.map" -Wl,--gc-sections -static --specs=nano.specs -mfloat-abi=soft -mthumb -Wl,--start-group -lc -lm -Wl,--end-group
Finished building target: HPECommonSlot_BreakoutModule_SW_F072.elf
 
arm-none-eabi-objdump -h -S  HPECommonSlot_BreakoutModule_SW_F072.elf  > "HPECommonSlot_BreakoutModule_SW_F072.list"
arm-none-eabi-objcopy  -O binary  HPECommonSlot_BreakoutModule_SW_F072.elf  "HPECommonSlot_BreakoutModule_SW_F072.bin"
arm-none-eabi-size   HPECommonSlot_BreakoutModule_SW_F072.elf 
   text	   data	    bss	    dec	    hex	filename
  15992	    124	   1852	  17968	   4630	HPECommonSlot_BreakoutModule_SW_F072.elf
Finished building: default.size.stdout
Finished building: HPECommonSlot_BreakoutModule_SW_F072.bin
 
 
Finished building: HPECommonSlot_BreakoutModule_SW_F072.list
 
00:17:54 **** Incremental Build of configuration Debug for project HPECommonSlot_BreakoutModule_SW_F072 ****
make -j4 all 
arm-none-eabi-size   HPECommonSlot_BreakoutModule_SW_F072.elf 
   text	   data	    bss	    dec	    hex	filename
  15992	    124	   1852	  17968	   4630	HPECommonSlot_BreakoutModule_SW_F072.elf
Finished building: default.size.stdout
 
00:18:24 **** Incremental Build of configuration Debug for project HPECommonSlot_BreakoutModule_SW_F072 ****
make -j4 all 
arm-none-eabi-gcc "../Core/Src/main.c" -mcpu=cortex-m0 -std=gnu11 -g3 -DUSE_HAL_DRIVER -DSTM32F072xB -DDEBUG -c -I"/home/chris/Projects/Embedded/Optimized_STM32_ILI9341" -I../Drivers/STM32F0xx_HAL_Driver/Inc -I../Drivers/CMSIS/Include -I../Core/Inc -I"/home/chris/Projects/Embedded/Optimized_TSC2046_TouchSceen" -I../Drivers/STM32F0xx_HAL_Driver/Inc/Legacy -I../Drivers/CMSIS/Device/ST/STM32F0xx/Include -O0 -ffunction-sections -fdata-sections -Wall -fstack-usage -MMD -MP -MF"Core/Src/main.d" -MT"Core/Src/main.o" --specs=nano.specs -mfloat-abi=soft -mthumb -o "Core/Src/main.o"
arm-none-eabi-gcc -o "HPECommonSlot_BreakoutModule_SW_F072.elf" @"objects.list"   -mcpu=cortex-m0 -T"/home/chris/Projects/Embedded/HPECommonSlot_BreakoutModule_SW/HPECommonSlot_BreakoutModule_SW_F072/HPECommonSlot_BreakoutModule_SW_F072/STM32F072RBTX_FLASH.ld" --specs=nosys.specs -Wl,-Map="HPECommonSlot_BreakoutModule_SW_F072.map" -Wl,--gc-sections -static --specs=nano.specs -mfloat-abi=soft -mthumb -Wl,--start-group -lc -lm -Wl,--end-group
Finished building target: HPECommonSlot_BreakoutModule_SW_F072.elf
 
arm-none-eabi-objdump -h -S  HPECommonSlot_BreakoutModule_SW_F072.elf  > "HPECommonSlot_BreakoutModule_SW_F072.list"
arm-none-eabi-objcopy  -O binary  HPECommonSlot_BreakoutModule_SW_F072.elf  "HPECommonSlot_BreakoutModule_SW_F072.bin"
arm-none-eabi-size   HPECommonSlot_BreakoutModule_SW_F072.elf 
   text	   data	    bss	    dec	    hex	filename
  15992	    124	   1852	  17968	   4630	HPECommonSlot_BreakoutModule_SW_F072.elf
Finished building: default.size.stdout
Finished building: HPECommonSlot_BreakoutModule_SW_F072.bin
 
 
Finished building: HPECommonSlot_BreakoutModule_SW_F072.list
 
00:20:17 **** Incremental Build of configuration Debug for project HPECommonSlot_BreakoutModule_SW_F072 ****
make -j4 all 
arm-none-eabi-gcc "/home/chris/Projects/Embedded/Optimized_TSC2046_TouchSceen/TSC2046_STM32_HardwareManager.c" -mcpu=cortex-m0 -std=gnu11 -g3 -DUSE_HAL_DRIVER -DSTM32F072xB -DDEBUG -c -I"/home/chris/Projects/Embedded/Optimized_STM32_ILI9341" -I../Drivers/STM32F0xx_HAL_Driver/Inc -I../Drivers/CMSIS/Include -I../Core/Inc -I"/home/chris/Projects/Embedded/Optimized_TSC2046_TouchSceen" -I../Drivers/STM32F0xx_HAL_Driver/Inc/Legacy -I../Drivers/CMSIS/Device/ST/STM32F0xx/Include -O0 -ffunction-sections -fdata-sections -Wall -fstack-usage -MMD -MP -MF"Optimized_TSC2046_TouchSceen/TSC2046_STM32_HardwareManager.d" -MT"Optimized_TSC2046_TouchSceen/TSC2046_STM32_HardwareManager.o" --specs=nano.specs -mfloat-abi=soft -mthumb -o "Optimized_TSC2046_TouchSceen/TSC2046_STM32_HardwareManager.o"
/home/chris/Projects/Embedded/Optimized_TSC2046_TouchSceen/TSC2046_STM32_HardwareManager.c: In function 'TSC2046_HM_ReadAnalogInput':
/home/chris/Projects/Embedded/Optimized_TSC2046_TouchSceen/TSC2046_STM32_HardwareManager.c:60:10: warning: unused variable 'tsc2046_read_ypos_data' [-Wunused-variable]
  uint8_t tsc2046_read_ypos_data[2] = {};
          ^~~~~~~~~~~~~~~~~~~~~~
/home/chris/Projects/Embedded/Optimized_TSC2046_TouchSceen/TSC2046_STM32_HardwareManager.c:59:10: warning: unused variable 'tsc2046_read_xpos_data' [-Wunused-variable]
  uint8_t tsc2046_read_xpos_data[2] = {};
          ^~~~~~~~~~~~~~~~~~~~~~
/home/chris/Projects/Embedded/Optimized_TSC2046_TouchSceen/TSC2046_STM32_HardwareManager.c:56:10: warning: unused variable 'tsc2046_read_xpos_cmd' [-Wunused-variable]
  uint8_t tsc2046_read_xpos_cmd[1] = { 0xD0 };   // 1101 0000
          ^~~~~~~~~~~~~~~~~~~~~
/home/chris/Projects/Embedded/Optimized_TSC2046_TouchSceen/TSC2046_STM32_HardwareManager.c:55:10: warning: unused variable 'tsc2046_read_ypos_cmd' [-Wunused-variable]
  uint8_t tsc2046_read_ypos_cmd[1] = { 0x90 };   // 1001 0000 - Read Y, 12-bit, DFR mode
          ^~~~~~~~~~~~~~~~~~~~~
arm-none-eabi-gcc -o "HPECommonSlot_BreakoutModule_SW_F072.elf" @"objects.list"   -mcpu=cortex-m0 -T"/home/chris/Projects/Embedded/HPECommonSlot_BreakoutModule_SW/HPECommonSlot_BreakoutModule_SW_F072/HPECommonSlot_BreakoutModule_SW_F072/STM32F072RBTX_FLASH.ld" --specs=nosys.specs -Wl,-Map="HPECommonSlot_BreakoutModule_SW_F072.map" -Wl,--gc-sections -static --specs=nano.specs -mfloat-abi=soft -mthumb -Wl,--start-group -lc -lm -Wl,--end-group
Finished building target: HPECommonSlot_BreakoutModule_SW_F072.elf
 
arm-none-eabi-objdump -h -S  HPECommonSlot_BreakoutModule_SW_F072.elf  > "HPECommonSlot_BreakoutModule_SW_F072.list"
arm-none-eabi-objcopy  -O binary  HPECommonSlot_BreakoutModule_SW_F072.elf  "HPECommonSlot_BreakoutModule_SW_F072.bin"
arm-none-eabi-size   HPECommonSlot_BreakoutModule_SW_F072.elf 
   text	   data	    bss	    dec	    hex	filename
  16000	    124	   1852	  17976	   4638	HPECommonSlot_BreakoutModule_SW_F072.elf
Finished building: default.size.stdout
Finished building: HPECommonSlot_BreakoutModule_SW_F072.bin
 
 
Finished building: HPECommonSlot_BreakoutModule_SW_F072.list
 
00:20:28 **** Incremental Build of configuration Debug for project HPECommonSlot_BreakoutModule_SW_F072 ****
make -j4 all 
arm-none-eabi-size   HPECommonSlot_BreakoutModule_SW_F072.elf 
   text	   data	    bss	    dec	    hex	filename
  16000	    124	   1852	  17976	   4638	HPECommonSlot_BreakoutModule_SW_F072.elf
Finished building: default.size.stdout
 
00:21:39 **** Incremental Build of configuration Debug for project HPECommonSlot_BreakoutModule_SW_F072 ****
make -j4 all 
arm-none-eabi-gcc "/home/chris/Projects/Embedded/Optimized_TSC2046_TouchSceen/TSC2046_STM32_HardwareManager.c" -mcpu=cortex-m0 -std=gnu11 -g3 -DUSE_HAL_DRIVER -DSTM32F072xB -DDEBUG -c -I"/home/chris/Projects/Embedded/Optimized_STM32_ILI9341" -I../Drivers/STM32F0xx_HAL_Driver/Inc -I../Drivers/CMSIS/Include -I../Core/Inc -I"/home/chris/Projects/Embedded/Optimized_TSC2046_TouchSceen" -I../Drivers/STM32F0xx_HAL_Driver/Inc/Legacy -I../Drivers/CMSIS/Device/ST/STM32F0xx/Include -O0 -ffunction-sections -fdata-sections -Wall -fstack-usage -MMD -MP -MF"Optimized_TSC2046_TouchSceen/TSC2046_STM32_HardwareManager.d" -MT"Optimized_TSC2046_TouchSceen/TSC2046_STM32_HardwareManager.o" --specs=nano.specs -mfloat-abi=soft -mthumb -o "Optimized_TSC2046_TouchSceen/TSC2046_STM32_HardwareManager.o"
/home/chris/Projects/Embedded/Optimized_TSC2046_TouchSceen/TSC2046_STM32_HardwareManager.c: In function 'TSC2046_HM_ReadAnalogInput':
/home/chris/Projects/Embedded/Optimized_TSC2046_TouchSceen/TSC2046_STM32_HardwareManager.c:60:10: warning: unused variable 'tsc2046_read_ypos_data' [-Wunused-variable]
  uint8_t tsc2046_read_ypos_data[2] = {};
          ^~~~~~~~~~~~~~~~~~~~~~
/home/chris/Projects/Embedded/Optimized_TSC2046_TouchSceen/TSC2046_STM32_HardwareManager.c:59:10: warning: unused variable 'tsc2046_read_xpos_data' [-Wunused-variable]
  uint8_t tsc2046_read_xpos_data[2] = {};
          ^~~~~~~~~~~~~~~~~~~~~~
/home/chris/Projects/Embedded/Optimized_TSC2046_TouchSceen/TSC2046_STM32_HardwareManager.c:56:10: warning: unused variable 'tsc2046_read_xpos_cmd' [-Wunused-variable]
  uint8_t tsc2046_read_xpos_cmd[1] = { 0xD0 };   // 1101 0000
          ^~~~~~~~~~~~~~~~~~~~~
/home/chris/Projects/Embedded/Optimized_TSC2046_TouchSceen/TSC2046_STM32_HardwareManager.c:55:10: warning: unused variable 'tsc2046_read_ypos_cmd' [-Wunused-variable]
  uint8_t tsc2046_read_ypos_cmd[1] = { 0x90 };   // 1001 0000 - Read Y, 12-bit, DFR mode
          ^~~~~~~~~~~~~~~~~~~~~
arm-none-eabi-gcc -o "HPECommonSlot_BreakoutModule_SW_F072.elf" @"objects.list"   -mcpu=cortex-m0 -T"/home/chris/Projects/Embedded/HPECommonSlot_BreakoutModule_SW/HPECommonSlot_BreakoutModule_SW_F072/HPECommonSlot_BreakoutModule_SW_F072/STM32F072RBTX_FLASH.ld" --specs=nosys.specs -Wl,-Map="HPECommonSlot_BreakoutModule_SW_F072.map" -Wl,--gc-sections -static --specs=nano.specs -mfloat-abi=soft -mthumb -Wl,--start-group -lc -lm -Wl,--end-group
Finished building target: HPECommonSlot_BreakoutModule_SW_F072.elf
 
arm-none-eabi-objdump -h -S  HPECommonSlot_BreakoutModule_SW_F072.elf  > "HPECommonSlot_BreakoutModule_SW_F072.list"
arm-none-eabi-objcopy  -O binary  HPECommonSlot_BreakoutModule_SW_F072.elf  "HPECommonSlot_BreakoutModule_SW_F072.bin"
arm-none-eabi-size   HPECommonSlot_BreakoutModule_SW_F072.elf 
   text	   data	    bss	    dec	    hex	filename
  16008	    124	   1852	  17984	   4640	HPECommonSlot_BreakoutModule_SW_F072.elf
Finished building: default.size.stdout
Finished building: HPECommonSlot_BreakoutModule_SW_F072.bin
 
 
Finished building: HPECommonSlot_BreakoutModule_SW_F072.list
 
00:21:43 **** Incremental Build of configuration Debug for project HPECommonSlot_BreakoutModule_SW_F072 ****
make -j4 all 
arm-none-eabi-size   HPECommonSlot_BreakoutModule_SW_F072.elf 
   text	   data	    bss	    dec	    hex	filename
  16008	    124	   1852	  17984	   4640	HPECommonSlot_BreakoutModule_SW_F072.elf
Finished building: default.size.stdout
 
00:22:21 **** Incremental Build of configuration Debug for project HPECommonSlot_BreakoutModule_SW_F072 ****
make -j4 all 
arm-none-eabi-gcc "/home/chris/Projects/Embedded/Optimized_TSC2046_TouchSceen/TSC2046_STM32_HardwareManager.c" -mcpu=cortex-m0 -std=gnu11 -g3 -DUSE_HAL_DRIVER -DSTM32F072xB -DDEBUG -c -I"/home/chris/Projects/Embedded/Optimized_STM32_ILI9341" -I../Drivers/STM32F0xx_HAL_Driver/Inc -I../Drivers/CMSIS/Include -I../Core/Inc -I"/home/chris/Projects/Embedded/Optimized_TSC2046_TouchSceen" -I../Drivers/STM32F0xx_HAL_Driver/Inc/Legacy -I../Drivers/CMSIS/Device/ST/STM32F0xx/Include -O0 -ffunction-sections -fdata-sections -Wall -fstack-usage -MMD -MP -MF"Optimized_TSC2046_TouchSceen/TSC2046_STM32_HardwareManager.d" -MT"Optimized_TSC2046_TouchSceen/TSC2046_STM32_HardwareManager.o" --specs=nano.specs -mfloat-abi=soft -mthumb -o "Optimized_TSC2046_TouchSceen/TSC2046_STM32_HardwareManager.o"
/home/chris/Projects/Embedded/Optimized_TSC2046_TouchSceen/TSC2046_STM32_HardwareManager.c: In function 'TSC2046_HM_ReadAnalogInput':
/home/chris/Projects/Embedded/Optimized_TSC2046_TouchSceen/TSC2046_STM32_HardwareManager.c:60:10: warning: unused variable 'tsc2046_read_ypos_data' [-Wunused-variable]
  uint8_t tsc2046_read_ypos_data[2] = {};
          ^~~~~~~~~~~~~~~~~~~~~~
/home/chris/Projects/Embedded/Optimized_TSC2046_TouchSceen/TSC2046_STM32_HardwareManager.c:59:10: warning: unused variable 'tsc2046_read_xpos_data' [-Wunused-variable]
  uint8_t tsc2046_read_xpos_data[2] = {};
          ^~~~~~~~~~~~~~~~~~~~~~
/home/chris/Projects/Embedded/Optimized_TSC2046_TouchSceen/TSC2046_STM32_HardwareManager.c:56:10: warning: unused variable 'tsc2046_read_xpos_cmd' [-Wunused-variable]
  uint8_t tsc2046_read_xpos_cmd[1] = { 0xD0 };   // 1101 0000
          ^~~~~~~~~~~~~~~~~~~~~
/home/chris/Projects/Embedded/Optimized_TSC2046_TouchSceen/TSC2046_STM32_HardwareManager.c:55:10: warning: unused variable 'tsc2046_read_ypos_cmd' [-Wunused-variable]
  uint8_t tsc2046_read_ypos_cmd[1] = { 0x90 };   // 1001 0000 - Read Y, 12-bit, DFR mode
          ^~~~~~~~~~~~~~~~~~~~~
arm-none-eabi-gcc -o "HPECommonSlot_BreakoutModule_SW_F072.elf" @"objects.list"   -mcpu=cortex-m0 -T"/home/chris/Projects/Embedded/HPECommonSlot_BreakoutModule_SW/HPECommonSlot_BreakoutModule_SW_F072/HPECommonSlot_BreakoutModule_SW_F072/STM32F072RBTX_FLASH.ld" --specs=nosys.specs -Wl,-Map="HPECommonSlot_BreakoutModule_SW_F072.map" -Wl,--gc-sections -static --specs=nano.specs -mfloat-abi=soft -mthumb -Wl,--start-group -lc -lm -Wl,--end-group
Finished building target: HPECommonSlot_BreakoutModule_SW_F072.elf
 
arm-none-eabi-objdump -h -S  HPECommonSlot_BreakoutModule_SW_F072.elf  > "HPECommonSlot_BreakoutModule_SW_F072.list"
arm-none-eabi-objcopy  -O binary  HPECommonSlot_BreakoutModule_SW_F072.elf  "HPECommonSlot_BreakoutModule_SW_F072.bin"
arm-none-eabi-size   HPECommonSlot_BreakoutModule_SW_F072.elf 
   text	   data	    bss	    dec	    hex	filename
  16004	    124	   1852	  17980	   463c	HPECommonSlot_BreakoutModule_SW_F072.elf
Finished building: default.size.stdout
Finished building: HPECommonSlot_BreakoutModule_SW_F072.bin
 
 
Finished building: HPECommonSlot_BreakoutModule_SW_F072.list
 
00:22:59 **** Incremental Build of configuration Debug for project HPECommonSlot_BreakoutModule_SW_F072 ****
make -j4 all 
arm-none-eabi-size   HPECommonSlot_BreakoutModule_SW_F072.elf 
   text	   data	    bss	    dec	    hex	filename
  16004	    124	   1852	  17980	   463c	HPECommonSlot_BreakoutModule_SW_F072.elf
Finished building: default.size.stdout
 
