16:24:57 **** Incremental Build of configuration Debug for project HPECommonSlot_BreakoutModule_SW_F072 ****
make -j4 all 
arm-none-eabi-gcc "../Core/Src/main.c" -mcpu=cortex-m0 -std=gnu11 -g3 -DUSE_HAL_DRIVER -DSTM32F072xB -DDEBUG -c -I"/home/chris/Projects/Embedded/Optimized_STM32_ILI9341" -I../Drivers/STM32F0xx_HAL_Driver/Inc -I../Drivers/CMSIS/Include -I../Core/Inc -I"/home/chris/Projects/Embedded/Optimized_TSC2046_TouchSceen" -I../Drivers/STM32F0xx_HAL_Driver/Inc/Legacy -I../Drivers/CMSIS/Device/ST/STM32F0xx/Include -O0 -ffunction-sections -fdata-sections -Wall -fstack-usage -MMD -MP -MF"Core/Src/main.d" -MT"Core/Src/main.o" --specs=nano.specs -mfloat-abi=soft -mthumb -o "Core/Src/main.o"
arm-none-eabi-gcc -o "HPECommonSlot_BreakoutModule_SW_F072.elf" @"objects.list"   -mcpu=cortex-m0 -T"/home/chris/Projects/Embedded/HPECommonSlot_BreakoutModule_SW/HPECommonSlot_BreakoutModule_SW_F072/HPECommonSlot_BreakoutModule_SW_F072/STM32F072RBTX_FLASH.ld" --specs=nosys.specs -Wl,-Map="HPECommonSlot_BreakoutModule_SW_F072.map" -Wl,--gc-sections -static --specs=nano.specs -mfloat-abi=soft -mthumb -Wl,--start-group -lc -lm -Wl,--end-group
Finished building target: HPECommonSlot_BreakoutModule_SW_F072.elf
 
arm-none-eabi-objdump -h -S  HPECommonSlot_BreakoutModule_SW_F072.elf  > "HPECommonSlot_BreakoutModule_SW_F072.list"
arm-none-eabi-objcopy  -O binary  HPECommonSlot_BreakoutModule_SW_F072.elf  "HPECommonSlot_BreakoutModule_SW_F072.bin"
arm-none-eabi-size   HPECommonSlot_BreakoutModule_SW_F072.elf 
   text	   data	    bss	    dec	    hex	filename
  15940	    124	   1852	  17916	   45fc	HPECommonSlot_BreakoutModule_SW_F072.elf
Finished building: default.size.stdout
 
Finished building: HPECommonSlot_BreakoutModule_SW_F072.bin
 
Finished building: HPECommonSlot_BreakoutModule_SW_F072.list
 

16:24:58 Build Finished. 0 errors, 0 warnings. (took 826ms)

