Archive member included to satisfy reference by file (symbol)

/home/chris/opt/STM32CubeIDE/st/stm32cubeide_1.2.0/plugins/com.st.stm32cube.ide.mcu.externaltools.gnu-tools-for-stm32.7-2018-q2-update.linux64_1.4.0.202007081208/tools/bin/../lib/gcc/arm-none-eabi/7.3.1/../../../../arm-none-eabi/lib/thumb/v6-m/libc_nano.a(lib_a-exit.o)
                              /home/chris/opt/STM32CubeIDE/st/stm32cubeide_1.2.0/plugins/com.st.stm32cube.ide.mcu.externaltools.gnu-tools-for-stm32.7-2018-q2-update.linux64_1.4.0.202007081208/tools/bin/../lib/gcc/arm-none-eabi/7.3.1/../../../../arm-none-eabi/lib/thumb/v6-m/crt0.o (exit)
/home/chris/opt/STM32CubeIDE/st/stm32cubeide_1.2.0/plugins/com.st.stm32cube.ide.mcu.externaltools.gnu-tools-for-stm32.7-2018-q2-update.linux64_1.4.0.202007081208/tools/bin/../lib/gcc/arm-none-eabi/7.3.1/../../../../arm-none-eabi/lib/thumb/v6-m/libc_nano.a(lib_a-impure.o)
                              /home/chris/opt/STM32CubeIDE/st/stm32cubeide_1.2.0/plugins/com.st.stm32cube.ide.mcu.externaltools.gnu-tools-for-stm32.7-2018-q2-update.linux64_1.4.0.202007081208/tools/bin/../lib/gcc/arm-none-eabi/7.3.1/../../../../arm-none-eabi/lib/thumb/v6-m/libc_nano.a(lib_a-exit.o) (_global_impure_ptr)
/home/chris/opt/STM32CubeIDE/st/stm32cubeide_1.2.0/plugins/com.st.stm32cube.ide.mcu.externaltools.gnu-tools-for-stm32.7-2018-q2-update.linux64_1.4.0.202007081208/tools/bin/../lib/gcc/arm-none-eabi/7.3.1/../../../../arm-none-eabi/lib/thumb/v6-m/libc_nano.a(lib_a-init.o)
                              /home/chris/opt/STM32CubeIDE/st/stm32cubeide_1.2.0/plugins/com.st.stm32cube.ide.mcu.externaltools.gnu-tools-for-stm32.7-2018-q2-update.linux64_1.4.0.202007081208/tools/bin/../lib/gcc/arm-none-eabi/7.3.1/../../../../arm-none-eabi/lib/thumb/v6-m/crt0.o (__libc_init_array)
/home/chris/opt/STM32CubeIDE/st/stm32cubeide_1.2.0/plugins/com.st.stm32cube.ide.mcu.externaltools.gnu-tools-for-stm32.7-2018-q2-update.linux64_1.4.0.202007081208/tools/bin/../lib/gcc/arm-none-eabi/7.3.1/../../../../arm-none-eabi/lib/thumb/v6-m/libc_nano.a(lib_a-memset.o)
                              /home/chris/opt/STM32CubeIDE/st/stm32cubeide_1.2.0/plugins/com.st.stm32cube.ide.mcu.externaltools.gnu-tools-for-stm32.7-2018-q2-update.linux64_1.4.0.202007081208/tools/bin/../lib/gcc/arm-none-eabi/7.3.1/../../../../arm-none-eabi/lib/thumb/v6-m/crt0.o (memset)
/home/chris/opt/STM32CubeIDE/st/stm32cubeide_1.2.0/plugins/com.st.stm32cube.ide.mcu.externaltools.gnu-tools-for-stm32.7-2018-q2-update.linux64_1.4.0.202007081208/tools/bin/../lib/gcc/arm-none-eabi/7.3.1/../../../../arm-none-eabi/lib/thumb/v6-m/libc_nano.a(lib_a-nano-vfprintf_float.o)
                              (_printf_float)
/home/chris/opt/STM32CubeIDE/st/stm32cubeide_1.2.0/plugins/com.st.stm32cube.ide.mcu.externaltools.gnu-tools-for-stm32.7-2018-q2-update.linux64_1.4.0.202007081208/tools/bin/../lib/gcc/arm-none-eabi/7.3.1/../../../../arm-none-eabi/lib/thumb/v6-m/libc_nano.a(lib_a-nano-vfprintf_i.o)
                              /home/chris/opt/STM32CubeIDE/st/stm32cubeide_1.2.0/plugins/com.st.stm32cube.ide.mcu.externaltools.gnu-tools-for-stm32.7-2018-q2-update.linux64_1.4.0.202007081208/tools/bin/../lib/gcc/arm-none-eabi/7.3.1/../../../../arm-none-eabi/lib/thumb/v6-m/libc_nano.a(lib_a-nano-vfprintf_float.o) (_printf_common)
/home/chris/opt/STM32CubeIDE/st/stm32cubeide_1.2.0/plugins/com.st.stm32cube.ide.mcu.externaltools.gnu-tools-for-stm32.7-2018-q2-update.linux64_1.4.0.202007081208/tools/bin/../lib/gcc/arm-none-eabi/7.3.1/../../../../arm-none-eabi/lib/thumb/v6-m/libc_nano.a(lib_a-snprintf.o)
                              Core/Src/UserTasks.o (snprintf)
/home/chris/opt/STM32CubeIDE/st/stm32cubeide_1.2.0/plugins/com.st.stm32cube.ide.mcu.externaltools.gnu-tools-for-stm32.7-2018-q2-update.linux64_1.4.0.202007081208/tools/bin/../lib/gcc/arm-none-eabi/7.3.1/../../../../arm-none-eabi/lib/thumb/v6-m/libc_nano.a(lib_a-strlen.o)
                              /home/chris/opt/STM32CubeIDE/st/stm32cubeide_1.2.0/plugins/com.st.stm32cube.ide.mcu.externaltools.gnu-tools-for-stm32.7-2018-q2-update.linux64_1.4.0.202007081208/tools/bin/../lib/gcc/arm-none-eabi/7.3.1/../../../../arm-none-eabi/lib/thumb/v6-m/libc_nano.a(lib_a-nano-vfprintf_float.o) (strlen)
/home/chris/opt/STM32CubeIDE/st/stm32cubeide_1.2.0/plugins/com.st.stm32cube.ide.mcu.externaltools.gnu-tools-for-stm32.7-2018-q2-update.linux64_1.4.0.202007081208/tools/bin/../lib/gcc/arm-none-eabi/7.3.1/../../../../arm-none-eabi/lib/thumb/v6-m/libc_nano.a(lib_a-dtoa.o)
                              /home/chris/opt/STM32CubeIDE/st/stm32cubeide_1.2.0/plugins/com.st.stm32cube.ide.mcu.externaltools.gnu-tools-for-stm32.7-2018-q2-update.linux64_1.4.0.202007081208/tools/bin/../lib/gcc/arm-none-eabi/7.3.1/../../../../arm-none-eabi/lib/thumb/v6-m/libc_nano.a(lib_a-nano-vfprintf_float.o) (_dtoa_r)
[...]
Memory Configuration

Name             Origin             Length             Attributes
RAM              0x0000000020000000 0x0000000000004000 xrw
FLASH            0x0000000008000000 0x0000000000020000 xr
*default*        0x0000000000000000 0xffffffffffffffff

Linker script and memory map

LOAD /home/chris/opt/STM32CubeIDE/st/stm32cubeide_1.2.0/plugins/com.st.stm32cube.ide.mcu.externaltools.gnu-tools-for-stm32.7-2018-q2-update.linux64_1.4.0.202007081208/tools/bin/../lib/gcc/arm-none-eabi/7.3.1/thumb/v6-m/crti.o
LOAD /home/chris/opt/STM32CubeIDE/st/stm32cubeide_1.2.0/plugins/com.st.stm32cube.ide.mcu.externaltools.gnu-tools-for-stm32.7-2018-q2-update.linux64_1.4.0.202007081208/tools/bin/../lib/gcc/arm-none-eabi/7.3.1/thumb/v6-m/crtbegin.o
LOAD /home/chris/opt/STM32CubeIDE/st/stm32cubeide_1.2.0/plugins/com.st.stm32cube.ide.mcu.externaltools.gnu-tools-for-stm32.7-2018-q2-update.linux64_1.4.0.202007081208/tools/bin/../lib/gcc/arm-none-eabi/7.3.1/../../../../arm-none-eabi/lib/thumb/v6-m/crt0.o
LOAD Core/Src/UserTasks.o
LOAD Core/Src/adc.o
LOAD Core/Src/gpio.o
LOAD Core/Src/main.o
LOAD Core/Src/spi.o
LOAD Core/Src/stm32f0xx_hal_msp.o
LOAD Core/Src/stm32f0xx_it.o
LOAD Core/Src/system_stm32f0xx.o
LOAD Core/Src/tim.o
LOAD Core/Startup/startup_stm32f072rbtx.o
LOAD Drivers/STM32F0xx_HAL_Driver/Src/stm32f0xx_hal.o
LOAD Drivers/STM32F0xx_HAL_Driver/Src/stm32f0xx_hal_adc.o
LOAD Drivers/STM32F0xx_HAL_Driver/Src/stm32f0xx_hal_adc_ex.o
LOAD Drivers/STM32F0xx_HAL_Driver/Src/stm32f0xx_hal_cortex.o
LOAD Drivers/STM32F0xx_HAL_Driver/Src/stm32f0xx_hal_dma.o
LOAD Drivers/STM32F0xx_HAL_Driver/Src/stm32f0xx_hal_exti.o
LOAD Drivers/STM32F0xx_HAL_Driver/Src/stm32f0xx_hal_flash.o
LOAD Drivers/STM32F0xx_HAL_Driver/Src/stm32f0xx_hal_flash_ex.o
LOAD Drivers/STM32F0xx_HAL_Driver/Src/stm32f0xx_hal_gpio.o
LOAD Drivers/STM32F0xx_HAL_Driver/Src/stm32f0xx_hal_i2c.o
LOAD Drivers/STM32F0xx_HAL_Driver/Src/stm32f0xx_hal_i2c_ex.o
LOAD Drivers/STM32F0xx_HAL_Driver/Src/stm32f0xx_hal_pwr.o
LOAD Drivers/STM32F0xx_HAL_Driver/Src/stm32f0xx_hal_pwr_ex.o
LOAD Drivers/STM32F0xx_HAL_Driver/Src/stm32f0xx_hal_rcc.o
LOAD Drivers/STM32F0xx_HAL_Driver/Src/stm32f0xx_hal_rcc_ex.o
LOAD Drivers/STM32F0xx_HAL_Driver/Src/stm32f0xx_hal_spi.o
LOAD Drivers/STM32F0xx_HAL_Driver/Src/stm32f0xx_hal_spi_ex.o
LOAD Drivers/STM32F0xx_HAL_Driver/Src/stm32f0xx_hal_tim.o
LOAD Drivers/STM32F0xx_HAL_Driver/Src/stm32f0xx_hal_tim_ex.o
LOAD Optimized_STM32_ILI9341/ILI9341_GFX.o
LOAD Optimized_STM32_ILI9341/ILI9341_STM32_Driver.o
LOAD Optimized_STM32_ILI9341/STMBasicGui.o
LOAD Optimized_STM32_ILI9341/fade_log_seq.o
LOAD Optimized_TSC2046_TouchSceen/TSC2046_STM32_EventManager.o
LOAD Optimized_TSC2046_TouchSceen/TSC2046_STM32_HardwareManager.o
LOAD Optimized_TSC2046_TouchSceen/TSC2046_STM32_InterruptManager.o
START GROUP
LOAD /home/chris/opt/STM32CubeIDE/st/stm32cubeide_1.2.0/plugins/com.st.stm32cube.ide.mcu.externaltools.gnu-tools-for-stm32.7-2018-q2-update.linux64_1.4.0.202007081208/tools/bin/../lib/gcc/arm-none-eabi/7.3.1/../../../../arm-none-eabi/lib/thumb/v6-m/libc_nano.a
LOAD /home/chris/opt/STM32CubeIDE/st/stm32cubeide_1.2.0/plugins/com.st.stm32cube.ide.mcu.externaltools.gnu-tools-for-stm32.7-2018-q2-update.linux64_1.4.0.202007081208/tools/bin/../lib/gcc/arm-none-eabi/7.3.1/../../../../arm-none-eabi/lib/thumb/v6-m/libm.a
END GROUP
START GROUP
LOAD /home/chris/opt/STM32CubeIDE/st/stm32cubeide_1.2.0/plugins/com.st.stm32cube.ide.mcu.externaltools.gnu-tools-for-stm32.7-2018-q2-update.linux64_1.4.0.202007081208/tools/bin/../lib/gcc/arm-none-eabi/7.3.1/thumb/v6-m/libgcc.a
LOAD /home/chris/opt/STM32CubeIDE/st/stm32cubeide_1.2.0/plugins/com.st.stm32cube.ide.mcu.externaltools.gnu-tools-for-stm32.7-2018-q2-update.linux64_1.4.0.202007081208/tools/bin/../lib/gcc/arm-none-eabi/7.3.1/../../../../arm-none-eabi/lib/thumb/v6-m/libc_nano.a
END GROUP
START GROUP
LOAD /home/chris/opt/STM32CubeIDE/st/stm32cubeide_1.2.0/plugins/com.st.stm32cube.ide.mcu.externaltools.gnu-tools-for-stm32.7-2018-q2-update.linux64_1.4.0.202007081208/tools/bin/../lib/gcc/arm-none-eabi/7.3.1/thumb/v6-m/libgcc.a
LOAD /home/chris/opt/STM32CubeIDE/st/stm32cubeide_1.2.0/plugins/com.st.stm32cube.ide.mcu.externaltools.gnu-tools-for-stm32.7-2018-q2-update.linux64_1.4.0.202007081208/tools/bin/../lib/gcc/arm-none-eabi/7.3.1/../../../../arm-none-eabi/lib/thumb/v6-m/libc_nano.a
LOAD /home/chris/opt/STM32CubeIDE/st/stm32cubeide_1.2.0/plugins/com.st.stm32cube.ide.mcu.externaltools.gnu-tools-for-stm32.7-2018-q2-update.linux64_1.4.0.202007081208/tools/bin/../lib/gcc/arm-none-eabi/7.3.1/../../../../arm-none-eabi/lib/thumb/v6-m/libnosys.a
END GROUP
START GROUP
LOAD /home/chris/opt/STM32CubeIDE/st/stm32cubeide_1.2.0/plugins/com.st.stm32cube.ide.mcu.externaltools.gnu-tools-for-stm32.7-2018-q2-update.linux64_1.4.0.202007081208/tools/bin/../lib/gcc/arm-none-eabi/7.3.1/thumb/v6-m/libgcc.a
LOAD /home/chris/opt/STM32CubeIDE/st/stm32cubeide_1.2.0/plugins/com.st.stm32cube.ide.mcu.externaltools.gnu-tools-for-stm32.7-2018-q2-update.linux64_1.4.0.202007081208/tools/bin/../lib/gcc/arm-none-eabi/7.3.1/../../../../arm-none-eabi/lib/thumb/v6-m/libc_nano.a
LOAD /home/chris/opt/STM32CubeIDE/st/stm32cubeide_1.2.0/plugins/com.st.stm32cube.ide.mcu.externaltools.gnu-tools-for-stm32.7-2018-q2-update.linux64_1.4.0.202007081208/tools/bin/../lib/gcc/arm-none-eabi/7.3.1/../../../../arm-none-eabi/lib/thumb/v6-m/libnosys.a
END GROUP
LOAD /home/chris/opt/STM32CubeIDE/st/stm32cubeide_1.2.0/plugins/com.st.stm32cube.ide.mcu.externaltools.gnu-tools-for-stm32.7-2018-q2-update.linux64_1.4.0.202007081208/tools/bin/../lib/gcc/arm-none-eabi/7.3.1/thumb/v6-m/crtend.o
LOAD /home/chris/opt/STM32CubeIDE/st/stm32cubeide_1.2.0/plugins/com.st.stm32cube.ide.mcu.externaltools.gnu-tools-for-stm32.7-2018-q2-update.linux64_1.4.0.202007081208/tools/bin/../lib/gcc/arm-none-eabi/7.3.1/thumb/v6-m/crtn.o
                0x0000000020004000                _estack = (ORIGIN (RAM) + LENGTH (RAM))
                0x0000000000000200                _Min_Heap_Size = 0x200
                0x0000000000000400                _Min_Stack_Size = 0x400

.isr_vector     0x0000000008000000       0xc0
                0x0000000008000000                . = ALIGN (0x4)
 *(.isr_vector)
 .isr_vector    0x0000000008000000       0xc0 Core/Startup/startup_stm32f072rbtx.o
                0x0000000008000000                g_pfnVectors
                0x00000000080000c0                . = ALIGN (0x4)

.text           0x00000000080000c0     0x8214
                0x00000000080000c0                . = ALIGN (0x4)
 *(.text)
 .text          0x00000000080000c0       0x48 /home/chris/opt/STM32CubeIDE/st/stm32cubeide_1.2.0/plugins/com.st.stm32cube.ide.mcu.externaltools.gnu-tools-for-stm32.7-2018-q2-update.linux64_1.4.0.202007081208/tools/bin/../lib/gcc/arm-none-eabi/7.3.1/thumb/v6-m/crtbegin.o
 .text          0x0000000008000108        0xe /home/chris/opt/STM32CubeIDE/st/stm32cubeide_1.2.0/plugins/com.st.stm32cube.ide.mcu.externaltools.gnu-tools-for-stm32.7-2018-q2-update.linux64_1.4.0.202007081208/tools/bin/../lib/gcc/arm-none-eabi/7.3.1/../../../../arm-none-eabi/lib/thumb/v6-m/libc_nano.a(lib_a-strlen.o)
                0x0000000008000108                strlen
 *fill*         0x0000000008000116        0x2 
 .text          0x0000000008000118       0x14 /home/chris/opt/STM32CubeIDE/st/stm32cubeide_1.2.0/plugins/com.st.stm32cube.ide.mcu.externaltools.gnu-tools-for-stm32.7-2018-q2-update.linux64_1.4.0.202007081208/tools/bin/../lib/gcc/arm-none-eabi/7.3.1/thumb/v6-m/libgcc.a(_thumb1_case_uqi.o)
                0x0000000008000118                __gnu_thumb1_case_uqi
 .text          0x000000000800012c      0x114 /home/chris/opt/STM32CubeIDE/st/stm32cubeide_1.2.0/plugins/com.st.stm32cube.ide.mcu.externaltools.gnu-tools-for-stm32.7-2018-q2-update.linux64_1.4.0.202007081208/tools/bin/../lib/gcc/arm-none-eabi/7.3.1/thumb/v6-m/libgcc.a(_udivsi3.o)
                0x000000000800012c                __udivsi3
                0x000000000800012c                __aeabi_uidiv
                0x0000000008000238                __aeabi_uidivmod
 .text          0x0000000008000240      0x1d4 /home/chris/opt/STM32CubeIDE/st/stm32cubeide_1.2.0/plugins/com.st.stm32cube.ide.mcu.externaltools.gnu-tools-for-stm32.7-2018-q2-update.linux64_1.4.0.202007081208/tools/bin/../lib/gcc/arm-none-eabi/7.3.1/thumb/v6-m/libgcc.a(_divsi3.o)
                0x0000000008000240                __aeabi_idiv
                0x0000000008000240                __divsi3
                0x000000000800040c                __aeabi_idivmod
 .text          0x0000000008000414        0x4 /home/chris/opt/STM32CubeIDE/st/stm32cubeide_1.2.0/plugins/com.st.stm32cube.ide.mcu.externaltools.gnu-tools-for-stm32.7-2018-q2-update.linux64_1.4.0.202007081208/tools/bin/../lib/gcc/arm-none-eabi/7.3.1/thumb/v6-m/libgcc.a(_dvmd_tls.o)
                0x0000000008000414                __aeabi_ldiv0
                0x0000000008000414                __aeabi_idiv0
 .text          0x0000000008000418       0x7c /home/chris/opt/STM32CubeIDE/st/stm32cubeide_1.2.0/plugins/com.st.stm32cube.ide.mcu.externaltools.gnu-tools-for-stm32.7-2018-q2-update.linux64_1.4.0.202007081208/tools/bin/../lib/gcc/arm-none-eabi/7.3.1/thumb/v6-m/libgcc.a(_arm_cmpdf2.o)
                0x0000000008000418                __aeabi_cdrcmple
                0x0000000008000428                __aeabi_cdcmple
                0x0000000008000428                __aeabi_cdcmpeq
                0x0000000008000438                __aeabi_dcmpeq
                0x0000000008000444                __aeabi_dcmplt
                0x0000000008000458                __aeabi_dcmple
                0x000000000800046c                __aeabi_dcmpgt
                0x0000000008000480                __aeabi_dcmpge
 .text          0x0000000008000494      0x224 /home/chris/opt/STM32CubeIDE/st/stm32cubeide_1.2.0/plugins/com.st.stm32cube.ide.mcu.externaltools.gnu-tools-for-stm32.7-2018-q2-update.linux64_1.4.0.202007081208/tools/bin/../lib/gcc/arm-none-eabi/7.3.1/thumb/v6-m/libgcc.a(divsf3.o)
                0x0000000008000494                __aeabi_fdiv
 .text          0x00000000080006b8       0x80 /home/chris/opt/STM32CubeIDE/st/stm32cubeide_1.2.0/plugins/com.st.stm32cube.ide.mcu.externaltools.gnu-tools-for-stm32.7-2018-q2-update.linux64_1.4.0.202007081208/tools/bin/../lib/gcc/arm-none-eabi/7.3.1/thumb/v6-m/libgcc.a(floatunsisf.o)
                0x00000000080006b8                __aeabi_ui2f
 .text          0x0000000008000738      0x638 /home/chris/opt/STM32CubeIDE/st/stm32cubeide_1.2.0/plugins/com.st.stm32cube.ide.mcu.externaltools.gnu-tools-for-stm32.7-2018-q2-update.linux64_1.4.0.202007081208/tools/bin/../lib/gcc/arm-none-eabi/7.3.1/thumb/v6-m/libgcc.a(adddf3.o)
                0x0000000008000738                __aeabi_dadd
 .text          0x0000000008000d70      0x604 /home/chris/opt/STM32CubeIDE/st/stm32cubeide_1.2.0/plugins/com.st.stm32cube.ide.mcu.externaltools.gnu-tools-for-stm32.7-2018-q2-update.linux64_1.4.0.202007081208/tools/bin/../lib/gcc/arm-none-eabi/7.3.1/thumb/v6-m/libgcc.a(divdf3.o)
                0x0000000008000d70                __aeabi_ddiv
 .text          0x0000000008001374       0x78 /home/chris/opt/STM32CubeIDE/st/stm32cubeide_1.2.0/plugins/com.st.stm32cube.ide.mcu.externaltools.gnu-tools-for-stm32.7-2018-q2-update.linux64_1.4.0.202007081208/tools/bin/../lib/gcc/arm-none-eabi/7.3.1/thumb/v6-m/libgcc.a(eqdf2.o)
                0x0000000008001374                __eqdf2
                0x0000000008001374                __nedf2
 .text          0x00000000080013ec       0xc8 /home/chris/opt/STM32CubeIDE/st/stm32cubeide_1.2.0/plugins/com.st.stm32cube.ide.mcu.externaltools.gnu-tools-for-stm32.7-2018-q2-update.linux64_1.4.0.202007081208/tools/bin/../lib/gcc/arm-none-eabi/7.3.1/thumb/v6-m/libgcc.a(gedf2.o)
                0x00000000080013ec                __gtdf2
                0x00000000080013ec                __gedf2
 .text          0x00000000080014b4       0xd0 /home/chris/opt/STM32CubeIDE/st/stm32cubeide_1.2.0/plugins/com.st.stm32cube.ide.mcu.externaltools.gnu-tools-for-stm32.7-2018-q2-update.linux64_1.4.0.202007081208/tools/bin/../lib/gcc/arm-none-eabi/7.3.1/thumb/v6-m/libgcc.a(ledf2.o)
                0x00000000080014b4                __ltdf2
                0x00000000080014b4                __ledf2
 .text          0x0000000008001584      0x4e4 /home/chris/opt/STM32CubeIDE/st/stm32cubeide_1.2.0/plugins/com.st.stm32cube.ide.mcu.externaltools.gnu-tools-for-stm32.7-2018-q2-update.linux64_1.4.0.202007081208/tools/bin/../lib/gcc/arm-none-eabi/7.3.1/thumb/v6-m/libgcc.a(muldf3.o)
                0x0000000008001584                __aeabi_dmul
 .text          0x0000000008001a68      0x690 /home/chris/opt/STM32CubeIDE/st/stm32cubeide_1.2.0/plugins/com.st.stm32cube.ide.mcu.externaltools.gnu-tools-for-stm32.7-2018-q2-update.linux64_1.4.0.202007081208/tools/bin/../lib/gcc/arm-none-eabi/7.3.1/thumb/v6-m/libgcc.a(subdf3.o)
                0x0000000008001a68                __aeabi_dsub
 .text          0x00000000080020f8       0x38 /home/chris/opt/STM32CubeIDE/st/stm32cubeide_1.2.0/plugins/com.st.stm32cube.ide.mcu.externaltools.gnu-tools-for-stm32.7-2018-q2-update.linux64_1.4.0.202007081208/tools/bin/../lib/gcc/arm-none-eabi/7.3.1/thumb/v6-m/libgcc.a(unorddf2.o)
                0x00000000080020f8                __aeabi_dcmpun
 .text          0x0000000008002130       0x6c /home/chris/opt/STM32CubeIDE/st/stm32cubeide_1.2.0/plugins/com.st.stm32cube.ide.mcu.externaltools.gnu-tools-for-stm32.7-2018-q2-update.linux64_1.4.0.202007081208/tools/bin/../lib/gcc/arm-none-eabi/7.3.1/thumb/v6-m/libgcc.a(fixdfsi.o)
                0x0000000008002130                __aeabi_d2iz
 .text          0x000000000800219c       0x74 /home/chris/opt/STM32CubeIDE/st/stm32cubeide_1.2.0/plugins/com.st.stm32cube.ide.mcu.externaltools.gnu-tools-for-stm32.7-2018-q2-update.linux64_1.4.0.202007081208/tools/bin/../lib/gcc/arm-none-eabi/7.3.1/thumb/v6-m/libgcc.a(floatsidf.o)
                0x000000000800219c                __aeabi_i2d
 .text          0x0000000008002210       0x64 /home/chris/opt/STM32CubeIDE/st/stm32cubeide_1.2.0/plugins/com.st.stm32cube.ide.mcu.externaltools.gnu-tools-for-stm32.7-2018-q2-update.linux64_1.4.0.202007081208/tools/bin/../lib/gcc/arm-none-eabi/7.3.1/thumb/v6-m/libgcc.a(floatunsidf.o)
                0x0000000008002210                __aeabi_ui2d
 .text          0x0000000008002274       0xa4 /home/chris/opt/STM32CubeIDE/st/stm32cubeide_1.2.0/plugins/com.st.stm32cube.ide.mcu.externaltools.gnu-tools-for-stm32.7-2018-q2-update.linux64_1.4.0.202007081208/tools/bin/../lib/gcc/arm-none-eabi/7.3.1/thumb/v6-m/libgcc.a(extendsfdf2.o)
                0x0000000008002274                __aeabi_f2d
 .text          0x0000000008002318      0x108 /home/chris/opt/STM32CubeIDE/st/stm32cubeide_1.2.0/plugins/com.st.stm32cube.ide.mcu.externaltools.gnu-tools-for-stm32.7-2018-q2-update.linux64_1.4.0.202007081208/tools/bin/../lib/gcc/arm-none-eabi/7.3.1/thumb/v6-m/libgcc.a(truncdfsf2.o)
                0x0000000008002318                __aeabi_d2f
 .text          0x0000000008002420       0x3c /home/chris/opt/STM32CubeIDE/st/stm32cubeide_1.2.0/plugins/com.st.stm32cube.ide.mcu.externaltools.gnu-tools-for-stm32.7-2018-q2-update.linux64_1.4.0.202007081208/tools/bin/../lib/gcc/arm-none-eabi/7.3.1/thumb/v6-m/libgcc.a(_clzsi2.o)
                0x0000000008002420                __clzsi2
 *(.text*)
 .text.UserDisplayTask
                0x000000000800245c      0x114 Core/Src/UserTasks.o
                0x000000000800245c                UserDisplayTask
 .text.UserPollADC
                0x0000000008002570      0x110 Core/Src/UserTasks.o
                0x0000000008002570                UserPollADC
 .text.MX_ADC_Init
                0x0000000008002680       0xb8 Core/Src/adc.o
                0x0000000008002680                MX_ADC_Init
 .text.HAL_ADC_MspInit
                0x0000000008002738       0x8c Core/Src/adc.o
                0x0000000008002738                HAL_ADC_MspInit
 .text.MX_GPIO_Init
                0x00000000080027c4      0x14c Core/Src/gpio.o
                0x00000000080027c4                MX_GPIO_Init
 .text.main     0x0000000008002910       0x58 Core/Src/main.o
                0x0000000008002910                main
 .text.SystemClock_Config
                0x0000000008002968       0x96 Core/Src/main.o
                0x0000000008002968                SystemClock_Config
 .text.Error_Handler
                0x00000000080029fe        0xa Core/Src/main.o
                0x00000000080029fe                Error_Handler
 .text.MX_SPI1_Init
                0x0000000008002a08       0x7c Core/Src/spi.o
                0x0000000008002a08                MX_SPI1_Init
 .text.MX_SPI2_Init
                0x0000000008002a84       0x7c Core/Src/spi.o
                0x0000000008002a84                MX_SPI2_Init
 .text.HAL_SPI_MspInit
                0x0000000008002b00      0x114 Core/Src/spi.o
                0x0000000008002b00                HAL_SPI_MspInit
 .text.HAL_MspInit
                0x0000000008002c14       0x48 Core/Src/stm32f0xx_hal_msp.o
                0x0000000008002c14                HAL_MspInit
 .text.NMI_Handler
                0x0000000008002c5c        0xa Core/Src/stm32f0xx_it.o
                0x0000000008002c5c                NMI_Handler
 .text.HardFault_Handler
                0x0000000008002c66        0x6 Core/Src/stm32f0xx_it.o
                0x0000000008002c66                HardFault_Handler
 .text.SVC_Handler
                0x0000000008002c6c        0xa Core/Src/stm32f0xx_it.o
                0x0000000008002c6c                SVC_Handler
 .text.PendSV_Handler
                0x0000000008002c76        0xa Core/Src/stm32f0xx_it.o
                0x0000000008002c76                PendSV_Handler
 .text.SysTick_Handler
                0x0000000008002c80        0xe Core/Src/stm32f0xx_it.o
                0x0000000008002c80                SysTick_Handler
 .text.EXTI4_15_IRQHandler
                0x0000000008002c8e       0x14 Core/Src/stm32f0xx_it.o
                0x0000000008002c8e                EXTI4_15_IRQHandler
 *fill*         0x0000000008002ca2        0x2 
 .text.TIM17_IRQHandler
                0x0000000008002ca4       0x1c Core/Src/stm32f0xx_it.o
                0x0000000008002ca4                TIM17_IRQHandler
 .text.SystemInit
                0x0000000008002cc0        0xa Core/Src/system_stm32f0xx.o
                0x0000000008002cc0                SystemInit
 *fill*         0x0000000008002cca        0x2 
 .text.MX_TIM17_Init
                0x0000000008002ccc       0x50 Core/Src/tim.o
                0x0000000008002ccc                MX_TIM17_Init
 .text.HAL_TIM_Base_MspInit
                0x0000000008002d1c       0x50 Core/Src/tim.o
                0x0000000008002d1c                HAL_TIM_Base_MspInit
 .text.Reset_Handler
                0x0000000008002d6c       0x50 Core/Startup/startup_stm32f072rbtx.o
                0x0000000008002d6c                Reset_Handler
 .text.Default_Handler
                0x0000000008002dbc        0x2 Core/Startup/startup_stm32f072rbtx.o
                0x0000000008002dbc                TIM1_CC_IRQHandler
                0x0000000008002dbc                TSC_IRQHandler
                0x0000000008002dbc                ADC1_COMP_IRQHandler
                0x0000000008002dbc                I2C1_IRQHandler
                0x0000000008002dbc                RCC_CRS_IRQHandler
                0x0000000008002dbc                SPI1_IRQHandler
                0x0000000008002dbc                TIM6_DAC_IRQHandler
                0x0000000008002dbc                USART3_4_IRQHandler
                0x0000000008002dbc                EXTI2_3_IRQHandler
                0x0000000008002dbc                I2C2_IRQHandler
                0x0000000008002dbc                CEC_CAN_IRQHandler
                0x0000000008002dbc                RTC_IRQHandler
                0x0000000008002dbc                PVD_VDDIO2_IRQHandler
                0x0000000008002dbc                DMA1_Channel4_5_6_7_IRQHandler
                0x0000000008002dbc                TIM16_IRQHandler
                0x0000000008002dbc                TIM3_IRQHandler
                0x0000000008002dbc                DMA1_Channel1_IRQHandler
                0x0000000008002dbc                Default_Handler
                0x0000000008002dbc                TIM14_IRQHandler
                0x0000000008002dbc                TIM7_IRQHandler
                0x0000000008002dbc                TIM15_IRQHandler
                0x0000000008002dbc                EXTI0_1_IRQHandler
                0x0000000008002dbc                USB_IRQHandler
                0x0000000008002dbc                SPI2_IRQHandler
                0x0000000008002dbc                WWDG_IRQHandler
                0x0000000008002dbc                TIM2_IRQHandler
                0x0000000008002dbc                DMA1_Channel2_3_IRQHandler
                0x0000000008002dbc                USART2_IRQHandler
                0x0000000008002dbc                FLASH_IRQHandler
                0x0000000008002dbc                USART1_IRQHandler
                0x0000000008002dbc                TIM1_BRK_UP_TRG_COM_IRQHandler
 *fill*         0x0000000008002dbe        0x2 
 .text.HAL_Init
                0x0000000008002dc0       0x28 Drivers/STM32F0xx_HAL_Driver/Src/stm32f0xx_hal.o
                0x0000000008002dc0                HAL_Init
 .text.HAL_InitTick
                0x0000000008002de8       0x68 Drivers/STM32F0xx_HAL_Driver/Src/stm32f0xx_hal.o
                0x0000000008002de8                HAL_InitTick
 .text.HAL_IncTick
                0x0000000008002e50       0x24 Drivers/STM32F0xx_HAL_Driver/Src/stm32f0xx_hal.o
                0x0000000008002e50                HAL_IncTick
 .text.HAL_GetTick
                0x0000000008002e74       0x14 Drivers/STM32F0xx_HAL_Driver/Src/stm32f0xx_hal.o
                0x0000000008002e74                HAL_GetTick
 .text.HAL_Delay
                0x0000000008002e88       0x44 Drivers/STM32F0xx_HAL_Driver/Src/stm32f0xx_hal.o
                0x0000000008002e88                HAL_Delay
 .text.HAL_ADC_Init
                0x0000000008002ecc      0x280 Drivers/STM32F0xx_HAL_Driver/Src/stm32f0xx_hal_adc.o
                0x0000000008002ecc                HAL_ADC_Init
 .text.HAL_ADC_Start
                0x000000000800314c       0xa8 Drivers/STM32F0xx_HAL_Driver/Src/stm32f0xx_hal_adc.o
                0x000000000800314c                HAL_ADC_Start
 .text.HAL_ADC_PollForConversion
                0x00000000080031f4      0x124 Drivers/STM32F0xx_HAL_Driver/Src/stm32f0xx_hal_adc.o
                0x00000000080031f4                HAL_ADC_PollForConversion
 .text.HAL_ADC_GetValue
                0x0000000008003318       0x16 Drivers/STM32F0xx_HAL_Driver/Src/stm32f0xx_hal_adc.o
                0x0000000008003318                HAL_ADC_GetValue
 *fill*         0x000000000800332e        0x2 
 .text.HAL_ADC_ConfigChannel
                0x0000000008003330      0x21c Drivers/STM32F0xx_HAL_Driver/Src/stm32f0xx_hal_adc.o
                0x0000000008003330                HAL_ADC_ConfigChannel
 .text.ADC_Enable
                0x000000000800354c       0xf8 Drivers/STM32F0xx_HAL_Driver/Src/stm32f0xx_hal_adc.o
 .text.HAL_ADCEx_Calibration_Start
                0x0000000008003644      0x13c Drivers/STM32F0xx_HAL_Driver/Src/stm32f0xx_hal_adc_ex.o
                0x0000000008003644                HAL_ADCEx_Calibration_Start
 .text.__NVIC_EnableIRQ
                0x0000000008003780       0x34 Drivers/STM32F0xx_HAL_Driver/Src/stm32f0xx_hal_cortex.o
 .text.__NVIC_SetPriority
                0x00000000080037b4       0xdc Drivers/STM32F0xx_HAL_Driver/Src/stm32f0xx_hal_cortex.o
 .text.SysTick_Config
                0x0000000008003890       0x48 Drivers/STM32F0xx_HAL_Driver/Src/stm32f0xx_hal_cortex.o
 .text.HAL_NVIC_SetPriority
                0x00000000080038d8       0x2a Drivers/STM32F0xx_HAL_Driver/Src/stm32f0xx_hal_cortex.o
                0x00000000080038d8                HAL_NVIC_SetPriority
 .text.HAL_NVIC_EnableIRQ
                0x0000000008003902       0x20 Drivers/STM32F0xx_HAL_Driver/Src/stm32f0xx_hal_cortex.o
                0x0000000008003902                HAL_NVIC_EnableIRQ
 .text.HAL_SYSTICK_Config
                0x0000000008003922       0x1a Drivers/STM32F0xx_HAL_Driver/Src/stm32f0xx_hal_cortex.o
                0x0000000008003922                HAL_SYSTICK_Config
 .text.HAL_GPIO_Init
                0x000000000800393c      0x2f0 Drivers/STM32F0xx_HAL_Driver/Src/stm32f0xx_hal_gpio.o
                0x000000000800393c                HAL_GPIO_Init
 .text.HAL_GPIO_ReadPin
                0x0000000008003c2c       0x3a Drivers/STM32F0xx_HAL_Driver/Src/stm32f0xx_hal_gpio.o
                0x0000000008003c2c                HAL_GPIO_ReadPin
 .text.HAL_GPIO_WritePin
                0x0000000008003c66       0x3a Drivers/STM32F0xx_HAL_Driver/Src/stm32f0xx_hal_gpio.o
                0x0000000008003c66                HAL_GPIO_WritePin
 .text.HAL_GPIO_TogglePin
                0x0000000008003ca0       0x36 Drivers/STM32F0xx_HAL_Driver/Src/stm32f0xx_hal_gpio.o
                0x0000000008003ca0                HAL_GPIO_TogglePin
 *fill*         0x0000000008003cd6        0x2 
 .text.HAL_GPIO_EXTI_IRQHandler
                0x0000000008003cd8       0x38 Drivers/STM32F0xx_HAL_Driver/Src/stm32f0xx_hal_gpio.o
                0x0000000008003cd8                HAL_GPIO_EXTI_IRQHandler
 .text.HAL_GPIO_EXTI_Callback
                0x0000000008003d10       0x14 Drivers/STM32F0xx_HAL_Driver/Src/stm32f0xx_hal_gpio.o
                0x0000000008003d10                HAL_GPIO_EXTI_Callback
 .text.HAL_RCC_OscConfig
                0x0000000008003d24      0x70c Drivers/STM32F0xx_HAL_Driver/Src/stm32f0xx_hal_rcc.o
                0x0000000008003d24                HAL_RCC_OscConfig
 .text.HAL_RCC_ClockConfig
                0x0000000008004430      0x1b4 Drivers/STM32F0xx_HAL_Driver/Src/stm32f0xx_hal_rcc.o
                0x0000000008004430                HAL_RCC_ClockConfig
 .text.HAL_RCC_GetSysClockFreq
                0x00000000080045e4       0xfc Drivers/STM32F0xx_HAL_Driver/Src/stm32f0xx_hal_rcc.o
                0x00000000080045e4                HAL_RCC_GetSysClockFreq
 .text.HAL_SPI_Init
                0x00000000080046e0      0x134 Drivers/STM32F0xx_HAL_Driver/Src/stm32f0xx_hal_spi.o
                0x00000000080046e0                HAL_SPI_Init
 .text.HAL_TIM_Base_Init
                0x0000000008004814       0x58 Drivers/STM32F0xx_HAL_Driver/Src/stm32f0xx_hal_tim.o
                0x0000000008004814                HAL_TIM_Base_Init
 .text.HAL_TIM_IRQHandler
                0x000000000800486c      0x22c Drivers/STM32F0xx_HAL_Driver/Src/stm32f0xx_hal_tim.o
                0x000000000800486c                HAL_TIM_IRQHandler
 .text.HAL_TIM_PeriodElapsedCallback
                0x0000000008004a98       0x10 Drivers/STM32F0xx_HAL_Driver/Src/stm32f0xx_hal_tim.o
                0x0000000008004a98                HAL_TIM_PeriodElapsedCallback
 .text.HAL_TIM_OC_DelayElapsedCallback
                0x0000000008004aa8       0x10 Drivers/STM32F0xx_HAL_Driver/Src/stm32f0xx_hal_tim.o
                0x0000000008004aa8                HAL_TIM_OC_DelayElapsedCallback
 .text.HAL_TIM_IC_CaptureCallback
                0x0000000008004ab8       0x10 Drivers/STM32F0xx_HAL_Driver/Src/stm32f0xx_hal_tim.o
                0x0000000008004ab8                HAL_TIM_IC_CaptureCallback
 .text.HAL_TIM_PWM_PulseFinishedCallback
                0x0000000008004ac8       0x10 Drivers/STM32F0xx_HAL_Driver/Src/stm32f0xx_hal_tim.o
                0x0000000008004ac8                HAL_TIM_PWM_PulseFinishedCallback
 .text.HAL_TIM_TriggerCallback
                0x0000000008004ad8       0x10 Drivers/STM32F0xx_HAL_Driver/Src/stm32f0xx_hal_tim.o
                0x0000000008004ad8                HAL_TIM_TriggerCallback
 .text.TIM_Base_SetConfig
                0x0000000008004ae8      0x100 Drivers/STM32F0xx_HAL_Driver/Src/stm32f0xx_hal_tim.o
                0x0000000008004ae8                TIM_Base_SetConfig
 .text.HAL_TIMEx_CommutCallback
                0x0000000008004be8       0x10 Drivers/STM32F0xx_HAL_Driver/Src/stm32f0xx_hal_tim_ex.o
                0x0000000008004be8                HAL_TIMEx_CommutCallback
 .text.HAL_TIMEx_BreakCallback
                0x0000000008004bf8       0x10 Drivers/STM32F0xx_HAL_Driver/Src/stm32f0xx_hal_tim_ex.o
                0x0000000008004bf8                HAL_TIMEx_BreakCallback
 .text.ILI9341_Draw_Filled_Circle
                0x0000000008004c08      0x132 Optimized_STM32_ILI9341/ILI9341_GFX.o
                0x0000000008004c08                ILI9341_Draw_Filled_Circle
 *fill*         0x0000000008004d3a        0x2 
 .text.ILI9341_Draw_Char
                0x0000000008004d3c      0x210 Optimized_STM32_ILI9341/ILI9341_GFX.o
                0x0000000008004d3c                ILI9341_Draw_Char
 .text.ILI9341_Draw_Text
                0x0000000008004f4c       0xe2 Optimized_STM32_ILI9341/ILI9341_GFX.o
                0x0000000008004f4c                ILI9341_Draw_Text
 .text.ILI9341_Init
                0x000000000800502e      0x21e Optimized_STM32_ILI9341/ILI9341_STM32_Driver.o
                0x000000000800502e                ILI9341_Init
 .text.ILI9341_SPI_Init
                0x000000000800524c       0x38 Optimized_STM32_ILI9341/ILI9341_STM32_Driver.o
                0x000000000800524c                ILI9341_SPI_Init
 .text.ILI9341_Draw_Vertical_Line
                0x0000000008005284      0x10c Optimized_STM32_ILI9341/ILI9341_STM32_Driver.o
                0x0000000008005284                ILI9341_Draw_Vertical_Line
 .text.ILI9341_Set_Frame
                0x0000000008005390       0xb0 Optimized_STM32_ILI9341/ILI9341_STM32_Driver.o
                0x0000000008005390                ILI9341_Set_Frame
 .text.ILI9341_Fill_Screen
                0x0000000008005440       0x54 Optimized_STM32_ILI9341/ILI9341_STM32_Driver.o
                0x0000000008005440                ILI9341_Fill_Screen
 .text.ILI9341_Draw_Pixel
                0x0000000008005494      0x2e8 Optimized_STM32_ILI9341/ILI9341_STM32_Driver.o
                0x0000000008005494                ILI9341_Draw_Pixel
 .text.ILI9341_Draw_Rectangle
                0x000000000800577c      0x19c Optimized_STM32_ILI9341/ILI9341_STM32_Driver.o
                0x000000000800577c                ILI9341_Draw_Rectangle
 .text.ILI9341_Set_Rotation
                0x0000000008005918       0xa0 Optimized_STM32_ILI9341/ILI9341_STM32_Driver.o
                0x0000000008005918                ILI9341_Set_Rotation
 .text._LCD_Enable
                0x00000000080059b8       0x1c Optimized_STM32_ILI9341/ILI9341_STM32_Driver.o
                0x00000000080059b8                _LCD_Enable
 .text._LCD_Reset
                0x00000000080059d4       0x40 Optimized_STM32_ILI9341/ILI9341_STM32_Driver.o
                0x00000000080059d4                _LCD_Reset
 .text._LCD_Write_Frame
                0x0000000008005a14      0x1c0 Optimized_STM32_ILI9341/ILI9341_STM32_Driver.o
                0x0000000008005a14                _LCD_Write_Frame
 .text._LCD_SendCommand
                0x0000000008005bd4       0x6c Optimized_STM32_ILI9341/ILI9341_STM32_Driver.o
                0x0000000008005bd4                _LCD_SendCommand
 .text._LCD_SendData
                0x0000000008005c40       0x6c Optimized_STM32_ILI9341/ILI9341_STM32_Driver.o
                0x0000000008005c40                _LCD_SendData
 .text._SPI_SendByte
                0x0000000008005cac       0x74 Optimized_STM32_ILI9341/ILI9341_STM32_Driver.o
                0x0000000008005cac                _SPI_SendByte
 .text._SPI_SendByteMultiByte
                0x0000000008005d20       0xac Optimized_STM32_ILI9341/ILI9341_STM32_Driver.o
                0x0000000008005d20                _SPI_SendByteMultiByte
 .text.TSC2046_EM_GetTouchScreenState
                0x0000000008005dcc       0x14 Optimized_TSC2046_TouchSceen/TSC2046_STM32_EventManager.o
                0x0000000008005dcc                TSC2046_EM_GetTouchScreenState
 .text.TSC2046_EM_ProcessEvent
                0x0000000008005de0       0x50 Optimized_TSC2046_TouchSceen/TSC2046_STM32_EventManager.o
                0x0000000008005de0                TSC2046_EM_ProcessEvent
 .text.TSC2046_EM_EnableConversionState
                0x0000000008005e30        0xc Optimized_TSC2046_TouchSceen/TSC2046_STM32_EventManager.o
                0x0000000008005e30                TSC2046_EM_EnableConversionState
 .text.TSC2046_EM_EnableIdleState
                0x0000000008005e3c        0xc Optimized_TSC2046_TouchSceen/TSC2046_STM32_EventManager.o
                0x0000000008005e3c                TSC2046_EM_EnableIdleState
 .text.TSC2046_HM_Init
                0x0000000008005e48       0x68 Optimized_TSC2046_TouchSceen/TSC2046_STM32_HardwareManager.o
                0x0000000008005e48                TSC2046_HM_Init
 .text.TSC2046_HM_RunConversion
                0x0000000008005eb0       0xac Optimized_TSC2046_TouchSceen/TSC2046_STM32_HardwareManager.o
                0x0000000008005eb0                TSC2046_HM_RunConversion
 .text.TSC2046_HM_ConvertToQVGA
                0x0000000008005f5c       0xa0 Optimized_TSC2046_TouchSceen/TSC2046_STM32_HardwareManager.o
                0x0000000008005f5c                TSC2046_HM_ConvertToQVGA
 .text._SetCsPinHigh
                0x0000000008005ffc       0x1c Optimized_TSC2046_TouchSceen/TSC2046_STM32_HardwareManager.o
                0x0000000008005ffc                _SetCsPinHigh
 .text._SetCsPinLow
                0x0000000008006018       0x20 Optimized_TSC2046_TouchSceen/TSC2046_STM32_HardwareManager.o
                0x0000000008006018                _SetCsPinLow
 .text._EnableSPI
                0x0000000008006038       0x28 Optimized_TSC2046_TouchSceen/TSC2046_STM32_HardwareManager.o
                0x0000000008006038                _EnableSPI
 .text._SpiTransmit8
                0x0000000008006060       0x30 Optimized_TSC2046_TouchSceen/TSC2046_STM32_HardwareManager.o
                0x0000000008006060                _SpiTransmit8
 .text._SpiReceive16
                0x0000000008006090       0x30 Optimized_TSC2046_TouchSceen/TSC2046_STM32_HardwareManager.o
                0x0000000008006090                _SpiReceive16
 .text.TSC4026_STM32_HM_GetXpos
                0x00000000080060c0       0x14 Optimized_TSC2046_TouchSceen/TSC2046_STM32_HardwareManager.o
                0x00000000080060c0                TSC4026_STM32_HM_GetXpos
 .text.TSC4026_STM32_HM_GetYpos
                0x00000000080060d4       0x14 Optimized_TSC2046_TouchSceen/TSC2046_STM32_HardwareManager.o
                0x00000000080060d4                TSC4026_STM32_HM_GetYpos
 .text.TSC2046_IM_PENIRQ_EXTI_Handler
                0x00000000080060e8       0x10 Optimized_TSC2046_TouchSceen/TSC2046_STM32_InterruptManager.o
                0x00000000080060e8                TSC2046_IM_PENIRQ_EXTI_Handler
 .text.TSC2046_IM_HardwareManagerLoopHandler
                0x00000000080060f8       0x2c Optimized_TSC2046_TouchSceen/TSC2046_STM32_InterruptManager.o
                0x00000000080060f8                TSC2046_IM_HardwareManagerLoopHandler
 .text.__libc_init_array
                0x0000000008006124       0x48 /home/chris/opt/STM32CubeIDE/st/stm32cubeide_1.2.0/plugins/com.st.stm32cube.ide.mcu.externaltools.gnu-tools-for-stm32.7-2018-q2-update.linux64_1.4.0.202007081208/tools/bin/../lib/gcc/arm-none-eabi/7.3.1/../../../../arm-none-eabi/lib/thumb/v6-m/libc_nano.a(lib_a-init.o)
                0x0000000008006124                __libc_init_array
 .text.memset   0x000000000800616c       0x10 /home/chris/opt/STM32CubeIDE/st/stm32cubeide_1.2.0/plugins/com.st.stm32cube.ide.mcu.externaltools.gnu-tools-for-stm32.7-2018-q2-update.linux64_1.4.0.202007081208/tools/bin/../lib/gcc/arm-none-eabi/7.3.1/../../../../arm-none-eabi/lib/thumb/v6-m/libc_nano.a(lib_a-memset.o)
                0x000000000800616c                memset
 .text.__cvt    0x000000000800617c       0xc8 /home/chris/opt/STM32CubeIDE/st/stm32cubeide_1.2.0/plugins/com.st.stm32cube.ide.mcu.externaltools.gnu-tools-for-stm32.7-2018-q2-update.linux64_1.4.0.202007081208/tools/bin/../lib/gcc/arm-none-eabi/7.3.1/../../../../arm-none-eabi/lib/thumb/v6-m/libc_nano.a(lib_a-nano-vfprintf_float.o)
                0x000000000800617c                __cvt
 .text.__exponent
                0x0000000008006244       0x70 /home/chris/opt/STM32CubeIDE/st/stm32cubeide_1.2.0/plugins/com.st.stm32cube.ide.mcu.externaltools.gnu-tools-for-stm32.7-2018-q2-update.linux64_1.4.0.202007081208/tools/bin/../lib/gcc/arm-none-eabi/7.3.1/../../../../arm-none-eabi/lib/thumb/v6-m/libc_nano.a(lib_a-nano-vfprintf_float.o)
                0x0000000008006244                __exponent
 .text._printf_float
                0x00000000080062b4      0x498 /home/chris/opt/STM32CubeIDE/st/stm32cubeide_1.2.0/plugins/com.st.stm32cube.ide.mcu.externaltools.gnu-tools-for-stm32.7-2018-q2-update.linux64_1.4.0.202007081208/tools/bin/../lib/gcc/arm-none-eabi/7.3.1/../../../../arm-none-eabi/lib/thumb/v6-m/libc_nano.a(lib_a-nano-vfprintf_float.o)
                0x00000000080062b4                _printf_float
 .text._printf_common
                0x000000000800674c       0xda /home/chris/opt/STM32CubeIDE/st/stm32cubeide_1.2.0/plugins/com.st.stm32cube.ide.mcu.externaltools.gnu-tools-for-stm32.7-2018-q2-update.linux64_1.4.0.202007081208/tools/bin/../lib/gcc/arm-none-eabi/7.3.1/../../../../arm-none-eabi/lib/thumb/v6-m/libc_nano.a(lib_a-nano-vfprintf_i.o)
                0x000000000800674c                _printf_common
 *fill*         0x0000000008006826        0x2 
 .text._printf_i
                0x0000000008006828      0x210 /home/chris/opt/STM32CubeIDE/st/stm32cubeide_1.2.0/plugins/com.st.stm32cube.ide.mcu.externaltools.gnu-tools-for-stm32.7-2018-q2-update.linux64_1.4.0.202007081208/tools/bin/../lib/gcc/arm-none-eabi/7.3.1/../../../../arm-none-eabi/lib/thumb/v6-m/libc_nano.a(lib_a-nano-vfprintf_i.o)
                0x0000000008006828                _printf_i
 .text.snprintf
                0x0000000008006a38       0x64 /home/chris/opt/STM32CubeIDE/st/stm32cubeide_1.2.0/plugins/com.st.stm32cube.ide.mcu.externaltools.gnu-tools-for-stm32.7-2018-q2-update.linux64_1.4.0.202007081208/tools/bin/../lib/gcc/arm-none-eabi/7.3.1/../../../../arm-none-eabi/lib/thumb/v6-m/libc_nano.a(lib_a-snprintf.o)
                0x0000000008006a38                snprintf
                0x0000000008006a38                sniprintf
 .text.quorem   0x0000000008006a9c      0x10c /home/chris/opt/STM32CubeIDE/st/stm32cubeide_1.2.0/plugins/com.st.stm32cube.ide.mcu.externaltools.gnu-tools-for-stm32.7-2018-q2-update.linux64_1.4.0.202007081208/tools/bin/../lib/gcc/arm-none-eabi/7.3.1/../../../../arm-none-eabi/lib/thumb/v6-m/libc_nano.a(lib_a-dtoa.o)
 .text._dtoa_r  0x0000000008006ba8      0xbc0 /home/chris/opt/STM32CubeIDE/st/stm32cubeide_1.2.0/plugins/com.st.stm32cube.ide.mcu.externaltools.gnu-tools-for-stm32.7-2018-q2-update.linux64_1.4.0.202007081208/tools/bin/../lib/gcc/arm-none-eabi/7.3.1/../../../../arm-none-eabi/lib/thumb/v6-m/libc_nano.a(lib_a-dtoa.o)
                0x0000000008006ba8                _dtoa_r
 .text._localeconv_r
                0x0000000008007768       0x18 /home/chris/opt/STM32CubeIDE/st/stm32cubeide_1.2.0/plugins/com.st.stm32cube.ide.mcu.externaltools.gnu-tools-for-stm32.7-2018-q2-update.linux64_1.4.0.202007081208/tools/bin/../lib/gcc/arm-none-eabi/7.3.1/../../../../arm-none-eabi/lib/thumb/v6-m/libc_nano.a(lib_a-localeconv.o)
                0x0000000008007768                _localeconv_r
 .text.malloc   0x0000000008007780       0x14 /home/chris/opt/STM32CubeIDE/st/stm32cubeide_1.2.0/plugins/com.st.stm32cube.ide.mcu.externaltools.gnu-tools-for-stm32.7-2018-q2-update.linux64_1.4.0.202007081208/tools/bin/../lib/gcc/arm-none-eabi/7.3.1/../../../../arm-none-eabi/lib/thumb/v6-m/libc_nano.a(lib_a-malloc.o)
                0x0000000008007780                malloc
 .text.memchr   0x0000000008007794       0x16 /home/chris/opt/STM32CubeIDE/st/stm32cubeide_1.2.0/plugins/com.st.stm32cube.ide.mcu.externaltools.gnu-tools-for-stm32.7-2018-q2-update.linux64_1.4.0.202007081208/tools/bin/../lib/gcc/arm-none-eabi/7.3.1/../../../../arm-none-eabi/lib/thumb/v6-m/libc_nano.a(lib_a-memchr-stub.o)
                0x0000000008007794                memchr
 .text.memcpy   0x00000000080077aa       0x12 /home/chris/opt/STM32CubeIDE/st/stm32cubeide_1.2.0/plugins/com.st.stm32cube.ide.mcu.externaltools.gnu-tools-for-stm32.7-2018-q2-update.linux64_1.4.0.202007081208/tools/bin/../lib/gcc/arm-none-eabi/7.3.1/../../../../arm-none-eabi/lib/thumb/v6-m/libc_nano.a(lib_a-memcpy-stub.o)
                0x00000000080077aa                memcpy
 .text._Balloc  0x00000000080077bc       0x70 /home/chris/opt/STM32CubeIDE/st/stm32cubeide_1.2.0/plugins/com.st.stm32cube.ide.mcu.externaltools.gnu-tools-for-stm32.7-2018-q2-update.linux64_1.4.0.202007081208/tools/bin/../lib/gcc/arm-none-eabi/7.3.1/../../../../arm-none-eabi/lib/thumb/v6-m/libc_nano.a(lib_a-mprec.o)
                0x00000000080077bc                _Balloc
 .text._Bfree   0x000000000800782c       0x32 /home/chris/opt/STM32CubeIDE/st/stm32cubeide_1.2.0/plugins/com.st.stm32cube.ide.mcu.externaltools.gnu-tools-for-stm32.7-2018-q2-update.linux64_1.4.0.202007081208/tools/bin/../lib/gcc/arm-none-eabi/7.3.1/../../../../arm-none-eabi/lib/thumb/v6-m/libc_nano.a(lib_a-mprec.o)
                0x000000000800782c                _Bfree
 .text.__multadd
                0x000000000800785e       0x7c /home/chris/opt/STM32CubeIDE/st/stm32cubeide_1.2.0/plugins/com.st.stm32cube.ide.mcu.externaltools.gnu-tools-for-stm32.7-2018-q2-update.linux64_1.4.0.202007081208/tools/bin/../lib/gcc/arm-none-eabi/7.3.1/../../../../arm-none-eabi/lib/thumb/v6-m/libc_nano.a(lib_a-mprec.o)
                0x000000000800785e                __multadd
 .text.__hi0bits
                0x00000000080078da       0x34 /home/chris/opt/STM32CubeIDE/st/stm32cubeide_1.2.0/plugins/com.st.stm32cube.ide.mcu.externaltools.gnu-tools-for-stm32.7-2018-q2-update.linux64_1.4.0.202007081208/tools/bin/../lib/gcc/arm-none-eabi/7.3.1/../../../../arm-none-eabi/lib/thumb/v6-m/libc_nano.a(lib_a-mprec.o)
                0x00000000080078da                __hi0bits
 .text.__lo0bits
                0x000000000800790e       0x5e /home/chris/opt/STM32CubeIDE/st/stm32cubeide_1.2.0/plugins/com.st.stm32cube.ide.mcu.externaltools.gnu-tools-for-stm32.7-2018-q2-update.linux64_1.4.0.202007081208/tools/bin/../lib/gcc/arm-none-eabi/7.3.1/../../../../arm-none-eabi/lib/thumb/v6-m/libc_nano.a(lib_a-mprec.o)
                0x000000000800790e                __lo0bits
 .text.__i2b    0x000000000800796c       0x12 /home/chris/opt/STM32CubeIDE/st/stm32cubeide_1.2.0/plugins/com.st.stm32cube.ide.mcu.externaltools.gnu-tools-for-stm32.7-2018-q2-update.linux64_1.4.0.202007081208/tools/bin/../lib/gcc/arm-none-eabi/7.3.1/../../../../arm-none-eabi/lib/thumb/v6-m/libc_nano.a(lib_a-mprec.o)
                0x000000000800796c                __i2b
 .text.__multiply
                0x000000000800797e      0x11e /home/chris/opt/STM32CubeIDE/st/stm32cubeide_1.2.0/plugins/com.st.stm32cube.ide.mcu.externaltools.gnu-tools-for-stm32.7-2018-q2-update.linux64_1.4.0.202007081208/tools/bin/../lib/gcc/arm-none-eabi/7.3.1/../../../../arm-none-eabi/lib/thumb/v6-m/libc_nano.a(lib_a-mprec.o)
                0x000000000800797e                __multiply
 .text.__pow5mult
                0x0000000008007a9c       0xa4 /home/chris/opt/STM32CubeIDE/st/stm32cubeide_1.2.0/plugins/com.st.stm32cube.ide.mcu.externaltools.gnu-tools-for-stm32.7-2018-q2-update.linux64_1.4.0.202007081208/tools/bin/../lib/gcc/arm-none-eabi/7.3.1/../../../../arm-none-eabi/lib/thumb/v6-m/libc_nano.a(lib_a-mprec.o)
                0x0000000008007a9c                __pow5mult
 .text.__lshift
                0x0000000008007b40       0xa4 /home/chris/opt/STM32CubeIDE/st/stm32cubeide_1.2.0/plugins/com.st.stm32cube.ide.mcu.externaltools.gnu-tools-for-stm32.7-2018-q2-update.linux64_1.4.0.202007081208/tools/bin/../lib/gcc/arm-none-eabi/7.3.1/../../../../arm-none-eabi/lib/thumb/v6-m/libc_nano.a(lib_a-mprec.o)
                0x0000000008007b40                __lshift
 .text.__mcmp   0x0000000008007be4       0x34 /home/chris/opt/STM32CubeIDE/st/stm32cubeide_1.2.0/plugins/com.st.stm32cube.ide.mcu.externaltools.gnu-tools-for-stm32.7-2018-q2-update.linux64_1.4.0.202007081208/tools/bin/../lib/gcc/arm-none-eabi/7.3.1/../../../../arm-none-eabi/lib/thumb/v6-m/libc_nano.a(lib_a-mprec.o)
                0x0000000008007be4                __mcmp
 .text.__mdiff  0x0000000008007c18       0xc8 /home/chris/opt/STM32CubeIDE/st/stm32cubeide_1.2.0/plugins/com.st.stm32cube.ide.mcu.externaltools.gnu-tools-for-stm32.7-2018-q2-update.linux64_1.4.0.202007081208/tools/bin/../lib/gcc/arm-none-eabi/7.3.1/../../../../arm-none-eabi/lib/thumb/v6-m/libc_nano.a(lib_a-mprec.o)
                0x0000000008007c18                __mdiff
 .text.__d2b    0x0000000008007ce0       0xa8 /home/chris/opt/STM32CubeIDE/st/stm32cubeide_1.2.0/plugins/com.st.stm32cube.ide.mcu.externaltools.gnu-tools-for-stm32.7-2018-q2-update.linux64_1.4.0.202007081208/tools/bin/../lib/gcc/arm-none-eabi/7.3.1/../../../../arm-none-eabi/lib/thumb/v6-m/libc_nano.a(lib_a-mprec.o)
                0x0000000008007ce0                __d2b
 .text._calloc_r
                0x0000000008007d88       0x1c /home/chris/opt/STM32CubeIDE/st/stm32cubeide_1.2.0/plugins/com.st.stm32cube.ide.mcu.externaltools.gnu-tools-for-stm32.7-2018-q2-update.linux64_1.4.0.202007081208/tools/bin/../lib/gcc/arm-none-eabi/7.3.1/../../../../arm-none-eabi/lib/thumb/v6-m/libc_nano.a(lib_a-nano-callocr.o)
                0x0000000008007d88                _calloc_r
 .text._free_r  0x0000000008007da4       0x94 /home/chris/opt/STM32CubeIDE/st/stm32cubeide_1.2.0/plugins/com.st.stm32cube.ide.mcu.externaltools.gnu-tools-for-stm32.7-2018-q2-update.linux64_1.4.0.202007081208/tools/bin/../lib/gcc/arm-none-eabi/7.3.1/../../../../arm-none-eabi/lib/thumb/v6-m/libc_nano.a(lib_a-nano-freer.o)
                0x0000000008007da4                _free_r
 .text._malloc_r
                0x0000000008007e38       0xbc /home/chris/opt/STM32CubeIDE/st/stm32cubeide_1.2.0/plugins/com.st.stm32cube.ide.mcu.externaltools.gnu-tools-for-stm32.7-2018-q2-update.linux64_1.4.0.202007081208/tools/bin/../lib/gcc/arm-none-eabi/7.3.1/../../../../arm-none-eabi/lib/thumb/v6-m/libc_nano.a(lib_a-nano-mallocr.o)
                0x0000000008007e38                _malloc_r
 .text.__ssputs_r
                0x0000000008007ef4       0xc4 /home/chris/opt/STM32CubeIDE/st/stm32cubeide_1.2.0/plugins/com.st.stm32cube.ide.mcu.externaltools.gnu-tools-for-stm32.7-2018-q2-update.linux64_1.4.0.202007081208/tools/bin/../lib/gcc/arm-none-eabi/7.3.1/../../../../arm-none-eabi/lib/thumb/v6-m/libc_nano.a(lib_a-nano-svfprintf.o)
                0x0000000008007ef4                __ssputs_r
 .text._svfprintf_r
                0x0000000008007fb8      0x1fc /home/chris/opt/STM32CubeIDE/st/stm32cubeide_1.2.0/plugins/com.st.stm32cube.ide.mcu.externaltools.gnu-tools-for-stm32.7-2018-q2-update.linux64_1.4.0.202007081208/tools/bin/../lib/gcc/arm-none-eabi/7.3.1/../../../../arm-none-eabi/lib/thumb/v6-m/libc_nano.a(lib_a-nano-svfprintf.o)
                0x0000000008007fb8                _svfprintf_r
                0x0000000008007fb8                _svfiprintf_r
 .text._sbrk_r  0x00000000080081b4       0x24 /home/chris/opt/STM32CubeIDE/st/stm32cubeide_1.2.0/plugins/com.st.stm32cube.ide.mcu.externaltools.gnu-tools-for-stm32.7-2018-q2-update.linux64_1.4.0.202007081208/tools/bin/../lib/gcc/arm-none-eabi/7.3.1/../../../../arm-none-eabi/lib/thumb/v6-m/libc_nano.a(lib_a-sbrkr.o)
                0x00000000080081b4                _sbrk_r
 .text.__ascii_mbtowc
                0x00000000080081d8       0x24 /home/chris/opt/STM32CubeIDE/st/stm32cubeide_1.2.0/plugins/com.st.stm32cube.ide.mcu.externaltools.gnu-tools-for-stm32.7-2018-q2-update.linux64_1.4.0.202007081208/tools/bin/../lib/gcc/arm-none-eabi/7.3.1/../../../../arm-none-eabi/lib/thumb/v6-m/libc_nano.a(lib_a-mbtowc_r.o)
                0x00000000080081d8                __ascii_mbtowc
 .text.memmove  0x00000000080081fc       0x26 /home/chris/opt/STM32CubeIDE/st/stm32cubeide_1.2.0/plugins/com.st.stm32cube.ide.mcu.externaltools.gnu-tools-for-stm32.7-2018-q2-update.linux64_1.4.0.202007081208/tools/bin/../lib/gcc/arm-none-eabi/7.3.1/../../../../arm-none-eabi/lib/thumb/v6-m/libc_nano.a(lib_a-memmove.o)
                0x00000000080081fc                memmove
 .text.__malloc_lock
                0x0000000008008222        0x2 /home/chris/opt/STM32CubeIDE/st/stm32cubeide_1.2.0/plugins/com.st.stm32cube.ide.mcu.externaltools.gnu-tools-for-stm32.7-2018-q2-update.linux64_1.4.0.202007081208/tools/bin/../lib/gcc/arm-none-eabi/7.3.1/../../../../arm-none-eabi/lib/thumb/v6-m/libc_nano.a(lib_a-mlock.o)
                0x0000000008008222                __malloc_lock
 .text.__malloc_unlock
                0x0000000008008224        0x2 /home/chris/opt/STM32CubeIDE/st/stm32cubeide_1.2.0/plugins/com.st.stm32cube.ide.mcu.externaltools.gnu-tools-for-stm32.7-2018-q2-update.linux64_1.4.0.202007081208/tools/bin/../lib/gcc/arm-none-eabi/7.3.1/../../../../arm-none-eabi/lib/thumb/v6-m/libc_nano.a(lib_a-mlock.o)
                0x0000000008008224                __malloc_unlock
 .text._realloc_r
                0x0000000008008226       0x4c /home/chris/opt/STM32CubeIDE/st/stm32cubeide_1.2.0/plugins/com.st.stm32cube.ide.mcu.externaltools.gnu-tools-for-stm32.7-2018-q2-update.linux64_1.4.0.202007081208/tools/bin/../lib/gcc/arm-none-eabi/7.3.1/../../../../arm-none-eabi/lib/thumb/v6-m/libc_nano.a(lib_a-nano-reallocr.o)
                0x0000000008008226                _realloc_r
 .text.__ascii_wctomb
                0x0000000008008272       0x18 /home/chris/opt/STM32CubeIDE/st/stm32cubeide_1.2.0/plugins/com.st.stm32cube.ide.mcu.externaltools.gnu-tools-for-stm32.7-2018-q2-update.linux64_1.4.0.202007081208/tools/bin/../lib/gcc/arm-none-eabi/7.3.1/../../../../arm-none-eabi/lib/thumb/v6-m/libc_nano.a(lib_a-wctomb_r.o)
                0x0000000008008272                __ascii_wctomb
 .text._malloc_usable_size_r
                0x000000000800828a       0x10 /home/chris/opt/STM32CubeIDE/st/stm32cubeide_1.2.0/plugins/com.st.stm32cube.ide.mcu.externaltools.gnu-tools-for-stm32.7-2018-q2-update.linux64_1.4.0.202007081208/tools/bin/../lib/gcc/arm-none-eabi/7.3.1/../../../../arm-none-eabi/lib/thumb/v6-m/libc_nano.a(lib_a-nano-msizer.o)
                0x000000000800828a                _malloc_usable_size_r
 *fill*         0x000000000800829a        0x2 
 .text._sbrk    0x000000000800829c       0x20 /home/chris/opt/STM32CubeIDE/st/stm32cubeide_1.2.0/plugins/com.st.stm32cube.ide.mcu.externaltools.gnu-tools-for-stm32.7-2018-q2-update.linux64_1.4.0.202007081208/tools/bin/../lib/gcc/arm-none-eabi/7.3.1/../../../../arm-none-eabi/lib/thumb/v6-m/libnosys.a(sbrk.o)
                0x000000000800829c                _sbrk
 *(.glue_7)
 .glue_7        0x00000000080082bc        0x0 linker stubs
 *(.glue_7t)
 .glue_7t       0x00000000080082bc        0x0 linker stubs
 *(.eh_frame)
 .eh_frame      0x00000000080082bc        0x0 /home/chris/opt/STM32CubeIDE/st/stm32cubeide_1.2.0/plugins/com.st.stm32cube.ide.mcu.externaltools.gnu-tools-for-stm32.7-2018-q2-update.linux64_1.4.0.202007081208/tools/bin/../lib/gcc/arm-none-eabi/7.3.1/thumb/v6-m/crtbegin.o
 *(.init)
 .init          0x00000000080082bc        0x4 /home/chris/opt/STM32CubeIDE/st/stm32cubeide_1.2.0/plugins/com.st.stm32cube.ide.mcu.externaltools.gnu-tools-for-stm32.7-2018-q2-update.linux64_1.4.0.202007081208/tools/bin/../lib/gcc/arm-none-eabi/7.3.1/thumb/v6-m/crti.o
                0x00000000080082bc                _init
 .init          0x00000000080082c0        0x8 /home/chris/opt/STM32CubeIDE/st/stm32cubeide_1.2.0/plugins/com.st.stm32cube.ide.mcu.externaltools.gnu-tools-for-stm32.7-2018-q2-update.linux64_1.4.0.202007081208/tools/bin/../lib/gcc/arm-none-eabi/7.3.1/thumb/v6-m/crtn.o
 *(.fini)
 .fini          0x00000000080082c8        0x4 /home/chris/opt/STM32CubeIDE/st/stm32cubeide_1.2.0/plugins/com.st.stm32cube.ide.mcu.externaltools.gnu-tools-for-stm32.7-2018-q2-update.linux64_1.4.0.202007081208/tools/bin/../lib/gcc/arm-none-eabi/7.3.1/thumb/v6-m/crti.o
                0x00000000080082c8                _fini
 .fini          0x00000000080082cc        0x8 /home/chris/opt/STM32CubeIDE/st/stm32cubeide_1.2.0/plugins/com.st.stm32cube.ide.mcu.externaltools.gnu-tools-for-stm32.7-2018-q2-update.linux64_1.4.0.202007081208/tools/bin/../lib/gcc/arm-none-eabi/7.3.1/thumb/v6-m/crtn.o
                0x00000000080082d4                . = ALIGN (0x4)
                0x00000000080082d4                _etext = .

.vfp11_veneer   0x00000000080082d4        0x0
 .vfp11_veneer  0x00000000080082d4        0x0 linker stubs

.v4_bx          0x00000000080082d4        0x0
 .v4_bx         0x00000000080082d4        0x0 linker stubs

.iplt           0x00000000080082d4        0x0
 .iplt          0x00000000080082d4        0x0 /home/chris/opt/STM32CubeIDE/st/stm32cubeide_1.2.0/plugins/com.st.stm32cube.ide.mcu.externaltools.gnu-tools-for-stm32.7-2018-q2-update.linux64_1.4.0.202007081208/tools/bin/../lib/gcc/arm-none-eabi/7.3.1/thumb/v6-m/crtbegin.o

.rodata         0x00000000080082d8      0x608
                0x00000000080082d8                . = ALIGN (0x4)
 *(.rodata)
 .rodata        0x00000000080082d8       0x3a Core/Src/UserTasks.o
 *fill*         0x0000000008008312        0x2 
 .rodata        0x0000000008008314       0x20 Drivers/STM32F0xx_HAL_Driver/Src/stm32f0xx_hal_rcc.o
 .rodata        0x0000000008008334       0x80 /home/chris/opt/STM32CubeIDE/st/stm32cubeide_1.2.0/plugins/com.st.stm32cube.ide.mcu.externaltools.gnu-tools-for-stm32.7-2018-q2-update.linux64_1.4.0.202007081208/tools/bin/../lib/gcc/arm-none-eabi/7.3.1/thumb/v6-m/libgcc.a(divsf3.o)
 .rodata        0x00000000080083b4       0x40 /home/chris/opt/STM32CubeIDE/st/stm32cubeide_1.2.0/plugins/com.st.stm32cube.ide.mcu.externaltools.gnu-tools-for-stm32.7-2018-q2-update.linux64_1.4.0.202007081208/tools/bin/../lib/gcc/arm-none-eabi/7.3.1/thumb/v6-m/libgcc.a(divdf3.o)
 .rodata        0x00000000080083f4       0x40 /home/chris/opt/STM32CubeIDE/st/stm32cubeide_1.2.0/plugins/com.st.stm32cube.ide.mcu.externaltools.gnu-tools-for-stm32.7-2018-q2-update.linux64_1.4.0.202007081208/tools/bin/../lib/gcc/arm-none-eabi/7.3.1/thumb/v6-m/libgcc.a(muldf3.o)
 *(.rodata*)
 .rodata.AHBPrescTable
                0x0000000008008434       0x10 Core/Src/system_stm32f0xx.o
                0x0000000008008434                AHBPrescTable
 .rodata.font   0x0000000008008444      0x240 Optimized_STM32_ILI9341/ILI9341_GFX.o
 .rodata._printf_float.str1.1
                0x0000000008008684       0x12 /home/chris/opt/STM32CubeIDE/st/stm32cubeide_1.2.0/plugins/com.st.stm32cube.ide.mcu.externaltools.gnu-tools-for-stm32.7-2018-q2-update.linux64_1.4.0.202007081208/tools/bin/../lib/gcc/arm-none-eabi/7.3.1/../../../../arm-none-eabi/lib/thumb/v6-m/libc_nano.a(lib_a-nano-vfprintf_float.o)
 .rodata._printf_i.str1.1
                0x0000000008008696       0x22 /home/chris/opt/STM32CubeIDE/st/stm32cubeide_1.2.0/plugins/com.st.stm32cube.ide.mcu.externaltools.gnu-tools-for-stm32.7-2018-q2-update.linux64_1.4.0.202007081208/tools/bin/../lib/gcc/arm-none-eabi/7.3.1/../../../../arm-none-eabi/lib/thumb/v6-m/libc_nano.a(lib_a-nano-vfprintf_i.o)
 .rodata._dtoa_r.str1.1
                0x00000000080086b8        0xd /home/chris/opt/STM32CubeIDE/st/stm32cubeide_1.2.0/plugins/com.st.stm32cube.ide.mcu.externaltools.gnu-tools-for-stm32.7-2018-q2-update.linux64_1.4.0.202007081208/tools/bin/../lib/gcc/arm-none-eabi/7.3.1/../../../../arm-none-eabi/lib/thumb/v6-m/libc_nano.a(lib_a-dtoa.o)
                                          0xf (size before relaxing)
 *fill*         0x00000000080086c5        0x3 
 .rodata.__mprec_bigtens
                0x00000000080086c8       0x28 /home/chris/opt/STM32CubeIDE/st/stm32cubeide_1.2.0/plugins/com.st.stm32cube.ide.mcu.externaltools.gnu-tools-for-stm32.7-2018-q2-update.linux64_1.4.0.202007081208/tools/bin/../lib/gcc/arm-none-eabi/7.3.1/../../../../arm-none-eabi/lib/thumb/v6-m/libc_nano.a(lib_a-mprec.o)
                0x00000000080086c8                __mprec_bigtens
 .rodata.__mprec_tens
                0x00000000080086f0       0xc8 /home/chris/opt/STM32CubeIDE/st/stm32cubeide_1.2.0/plugins/com.st.stm32cube.ide.mcu.externaltools.gnu-tools-for-stm32.7-2018-q2-update.linux64_1.4.0.202007081208/tools/bin/../lib/gcc/arm-none-eabi/7.3.1/../../../../arm-none-eabi/lib/thumb/v6-m/libc_nano.a(lib_a-mprec.o)
                0x00000000080086f0                __mprec_tens
 .rodata.p05.6084
                0x00000000080087b8        0xc /home/chris/opt/STM32CubeIDE/st/stm32cubeide_1.2.0/plugins/com.st.stm32cube.ide.mcu.externaltools.gnu-tools-for-stm32.7-2018-q2-update.linux64_1.4.0.202007081208/tools/bin/../lib/gcc/arm-none-eabi/7.3.1/../../../../arm-none-eabi/lib/thumb/v6-m/libc_nano.a(lib_a-mprec.o)
 .rodata._svfprintf_r.str1.1
                0x00000000080087c4       0x11 /home/chris/opt/STM32CubeIDE/st/stm32cubeide_1.2.0/plugins/com.st.stm32cube.ide.mcu.externaltools.gnu-tools-for-stm32.7-2018-q2-update.linux64_1.4.0.202007081208/tools/bin/../lib/gcc/arm-none-eabi/7.3.1/../../../../arm-none-eabi/lib/thumb/v6-m/libc_nano.a(lib_a-nano-svfprintf.o)
 .rodata._setlocale_r.str1.1
                0x00000000080087d5        0x8 /home/chris/opt/STM32CubeIDE/st/stm32cubeide_1.2.0/plugins/com.st.stm32cube.ide.mcu.externaltools.gnu-tools-for-stm32.7-2018-q2-update.linux64_1.4.0.202007081208/tools/bin/../lib/gcc/arm-none-eabi/7.3.1/../../../../arm-none-eabi/lib/thumb/v6-m/libc_nano.a(lib_a-locale.o)
                                          0x9 (size before relaxing)
 .rodata.str1.1
                0x00000000080087dd        0x2 /home/chris/opt/STM32CubeIDE/st/stm32cubeide_1.2.0/plugins/com.st.stm32cube.ide.mcu.externaltools.gnu-tools-for-stm32.7-2018-q2-update.linux64_1.4.0.202007081208/tools/bin/../lib/gcc/arm-none-eabi/7.3.1/../../../../arm-none-eabi/lib/thumb/v6-m/libc_nano.a(lib_a-locale.o)
 .rodata._ctype_
                0x00000000080087df      0x101 /home/chris/opt/STM32CubeIDE/st/stm32cubeide_1.2.0/plugins/com.st.stm32cube.ide.mcu.externaltools.gnu-tools-for-stm32.7-2018-q2-update.linux64_1.4.0.202007081208/tools/bin/../lib/gcc/arm-none-eabi/7.3.1/../../../../arm-none-eabi/lib/thumb/v6-m/libc_nano.a(lib_a-ctype_.o)
                0x00000000080087df                _ctype_
                0x00000000080088e0                . = ALIGN (0x4)

.rel.dyn        0x00000000080088e0        0x0
 .rel.iplt      0x00000000080088e0        0x0 /home/chris/opt/STM32CubeIDE/st/stm32cubeide_1.2.0/plugins/com.st.stm32cube.ide.mcu.externaltools.gnu-tools-for-stm32.7-2018-q2-update.linux64_1.4.0.202007081208/tools/bin/../lib/gcc/arm-none-eabi/7.3.1/thumb/v6-m/crtbegin.o

.ARM.extab      0x00000000080088e0        0x0
                0x00000000080088e0                . = ALIGN (0x4)
 *(.ARM.extab* .gnu.linkonce.armextab.*)
                0x00000000080088e0                . = ALIGN (0x4)

.ARM            0x00000000080088e0        0x0
                0x00000000080088e0                . = ALIGN (0x4)
                0x00000000080088e0                __exidx_start = .
 *(.ARM.exidx*)
                0x00000000080088e0                __exidx_end = .
                0x00000000080088e0                . = ALIGN (0x4)

.preinit_array  0x00000000080088e0        0x0
                0x00000000080088e0                . = ALIGN (0x4)
                0x00000000080088e0                PROVIDE (__preinit_array_start = .)
 *(.preinit_array*)
                0x00000000080088e0                PROVIDE (__preinit_array_end = .)
                0x00000000080088e0                . = ALIGN (0x4)

.init_array     0x00000000080088e0        0x4
                0x00000000080088e0                . = ALIGN (0x4)
                0x00000000080088e0                PROVIDE (__init_array_start = .)
 *(SORT_BY_NAME(.init_array.*))
 *(.init_array*)
 .init_array    0x00000000080088e0        0x4 /home/chris/opt/STM32CubeIDE/st/stm32cubeide_1.2.0/plugins/com.st.stm32cube.ide.mcu.externaltools.gnu-tools-for-stm32.7-2018-q2-update.linux64_1.4.0.202007081208/tools/bin/../lib/gcc/arm-none-eabi/7.3.1/thumb/v6-m/crtbegin.o
                0x00000000080088e4                PROVIDE (__init_array_end = .)
                0x00000000080088e4                . = ALIGN (0x4)

.fini_array     0x00000000080088e4        0x4
                0x00000000080088e4                . = ALIGN (0x4)
                [!provide]                        PROVIDE (__fini_array_start = .)
 *(SORT_BY_NAME(.fini_array.*))
 *(.fini_array*)
 .fini_array    0x00000000080088e4        0x4 /home/chris/opt/STM32CubeIDE/st/stm32cubeide_1.2.0/plugins/com.st.stm32cube.ide.mcu.externaltools.gnu-tools-for-stm32.7-2018-q2-update.linux64_1.4.0.202007081208/tools/bin/../lib/gcc/arm-none-eabi/7.3.1/thumb/v6-m/crtbegin.o
                [!provide]                        PROVIDE (__fini_array_end = .)
                0x00000000080088e8                . = ALIGN (0x4)
                0x00000000080088e8                _sidata = LOADADDR (.data)

.data           0x0000000020000000      0x1e0 load address 0x00000000080088e8
                0x0000000020000000                . = ALIGN (0x4)
                0x0000000020000000                _sdata = .
 *(.data)
 *(.data*)
 .data.SystemCoreClock
                0x0000000020000000        0x4 Core/Src/system_stm32f0xx.o
                0x0000000020000000                SystemCoreClock
 .data.uwTickPrio
                0x0000000020000004        0x4 Drivers/STM32F0xx_HAL_Driver/Src/stm32f0xx_hal.o
                0x0000000020000004                uwTickPrio
 .data.uwTickFreq
                0x0000000020000008        0x1 Drivers/STM32F0xx_HAL_Driver/Src/stm32f0xx_hal.o
                0x0000000020000008                uwTickFreq
 *fill*         0x0000000020000009        0x1 
 .data.LCD_HEIGHT
                0x000000002000000a        0x2 Optimized_STM32_ILI9341/ILI9341_STM32_Driver.o
                0x000000002000000a                LCD_HEIGHT
 .data.LCD_WIDTH
                0x000000002000000c        0x2 Optimized_STM32_ILI9341/ILI9341_STM32_Driver.o
                0x000000002000000c                LCD_WIDTH
 .data.BURST_MAX_SIZE
                0x000000002000000e        0x2 Optimized_STM32_ILI9341/ILI9341_STM32_Driver.o
                0x000000002000000e                BURST_MAX_SIZE
 .data._impure_ptr
                0x0000000020000010        0x4 /home/chris/opt/STM32CubeIDE/st/stm32cubeide_1.2.0/plugins/com.st.stm32cube.ide.mcu.externaltools.gnu-tools-for-stm32.7-2018-q2-update.linux64_1.4.0.202007081208/tools/bin/../lib/gcc/arm-none-eabi/7.3.1/../../../../arm-none-eabi/lib/thumb/v6-m/libc_nano.a(lib_a-impure.o)
                0x0000000020000010                _impure_ptr
 .data.impure_data
                0x0000000020000014       0x60 /home/chris/opt/STM32CubeIDE/st/stm32cubeide_1.2.0/plugins/com.st.stm32cube.ide.mcu.externaltools.gnu-tools-for-stm32.7-2018-q2-update.linux64_1.4.0.202007081208/tools/bin/../lib/gcc/arm-none-eabi/7.3.1/../../../../arm-none-eabi/lib/thumb/v6-m/libc_nano.a(lib_a-impure.o)
 .data.__global_locale
                0x0000000020000074      0x16c /home/chris/opt/STM32CubeIDE/st/stm32cubeide_1.2.0/plugins/com.st.stm32cube.ide.mcu.externaltools.gnu-tools-for-stm32.7-2018-q2-update.linux64_1.4.0.202007081208/tools/bin/../lib/gcc/arm-none-eabi/7.3.1/../../../../arm-none-eabi/lib/thumb/v6-m/libc_nano.a(lib_a-locale.o)
                0x0000000020000074                __global_locale
                0x00000000200001e0                . = ALIGN (0x4)
                0x00000000200001e0                _edata = .

.igot.plt       0x00000000200001e0        0x0 load address 0x0000000008008ac8
 .igot.plt      0x00000000200001e0        0x0 /home/chris/opt/STM32CubeIDE/st/stm32cubeide_1.2.0/plugins/com.st.stm32cube.ide.mcu.externaltools.gnu-tools-for-stm32.7-2018-q2-update.linux64_1.4.0.202007081208/tools/bin/../lib/gcc/arm-none-eabi/7.3.1/thumb/v6-m/crtbegin.o
                0x00000000200001e0                . = ALIGN (0x4)

.bss            0x00000000200001e0      0x18c load address 0x0000000008008ac8
                0x00000000200001e0                _sbss = .
                0x00000000200001e0                __bss_start__ = _sbss
 *(.bss)
 .bss           0x00000000200001e0       0x1c /home/chris/opt/STM32CubeIDE/st/stm32cubeide_1.2.0/plugins/com.st.stm32cube.ide.mcu.externaltools.gnu-tools-for-stm32.7-2018-q2-update.linux64_1.4.0.202007081208/tools/bin/../lib/gcc/arm-none-eabi/7.3.1/thumb/v6-m/crtbegin.o
 *(.bss*)
 .bss.adc_data  0x00000000200001fc        0x4 Core/Src/UserTasks.o
                0x00000000200001fc                adc_data
 .bss.adc_count
                0x0000000020000200        0x1 Core/Src/UserTasks.o
                0x0000000020000200                adc_count
 *fill*         0x0000000020000201        0x3 
 .bss.f_adc_data
                0x0000000020000204        0x4 Core/Src/UserTasks.o
                0x0000000020000204                f_adc_data
 .bss.eTouchScreenState
                0x0000000020000208        0x1 Optimized_TSC2046_TouchSceen/TSC2046_STM32_EventManager.o
                0x0000000020000208                eTouchScreenState
 *fill*         0x0000000020000209        0x3 
 .bss.__malloc_free_list
                0x000000002000020c        0x4 /home/chris/opt/STM32CubeIDE/st/stm32cubeide_1.2.0/plugins/com.st.stm32cube.ide.mcu.externaltools.gnu-tools-for-stm32.7-2018-q2-update.linux64_1.4.0.202007081208/tools/bin/../lib/gcc/arm-none-eabi/7.3.1/../../../../arm-none-eabi/lib/thumb/v6-m/libc_nano.a(lib_a-nano-mallocr.o)
                0x000000002000020c                __malloc_free_list
 .bss.__malloc_sbrk_start
                0x0000000020000210        0x4 /home/chris/opt/STM32CubeIDE/st/stm32cubeide_1.2.0/plugins/com.st.stm32cube.ide.mcu.externaltools.gnu-tools-for-stm32.7-2018-q2-update.linux64_1.4.0.202007081208/tools/bin/../lib/gcc/arm-none-eabi/7.3.1/../../../../arm-none-eabi/lib/thumb/v6-m/libc_nano.a(lib_a-nano-mallocr.o)
                0x0000000020000210                __malloc_sbrk_start
 .bss.heap_end.4102
                0x0000000020000214        0x4 /home/chris/opt/STM32CubeIDE/st/stm32cubeide_1.2.0/plugins/com.st.stm32cube.ide.mcu.externaltools.gnu-tools-for-stm32.7-2018-q2-update.linux64_1.4.0.202007081208/tools/bin/../lib/gcc/arm-none-eabi/7.3.1/../../../../arm-none-eabi/lib/thumb/v6-m/libnosys.a(sbrk.o)
 *(COMMON)
 COMMON         0x0000000020000218       0x40 Core/Src/adc.o
                0x0000000020000218                hadc
 COMMON         0x0000000020000258       0xc8 Core/Src/spi.o
                0x0000000020000258                hspi2
                0x00000000200002bc                hspi1
 COMMON         0x0000000020000320       0x40 Core/Src/tim.o
                0x0000000020000320                htim17
 COMMON         0x0000000020000360        0x4 Drivers/STM32F0xx_HAL_Driver/Src/stm32f0xx_hal.o
                0x0000000020000360                uwTick
 COMMON         0x0000000020000364        0x4 Optimized_TSC2046_TouchSceen/TSC2046_STM32_HardwareManager.o
                0x0000000020000364                tsc2046_data
 COMMON         0x0000000020000368        0x4 /home/chris/opt/STM32CubeIDE/st/stm32cubeide_1.2.0/plugins/com.st.stm32cube.ide.mcu.externaltools.gnu-tools-for-stm32.7-2018-q2-update.linux64_1.4.0.202007081208/tools/bin/../lib/gcc/arm-none-eabi/7.3.1/../../../../arm-none-eabi/lib/thumb/v6-m/libc_nano.a(lib_a-reent.o)
                0x0000000020000368                errno
                0x000000002000036c                . = ALIGN (0x4)
                0x000000002000036c                _ebss = .
                0x000000002000036c                __bss_end__ = _ebss

._user_heap_stack
                0x000000002000036c      0x604 load address 0x0000000008008ac8
                0x0000000020000370                . = ALIGN (0x8)
 *fill*         0x000000002000036c        0x4 
                0x0000000020000370                PROVIDE (end = .)
                [!provide]                        PROVIDE (_end = .)
                0x0000000020000570                . = (. + _Min_Heap_Size)
 *fill*         0x0000000020000370      0x200 
                0x0000000020000970                . = (. + _Min_Stack_Size)
 *fill*         0x0000000020000570      0x400 
                0x0000000020000970                . = ALIGN (0x8)

/DISCARD/
 libc.a(*)
 libm.a(*)
 libgcc.a(*)

.ARM.attributes
                0x0000000000000000       0x28
 *(.ARM.attributes)
 .ARM.attributes
                0x0000000000000000       0x1e /home/chris/opt/STM32CubeIDE/st/stm32cubeide_1.2.0/plugins/com.st.stm32cube.ide.mcu.externaltools.gnu-tools-for-stm32.7-2018-q2-update.linux64_1.4.0.202007081208/tools/bin/../lib/gcc/arm-none-eabi/7.3.1/thumb/v6-m/crti.o
 .ARM.attributes
                0x000000000000001e       0x2c /home/chris/opt/STM32CubeIDE/st/stm32cubeide_1.2.0/plugins/com.st.stm32cube.ide.mcu.externaltools.gnu-tools-for-stm32.7-2018-q2-update.linux64_1.4.0.202007081208/tools/bin/../lib/gcc/arm-none-eabi/7.3.1/thumb/v6-m/crtbegin.o
 .ARM.attributes
                0x000000000000004a       0x31 Core/Src/UserTasks.o
 .ARM.attributes
                0x000000000000007b       0x31 Core/Src/adc.o
 .ARM.attributes
                0x00000000000000ac       0x31 Core/Src/gpio.o
 .ARM.attributes
                0x00000000000000dd       0x31 Core/Src/main.o
 .ARM.attributes
                0x000000000000010e       0x31 Core/Src/spi.o
 .ARM.attributes
                0x000000000000013f       0x31 Core/Src/stm32f0xx_hal_msp.o
 .ARM.attributes
                0x0000000000000170       0x31 Core/Src/stm32f0xx_it.o
 .ARM.attributes
                0x00000000000001a1       0x31 Core/Src/system_stm32f0xx.o
 .ARM.attributes
                0x00000000000001d2       0x31 Core/Src/tim.o
 .ARM.attributes
                0x0000000000000203       0x21 Core/Startup/startup_stm32f072rbtx.o
 .ARM.attributes
                0x0000000000000224       0x31 Drivers/STM32F0xx_HAL_Driver/Src/stm32f0xx_hal.o
 .ARM.attributes
                0x0000000000000255       0x31 Drivers/STM32F0xx_HAL_Driver/Src/stm32f0xx_hal_adc.o
 .ARM.attributes
                0x0000000000000286       0x31 Drivers/STM32F0xx_HAL_Driver/Src/stm32f0xx_hal_adc_ex.o
 .ARM.attributes
                0x00000000000002b7       0x31 Drivers/STM32F0xx_HAL_Driver/Src/stm32f0xx_hal_cortex.o
 .ARM.attributes
                0x00000000000002e8       0x31 Drivers/STM32F0xx_HAL_Driver/Src/stm32f0xx_hal_gpio.o
 .ARM.attributes
                0x0000000000000319       0x31 Drivers/STM32F0xx_HAL_Driver/Src/stm32f0xx_hal_rcc.o
 .ARM.attributes
                0x000000000000034a       0x31 Drivers/STM32F0xx_HAL_Driver/Src/stm32f0xx_hal_spi.o
 .ARM.attributes
                0x000000000000037b       0x31 Drivers/STM32F0xx_HAL_Driver/Src/stm32f0xx_hal_tim.o
 .ARM.attributes
                0x00000000000003ac       0x31 Drivers/STM32F0xx_HAL_Driver/Src/stm32f0xx_hal_tim_ex.o
 .ARM.attributes
                0x00000000000003dd       0x31 Optimized_STM32_ILI9341/ILI9341_GFX.o
 .ARM.attributes
                0x000000000000040e       0x31 Optimized_STM32_ILI9341/ILI9341_STM32_Driver.o
 .ARM.attributes
                0x000000000000043f       0x31 Optimized_TSC2046_TouchSceen/TSC2046_STM32_EventManager.o
 .ARM.attributes
                0x0000000000000470       0x31 Optimized_TSC2046_TouchSceen/TSC2046_STM32_HardwareManager.o
 .ARM.attributes
                0x00000000000004a1       0x31 Optimized_TSC2046_TouchSceen/TSC2046_STM32_InterruptManager.o
 .ARM.attributes
                0x00000000000004d2       0x2c /home/chris/opt/STM32CubeIDE/st/stm32cubeide_1.2.0/plugins/com.st.stm32cube.ide.mcu.externaltools.gnu-tools-for-stm32.7-2018-q2-update.linux64_1.4.0.202007081208/tools/bin/../lib/gcc/arm-none-eabi/7.3.1/../../../../arm-none-eabi/lib/thumb/v6-m/libc_nano.a(lib_a-impure.o)
 .ARM.attributes
                0x00000000000004fe       0x2c /home/chris/opt/STM32CubeIDE/st/stm32cubeide_1.2.0/plugins/com.st.stm32cube.ide.mcu.externaltools.gnu-tools-for-stm32.7-2018-q2-update.linux64_1.4.0.202007081208/tools/bin/../lib/gcc/arm-none-eabi/7.3.1/../../../../arm-none-eabi/lib/thumb/v6-m/libc_nano.a(lib_a-init.o)
 .ARM.attributes
                0x000000000000052a       0x2c /home/chris/opt/STM32CubeIDE/st/stm32cubeide_1.2.0/plugins/com.st.stm32cube.ide.mcu.externaltools.gnu-tools-for-stm32.7-2018-q2-update.linux64_1.4.0.202007081208/tools/bin/../lib/gcc/arm-none-eabi/7.3.1/../../../../arm-none-eabi/lib/thumb/v6-m/libc_nano.a(lib_a-memset.o)
 .ARM.attributes
                0x0000000000000556       0x2c /home/chris/opt/STM32CubeIDE/st/stm32cubeide_1.2.0/plugins/com.st.stm32cube.ide.mcu.externaltools.gnu-tools-for-stm32.7-2018-q2-update.linux64_1.4.0.202007081208/tools/bin/../lib/gcc/arm-none-eabi/7.3.1/../../../../arm-none-eabi/lib/thumb/v6-m/libc_nano.a(lib_a-nano-vfprintf_float.o)
 .ARM.attributes
                0x0000000000000582       0x2c /home/chris/opt/STM32CubeIDE/st/stm32cubeide_1.2.0/plugins/com.st.stm32cube.ide.mcu.externaltools.gnu-tools-for-stm32.7-2018-q2-update.linux64_1.4.0.202007081208/tools/bin/../lib/gcc/arm-none-eabi/7.3.1/../../../../arm-none-eabi/lib/thumb/v6-m/libc_nano.a(lib_a-nano-vfprintf_i.o)
 .ARM.attributes
                0x00000000000005ae       0x2c /home/chris/opt/STM32CubeIDE/st/stm32cubeide_1.2.0/plugins/com.st.stm32cube.ide.mcu.externaltools.gnu-tools-for-stm32.7-2018-q2-update.linux64_1.4.0.202007081208/tools/bin/../lib/gcc/arm-none-eabi/7.3.1/../../../../arm-none-eabi/lib/thumb/v6-m/libc_nano.a(lib_a-snprintf.o)
 .ARM.attributes
                0x00000000000005da       0x1c /home/chris/opt/STM32CubeIDE/st/stm32cubeide_1.2.0/plugins/com.st.stm32cube.ide.mcu.externaltools.gnu-tools-for-stm32.7-2018-q2-update.linux64_1.4.0.202007081208/tools/bin/../lib/gcc/arm-none-eabi/7.3.1/../../../../arm-none-eabi/lib/thumb/v6-m/libc_nano.a(lib_a-strlen.o)
 .ARM.attributes
                0x00000000000005f6       0x2c /home/chris/opt/STM32CubeIDE/st/stm32cubeide_1.2.0/plugins/com.st.stm32cube.ide.mcu.externaltools.gnu-tools-for-stm32.7-2018-q2-update.linux64_1.4.0.202007081208/tools/bin/../lib/gcc/arm-none-eabi/7.3.1/../../../../arm-none-eabi/lib/thumb/v6-m/libc_nano.a(lib_a-dtoa.o)
 .ARM.attributes
                0x0000000000000622       0x2c /home/chris/opt/STM32CubeIDE/st/stm32cubeide_1.2.0/plugins/com.st.stm32cube.ide.mcu.externaltools.gnu-tools-for-stm32.7-2018-q2-update.linux64_1.4.0.202007081208/tools/bin/../lib/gcc/arm-none-eabi/7.3.1/../../../../arm-none-eabi/lib/thumb/v6-m/libc_nano.a(lib_a-localeconv.o)
 .ARM.attributes
                0x000000000000064e       0x2c /home/chris/opt/STM32CubeIDE/st/stm32cubeide_1.2.0/plugins/com.st.stm32cube.ide.mcu.externaltools.gnu-tools-for-stm32.7-2018-q2-update.linux64_1.4.0.202007081208/tools/bin/../lib/gcc/arm-none-eabi/7.3.1/../../../../arm-none-eabi/lib/thumb/v6-m/libc_nano.a(lib_a-malloc.o)
 .ARM.attributes
                0x000000000000067a       0x2c /home/chris/opt/STM32CubeIDE/st/stm32cubeide_1.2.0/plugins/com.st.stm32cube.ide.mcu.externaltools.gnu-tools-for-stm32.7-2018-q2-update.linux64_1.4.0.202007081208/tools/bin/../lib/gcc/arm-none-eabi/7.3.1/../../../../arm-none-eabi/lib/thumb/v6-m/libc_nano.a(lib_a-memchr-stub.o)
 .ARM.attributes
                0x00000000000006a6       0x2c /home/chris/opt/STM32CubeIDE/st/stm32cubeide_1.2.0/plugins/com.st.stm32cube.ide.mcu.externaltools.gnu-tools-for-stm32.7-2018-q2-update.linux64_1.4.0.202007081208/tools/bin/../lib/gcc/arm-none-eabi/7.3.1/../../../../arm-none-eabi/lib/thumb/v6-m/libc_nano.a(lib_a-memcpy-stub.o)
 .ARM.attributes
                0x00000000000006d2       0x2c /home/chris/opt/STM32CubeIDE/st/stm32cubeide_1.2.0/plugins/com.st.stm32cube.ide.mcu.externaltools.gnu-tools-for-stm32.7-2018-q2-update.linux64_1.4.0.202007081208/tools/bin/../lib/gcc/arm-none-eabi/7.3.1/../../../../arm-none-eabi/lib/thumb/v6-m/libc_nano.a(lib_a-mprec.o)
 .ARM.attributes
                0x00000000000006fe       0x2c /home/chris/opt/STM32CubeIDE/st/stm32cubeide_1.2.0/plugins/com.st.stm32cube.ide.mcu.externaltools.gnu-tools-for-stm32.7-2018-q2-update.linux64_1.4.0.202007081208/tools/bin/../lib/gcc/arm-none-eabi/7.3.1/../../../../arm-none-eabi/lib/thumb/v6-m/libc_nano.a(lib_a-nano-callocr.o)
 .ARM.attributes
                0x000000000000072a       0x2c /home/chris/opt/STM32CubeIDE/st/stm32cubeide_1.2.0/plugins/com.st.stm32cube.ide.mcu.externaltools.gnu-tools-for-stm32.7-2018-q2-update.linux64_1.4.0.202007081208/tools/bin/../lib/gcc/arm-none-eabi/7.3.1/../../../../arm-none-eabi/lib/thumb/v6-m/libc_nano.a(lib_a-nano-freer.o)
 .ARM.attributes
                0x0000000000000756       0x2c /home/chris/opt/STM32CubeIDE/st/stm32cubeide_1.2.0/plugins/com.st.stm32cube.ide.mcu.externaltools.gnu-tools-for-stm32.7-2018-q2-update.linux64_1.4.0.202007081208/tools/bin/../lib/gcc/arm-none-eabi/7.3.1/../../../../arm-none-eabi/lib/thumb/v6-m/libc_nano.a(lib_a-nano-mallocr.o)
 .ARM.attributes
                0x0000000000000782       0x2c /home/chris/opt/STM32CubeIDE/st/stm32cubeide_1.2.0/plugins/com.st.stm32cube.ide.mcu.externaltools.gnu-tools-for-stm32.7-2018-q2-update.linux64_1.4.0.202007081208/tools/bin/../lib/gcc/arm-none-eabi/7.3.1/../../../../arm-none-eabi/lib/thumb/v6-m/libc_nano.a(lib_a-nano-svfprintf.o)
 .ARM.attributes
                0x00000000000007ae       0x2c /home/chris/opt/STM32CubeIDE/st/stm32cubeide_1.2.0/plugins/com.st.stm32cube.ide.mcu.externaltools.gnu-tools-for-stm32.7-2018-q2-update.linux64_1.4.0.202007081208/tools/bin/../lib/gcc/arm-none-eabi/7.3.1/../../../../arm-none-eabi/lib/thumb/v6-m/libc_nano.a(lib_a-sbrkr.o)
 .ARM.attributes
                0x00000000000007da       0x2c /home/chris/opt/STM32CubeIDE/st/stm32cubeide_1.2.0/plugins/com.st.stm32cube.ide.mcu.externaltools.gnu-tools-for-stm32.7-2018-q2-update.linux64_1.4.0.202007081208/tools/bin/../lib/gcc/arm-none-eabi/7.3.1/../../../../arm-none-eabi/lib/thumb/v6-m/libc_nano.a(lib_a-locale.o)
 .ARM.attributes
                0x0000000000000806       0x2c /home/chris/opt/STM32CubeIDE/st/stm32cubeide_1.2.0/plugins/com.st.stm32cube.ide.mcu.externaltools.gnu-tools-for-stm32.7-2018-q2-update.linux64_1.4.0.202007081208/tools/bin/../lib/gcc/arm-none-eabi/7.3.1/../../../../arm-none-eabi/lib/thumb/v6-m/libc_nano.a(lib_a-mbtowc_r.o)
 .ARM.attributes
                0x0000000000000832       0x2c /home/chris/opt/STM32CubeIDE/st/stm32cubeide_1.2.0/plugins/com.st.stm32cube.ide.mcu.externaltools.gnu-tools-for-stm32.7-2018-q2-update.linux64_1.4.0.202007081208/tools/bin/../lib/gcc/arm-none-eabi/7.3.1/../../../../arm-none-eabi/lib/thumb/v6-m/libc_nano.a(lib_a-memmove.o)
 .ARM.attributes
                0x000000000000085e       0x2c /home/chris/opt/STM32CubeIDE/st/stm32cubeide_1.2.0/plugins/com.st.stm32cube.ide.mcu.externaltools.gnu-tools-for-stm32.7-2018-q2-update.linux64_1.4.0.202007081208/tools/bin/../lib/gcc/arm-none-eabi/7.3.1/../../../../arm-none-eabi/lib/thumb/v6-m/libc_nano.a(lib_a-mlock.o)
 .ARM.attributes
                0x000000000000088a       0x2c /home/chris/opt/STM32CubeIDE/st/stm32cubeide_1.2.0/plugins/com.st.stm32cube.ide.mcu.externaltools.gnu-tools-for-stm32.7-2018-q2-update.linux64_1.4.0.202007081208/tools/bin/../lib/gcc/arm-none-eabi/7.3.1/../../../../arm-none-eabi/lib/thumb/v6-m/libc_nano.a(lib_a-nano-reallocr.o)
 .ARM.attributes
                0x00000000000008b6       0x2c /home/chris/opt/STM32CubeIDE/st/stm32cubeide_1.2.0/plugins/com.st.stm32cube.ide.mcu.externaltools.gnu-tools-for-stm32.7-2018-q2-update.linux64_1.4.0.202007081208/tools/bin/../lib/gcc/arm-none-eabi/7.3.1/../../../../arm-none-eabi/lib/thumb/v6-m/libc_nano.a(lib_a-reent.o)
 .ARM.attributes
                0x00000000000008e2       0x2c /home/chris/opt/STM32CubeIDE/st/stm32cubeide_1.2.0/plugins/com.st.stm32cube.ide.mcu.externaltools.gnu-tools-for-stm32.7-2018-q2-update.linux64_1.4.0.202007081208/tools/bin/../lib/gcc/arm-none-eabi/7.3.1/../../../../arm-none-eabi/lib/thumb/v6-m/libc_nano.a(lib_a-wctomb_r.o)
 .ARM.attributes
                0x000000000000090e       0x2c /home/chris/opt/STM32CubeIDE/st/stm32cubeide_1.2.0/plugins/com.st.stm32cube.ide.mcu.externaltools.gnu-tools-for-stm32.7-2018-q2-update.linux64_1.4.0.202007081208/tools/bin/../lib/gcc/arm-none-eabi/7.3.1/../../../../arm-none-eabi/lib/thumb/v6-m/libc_nano.a(lib_a-ctype_.o)
 .ARM.attributes
                0x000000000000093a       0x2c /home/chris/opt/STM32CubeIDE/st/stm32cubeide_1.2.0/plugins/com.st.stm32cube.ide.mcu.externaltools.gnu-tools-for-stm32.7-2018-q2-update.linux64_1.4.0.202007081208/tools/bin/../lib/gcc/arm-none-eabi/7.3.1/../../../../arm-none-eabi/lib/thumb/v6-m/libc_nano.a(lib_a-nano-msizer.o)
 .ARM.attributes
                0x0000000000000966       0x1e /home/chris/opt/STM32CubeIDE/st/stm32cubeide_1.2.0/plugins/com.st.stm32cube.ide.mcu.externaltools.gnu-tools-for-stm32.7-2018-q2-update.linux64_1.4.0.202007081208/tools/bin/../lib/gcc/arm-none-eabi/7.3.1/thumb/v6-m/libgcc.a(_thumb1_case_uqi.o)
 .ARM.attributes
                0x0000000000000984       0x1e /home/chris/opt/STM32CubeIDE/st/stm32cubeide_1.2.0/plugins/com.st.stm32cube.ide.mcu.externaltools.gnu-tools-for-stm32.7-2018-q2-update.linux64_1.4.0.202007081208/tools/bin/../lib/gcc/arm-none-eabi/7.3.1/thumb/v6-m/libgcc.a(_udivsi3.o)
 .ARM.attributes
                0x00000000000009a2       0x1e /home/chris/opt/STM32CubeIDE/st/stm32cubeide_1.2.0/plugins/com.st.stm32cube.ide.mcu.externaltools.gnu-tools-for-stm32.7-2018-q2-update.linux64_1.4.0.202007081208/tools/bin/../lib/gcc/arm-none-eabi/7.3.1/thumb/v6-m/libgcc.a(_divsi3.o)
 .ARM.attributes
                0x00000000000009c0       0x1e /home/chris/opt/STM32CubeIDE/st/stm32cubeide_1.2.0/plugins/com.st.stm32cube.ide.mcu.externaltools.gnu-tools-for-stm32.7-2018-q2-update.linux64_1.4.0.202007081208/tools/bin/../lib/gcc/arm-none-eabi/7.3.1/thumb/v6-m/libgcc.a(_dvmd_tls.o)
 .ARM.attributes
                0x00000000000009de       0x1e /home/chris/opt/STM32CubeIDE/st/stm32cubeide_1.2.0/plugins/com.st.stm32cube.ide.mcu.externaltools.gnu-tools-for-stm32.7-2018-q2-update.linux64_1.4.0.202007081208/tools/bin/../lib/gcc/arm-none-eabi/7.3.1/thumb/v6-m/libgcc.a(_arm_cmpdf2.o)
 .ARM.attributes
                0x00000000000009fc       0x2c /home/chris/opt/STM32CubeIDE/st/stm32cubeide_1.2.0/plugins/com.st.stm32cube.ide.mcu.externaltools.gnu-tools-for-stm32.7-2018-q2-update.linux64_1.4.0.202007081208/tools/bin/../lib/gcc/arm-none-eabi/7.3.1/thumb/v6-m/libgcc.a(divsf3.o)
 .ARM.attributes
                0x0000000000000a28       0x2c /home/chris/opt/STM32CubeIDE/st/stm32cubeide_1.2.0/plugins/com.st.stm32cube.ide.mcu.externaltools.gnu-tools-for-stm32.7-2018-q2-update.linux64_1.4.0.202007081208/tools/bin/../lib/gcc/arm-none-eabi/7.3.1/thumb/v6-m/libgcc.a(floatunsisf.o)
 .ARM.attributes
                0x0000000000000a54       0x2c /home/chris/opt/STM32CubeIDE/st/stm32cubeide_1.2.0/plugins/com.st.stm32cube.ide.mcu.externaltools.gnu-tools-for-stm32.7-2018-q2-update.linux64_1.4.0.202007081208/tools/bin/../lib/gcc/arm-none-eabi/7.3.1/thumb/v6-m/libgcc.a(adddf3.o)
 .ARM.attributes
                0x0000000000000a80       0x2c /home/chris/opt/STM32CubeIDE/st/stm32cubeide_1.2.0/plugins/com.st.stm32cube.ide.mcu.externaltools.gnu-tools-for-stm32.7-2018-q2-update.linux64_1.4.0.202007081208/tools/bin/../lib/gcc/arm-none-eabi/7.3.1/thumb/v6-m/libgcc.a(divdf3.o)
 .ARM.attributes
                0x0000000000000aac       0x2c /home/chris/opt/STM32CubeIDE/st/stm32cubeide_1.2.0/plugins/com.st.stm32cube.ide.mcu.externaltools.gnu-tools-for-stm32.7-2018-q2-update.linux64_1.4.0.202007081208/tools/bin/../lib/gcc/arm-none-eabi/7.3.1/thumb/v6-m/libgcc.a(eqdf2.o)
 .ARM.attributes
                0x0000000000000ad8       0x2c /home/chris/opt/STM32CubeIDE/st/stm32cubeide_1.2.0/plugins/com.st.stm32cube.ide.mcu.externaltools.gnu-tools-for-stm32.7-2018-q2-update.linux64_1.4.0.202007081208/tools/bin/../lib/gcc/arm-none-eabi/7.3.1/thumb/v6-m/libgcc.a(gedf2.o)
 .ARM.attributes
                0x0000000000000b04       0x2c /home/chris/opt/STM32CubeIDE/st/stm32cubeide_1.2.0/plugins/com.st.stm32cube.ide.mcu.externaltools.gnu-tools-for-stm32.7-2018-q2-update.linux64_1.4.0.202007081208/tools/bin/../lib/gcc/arm-none-eabi/7.3.1/thumb/v6-m/libgcc.a(ledf2.o)
 .ARM.attributes
                0x0000000000000b30       0x2c /home/chris/opt/STM32CubeIDE/st/stm32cubeide_1.2.0/plugins/com.st.stm32cube.ide.mcu.externaltools.gnu-tools-for-stm32.7-2018-q2-update.linux64_1.4.0.202007081208/tools/bin/../lib/gcc/arm-none-eabi/7.3.1/thumb/v6-m/libgcc.a(muldf3.o)
 .ARM.attributes
                0x0000000000000b5c       0x2c /home/chris/opt/STM32CubeIDE/st/stm32cubeide_1.2.0/plugins/com.st.stm32cube.ide.mcu.externaltools.gnu-tools-for-stm32.7-2018-q2-update.linux64_1.4.0.202007081208/tools/bin/../lib/gcc/arm-none-eabi/7.3.1/thumb/v6-m/libgcc.a(subdf3.o)
 .ARM.attributes
                0x0000000000000b88       0x2c /home/chris/opt/STM32CubeIDE/st/stm32cubeide_1.2.0/plugins/com.st.stm32cube.ide.mcu.externaltools.gnu-tools-for-stm32.7-2018-q2-update.linux64_1.4.0.202007081208/tools/bin/../lib/gcc/arm-none-eabi/7.3.1/thumb/v6-m/libgcc.a(unorddf2.o)
 .ARM.attributes
                0x0000000000000bb4       0x2c /home/chris/opt/STM32CubeIDE/st/stm32cubeide_1.2.0/plugins/com.st.stm32cube.ide.mcu.externaltools.gnu-tools-for-stm32.7-2018-q2-update.linux64_1.4.0.202007081208/tools/bin/../lib/gcc/arm-none-eabi/7.3.1/thumb/v6-m/libgcc.a(fixdfsi.o)
 .ARM.attributes
                0x0000000000000be0       0x2c /home/chris/opt/STM32CubeIDE/st/stm32cubeide_1.2.0/plugins/com.st.stm32cube.ide.mcu.externaltools.gnu-tools-for-stm32.7-2018-q2-update.linux64_1.4.0.202007081208/tools/bin/../lib/gcc/arm-none-eabi/7.3.1/thumb/v6-m/libgcc.a(floatsidf.o)
 .ARM.attributes
                0x0000000000000c0c       0x2c /home/chris/opt/STM32CubeIDE/st/stm32cubeide_1.2.0/plugins/com.st.stm32cube.ide.mcu.externaltools.gnu-tools-for-stm32.7-2018-q2-update.linux64_1.4.0.202007081208/tools/bin/../lib/gcc/arm-none-eabi/7.3.1/thumb/v6-m/libgcc.a(floatunsidf.o)
 .ARM.attributes
                0x0000000000000c38       0x2c /home/chris/opt/STM32CubeIDE/st/stm32cubeide_1.2.0/plugins/com.st.stm32cube.ide.mcu.externaltools.gnu-tools-for-stm32.7-2018-q2-update.linux64_1.4.0.202007081208/tools/bin/../lib/gcc/arm-none-eabi/7.3.1/thumb/v6-m/libgcc.a(extendsfdf2.o)
 .ARM.attributes
                0x0000000000000c64       0x2c /home/chris/opt/STM32CubeIDE/st/stm32cubeide_1.2.0/plugins/com.st.stm32cube.ide.mcu.externaltools.gnu-tools-for-stm32.7-2018-q2-update.linux64_1.4.0.202007081208/tools/bin/../lib/gcc/arm-none-eabi/7.3.1/thumb/v6-m/libgcc.a(truncdfsf2.o)
 .ARM.attributes
                0x0000000000000c90       0x1e /home/chris/opt/STM32CubeIDE/st/stm32cubeide_1.2.0/plugins/com.st.stm32cube.ide.mcu.externaltools.gnu-tools-for-stm32.7-2018-q2-update.linux64_1.4.0.202007081208/tools/bin/../lib/gcc/arm-none-eabi/7.3.1/thumb/v6-m/libgcc.a(_clzsi2.o)
 .ARM.attributes
                0x0000000000000cae       0x2c /home/chris/opt/STM32CubeIDE/st/stm32cubeide_1.2.0/plugins/com.st.stm32cube.ide.mcu.externaltools.gnu-tools-for-stm32.7-2018-q2-update.linux64_1.4.0.202007081208/tools/bin/../lib/gcc/arm-none-eabi/7.3.1/../../../../arm-none-eabi/lib/thumb/v6-m/libnosys.a(sbrk.o)
 .ARM.attributes
                0x0000000000000cda       0x1e /home/chris/opt/STM32CubeIDE/st/stm32cubeide_1.2.0/plugins/com.st.stm32cube.ide.mcu.externaltools.gnu-tools-for-stm32.7-2018-q2-update.linux64_1.4.0.202007081208/tools/bin/../lib/gcc/arm-none-eabi/7.3.1/thumb/v6-m/crtn.o
OUTPUT(PSUControllerF072.elf elf32-littlearm)

.debug_info     0x0000000000000000    0x106a8
 .debug_info    0x0000000000000000     0x11d0 Core/Src/UserTasks.o
 .debug_info    0x00000000000011d0      0x865 Core/Src/adc.o
 .debug_info    0x0000000000001a35      0x4a1 Core/Src/gpio.o
 .debug_info    0x0000000000001ed6     0x1466 Core/Src/main.o
 .debug_info    0x000000000000333c      0x902 Core/Src/spi.o
 .debug_info    0x0000000000003c3e      0x25e Core/Src/stm32f0xx_hal_msp.o
 .debug_info    0x0000000000003e9c      0x667 Core/Src/stm32f0xx_it.o
 .debug_info    0x0000000000004503      0x29e Core/Src/system_stm32f0xx.o
 .debug_info    0x00000000000047a1      0x83b Core/Src/tim.o
 .debug_info    0x0000000000004fdc       0x22 Core/Startup/startup_stm32f072rbtx.o
 .debug_info    0x0000000000004ffe      0x6c0 Drivers/STM32F0xx_HAL_Driver/Src/stm32f0xx_hal.o
 .debug_info    0x00000000000056be      0xca9 Drivers/STM32F0xx_HAL_Driver/Src/stm32f0xx_hal_adc.o
 .debug_info    0x0000000000006367      0x604 Drivers/STM32F0xx_HAL_Driver/Src/stm32f0xx_hal_adc_ex.o
 .debug_info    0x000000000000696b      0x78c Drivers/STM32F0xx_HAL_Driver/Src/stm32f0xx_hal_cortex.o
 .debug_info    0x00000000000070f7      0x67a Drivers/STM32F0xx_HAL_Driver/Src/stm32f0xx_hal_gpio.o
 .debug_info    0x0000000000007771      0x82d Drivers/STM32F0xx_HAL_Driver/Src/stm32f0xx_hal_rcc.o
 .debug_info    0x0000000000007f9e     0x1603 Drivers/STM32F0xx_HAL_Driver/Src/stm32f0xx_hal_spi.o
 .debug_info    0x00000000000095a1     0x252c Drivers/STM32F0xx_HAL_Driver/Src/stm32f0xx_hal_tim.o
 .debug_info    0x000000000000bacd     0x10f0 Drivers/STM32F0xx_HAL_Driver/Src/stm32f0xx_hal_tim_ex.o
 .debug_info    0x000000000000cbbd     0x18f3 Optimized_STM32_ILI9341/ILI9341_GFX.o
 .debug_info    0x000000000000e4b0      0xda7 Optimized_STM32_ILI9341/ILI9341_STM32_Driver.o
 .debug_info    0x000000000000f257      0x20b Optimized_TSC2046_TouchSceen/TSC2046_STM32_EventManager.o
 .debug_info    0x000000000000f462      0xb5c Optimized_TSC2046_TouchSceen/TSC2046_STM32_HardwareManager.o
 .debug_info    0x000000000000ffbe      0x6ea Optimized_TSC2046_TouchSceen/TSC2046_STM32_InterruptManager.o

.debug_abbrev   0x0000000000000000     0x2914
 .debug_abbrev  0x0000000000000000      0x1fb Core/Src/UserTasks.o
 .debug_abbrev  0x00000000000001fb      0x199 Core/Src/adc.o
 .debug_abbrev  0x0000000000000394      0x13d Core/Src/gpio.o
 .debug_abbrev  0x00000000000004d1      0x210 Core/Src/main.o
 .debug_abbrev  0x00000000000006e1      0x199 Core/Src/spi.o
 .debug_abbrev  0x000000000000087a      0x109 Core/Src/stm32f0xx_hal_msp.o
 .debug_abbrev  0x0000000000000983      0x15a Core/Src/stm32f0xx_it.o
 .debug_abbrev  0x0000000000000add      0x12b Core/Src/system_stm32f0xx.o
 .debug_abbrev  0x0000000000000c08      0x199 Core/Src/tim.o
 .debug_abbrev  0x0000000000000da1       0x12 Core/Startup/startup_stm32f072rbtx.o
 .debug_abbrev  0x0000000000000db3      0x1c7 Drivers/STM32F0xx_HAL_Driver/Src/stm32f0xx_hal.o
 .debug_abbrev  0x0000000000000f7a      0x207 Drivers/STM32F0xx_HAL_Driver/Src/stm32f0xx_hal_adc.o
 .debug_abbrev  0x0000000000001181      0x16b Drivers/STM32F0xx_HAL_Driver/Src/stm32f0xx_hal_adc_ex.o
 .debug_abbrev  0x00000000000012ec      0x273 Drivers/STM32F0xx_HAL_Driver/Src/stm32f0xx_hal_cortex.o
 .debug_abbrev  0x000000000000155f      0x1c0 Drivers/STM32F0xx_HAL_Driver/Src/stm32f0xx_hal_gpio.o
 .debug_abbrev  0x000000000000171f      0x20f Drivers/STM32F0xx_HAL_Driver/Src/stm32f0xx_hal_rcc.o
 .debug_abbrev  0x000000000000192e      0x228 Drivers/STM32F0xx_HAL_Driver/Src/stm32f0xx_hal_spi.o
 .debug_abbrev  0x0000000000001b56      0x230 Drivers/STM32F0xx_HAL_Driver/Src/stm32f0xx_hal_tim.o
 .debug_abbrev  0x0000000000001d86      0x21e Drivers/STM32F0xx_HAL_Driver/Src/stm32f0xx_hal_tim_ex.o
 .debug_abbrev  0x0000000000001fa4      0x2ae Optimized_STM32_ILI9341/ILI9341_GFX.o
 .debug_abbrev  0x0000000000002252      0x22b Optimized_STM32_ILI9341/ILI9341_STM32_Driver.o
 .debug_abbrev  0x000000000000247d       0xe8 Optimized_TSC2046_TouchSceen/TSC2046_STM32_EventManager.o
 .debug_abbrev  0x0000000000002565      0x25e Optimized_TSC2046_TouchSceen/TSC2046_STM32_HardwareManager.o
 .debug_abbrev  0x00000000000027c3      0x151 Optimized_TSC2046_TouchSceen/TSC2046_STM32_InterruptManager.o

.debug_aranges  0x0000000000000000      0xe18
 .debug_aranges
                0x0000000000000000       0x28 Core/Src/UserTasks.o
 .debug_aranges
                0x0000000000000028       0x30 Core/Src/adc.o
 .debug_aranges
                0x0000000000000058       0x20 Core/Src/gpio.o
 .debug_aranges
                0x0000000000000078       0x30 Core/Src/main.o
 .debug_aranges
                0x00000000000000a8       0x38 Core/Src/spi.o
 .debug_aranges
                0x00000000000000e0       0x20 Core/Src/stm32f0xx_hal_msp.o
 .debug_aranges
                0x0000000000000100       0x50 Core/Src/stm32f0xx_it.o
 .debug_aranges
                0x0000000000000150       0x28 Core/Src/system_stm32f0xx.o
 .debug_aranges
                0x0000000000000178       0x30 Core/Src/tim.o
 .debug_aranges
                0x00000000000001a8       0x28 Core/Startup/startup_stm32f072rbtx.o
 .debug_aranges
                0x00000000000001d0       0xd0 Drivers/STM32F0xx_HAL_Driver/Src/stm32f0xx_hal.o
 .debug_aranges
                0x00000000000002a0       0xf8 Drivers/STM32F0xx_HAL_Driver/Src/stm32f0xx_hal_adc.o
 .debug_aranges
                0x0000000000000398       0x20 Drivers/STM32F0xx_HAL_Driver/Src/stm32f0xx_hal_adc_ex.o
 .debug_aranges
                0x00000000000003b8       0xc0 Drivers/STM32F0xx_HAL_Driver/Src/stm32f0xx_hal_cortex.o
 .debug_aranges
                0x0000000000000478       0x58 Drivers/STM32F0xx_HAL_Driver/Src/stm32f0xx_hal_gpio.o
 .debug_aranges
                0x00000000000004d0       0x80 Drivers/STM32F0xx_HAL_Driver/Src/stm32f0xx_hal_rcc.o
 .debug_aranges
                0x0000000000000550      0x1d8 Drivers/STM32F0xx_HAL_Driver/Src/stm32f0xx_hal_spi.o
 .debug_aranges
                0x0000000000000728      0x3b8 Drivers/STM32F0xx_HAL_Driver/Src/stm32f0xx_hal_tim.o
 .debug_aranges
                0x0000000000000ae0      0x150 Drivers/STM32F0xx_HAL_Driver/Src/stm32f0xx_hal_tim_ex.o
 .debug_aranges
                0x0000000000000c30       0x78 Optimized_STM32_ILI9341/ILI9341_GFX.o
 .debug_aranges
                0x0000000000000ca8       0x98 Optimized_STM32_ILI9341/ILI9341_STM32_Driver.o
 .debug_aranges
                0x0000000000000d40       0x38 Optimized_TSC2046_TouchSceen/TSC2046_STM32_EventManager.o
 .debug_aranges
                0x0000000000000d78       0x78 Optimized_TSC2046_TouchSceen/TSC2046_STM32_HardwareManager.o
 .debug_aranges
                0x0000000000000df0       0x28 Optimized_TSC2046_TouchSceen/TSC2046_STM32_InterruptManager.o

.debug_ranges   0x0000000000000000      0xca0
 .debug_ranges  0x0000000000000000       0x18 Core/Src/UserTasks.o
 .debug_ranges  0x0000000000000018       0x20 Core/Src/adc.o
 .debug_ranges  0x0000000000000038       0x10 Core/Src/gpio.o
 .debug_ranges  0x0000000000000048       0x20 Core/Src/main.o
 .debug_ranges  0x0000000000000068       0x28 Core/Src/spi.o