Archive member included to satisfy reference by file (symbol)

/home/chris/opt/STM32CubeIDE/st/stm32cubeide_1.2.0/plugins/com.st.stm32cube.ide.mcu.externaltools.gnu-tools-for-stm32.7-2018-q2-update.linux64_1.4.0.202007081208/tools/bin/../lib/gcc/arm-none-eabi/7.3.1/../../../../arm-none-eabi/lib/thumb/v6-m/libc_nano.a(lib_a-errno.o)
                              Core/Src/syscalls.o (__errno)
/home/chris/opt/STM32CubeIDE/st/stm32cubeide_1.2.0/plugins/com.st.stm32cube.ide.mcu.externaltools.gnu-tools-for-stm32.7-2018-q2-update.linux64_1.4.0.202007081208/tools/bin/../lib/gcc/arm-none-eabi/7.3.1/../../../../arm-none-eabi/lib/thumb/v6-m/libc_nano.a(lib_a-exit.o)
                              /home/chris/opt/STM32CubeIDE/st/stm32cubeide_1.2.0/plugins/com.st.stm32cube.ide.mcu.externaltools.gnu-tools-for-stm32.7-2018-q2-update.linux64_1.4.0.202007081208/tools/bin/../lib/gcc/arm-none-eabi/7.3.1/../../../../arm-none-eabi/lib/thumb/v6-m/crt0.o (exit)
/home/chris/opt/STM32CubeIDE/st/stm32cubeide_1.2.0/plugins/com.st.stm32cube.ide.mcu.externaltools.gnu-tools-for-stm32.7-2018-q2-update.linux64_1.4.0.202007081208/tools/bin/../lib/gcc/arm-none-eabi/7.3.1/../../../../arm-none-eabi/lib/thumb/v6-m/libc_nano.a(lib_a-findfp.o)
                              Middlewares/Third_Party/FreeRTOS/Source/tasks.o (__sf_fake_stderr)
/home/chris/opt/STM32CubeIDE/st/stm32cubeide_1.2.0/plugins/com.st.stm32cube.ide.mcu.externaltools.gnu-tools-for-stm32.7-2018-q2-update.linux64_1.4.0.202007081208/tools/bin/../lib/gcc/arm-none-eabi/7.3.1/../../../../arm-none-eabi/lib/thumb/v6-m/libc_nano.a(lib_a-fwalk.o)
                              /home/chris/opt/STM32CubeIDE/st/stm32cubeide_1.2.0/plugins/com.st.stm32cube.ide.mcu.externaltools.gnu-tools-for-stm32.7-2018-q2-update.linux64_1.4.0.202007081208/tools/bin/../lib/gcc/arm-none-eabi/7.3.1/../../../../arm-none-eabi/lib/thumb/v6-m/libc_nano.a(lib_a-findfp.o) (_fwalk)
/home/chris/opt/STM32CubeIDE/st/stm32cubeide_1.2.0/plugins/com.st.stm32cube.ide.mcu.externaltools.gnu-tools-for-stm32.7-2018-q2-update.linux64_1.4.0.202007081208/tools/bin/../lib/gcc/arm-none-eabi/7.3.1/../../../../arm-none-eabi/lib/thumb/v6-m/libc_nano.a(lib_a-impure.o)
                              /home/chris/opt/STM32CubeIDE/st/stm32cubeide_1.2.0/plugins/com.st.stm32cube.ide.mcu.externaltools.gnu-tools-for-stm32.7-2018-q2-update.linux64_1.4.0.202007081208/tools/bin/../lib/gcc/arm-none-eabi/7.3.1/../../../../arm-none-eabi/lib/thumb/v6-m/libc_nano.a(lib_a-exit.o) (_global_impure_ptr)
/home/chris/opt/STM32CubeIDE/st/stm32cubeide_1.2.0/plugins/com.st.stm32cube.ide.mcu.externaltools.gnu-tools-for-stm32.7-2018-q2-update.linux64_1.4.0.202007081208/tools/bin/../lib/gcc/arm-none-eabi/7.3.1/../../../../arm-none-eabi/lib/thumb/v6-m/libc_nano.a(lib_a-init.o)
                              /home/chris/opt/STM32CubeIDE/st/stm32cubeide_1.2.0/plugins/com.st.stm32cube.ide.mcu.externaltools.gnu-tools-for-stm32.7-2018-q2-update.linux64_1.4.0.202007081208/tools/bin/../lib/gcc/arm-none-eabi/7.3.1/../../../../arm-none-eabi/lib/thumb/v6-m/crt0.o (__libc_init_array)
/home/chris/opt/STM32CubeIDE/st/stm32cubeide_1.2.0/plugins/com.st.stm32cube.ide.mcu.externaltools.gnu-tools-for-stm32.7-2018-q2-update.linux64_1.4.0.202007081208/tools/bin/../lib/gcc/arm-none-eabi/7.3.1/../../../../arm-none-eabi/lib/thumb/v6-m/libc_nano.a(lib_a-malloc.o)
                              Core/Src/heap_useNewlib_ST.o (malloc)
/home/chris/opt/STM32CubeIDE/st/stm32cubeide_1.2.0/plugins/com.st.stm32cube.ide.mcu.externaltools.gnu-tools-for-stm32.7-2018-q2-update.linux64_1.4.0.202007081208/tools/bin/../lib/gcc/arm-none-eabi/7.3.1/../../../../arm-none-eabi/lib/thumb/v6-m/libc_nano.a(lib_a-memcpy-stub.o)
                              Middlewares/Third_Party/FreeRTOS/Source/queue.o (memcpy)
/home/chris/opt/STM32CubeIDE/st/stm32cubeide_1.2.0/plugins/com.st.stm32cube.ide.mcu.externaltools.gnu-tools-for-stm32.7-2018-q2-update.linux64_1.4.0.202007081208/tools/bin/../lib/gcc/arm-none-eabi/7.3.1/../../../../arm-none-eabi/lib/thumb/v6-m/libc_nano.a(lib_a-memset.o)
                              /home/chris/opt/STM32CubeIDE/st/stm32cubeide_1.2.0/plugins/com.st.stm32cube.ide.mcu.externaltools.gnu-tools-for-stm32.7-2018-q2-update.linux64_1.4.0.202007081208/tools/bin/../lib/gcc/arm-none-eabi/7.3.1/../../../../arm-none-eabi/lib/thumb/v6-m/crt0.o (memset)
/home/chris/opt/STM32CubeIDE/st/stm32cubeide_1.2.0/plugins/com.st.stm32cube.ide.mcu.externaltools.gnu-tools-for-stm32.7-2018-q2-update.linux64_1.4.0.202007081208/tools/bin/../lib/gcc/arm-none-eabi/7.3.1/../../../../arm-none-eabi/lib/thumb/v6-m/libc_nano.a(lib_a-mstats.o)
                              Core/Src/heap_useNewlib_ST.o (mallinfo)
/home/chris/opt/STM32CubeIDE/st/stm32cubeide_1.2.0/plugins/com.st.stm32cube.ide.mcu.externaltools.gnu-tools-for-stm32.7-2018-q2-update.linux64_1.4.0.202007081208/tools/bin/../lib/gcc/arm-none-eabi/7.3.1/../../../../arm-none-eabi/lib/thumb/v6-m/libc_nano.a(lib_a-nano-freer.o)
[...]
Memory Configuration

Name             Origin             Length             Attributes
RAM              0x0000000020000000 0x0000000000004000 xrw
FLASH            0x0000000008000000 0x0000000000020000 xr
*default*        0x0000000000000000 0xffffffffffffffff

Linker script and memory map

LOAD /home/chris/opt/STM32CubeIDE/st/stm32cubeide_1.2.0/plugins/com.st.stm32cube.ide.mcu.externaltools.gnu-tools-for-stm32.7-2018-q2-update.linux64_1.4.0.202007081208/tools/bin/../lib/gcc/arm-none-eabi/7.3.1/thumb/v6-m/crti.o
LOAD /home/chris/opt/STM32CubeIDE/st/stm32cubeide_1.2.0/plugins/com.st.stm32cube.ide.mcu.externaltools.gnu-tools-for-stm32.7-2018-q2-update.linux64_1.4.0.202007081208/tools/bin/../lib/gcc/arm-none-eabi/7.3.1/thumb/v6-m/crtbegin.o
LOAD /home/chris/opt/STM32CubeIDE/st/stm32cubeide_1.2.0/plugins/com.st.stm32cube.ide.mcu.externaltools.gnu-tools-for-stm32.7-2018-q2-update.linux64_1.4.0.202007081208/tools/bin/../lib/gcc/arm-none-eabi/7.3.1/../../../../arm-none-eabi/lib/thumb/v6-m/crt0.o
LOAD Core/Src/adc.o
LOAD Core/Src/freertos.o
LOAD Core/Src/gpio.o
LOAD Core/Src/heap_useNewlib_ST.o
LOAD Core/Src/i2c.o
LOAD Core/Src/main.o
LOAD Core/Src/spi.o
LOAD Core/Src/stm32f0xx_hal_msp.o
LOAD Core/Src/stm32f0xx_it.o
LOAD Core/Src/syscalls.o
LOAD Core/Src/system_stm32f0xx.o
LOAD Core/Src/tim.o
LOAD Core/Startup/startup_stm32f072rbtx.o
LOAD Drivers/STM32F0xx_HAL_Driver/Src/stm32f0xx_hal.o
LOAD Drivers/STM32F0xx_HAL_Driver/Src/stm32f0xx_hal_adc.o
LOAD Drivers/STM32F0xx_HAL_Driver/Src/stm32f0xx_hal_adc_ex.o
LOAD Drivers/STM32F0xx_HAL_Driver/Src/stm32f0xx_hal_cortex.o
LOAD Drivers/STM32F0xx_HAL_Driver/Src/stm32f0xx_hal_dma.o
LOAD Drivers/STM32F0xx_HAL_Driver/Src/stm32f0xx_hal_exti.o
LOAD Drivers/STM32F0xx_HAL_Driver/Src/stm32f0xx_hal_flash.o
LOAD Drivers/STM32F0xx_HAL_Driver/Src/stm32f0xx_hal_flash_ex.o
LOAD Drivers/STM32F0xx_HAL_Driver/Src/stm32f0xx_hal_gpio.o
LOAD Drivers/STM32F0xx_HAL_Driver/Src/stm32f0xx_hal_i2c.o
LOAD Drivers/STM32F0xx_HAL_Driver/Src/stm32f0xx_hal_i2c_ex.o
LOAD Drivers/STM32F0xx_HAL_Driver/Src/stm32f0xx_hal_pwr.o
LOAD Drivers/STM32F0xx_HAL_Driver/Src/stm32f0xx_hal_pwr_ex.o
LOAD Drivers/STM32F0xx_HAL_Driver/Src/stm32f0xx_hal_rcc.o
LOAD Drivers/STM32F0xx_HAL_Driver/Src/stm32f0xx_hal_rcc_ex.o
LOAD Drivers/STM32F0xx_HAL_Driver/Src/stm32f0xx_hal_smbus.o
LOAD Drivers/STM32F0xx_HAL_Driver/Src/stm32f0xx_hal_spi.o
LOAD Drivers/STM32F0xx_HAL_Driver/Src/stm32f0xx_hal_spi_ex.o
LOAD Drivers/STM32F0xx_HAL_Driver/Src/stm32f0xx_hal_tim.o
LOAD Drivers/STM32F0xx_HAL_Driver/Src/stm32f0xx_hal_tim_ex.o
LOAD Middlewares/Third_Party/FreeRTOS/Source/CMSIS_RTOS/cmsis_os.o
LOAD Middlewares/Third_Party/FreeRTOS/Source/croutine.o
LOAD Middlewares/Third_Party/FreeRTOS/Source/event_groups.o
LOAD Middlewares/Third_Party/FreeRTOS/Source/list.o
LOAD Middlewares/Third_Party/FreeRTOS/Source/queue.o
LOAD Middlewares/Third_Party/FreeRTOS/Source/stream_buffer.o
LOAD Middlewares/Third_Party/FreeRTOS/Source/tasks.o
LOAD Middlewares/Third_Party/FreeRTOS/Source/timers.o
LOAD Middlewares/Third_Party/FreeRTOS/Source/portable/GCC/ARM_CM0/port.o
LOAD Optimized_STM32_ILI9341/ILI9341_GFX.o
LOAD Optimized_STM32_ILI9341/ILI9341_STM32_Driver.o
LOAD Optimized_STM32_ILI9341/STMBasicGui.o
LOAD Optimized_STM32_ILI9341/fade_log_seq.o
LOAD Optimized_TSC2046_TouchSceen/TSC2046_STM32_EventManager.o
LOAD Optimized_TSC2046_TouchSceen/TSC2046_STM32_HardwareManager.o
LOAD Optimized_TSC2046_TouchSceen/TSC2046_STM32_InterruptManager.o
LOAD UserApplication/SMBUS_Manager.o
LOAD UserApplication/UserTasks.o
LOAD UserApplication/UxManager.o
START GROUP
LOAD /home/chris/opt/STM32CubeIDE/st/stm32cubeide_1.2.0/plugins/com.st.stm32cube.ide.mcu.externaltools.gnu-tools-for-stm32.7-2018-q2-update.linux64_1.4.0.202007081208/tools/bin/../lib/gcc/arm-none-eabi/7.3.1/../../../../arm-none-eabi/lib/thumb/v6-m/libc_nano.a
LOAD /home/chris/opt/STM32CubeIDE/st/stm32cubeide_1.2.0/plugins/com.st.stm32cube.ide.mcu.externaltools.gnu-tools-for-stm32.7-2018-q2-update.linux64_1.4.0.202007081208/tools/bin/../lib/gcc/arm-none-eabi/7.3.1/../../../../arm-none-eabi/lib/thumb/v6-m/libm.a
END GROUP
START GROUP
LOAD /home/chris/opt/STM32CubeIDE/st/stm32cubeide_1.2.0/plugins/com.st.stm32cube.ide.mcu.externaltools.gnu-tools-for-stm32.7-2018-q2-update.linux64_1.4.0.202007081208/tools/bin/../lib/gcc/arm-none-eabi/7.3.1/thumb/v6-m/libgcc.a
LOAD /home/chris/opt/STM32CubeIDE/st/stm32cubeide_1.2.0/plugins/com.st.stm32cube.ide.mcu.externaltools.gnu-tools-for-stm32.7-2018-q2-update.linux64_1.4.0.202007081208/tools/bin/../lib/gcc/arm-none-eabi/7.3.1/../../../../arm-none-eabi/lib/thumb/v6-m/libc_nano.a
END GROUP
START GROUP
LOAD /home/chris/opt/STM32CubeIDE/st/stm32cubeide_1.2.0/plugins/com.st.stm32cube.ide.mcu.externaltools.gnu-tools-for-stm32.7-2018-q2-update.linux64_1.4.0.202007081208/tools/bin/../lib/gcc/arm-none-eabi/7.3.1/thumb/v6-m/libgcc.a
LOAD /home/chris/opt/STM32CubeIDE/st/stm32cubeide_1.2.0/plugins/com.st.stm32cube.ide.mcu.externaltools.gnu-tools-for-stm32.7-2018-q2-update.linux64_1.4.0.202007081208/tools/bin/../lib/gcc/arm-none-eabi/7.3.1/../../../../arm-none-eabi/lib/thumb/v6-m/libc_nano.a
LOAD /home/chris/opt/STM32CubeIDE/st/stm32cubeide_1.2.0/plugins/com.st.stm32cube.ide.mcu.externaltools.gnu-tools-for-stm32.7-2018-q2-update.linux64_1.4.0.202007081208/tools/bin/../lib/gcc/arm-none-eabi/7.3.1/../../../../arm-none-eabi/lib/thumb/v6-m/libnosys.a
END GROUP
START GROUP
LOAD /home/chris/opt/STM32CubeIDE/st/stm32cubeide_1.2.0/plugins/com.st.stm32cube.ide.mcu.externaltools.gnu-tools-for-stm32.7-2018-q2-update.linux64_1.4.0.202007081208/tools/bin/../lib/gcc/arm-none-eabi/7.3.1/thumb/v6-m/libgcc.a
LOAD /home/chris/opt/STM32CubeIDE/st/stm32cubeide_1.2.0/plugins/com.st.stm32cube.ide.mcu.externaltools.gnu-tools-for-stm32.7-2018-q2-update.linux64_1.4.0.202007081208/tools/bin/../lib/gcc/arm-none-eabi/7.3.1/../../../../arm-none-eabi/lib/thumb/v6-m/libc_nano.a
LOAD /home/chris/opt/STM32CubeIDE/st/stm32cubeide_1.2.0/plugins/com.st.stm32cube.ide.mcu.externaltools.gnu-tools-for-stm32.7-2018-q2-update.linux64_1.4.0.202007081208/tools/bin/../lib/gcc/arm-none-eabi/7.3.1/../../../../arm-none-eabi/lib/thumb/v6-m/libnosys.a
END GROUP
LOAD /home/chris/opt/STM32CubeIDE/st/stm32cubeide_1.2.0/plugins/com.st.stm32cube.ide.mcu.externaltools.gnu-tools-for-stm32.7-2018-q2-update.linux64_1.4.0.202007081208/tools/bin/../lib/gcc/arm-none-eabi/7.3.1/thumb/v6-m/crtend.o
LOAD /home/chris/opt/STM32CubeIDE/st/stm32cubeide_1.2.0/plugins/com.st.stm32cube.ide.mcu.externaltools.gnu-tools-for-stm32.7-2018-q2-update.linux64_1.4.0.202007081208/tools/bin/../lib/gcc/arm-none-eabi/7.3.1/thumb/v6-m/crtn.o
                0x0000000020004000                _estack = (ORIGIN (RAM) + LENGTH (RAM))
                0x0000000000000200                _Min_Heap_Size = 0x200
                0x0000000000000400                _Min_Stack_Size = 0x400

.isr_vector     0x0000000008000000       0xc0
                0x0000000008000000                . = ALIGN (0x4)
 *(.isr_vector)
 .isr_vector    0x0000000008000000       0xc0 Core/Startup/startup_stm32f072rbtx.o
                0x0000000008000000                g_pfnVectors
                0x00000000080000c0                . = ALIGN (0x4)

.text           0x00000000080000c0     0xe4b4
                0x00000000080000c0                . = ALIGN (0x4)
 *(.text)
 .text          0x00000000080000c0       0x48 /home/chris/opt/STM32CubeIDE/st/stm32cubeide_1.2.0/plugins/com.st.stm32cube.ide.mcu.externaltools.gnu-tools-for-stm32.7-2018-q2-update.linux64_1.4.0.202007081208/tools/bin/../lib/gcc/arm-none-eabi/7.3.1/thumb/v6-m/crtbegin.o
 .text          0x0000000008000108        0xe /home/chris/opt/STM32CubeIDE/st/stm32cubeide_1.2.0/plugins/com.st.stm32cube.ide.mcu.externaltools.gnu-tools-for-stm32.7-2018-q2-update.linux64_1.4.0.202007081208/tools/bin/../lib/gcc/arm-none-eabi/7.3.1/../../../../arm-none-eabi/lib/thumb/v6-m/libc_nano.a(lib_a-strlen.o)
                0x0000000008000108                strlen
 *fill*         0x0000000008000116        0x2 
 .text          0x0000000008000118       0x14 /home/chris/opt/STM32CubeIDE/st/stm32cubeide_1.2.0/plugins/com.st.stm32cube.ide.mcu.externaltools.gnu-tools-for-stm32.7-2018-q2-update.linux64_1.4.0.202007081208/tools/bin/../lib/gcc/arm-none-eabi/7.3.1/thumb/v6-m/libgcc.a(_thumb1_case_uqi.o)
                0x0000000008000118                __gnu_thumb1_case_uqi
 .text          0x000000000800012c      0x114 /home/chris/opt/STM32CubeIDE/st/stm32cubeide_1.2.0/plugins/com.st.stm32cube.ide.mcu.externaltools.gnu-tools-for-stm32.7-2018-q2-update.linux64_1.4.0.202007081208/tools/bin/../lib/gcc/arm-none-eabi/7.3.1/thumb/v6-m/libgcc.a(_udivsi3.o)
                0x000000000800012c                __udivsi3
                0x000000000800012c                __aeabi_uidiv
                0x0000000008000238                __aeabi_uidivmod
 .text          0x0000000008000240      0x1d4 /home/chris/opt/STM32CubeIDE/st/stm32cubeide_1.2.0/plugins/com.st.stm32cube.ide.mcu.externaltools.gnu-tools-for-stm32.7-2018-q2-update.linux64_1.4.0.202007081208/tools/bin/../lib/gcc/arm-none-eabi/7.3.1/thumb/v6-m/libgcc.a(_divsi3.o)
                0x0000000008000240                __aeabi_idiv
                0x0000000008000240                __divsi3
                0x000000000800040c                __aeabi_idivmod
 .text          0x0000000008000414        0x4 /home/chris/opt/STM32CubeIDE/st/stm32cubeide_1.2.0/plugins/com.st.stm32cube.ide.mcu.externaltools.gnu-tools-for-stm32.7-2018-q2-update.linux64_1.4.0.202007081208/tools/bin/../lib/gcc/arm-none-eabi/7.3.1/thumb/v6-m/libgcc.a(_dvmd_tls.o)
                0x0000000008000414                __aeabi_ldiv0
                0x0000000008000414                __aeabi_idiv0
 .text          0x0000000008000418       0x7c /home/chris/opt/STM32CubeIDE/st/stm32cubeide_1.2.0/plugins/com.st.stm32cube.ide.mcu.externaltools.gnu-tools-for-stm32.7-2018-q2-update.linux64_1.4.0.202007081208/tools/bin/../lib/gcc/arm-none-eabi/7.3.1/thumb/v6-m/libgcc.a(_arm_cmpdf2.o)
                0x0000000008000418                __aeabi_cdrcmple
                0x0000000008000428                __aeabi_cdcmple
                0x0000000008000428                __aeabi_cdcmpeq
                0x0000000008000438                __aeabi_dcmpeq
                0x0000000008000444                __aeabi_dcmplt
                0x0000000008000458                __aeabi_dcmple
                0x000000000800046c                __aeabi_dcmpgt
                0x0000000008000480                __aeabi_dcmpge
 .text          0x0000000008000494       0x3c /home/chris/opt/STM32CubeIDE/st/stm32cubeide_1.2.0/plugins/com.st.stm32cube.ide.mcu.externaltools.gnu-tools-for-stm32.7-2018-q2-update.linux64_1.4.0.202007081208/tools/bin/../lib/gcc/arm-none-eabi/7.3.1/thumb/v6-m/libgcc.a(_fixunsdfsi.o)
                0x0000000008000494                __fixunsdfsi
                0x0000000008000494                __aeabi_d2uiz
 .text          0x00000000080004d0      0x224 /home/chris/opt/STM32CubeIDE/st/stm32cubeide_1.2.0/plugins/com.st.stm32cube.ide.mcu.externaltools.gnu-tools-for-stm32.7-2018-q2-update.linux64_1.4.0.202007081208/tools/bin/../lib/gcc/arm-none-eabi/7.3.1/thumb/v6-m/libgcc.a(divsf3.o)
                0x00000000080004d0                __aeabi_fdiv
 .text          0x00000000080006f4       0x80 /home/chris/opt/STM32CubeIDE/st/stm32cubeide_1.2.0/plugins/com.st.stm32cube.ide.mcu.externaltools.gnu-tools-for-stm32.7-2018-q2-update.linux64_1.4.0.202007081208/tools/bin/../lib/gcc/arm-none-eabi/7.3.1/thumb/v6-m/libgcc.a(floatunsisf.o)
                0x00000000080006f4                __aeabi_ui2f
 .text          0x0000000008000774      0x638 /home/chris/opt/STM32CubeIDE/st/stm32cubeide_1.2.0/plugins/com.st.stm32cube.ide.mcu.externaltools.gnu-tools-for-stm32.7-2018-q2-update.linux64_1.4.0.202007081208/tools/bin/../lib/gcc/arm-none-eabi/7.3.1/thumb/v6-m/libgcc.a(adddf3.o)
                0x0000000008000774                __aeabi_dadd
 .text          0x0000000008000dac      0x604 /home/chris/opt/STM32CubeIDE/st/stm32cubeide_1.2.0/plugins/com.st.stm32cube.ide.mcu.externaltools.gnu-tools-for-stm32.7-2018-q2-update.linux64_1.4.0.202007081208/tools/bin/../lib/gcc/arm-none-eabi/7.3.1/thumb/v6-m/libgcc.a(divdf3.o)
                0x0000000008000dac                __aeabi_ddiv
 .text          0x00000000080013b0       0x78 /home/chris/opt/STM32CubeIDE/st/stm32cubeide_1.2.0/plugins/com.st.stm32cube.ide.mcu.externaltools.gnu-tools-for-stm32.7-2018-q2-update.linux64_1.4.0.202007081208/tools/bin/../lib/gcc/arm-none-eabi/7.3.1/thumb/v6-m/libgcc.a(eqdf2.o)
                0x00000000080013b0                __eqdf2
                0x00000000080013b0                __nedf2
 .text          0x0000000008001428       0xc8 /home/chris/opt/STM32CubeIDE/st/stm32cubeide_1.2.0/plugins/com.st.stm32cube.ide.mcu.externaltools.gnu-tools-for-stm32.7-2018-q2-update.linux64_1.4.0.202007081208/tools/bin/../lib/gcc/arm-none-eabi/7.3.1/thumb/v6-m/libgcc.a(gedf2.o)
                0x0000000008001428                __gtdf2
                0x0000000008001428                __gedf2
 .text          0x00000000080014f0       0xd0 /home/chris/opt/STM32CubeIDE/st/stm32cubeide_1.2.0/plugins/com.st.stm32cube.ide.mcu.externaltools.gnu-tools-for-stm32.7-2018-q2-update.linux64_1.4.0.202007081208/tools/bin/../lib/gcc/arm-none-eabi/7.3.1/thumb/v6-m/libgcc.a(ledf2.o)
                0x00000000080014f0                __ltdf2
                0x00000000080014f0                __ledf2
 .text          0x00000000080015c0      0x4e4 /home/chris/opt/STM32CubeIDE/st/stm32cubeide_1.2.0/plugins/com.st.stm32cube.ide.mcu.externaltools.gnu-tools-for-stm32.7-2018-q2-update.linux64_1.4.0.202007081208/tools/bin/../lib/gcc/arm-none-eabi/7.3.1/thumb/v6-m/libgcc.a(muldf3.o)
                0x00000000080015c0                __aeabi_dmul
 .text          0x0000000008001aa4      0x690 /home/chris/opt/STM32CubeIDE/st/stm32cubeide_1.2.0/plugins/com.st.stm32cube.ide.mcu.externaltools.gnu-tools-for-stm32.7-2018-q2-update.linux64_1.4.0.202007081208/tools/bin/../lib/gcc/arm-none-eabi/7.3.1/thumb/v6-m/libgcc.a(subdf3.o)
                0x0000000008001aa4                __aeabi_dsub
 .text          0x0000000008002134       0x38 /home/chris/opt/STM32CubeIDE/st/stm32cubeide_1.2.0/plugins/com.st.stm32cube.ide.mcu.externaltools.gnu-tools-for-stm32.7-2018-q2-update.linux64_1.4.0.202007081208/tools/bin/../lib/gcc/arm-none-eabi/7.3.1/thumb/v6-m/libgcc.a(unorddf2.o)
                0x0000000008002134                __aeabi_dcmpun
 .text          0x000000000800216c       0x6c /home/chris/opt/STM32CubeIDE/st/stm32cubeide_1.2.0/plugins/com.st.stm32cube.ide.mcu.externaltools.gnu-tools-for-stm32.7-2018-q2-update.linux64_1.4.0.202007081208/tools/bin/../lib/gcc/arm-none-eabi/7.3.1/thumb/v6-m/libgcc.a(fixdfsi.o)
                0x000000000800216c                __aeabi_d2iz
 .text          0x00000000080021d8       0x74 /home/chris/opt/STM32CubeIDE/st/stm32cubeide_1.2.0/plugins/com.st.stm32cube.ide.mcu.externaltools.gnu-tools-for-stm32.7-2018-q2-update.linux64_1.4.0.202007081208/tools/bin/../lib/gcc/arm-none-eabi/7.3.1/thumb/v6-m/libgcc.a(floatsidf.o)
                0x00000000080021d8                __aeabi_i2d
 .text          0x000000000800224c       0x64 /home/chris/opt/STM32CubeIDE/st/stm32cubeide_1.2.0/plugins/com.st.stm32cube.ide.mcu.externaltools.gnu-tools-for-stm32.7-2018-q2-update.linux64_1.4.0.202007081208/tools/bin/../lib/gcc/arm-none-eabi/7.3.1/thumb/v6-m/libgcc.a(floatunsidf.o)
                0x000000000800224c                __aeabi_ui2d
 .text          0x00000000080022b0       0xa4 /home/chris/opt/STM32CubeIDE/st/stm32cubeide_1.2.0/plugins/com.st.stm32cube.ide.mcu.externaltools.gnu-tools-for-stm32.7-2018-q2-update.linux64_1.4.0.202007081208/tools/bin/../lib/gcc/arm-none-eabi/7.3.1/thumb/v6-m/libgcc.a(extendsfdf2.o)
                0x00000000080022b0                __aeabi_f2d
 .text          0x0000000008002354      0x108 /home/chris/opt/STM32CubeIDE/st/stm32cubeide_1.2.0/plugins/com.st.stm32cube.ide.mcu.externaltools.gnu-tools-for-stm32.7-2018-q2-update.linux64_1.4.0.202007081208/tools/bin/../lib/gcc/arm-none-eabi/7.3.1/thumb/v6-m/libgcc.a(truncdfsf2.o)
                0x0000000008002354                __aeabi_d2f
 .text          0x000000000800245c       0x3c /home/chris/opt/STM32CubeIDE/st/stm32cubeide_1.2.0/plugins/com.st.stm32cube.ide.mcu.externaltools.gnu-tools-for-stm32.7-2018-q2-update.linux64_1.4.0.202007081208/tools/bin/../lib/gcc/arm-none-eabi/7.3.1/thumb/v6-m/libgcc.a(_clzsi2.o)
                0x000000000800245c                __clzsi2
 *(.text*)
 .text.MX_ADC_Init
                0x0000000008002498       0xb8 Core/Src/adc.o
                0x0000000008002498                MX_ADC_Init
 .text.HAL_ADC_MspInit
                0x0000000008002550       0x8c Core/Src/adc.o
                0x0000000008002550                HAL_ADC_MspInit
 .text.vApplicationGetIdleTaskMemory
                0x00000000080025dc       0x30 Core/Src/freertos.o
                0x00000000080025dc                vApplicationGetIdleTaskMemory
 .text.MX_FREERTOS_Init
                0x000000000800260c       0xd8 Core/Src/freertos.o
                0x000000000800260c                MX_FREERTOS_Init
 .text.StartDisplayTask
                0x00000000080026e4       0x14 Core/Src/freertos.o
                0x00000000080026e4                StartDisplayTask
 .text.StartAdcTask
                0x00000000080026f8       0x14 Core/Src/freertos.o
                0x00000000080026f8                StartAdcTask
 .text.StartPenIrqTask
                0x000000000800270c       0x14 Core/Src/freertos.o
                0x000000000800270c                StartPenIrqTask
 .text.MX_GPIO_Init
                0x0000000008002720      0x14c Core/Src/gpio.o
                0x0000000008002720                MX_GPIO_Init
 .text._sbrk_r  0x000000000800286c       0xbc Core/Src/heap_useNewlib_ST.o
                0x000000000800286c                _sbrk_r
 .text.__malloc_lock
                0x0000000008002928       0x14 Core/Src/heap_useNewlib_ST.o
                0x0000000008002928                __malloc_lock
 .text.__malloc_unlock
                0x000000000800293c       0x14 Core/Src/heap_useNewlib_ST.o
                0x000000000800293c                __malloc_unlock
 .text.MX_I2C1_SMBUS_Init
                0x0000000008002950       0x88 Core/Src/i2c.o
                0x0000000008002950                MX_I2C1_SMBUS_Init
 .text.HAL_SMBUS_MspInit
                0x00000000080029d8       0xd8 Core/Src/i2c.o
                0x00000000080029d8                HAL_SMBUS_MspInit
 .text.main     0x0000000008002ab0       0x70 Core/Src/main.o
                0x0000000008002ab0                main
 .text.SystemClock_Config
                0x0000000008002b20       0xd0 Core/Src/main.o
                0x0000000008002b20                SystemClock_Config
 .text.Error_Handler
                0x0000000008002bf0        0x6 Core/Src/main.o
                0x0000000008002bf0                Error_Handler
 *fill*         0x0000000008002bf6        0x2 
 .text.MX_SPI1_Init
                0x0000000008002bf8       0x7c Core/Src/spi.o
                0x0000000008002bf8                MX_SPI1_Init
 .text.MX_SPI2_Init
                0x0000000008002c74       0x7c Core/Src/spi.o
                0x0000000008002c74                MX_SPI2_Init
 .text.HAL_SPI_MspInit
                0x0000000008002cf0      0x114 Core/Src/spi.o
                0x0000000008002cf0                HAL_SPI_MspInit
 .text.HAL_MspInit
                0x0000000008002e04       0x54 Core/Src/stm32f0xx_hal_msp.o
                0x0000000008002e04                HAL_MspInit
 .text.NMI_Handler
                0x0000000008002e58        0xa Core/Src/stm32f0xx_it.o
                0x0000000008002e58                NMI_Handler
 .text.HardFault_Handler
                0x0000000008002e62        0x6 Core/Src/stm32f0xx_it.o
                0x0000000008002e62                HardFault_Handler
 .text.SysTick_Handler
                0x0000000008002e68       0x1c Core/Src/stm32f0xx_it.o
                0x0000000008002e68                SysTick_Handler
 .text.EXTI4_15_IRQHandler
                0x0000000008002e84       0x10 Core/Src/stm32f0xx_it.o
                0x0000000008002e84                EXTI4_15_IRQHandler
 .text.TIM17_IRQHandler
                0x0000000008002e94       0x18 Core/Src/stm32f0xx_it.o
                0x0000000008002e94                TIM17_IRQHandler
 .text.I2C1_IRQHandler
                0x0000000008002eac       0x30 Core/Src/stm32f0xx_it.o
                0x0000000008002eac                I2C1_IRQHandler
 .text.SystemInit
                0x0000000008002edc        0xa Core/Src/system_stm32f0xx.o
                0x0000000008002edc                SystemInit
 *fill*         0x0000000008002ee6        0x2 
 .text.MX_TIM17_Init
                0x0000000008002ee8       0x50 Core/Src/tim.o
                0x0000000008002ee8                MX_TIM17_Init
 .text.HAL_TIM_Base_MspInit
                0x0000000008002f38       0x50 Core/Src/tim.o
                0x0000000008002f38                HAL_TIM_Base_MspInit
 .text.Reset_Handler
                0x0000000008002f88       0x50 Core/Startup/startup_stm32f072rbtx.o
                0x0000000008002f88                Reset_Handler
 .text.Default_Handler
                0x0000000008002fd8        0x2 Core/Startup/startup_stm32f072rbtx.o
                0x0000000008002fd8                TIM1_CC_IRQHandler
                0x0000000008002fd8                TSC_IRQHandler
                0x0000000008002fd8                ADC1_COMP_IRQHandler
                0x0000000008002fd8                RCC_CRS_IRQHandler
                0x0000000008002fd8                SPI1_IRQHandler
                0x0000000008002fd8                TIM6_DAC_IRQHandler
                0x0000000008002fd8                USART3_4_IRQHandler
                0x0000000008002fd8                EXTI2_3_IRQHandler
                0x0000000008002fd8                I2C2_IRQHandler
                0x0000000008002fd8                CEC_CAN_IRQHandler
                0x0000000008002fd8                RTC_IRQHandler
                0x0000000008002fd8                PVD_VDDIO2_IRQHandler
                0x0000000008002fd8                DMA1_Channel4_5_6_7_IRQHandler
                0x0000000008002fd8                TIM16_IRQHandler
                0x0000000008002fd8                TIM3_IRQHandler
                0x0000000008002fd8                DMA1_Channel1_IRQHandler
                0x0000000008002fd8                Default_Handler
                0x0000000008002fd8                TIM14_IRQHandler
                0x0000000008002fd8                TIM7_IRQHandler
                0x0000000008002fd8                TIM15_IRQHandler
                0x0000000008002fd8                EXTI0_1_IRQHandler
                0x0000000008002fd8                USB_IRQHandler
                0x0000000008002fd8                SPI2_IRQHandler
                0x0000000008002fd8                WWDG_IRQHandler
                0x0000000008002fd8                TIM2_IRQHandler
                0x0000000008002fd8                DMA1_Channel2_3_IRQHandler
                0x0000000008002fd8                USART2_IRQHandler
                0x0000000008002fd8                FLASH_IRQHandler
                0x0000000008002fd8                USART1_IRQHandler
                0x0000000008002fd8                TIM1_BRK_UP_TRG_COM_IRQHandler
 *fill*         0x0000000008002fda        0x2 
 .text.HAL_Init
                0x0000000008002fdc       0x28 Drivers/STM32F0xx_HAL_Driver/Src/stm32f0xx_hal.o
                0x0000000008002fdc                HAL_Init
 .text.HAL_InitTick
                0x0000000008003004       0x68 Drivers/STM32F0xx_HAL_Driver/Src/stm32f0xx_hal.o
                0x0000000008003004                HAL_InitTick
 .text.HAL_IncTick
                0x000000000800306c       0x24 Drivers/STM32F0xx_HAL_Driver/Src/stm32f0xx_hal.o
                0x000000000800306c                HAL_IncTick
 .text.HAL_GetTick
                0x0000000008003090       0x14 Drivers/STM32F0xx_HAL_Driver/Src/stm32f0xx_hal.o
                0x0000000008003090                HAL_GetTick
 .text.HAL_Delay
                0x00000000080030a4       0x44 Drivers/STM32F0xx_HAL_Driver/Src/stm32f0xx_hal.o
                0x00000000080030a4                HAL_Delay
 .text.HAL_ADC_Init
                0x00000000080030e8      0x280 Drivers/STM32F0xx_HAL_Driver/Src/stm32f0xx_hal_adc.o
                0x00000000080030e8                HAL_ADC_Init
 .text.HAL_ADC_Start
                0x0000000008003368       0xa8 Drivers/STM32F0xx_HAL_Driver/Src/stm32f0xx_hal_adc.o
                0x0000000008003368                HAL_ADC_Start
 .text.HAL_ADC_PollForConversion
                0x0000000008003410      0x124 Drivers/STM32F0xx_HAL_Driver/Src/stm32f0xx_hal_adc.o
                0x0000000008003410                HAL_ADC_PollForConversion
 .text.HAL_ADC_GetValue
                0x0000000008003534       0x16 Drivers/STM32F0xx_HAL_Driver/Src/stm32f0xx_hal_adc.o
                0x0000000008003534                HAL_ADC_GetValue
 *fill*         0x000000000800354a        0x2 
 .text.HAL_ADC_ConfigChannel
                0x000000000800354c      0x21c Drivers/STM32F0xx_HAL_Driver/Src/stm32f0xx_hal_adc.o
                0x000000000800354c                HAL_ADC_ConfigChannel
 .text.ADC_Enable
                0x0000000008003768       0xf8 Drivers/STM32F0xx_HAL_Driver/Src/stm32f0xx_hal_adc.o
 .text.HAL_ADCEx_Calibration_Start
                0x0000000008003860      0x13c Drivers/STM32F0xx_HAL_Driver/Src/stm32f0xx_hal_adc_ex.o
                0x0000000008003860                HAL_ADCEx_Calibration_Start
 .text.__NVIC_EnableIRQ
                0x000000000800399c       0x34 Drivers/STM32F0xx_HAL_Driver/Src/stm32f0xx_hal_cortex.o
 .text.__NVIC_SetPriority
                0x00000000080039d0       0xdc Drivers/STM32F0xx_HAL_Driver/Src/stm32f0xx_hal_cortex.o
 .text.SysTick_Config
                0x0000000008003aac       0x48 Drivers/STM32F0xx_HAL_Driver/Src/stm32f0xx_hal_cortex.o
 .text.HAL_NVIC_SetPriority
                0x0000000008003af4       0x2a Drivers/STM32F0xx_HAL_Driver/Src/stm32f0xx_hal_cortex.o
                0x0000000008003af4                HAL_NVIC_SetPriority
 .text.HAL_NVIC_EnableIRQ
                0x0000000008003b1e       0x20 Drivers/STM32F0xx_HAL_Driver/Src/stm32f0xx_hal_cortex.o
                0x0000000008003b1e                HAL_NVIC_EnableIRQ
 .text.HAL_SYSTICK_Config
                0x0000000008003b3e       0x1a Drivers/STM32F0xx_HAL_Driver/Src/stm32f0xx_hal_cortex.o
                0x0000000008003b3e                HAL_SYSTICK_Config
 .text.HAL_GPIO_Init
                0x0000000008003b58      0x2f0 Drivers/STM32F0xx_HAL_Driver/Src/stm32f0xx_hal_gpio.o
                0x0000000008003b58                HAL_GPIO_Init
 .text.HAL_GPIO_ReadPin
                0x0000000008003e48       0x3a Drivers/STM32F0xx_HAL_Driver/Src/stm32f0xx_hal_gpio.o
                0x0000000008003e48                HAL_GPIO_ReadPin
 .text.HAL_GPIO_WritePin
                0x0000000008003e82       0x3a Drivers/STM32F0xx_HAL_Driver/Src/stm32f0xx_hal_gpio.o
                0x0000000008003e82                HAL_GPIO_WritePin
 .text.HAL_GPIO_EXTI_IRQHandler
                0x0000000008003ebc       0x38 Drivers/STM32F0xx_HAL_Driver/Src/stm32f0xx_hal_gpio.o
                0x0000000008003ebc                HAL_GPIO_EXTI_IRQHandler
 .text.HAL_RCC_OscConfig
                0x0000000008003ef4      0x70c Drivers/STM32F0xx_HAL_Driver/Src/stm32f0xx_hal_rcc.o
                0x0000000008003ef4                HAL_RCC_OscConfig
 .text.HAL_RCC_ClockConfig
                0x0000000008004600      0x1b4 Drivers/STM32F0xx_HAL_Driver/Src/stm32f0xx_hal_rcc.o
                0x0000000008004600                HAL_RCC_ClockConfig
 .text.HAL_RCC_GetSysClockFreq
                0x00000000080047b4       0xfc Drivers/STM32F0xx_HAL_Driver/Src/stm32f0xx_hal_rcc.o
                0x00000000080047b4                HAL_RCC_GetSysClockFreq
 .text.HAL_RCCEx_PeriphCLKConfig
                0x00000000080048b0      0x200 Drivers/STM32F0xx_HAL_Driver/Src/stm32f0xx_hal_rcc_ex.o
                0x00000000080048b0                HAL_RCCEx_PeriphCLKConfig
 .text.HAL_SMBUS_Init
                0x0000000008004ab0      0x184 Drivers/STM32F0xx_HAL_Driver/Src/stm32f0xx_hal_smbus.o
                0x0000000008004ab0                HAL_SMBUS_Init
 .text.HAL_SMBUS_Master_Transmit_IT
                0x0000000008004c34      0x1a0 Drivers/STM32F0xx_HAL_Driver/Src/stm32f0xx_hal_smbus.o
                0x0000000008004c34                HAL_SMBUS_Master_Transmit_IT
 .text.HAL_SMBUS_Master_Receive_IT
                0x0000000008004dd4      0x178 Drivers/STM32F0xx_HAL_Driver/Src/stm32f0xx_hal_smbus.o
                0x0000000008004dd4                HAL_SMBUS_Master_Receive_IT
 .text.HAL_SMBUS_EnableAlert_IT
                0x0000000008004f4c       0x38 Drivers/STM32F0xx_HAL_Driver/Src/stm32f0xx_hal_smbus.o
                0x0000000008004f4c                HAL_SMBUS_EnableAlert_IT
 .text.HAL_SMBUS_IsDeviceReady
                0x0000000008004f84      0x214 Drivers/STM32F0xx_HAL_Driver/Src/stm32f0xx_hal_smbus.o
                0x0000000008004f84                HAL_SMBUS_IsDeviceReady
 .text.HAL_SMBUS_EV_IRQHandler
                0x0000000008005198      0x170 Drivers/STM32F0xx_HAL_Driver/Src/stm32f0xx_hal_smbus.o
                0x0000000008005198                HAL_SMBUS_EV_IRQHandler
 .text.HAL_SMBUS_ER_IRQHandler
                0x0000000008005308       0x18 Drivers/STM32F0xx_HAL_Driver/Src/stm32f0xx_hal_smbus.o
                0x0000000008005308                HAL_SMBUS_ER_IRQHandler
 .text.HAL_SMBUS_MasterTxCpltCallback
                0x0000000008005320       0x10 Drivers/STM32F0xx_HAL_Driver/Src/stm32f0xx_hal_smbus.o
                0x0000000008005320                HAL_SMBUS_MasterTxCpltCallback
 .text.HAL_SMBUS_MasterRxCpltCallback
                0x0000000008005330       0x10 Drivers/STM32F0xx_HAL_Driver/Src/stm32f0xx_hal_smbus.o
                0x0000000008005330                HAL_SMBUS_MasterRxCpltCallback
 .text.HAL_SMBUS_SlaveTxCpltCallback
                0x0000000008005340       0x10 Drivers/STM32F0xx_HAL_Driver/Src/stm32f0xx_hal_smbus.o
                0x0000000008005340                HAL_SMBUS_SlaveTxCpltCallback
 .text.HAL_SMBUS_SlaveRxCpltCallback
                0x0000000008005350       0x10 Drivers/STM32F0xx_HAL_Driver/Src/stm32f0xx_hal_smbus.o
                0x0000000008005350                HAL_SMBUS_SlaveRxCpltCallback
 .text.HAL_SMBUS_AddrCallback
                0x0000000008005360       0x20 Drivers/STM32F0xx_HAL_Driver/Src/stm32f0xx_hal_smbus.o
                0x0000000008005360                HAL_SMBUS_AddrCallback
 .text.HAL_SMBUS_ListenCpltCallback
                0x0000000008005380       0x10 Drivers/STM32F0xx_HAL_Driver/Src/stm32f0xx_hal_smbus.o
                0x0000000008005380                HAL_SMBUS_ListenCpltCallback
 .text.HAL_SMBUS_GetState
                0x0000000008005390       0x14 Drivers/STM32F0xx_HAL_Driver/Src/stm32f0xx_hal_smbus.o
                0x0000000008005390                HAL_SMBUS_GetState
 .text.SMBUS_Master_ISR
                0x00000000080053a4      0x3ec Drivers/STM32F0xx_HAL_Driver/Src/stm32f0xx_hal_smbus.o
 .text.SMBUS_Slave_ISR
                0x0000000008005790      0x3fc Drivers/STM32F0xx_HAL_Driver/Src/stm32f0xx_hal_smbus.o
 .text.SMBUS_Enable_IRQ
                0x0000000008005b8c       0x6c Drivers/STM32F0xx_HAL_Driver/Src/stm32f0xx_hal_smbus.o
 .text.SMBUS_Disable_IRQ
                0x0000000008005bf8       0xec Drivers/STM32F0xx_HAL_Driver/Src/stm32f0xx_hal_smbus.o
 .text.SMBUS_ITErrorHandler
                0x0000000008005ce4      0x158 Drivers/STM32F0xx_HAL_Driver/Src/stm32f0xx_hal_smbus.o
 .text.SMBUS_WaitOnFlagUntilTimeout
                0x0000000008005e3c       0x86 Drivers/STM32F0xx_HAL_Driver/Src/stm32f0xx_hal_smbus.o
 *fill*         0x0000000008005ec2        0x2 
 .text.SMBUS_TransferConfig
                0x0000000008005ec4       0x6c Drivers/STM32F0xx_HAL_Driver/Src/stm32f0xx_hal_smbus.o
 .text.SMBUS_ConvertOtherXferOptions
                0x0000000008005f30       0x60 Drivers/STM32F0xx_HAL_Driver/Src/stm32f0xx_hal_smbus.o
 .text.HAL_SPI_Init
                0x0000000008005f90      0x134 Drivers/STM32F0xx_HAL_Driver/Src/stm32f0xx_hal_spi.o
                0x0000000008005f90                HAL_SPI_Init
 .text.HAL_TIM_Base_Init
                0x00000000080060c4       0x58 Drivers/STM32F0xx_HAL_Driver/Src/stm32f0xx_hal_tim.o
                0x00000000080060c4                HAL_TIM_Base_Init
 .text.HAL_TIM_IRQHandler
                0x000000000800611c      0x22c Drivers/STM32F0xx_HAL_Driver/Src/stm32f0xx_hal_tim.o
                0x000000000800611c                HAL_TIM_IRQHandler
 .text.HAL_TIM_PeriodElapsedCallback
                0x0000000008006348       0x10 Drivers/STM32F0xx_HAL_Driver/Src/stm32f0xx_hal_tim.o
                0x0000000008006348                HAL_TIM_PeriodElapsedCallback
 .text.HAL_TIM_OC_DelayElapsedCallback
                0x0000000008006358       0x10 Drivers/STM32F0xx_HAL_Driver/Src/stm32f0xx_hal_tim.o
                0x0000000008006358                HAL_TIM_OC_DelayElapsedCallback
 .text.HAL_TIM_IC_CaptureCallback
                0x0000000008006368       0x10 Drivers/STM32F0xx_HAL_Driver/Src/stm32f0xx_hal_tim.o
                0x0000000008006368                HAL_TIM_IC_CaptureCallback
 .text.HAL_TIM_PWM_PulseFinishedCallback
                0x0000000008006378       0x10 Drivers/STM32F0xx_HAL_Driver/Src/stm32f0xx_hal_tim.o
                0x0000000008006378                HAL_TIM_PWM_PulseFinishedCallback
 .text.HAL_TIM_TriggerCallback
                0x0000000008006388       0x10 Drivers/STM32F0xx_HAL_Driver/Src/stm32f0xx_hal_tim.o
                0x0000000008006388                HAL_TIM_TriggerCallback
 .text.TIM_Base_SetConfig
                0x0000000008006398      0x100 Drivers/STM32F0xx_HAL_Driver/Src/stm32f0xx_hal_tim.o
                0x0000000008006398                TIM_Base_SetConfig
 .text.HAL_TIMEx_CommutCallback
                0x0000000008006498       0x10 Drivers/STM32F0xx_HAL_Driver/Src/stm32f0xx_hal_tim_ex.o
                0x0000000008006498                HAL_TIMEx_CommutCallback
 .text.HAL_TIMEx_BreakCallback
                0x00000000080064a8       0x10 Drivers/STM32F0xx_HAL_Driver/Src/stm32f0xx_hal_tim_ex.o
                0x00000000080064a8                HAL_TIMEx_BreakCallback
 .text.makeFreeRtosPriority
                0x00000000080064b8       0x32 Middlewares/Third_Party/FreeRTOS/Source/CMSIS_RTOS/cmsis_os.o
 .text.inHandlerMode
                0x00000000080064ea       0x1c Middlewares/Third_Party/FreeRTOS/Source/CMSIS_RTOS/cmsis_os.o
 .text.osKernelStart
                0x0000000008006506       0x10 Middlewares/Third_Party/FreeRTOS/Source/CMSIS_RTOS/cmsis_os.o
                0x0000000008006506                osKernelStart
 .text.osThreadCreate
                0x0000000008006516       0x4c Middlewares/Third_Party/FreeRTOS/Source/CMSIS_RTOS/cmsis_os.o
                0x0000000008006516                osThreadCreate
 .text.osDelay  0x0000000008006562       0x28 Middlewares/Third_Party/FreeRTOS/Source/CMSIS_RTOS/cmsis_os.o
                0x0000000008006562                osDelay
 .text.osSemaphoreCreate
                0x000000000800658a       0x32 Middlewares/Third_Party/FreeRTOS/Source/CMSIS_RTOS/cmsis_os.o
                0x000000000800658a                osSemaphoreCreate
 .text.osSemaphoreWait
                0x00000000080065bc       0x94 Middlewares/Third_Party/FreeRTOS/Source/CMSIS_RTOS/cmsis_os.o
                0x00000000080065bc                osSemaphoreWait
 .text.osSemaphoreRelease
                0x0000000008006650       0x64 Middlewares/Third_Party/FreeRTOS/Source/CMSIS_RTOS/cmsis_os.o
                0x0000000008006650                osSemaphoreRelease
 .text.osThreadSuspend
                0x00000000080066b4       0x1a Middlewares/Third_Party/FreeRTOS/Source/CMSIS_RTOS/cmsis_os.o
                0x00000000080066b4                osThreadSuspend
 *fill*         0x00000000080066ce        0x2 
 .text.osThreadResume
                0x00000000080066d0       0x40 Middlewares/Third_Party/FreeRTOS/Source/CMSIS_RTOS/cmsis_os.o
                0x00000000080066d0                osThreadResume
 .text.vListInitialise
                0x0000000008006710       0x3c Middlewares/Third_Party/FreeRTOS/Source/list.o
                0x0000000008006710                vListInitialise
 .text.vListInitialiseItem
                0x000000000800674c       0x16 Middlewares/Third_Party/FreeRTOS/Source/list.o
                0x000000000800674c                vListInitialiseItem
 .text.vListInsertEnd
                0x0000000008006762       0x44 Middlewares/Third_Party/FreeRTOS/Source/list.o
                0x0000000008006762                vListInsertEnd
 .text.vListInsert
                0x00000000080067a6       0x6c Middlewares/Third_Party/FreeRTOS/Source/list.o
                0x00000000080067a6                vListInsert
 .text.uxListRemove
                0x0000000008006812       0x50 Middlewares/Third_Party/FreeRTOS/Source/list.o
                0x0000000008006812                uxListRemove
 .text.xQueueGenericReset
                0x0000000008006862       0xa8 Middlewares/Third_Party/FreeRTOS/Source/queue.o
                0x0000000008006862                xQueueGenericReset
 .text.xQueueGenericCreateStatic
                0x000000000800690a       0x8e Middlewares/Third_Party/FreeRTOS/Source/queue.o
                0x000000000800690a                xQueueGenericCreateStatic
 .text.prvInitialiseNewQueue
                0x0000000008006998       0x44 Middlewares/Third_Party/FreeRTOS/Source/queue.o
 .text.xQueueGenericSend
                0x00000000080069dc      0x188 Middlewares/Third_Party/FreeRTOS/Source/queue.o
                0x00000000080069dc                xQueueGenericSend
 .text.xQueueGiveFromISR
                0x0000000008006b64       0xca Middlewares/Third_Party/FreeRTOS/Source/queue.o
                0x0000000008006b64                xQueueGiveFromISR
 .text.xQueueSemaphoreTake
                0x0000000008006c2e      0x1b4 Middlewares/Third_Party/FreeRTOS/Source/queue.o
                0x0000000008006c2e                xQueueSemaphoreTake
 .text.xQueueReceiveFromISR
                0x0000000008006de2       0xc6 Middlewares/Third_Party/FreeRTOS/Source/queue.o
                0x0000000008006de2                xQueueReceiveFromISR
 .text.prvGetDisinheritPriorityAfterTimeout
                0x0000000008006ea8       0x2c Middlewares/Third_Party/FreeRTOS/Source/queue.o
 .text.prvCopyDataToQueue
                0x0000000008006ed4       0xd6 Middlewares/Third_Party/FreeRTOS/Source/queue.o
 .text.prvCopyDataFromQueue
                0x0000000008006faa       0x4c Middlewares/Third_Party/FreeRTOS/Source/queue.o
 .text.prvUnlockQueue
                0x0000000008006ff6       0xbc Middlewares/Third_Party/FreeRTOS/Source/queue.o
 .text.prvIsQueueEmpty
                0x00000000080070b2       0x2c Middlewares/Third_Party/FreeRTOS/Source/queue.o
 .text.prvIsQueueFull
                0x00000000080070de       0x30 Middlewares/Third_Party/FreeRTOS/Source/queue.o
 .text.xTaskCreateStatic
                0x000000000800710e       0x7e Middlewares/Third_Party/FreeRTOS/Source/tasks.o
                0x000000000800710e                xTaskCreateStatic
 .text.prvInitialiseNewTask
                0x000000000800718c      0x120 Middlewares/Third_Party/FreeRTOS/Source/tasks.o
 .text.prvAddNewTaskToReadyList
                0x00000000080072ac       0xc8 Middlewares/Third_Party/FreeRTOS/Source/tasks.o
 .text.vTaskDelay
                0x0000000008007374       0x4c Middlewares/Third_Party/FreeRTOS/Source/tasks.o
                0x0000000008007374                vTaskDelay
 .text.vTaskSuspend
                0x00000000080073c0       0xcc Middlewares/Third_Party/FreeRTOS/Source/tasks.o
                0x00000000080073c0                vTaskSuspend
 .text.prvTaskIsTaskSuspended
                0x000000000800748c       0x60 Middlewares/Third_Party/FreeRTOS/Source/tasks.o
 .text.vTaskResume
                0x00000000080074ec       0x9c Middlewares/Third_Party/FreeRTOS/Source/tasks.o
                0x00000000080074ec                vTaskResume
 .text.xTaskResumeFromISR
                0x0000000008007588       0xbc Middlewares/Third_Party/FreeRTOS/Source/tasks.o
                0x0000000008007588                xTaskResumeFromISR
 .text.vTaskStartScheduler
                0x0000000008007644       0xb0 Middlewares/Third_Party/FreeRTOS/Source/tasks.o
                0x0000000008007644                vTaskStartScheduler
 .text.vTaskSuspendAll
                0x00000000080076f4       0x18 Middlewares/Third_Party/FreeRTOS/Source/tasks.o
                0x00000000080076f4                vTaskSuspendAll
 .text.xTaskResumeAll
                0x000000000800770c      0x118 Middlewares/Third_Party/FreeRTOS/Source/tasks.o
                0x000000000800770c                xTaskResumeAll
 .text.xTaskIncrementTick
                0x0000000008007824      0x168 Middlewares/Third_Party/FreeRTOS/Source/tasks.o
                0x0000000008007824                xTaskIncrementTick
 .text.vTaskSwitchContext
                0x000000000800798c       0xb4 Middlewares/Third_Party/FreeRTOS/Source/tasks.o
                0x000000000800798c                vTaskSwitchContext
 .text.vTaskPlaceOnEventList
                0x0000000008007a40       0x3c Middlewares/Third_Party/FreeRTOS/Source/tasks.o
                0x0000000008007a40                vTaskPlaceOnEventList
 .text.xTaskRemoveFromEventList
                0x0000000008007a7c       0xb8 Middlewares/Third_Party/FreeRTOS/Source/tasks.o
                0x0000000008007a7c                xTaskRemoveFromEventList
 .text.vTaskInternalSetTimeOutState
                0x0000000008007b34       0x28 Middlewares/Third_Party/FreeRTOS/Source/tasks.o
                0x0000000008007b34                vTaskInternalSetTimeOutState
 .text.xTaskCheckForTimeOut
                0x0000000008007b5c       0xa0 Middlewares/Third_Party/FreeRTOS/Source/tasks.o
                0x0000000008007b5c                xTaskCheckForTimeOut
 .text.vTaskMissedYield
                0x0000000008007bfc       0x14 Middlewares/Third_Party/FreeRTOS/Source/tasks.o
                0x0000000008007bfc                vTaskMissedYield
 .text.prvIdleTask
                0x0000000008007c10       0x20 Middlewares/Third_Party/FreeRTOS/Source/tasks.o
 .text.prvInitialiseTaskLists
                0x0000000008007c30       0x88 Middlewares/Third_Party/FreeRTOS/Source/tasks.o
 .text.prvCheckTasksWaitingTermination
                0x0000000008007cb8       0x5c Middlewares/Third_Party/FreeRTOS/Source/tasks.o
 .text.prvDeleteTCB
                0x0000000008007d14       0x1a Middlewares/Third_Party/FreeRTOS/Source/tasks.o
 *fill*         0x0000000008007d2e        0x2 
 .text.prvResetNextTaskUnblockTime
                0x0000000008007d30       0x48 Middlewares/Third_Party/FreeRTOS/Source/tasks.o
 .text.xTaskGetSchedulerState
                0x0000000008007d78       0x38 Middlewares/Third_Party/FreeRTOS/Source/tasks.o
                0x0000000008007d78                xTaskGetSchedulerState
 .text.xTaskPriorityInherit
                0x0000000008007db0       0xdc Middlewares/Third_Party/FreeRTOS/Source/tasks.o
                0x0000000008007db0                xTaskPriorityInherit
 .text.xTaskPriorityDisinherit
                0x0000000008007e8c       0xb8 Middlewares/Third_Party/FreeRTOS/Source/tasks.o
                0x0000000008007e8c                xTaskPriorityDisinherit
 .text.vTaskPriorityDisinheritAfterTimeout
                0x0000000008007f44       0xe8 Middlewares/Third_Party/FreeRTOS/Source/tasks.o
                0x0000000008007f44                vTaskPriorityDisinheritAfterTimeout
 .text.pvTaskIncrementMutexHeldCount
                0x000000000800802c       0x24 Middlewares/Third_Party/FreeRTOS/Source/tasks.o
                0x000000000800802c                pvTaskIncrementMutexHeldCount
 .text.prvAddCurrentTaskToDelayedList
                0x0000000008008050       0xa8 Middlewares/Third_Party/FreeRTOS/Source/tasks.o
 .text.pxPortInitialiseStack
                0x00000000080080f8       0x54 Middlewares/Third_Party/FreeRTOS/Source/portable/GCC/ARM_CM0/port.o
                0x00000000080080f8                pxPortInitialiseStack
 .text.prvTaskExitError
                0x000000000800814c       0x2c Middlewares/Third_Party/FreeRTOS/Source/portable/GCC/ARM_CM0/port.o
 .text.SVC_Handler
                0x0000000008008178        0xa Middlewares/Third_Party/FreeRTOS/Source/portable/GCC/ARM_CM0/port.o
                0x0000000008008178                SVC_Handler
 *fill*         0x0000000008008182        0xe 
 .text.vPortStartFirstTask
                0x0000000008008190       0x38 Middlewares/Third_Party/FreeRTOS/Source/portable/GCC/ARM_CM0/port.o
 .text.xPortStartScheduler
                0x00000000080081c8       0x48 Middlewares/Third_Party/FreeRTOS/Source/portable/GCC/ARM_CM0/port.o
                0x00000000080081c8                xPortStartScheduler
 .text.vPortYield
                0x0000000008008210       0x20 Middlewares/Third_Party/FreeRTOS/Source/portable/GCC/ARM_CM0/port.o
                0x0000000008008210                vPortYield
 .text.vPortEnterCritical
                0x0000000008008230       0x24 Middlewares/Third_Party/FreeRTOS/Source/portable/GCC/ARM_CM0/port.o
                0x0000000008008230                vPortEnterCritical
 .text.vPortExitCritical
                0x0000000008008254       0x30 Middlewares/Third_Party/FreeRTOS/Source/portable/GCC/ARM_CM0/port.o
                0x0000000008008254                vPortExitCritical
 .text.ulSetInterruptMaskFromISR
                0x0000000008008284        0xc Middlewares/Third_Party/FreeRTOS/Source/portable/GCC/ARM_CM0/port.o
                0x0000000008008284                ulSetInterruptMaskFromISR
 .text.vClearInterruptMaskFromISR
                0x0000000008008290        0x8 Middlewares/Third_Party/FreeRTOS/Source/portable/GCC/ARM_CM0/port.o
                0x0000000008008290                vClearInterruptMaskFromISR
 *fill*         0x0000000008008298        0x8 
 .text.PendSV_Handler
                0x00000000080082a0       0x48 Middlewares/Third_Party/FreeRTOS/Source/portable/GCC/ARM_CM0/port.o
                0x00000000080082a0                PendSV_Handler
 .text.xPortSysTickHandler
                0x00000000080082e8       0x34 Middlewares/Third_Party/FreeRTOS/Source/portable/GCC/ARM_CM0/port.o
                0x00000000080082e8                xPortSysTickHandler
 .text.prvSetupTimerInterrupt
                0x000000000800831c       0x44 Middlewares/Third_Party/FreeRTOS/Source/portable/GCC/ARM_CM0/port.o
 .text.ILI9341_Draw_Filled_Circle
                0x0000000008008360      0x132 Optimized_STM32_ILI9341/ILI9341_GFX.o
                0x0000000008008360                ILI9341_Draw_Filled_Circle
 .text.ILI9341_Draw_Bordered_Filled_Rectangle_Coord
                0x0000000008008492      0x1e4 Optimized_STM32_ILI9341/ILI9341_GFX.o
                0x0000000008008492                ILI9341_Draw_Bordered_Filled_Rectangle_Coord
 *fill*         0x0000000008008676        0x2 
 .text.ILI9341_Draw_Char
                0x0000000008008678      0x210 Optimized_STM32_ILI9341/ILI9341_GFX.o
                0x0000000008008678                ILI9341_Draw_Char
 .text.ILI9341_Draw_Text
                0x0000000008008888       0xe2 Optimized_STM32_ILI9341/ILI9341_GFX.o
                0x0000000008008888                ILI9341_Draw_Text
 .text.ILI9341_Init
                0x000000000800896a      0x21e Optimized_STM32_ILI9341/ILI9341_STM32_Driver.o
                0x000000000800896a                ILI9341_Init
 .text.ILI9341_SPI_Init
                0x0000000008008b88       0x38 Optimized_STM32_ILI9341/ILI9341_STM32_Driver.o
                0x0000000008008b88                ILI9341_SPI_Init
 .text.ILI9341_Draw_Horizontal_Line
                0x0000000008008bc0      0x10c Optimized_STM32_ILI9341/ILI9341_STM32_Driver.o
                0x0000000008008bc0                ILI9341_Draw_Horizontal_Line
 .text.ILI9341_Draw_Vertical_Line
                0x0000000008008ccc      0x10c Optimized_STM32_ILI9341/ILI9341_STM32_Driver.o
                0x0000000008008ccc                ILI9341_Draw_Vertical_Line
 .text.ILI9341_Set_Frame
                0x0000000008008dd8       0xb0 Optimized_STM32_ILI9341/ILI9341_STM32_Driver.o
                0x0000000008008dd8                ILI9341_Set_Frame
 .text.ILI9341_Fill_Screen
                0x0000000008008e88       0x54 Optimized_STM32_ILI9341/ILI9341_STM32_Driver.o
                0x0000000008008e88                ILI9341_Fill_Screen
 .text.ILI9341_Draw_Pixel
                0x0000000008008edc      0x2e8 Optimized_STM32_ILI9341/ILI9341_STM32_Driver.o
                0x0000000008008edc                ILI9341_Draw_Pixel
 .text.ILI9341_Draw_Rectangle
                0x00000000080091c4      0x19c Optimized_STM32_ILI9341/ILI9341_STM32_Driver.o
                0x00000000080091c4                ILI9341_Draw_Rectangle
 .text.ILI9341_Set_Rotation
                0x0000000008009360       0xa0 Optimized_STM32_ILI9341/ILI9341_STM32_Driver.o
                0x0000000008009360                ILI9341_Set_Rotation
 .text._LCD_Enable
                0x0000000008009400       0x1c Optimized_STM32_ILI9341/ILI9341_STM32_Driver.o
                0x0000000008009400                _LCD_Enable
 .text._LCD_Reset
                0x000000000800941c       0x40 Optimized_STM32_ILI9341/ILI9341_STM32_Driver.o
                0x000000000800941c                _LCD_Reset
 .text._LCD_Write_Frame
                0x000000000800945c      0x1c0 Optimized_STM32_ILI9341/ILI9341_STM32_Driver.o
                0x000000000800945c                _LCD_Write_Frame
 .text._LCD_SendCommand
                0x000000000800961c       0x6c Optimized_STM32_ILI9341/ILI9341_STM32_Driver.o
                0x000000000800961c                _LCD_SendCommand
 .text._LCD_SendData
                0x0000000008009688       0x6c Optimized_STM32_ILI9341/ILI9341_STM32_Driver.o
                0x0000000008009688                _LCD_SendData
 .text._SPI_SendByte
                0x00000000080096f4       0x74 Optimized_STM32_ILI9341/ILI9341_STM32_Driver.o
                0x00000000080096f4                _SPI_SendByte
 .text._SPI_SendByteMultiByte
                0x0000000008009768       0xac Optimized_STM32_ILI9341/ILI9341_STM32_Driver.o
                0x0000000008009768                _SPI_SendByteMultiByte
 .text.TSC2046_EM_GetTouchScreenState
                0x0000000008009814       0x14 Optimized_TSC2046_TouchSceen/TSC2046_STM32_EventManager.o
                0x0000000008009814                TSC2046_EM_GetTouchScreenState
 .text.TSC2046_EM_ProcessEvent
                0x0000000008009828       0x50 Optimized_TSC2046_TouchSceen/TSC2046_STM32_EventManager.o
                0x0000000008009828                TSC2046_EM_ProcessEvent
 .text.TSC2046_EM_EnableConversionState
                0x0000000008009878        0xc Optimized_TSC2046_TouchSceen/TSC2046_STM32_EventManager.o
                0x0000000008009878                TSC2046_EM_EnableConversionState
 .text.TSC2046_EM_EnableIdleState
                0x0000000008009884        0xc Optimized_TSC2046_TouchSceen/TSC2046_STM32_EventManager.o
                0x0000000008009884                TSC2046_EM_EnableIdleState
 .text.TSC2046_HM_Init
                0x0000000008009890       0x68 Optimized_TSC2046_TouchSceen/TSC2046_STM32_HardwareManager.o
                0x0000000008009890                TSC2046_HM_Init
 .text.TSC2046_HM_RunConversion
                0x00000000080098f8       0xac Optimized_TSC2046_TouchSceen/TSC2046_STM32_HardwareManager.o
                0x00000000080098f8                TSC2046_HM_RunConversion
 .text.TSC2046_HM_ConvertToQVGA
                0x00000000080099a4       0xa0 Optimized_TSC2046_TouchSceen/TSC2046_STM32_HardwareManager.o
                0x00000000080099a4                TSC2046_HM_ConvertToQVGA
 .text._SetCsPinHigh
                0x0000000008009a44       0x1c Optimized_TSC2046_TouchSceen/TSC2046_STM32_HardwareManager.o
                0x0000000008009a44                _SetCsPinHigh
 .text._SetCsPinLow
                0x0000000008009a60       0x20 Optimized_TSC2046_TouchSceen/TSC2046_STM32_HardwareManager.o
                0x0000000008009a60                _SetCsPinLow
 .text._EnableSPI
                0x0000000008009a80       0x28 Optimized_TSC2046_TouchSceen/TSC2046_STM32_HardwareManager.o
                0x0000000008009a80                _EnableSPI
 .text._SpiTransmit8
                0x0000000008009aa8       0x30 Optimized_TSC2046_TouchSceen/TSC2046_STM32_HardwareManager.o
                0x0000000008009aa8                _SpiTransmit8
 .text._SpiReceive16
                0x0000000008009ad8       0x30 Optimized_TSC2046_TouchSceen/TSC2046_STM32_HardwareManager.o
                0x0000000008009ad8                _SpiReceive16
 .text.TSC4026_STM32_HM_GetXpos
                0x0000000008009b08       0x14 Optimized_TSC2046_TouchSceen/TSC2046_STM32_HardwareManager.o
                0x0000000008009b08                TSC4026_STM32_HM_GetXpos
 .text.TSC4026_STM32_HM_GetYpos
                0x0000000008009b1c       0x14 Optimized_TSC2046_TouchSceen/TSC2046_STM32_HardwareManager.o
                0x0000000008009b1c                TSC4026_STM32_HM_GetYpos
 .text.SM_Init  0x0000000008009b30       0x30 UserApplication/SMBUS_Manager.o
                0x0000000008009b30                SM_Init
 .text.SM_DeviceScan
                0x0000000008009b60       0x90 UserApplication/SMBUS_Manager.o
                0x0000000008009b60                SM_DeviceScan
 .text.SM_InitDiagnostics
                0x0000000008009bf0      0x150 UserApplication/SMBUS_Manager.o
                0x0000000008009bf0                SM_InitDiagnostics
 .text.SM_SendByte
                0x0000000008009d40      0x154 UserApplication/SMBUS_Manager.o
                0x0000000008009d40                SM_SendByte
 .text.SM_ReadCmd
                0x0000000008009e94       0x22 UserApplication/SMBUS_Manager.o
                0x0000000008009e94                SM_ReadCmd
 *fill*         0x0000000008009eb6        0x2 
 .text.SM_GetDeviceAddress
                0x0000000008009eb8       0x28 UserApplication/SMBUS_Manager.o
                0x0000000008009eb8                SM_GetDeviceAddress
 .text.SM_DisplayDiagnostics
                0x0000000008009ee0      0x2f4 UserApplication/SMBUS_Manager.o
                0x0000000008009ee0                SM_DisplayDiagnostics
 .text.HAL_SMBUS_ErrorCallback
                0x000000000800a1d4       0x68 UserApplication/SMBUS_Manager.o
                0x000000000800a1d4                HAL_SMBUS_ErrorCallback
 .text._togglePSU
                0x000000000800a23c       0x38 UserApplication/UserTasks.o
                0x000000000800a23c                _togglePSU
 .text.UserPenIrqManager
                0x000000000800a274       0x28 UserApplication/UserTasks.o
                0x000000000800a274                UserPenIrqManager
 .text.UserDisplayManager
                0x000000000800a29c       0x3c UserApplication/UserTasks.o
                0x000000000800a29c                UserDisplayManager
 .text.UserAdcManager
                0x000000000800a2d8       0x40 UserApplication/UserTasks.o
                0x000000000800a2d8                UserAdcManager
 .text.HAL_GPIO_EXTI_Callback
                0x000000000800a318       0x28 UserApplication/UserTasks.o
                0x000000000800a318                HAL_GPIO_EXTI_Callback
 .text.UserDisplayTask
                0x000000000800a340      0x1a0 UserApplication/UserTasks.o
                0x000000000800a340                UserDisplayTask
 .text.UserAdcTask
                0x000000000800a4e0      0x198 UserApplication/UserTasks.o
                0x000000000800a4e0                UserAdcTask
 .text.UxInit   0x000000000800a678       0x90 UserApplication/UxManager.o
                0x000000000800a678                UxInit
 .text.UxDrawLayout
                0x000000000800a708      0x168 UserApplication/UxManager.o
                0x000000000800a708                UxDrawLayout
 .text.__libc_init_array
                0x000000000800a870       0x48 /home/chris/opt/STM32CubeIDE/st/stm32cubeide_1.2.0/plugins/com.st.stm32cube.ide.mcu.externaltools.gnu-tools-for-stm32.7-2018-q2-update.linux64_1.4.0.202007081208/tools/bin/../lib/gcc/arm-none-eabi/7.3.1/../../../../arm-none-eabi/lib/thumb/v6-m/libc_nano.a(lib_a-init.o)
                0x000000000800a870                __libc_init_array
 .text.malloc   0x000000000800a8b8       0x14 /home/chris/opt/STM32CubeIDE/st/stm32cubeide_1.2.0/plugins/com.st.stm32cube.ide.mcu.externaltools.gnu-tools-for-stm32.7-2018-q2-update.linux64_1.4.0.202007081208/tools/bin/../lib/gcc/arm-none-eabi/7.3.1/../../../../arm-none-eabi/lib/thumb/v6-m/libc_nano.a(lib_a-malloc.o)
                0x000000000800a8b8                malloc
 .text.memcpy   0x000000000800a8cc       0x12 /home/chris/opt/STM32CubeIDE/st/stm32cubeide_1.2.0/plugins/com.st.stm32cube.ide.mcu.externaltools.gnu-tools-for-stm32.7-2018-q2-update.linux64_1.4.0.202007081208/tools/bin/../lib/gcc/arm-none-eabi/7.3.1/../../../../arm-none-eabi/lib/thumb/v6-m/libc_nano.a(lib_a-memcpy-stub.o)
                0x000000000800a8cc                memcpy
 .text.memset   0x000000000800a8de       0x10 /home/chris/opt/STM32CubeIDE/st/stm32cubeide_1.2.0/plugins/com.st.stm32cube.ide.mcu.externaltools.gnu-tools-for-stm32.7-2018-q2-update.linux64_1.4.0.202007081208/tools/bin/../lib/gcc/arm-none-eabi/7.3.1/../../../../arm-none-eabi/lib/thumb/v6-m/libc_nano.a(lib_a-memset.o)
                0x000000000800a8de                memset
 *fill*         0x000000000800a8ee        0x2 
 .text._free_r  0x000000000800a8f0       0x94 /home/chris/opt/STM32CubeIDE/st/stm32cubeide_1.2.0/plugins/com.st.stm32cube.ide.mcu.externaltools.gnu-tools-for-stm32.7-2018-q2-update.linux64_1.4.0.202007081208/tools/bin/../lib/gcc/arm-none-eabi/7.3.1/../../../../arm-none-eabi/lib/thumb/v6-m/libc_nano.a(lib_a-nano-freer.o)
                0x000000000800a8f0                _free_r
 .text._malloc_r
                0x000000000800a984       0xbc /home/chris/opt/STM32CubeIDE/st/stm32cubeide_1.2.0/plugins/com.st.stm32cube.ide.mcu.externaltools.gnu-tools-for-stm32.7-2018-q2-update.linux64_1.4.0.202007081208/tools/bin/../lib/gcc/arm-none-eabi/7.3.1/../../../../arm-none-eabi/lib/thumb/v6-m/libc_nano.a(lib_a-nano-mallocr.o)
                0x000000000800a984                _malloc_r
 .text.__cvt    0x000000000800aa40       0xc8 /home/chris/opt/STM32CubeIDE/st/stm32cubeide_1.2.0/plugins/com.st.stm32cube.ide.mcu.externaltools.gnu-tools-for-stm32.7-2018-q2-update.linux64_1.4.0.202007081208/tools/bin/../lib/gcc/arm-none-eabi/7.3.1/../../../../arm-none-eabi/lib/thumb/v6-m/libc_nano.a(lib_a-nano-vfprintf_float.o)
                0x000000000800aa40                __cvt
 .text.__exponent
                0x000000000800ab08       0x70 /home/chris/opt/STM32CubeIDE/st/stm32cubeide_1.2.0/plugins/com.st.stm32cube.ide.mcu.externaltools.gnu-tools-for-stm32.7-2018-q2-update.linux64_1.4.0.202007081208/tools/bin/../lib/gcc/arm-none-eabi/7.3.1/../../../../arm-none-eabi/lib/thumb/v6-m/libc_nano.a(lib_a-nano-vfprintf_float.o)
                0x000000000800ab08                __exponent
 .text._printf_float
                0x000000000800ab78      0x498 /home/chris/opt/STM32CubeIDE/st/stm32cubeide_1.2.0/plugins/com.st.stm32cube.ide.mcu.externaltools.gnu-tools-for-stm32.7-2018-q2-update.linux64_1.4.0.202007081208/tools/bin/../lib/gcc/arm-none-eabi/7.3.1/../../../../arm-none-eabi/lib/thumb/v6-m/libc_nano.a(lib_a-nano-vfprintf_float.o)
                0x000000000800ab78                _printf_float
 .text._printf_common
                0x000000000800b010       0xda /home/chris/opt/STM32CubeIDE/st/stm32cubeide_1.2.0/plugins/com.st.stm32cube.ide.mcu.externaltools.gnu-tools-for-stm32.7-2018-q2-update.linux64_1.4.0.202007081208/tools/bin/../lib/gcc/arm-none-eabi/7.3.1/../../../../arm-none-eabi/lib/thumb/v6-m/libc_nano.a(lib_a-nano-vfprintf_i.o)
                0x000000000800b010                _printf_common
 *fill*         0x000000000800b0ea        0x2 
 .text._printf_i
                0x000000000800b0ec      0x210 /home/chris/opt/STM32CubeIDE/st/stm32cubeide_1.2.0/plugins/com.st.stm32cube.ide.mcu.externaltools.gnu-tools-for-stm32.7-2018-q2-update.linux64_1.4.0.202007081208/tools/bin/../lib/gcc/arm-none-eabi/7.3.1/../../../../arm-none-eabi/lib/thumb/v6-m/libc_nano.a(lib_a-nano-vfprintf_i.o)
                0x000000000800b0ec                _printf_i
 .text._scanf_float
                0x000000000800b2fc      0x3fc /home/chris/opt/STM32CubeIDE/st/stm32cubeide_1.2.0/plugins/com.st.stm32cube.ide.mcu.externaltools.gnu-tools-for-stm32.7-2018-q2-update.linux64_1.4.0.202007081208/tools/bin/../lib/gcc/arm-none-eabi/7.3.1/../../../../arm-none-eabi/lib/thumb/v6-m/libc_nano.a(lib_a-nano-vfscanf_float.o)
                0x000000000800b2fc                _scanf_float
 .text.cleanup_glue
                0x000000000800b6f8       0x1a /home/chris/opt/STM32CubeIDE/st/stm32cubeide_1.2.0/plugins/com.st.stm32cube.ide.mcu.externaltools.gnu-tools-for-stm32.7-2018-q2-update.linux64_1.4.0.202007081208/tools/bin/../lib/gcc/arm-none-eabi/7.3.1/../../../../arm-none-eabi/lib/thumb/v6-m/libc_nano.a(lib_a-reent.o)
                0x000000000800b6f8                cleanup_glue
 *fill*         0x000000000800b712        0x2 
 .text._reclaim_reent
                0x000000000800b714       0xcc /home/chris/opt/STM32CubeIDE/st/stm32cubeide_1.2.0/plugins/com.st.stm32cube.ide.mcu.externaltools.gnu-tools-for-stm32.7-2018-q2-update.linux64_1.4.0.202007081208/tools/bin/../lib/gcc/arm-none-eabi/7.3.1/../../../../arm-none-eabi/lib/thumb/v6-m/libc_nano.a(lib_a-reent.o)
                0x000000000800b714                _reclaim_reent
 .text.nanf     0x000000000800b7e0        0x8 /home/chris/opt/STM32CubeIDE/st/stm32cubeide_1.2.0/plugins/com.st.stm32cube.ide.mcu.externaltools.gnu-tools-for-stm32.7-2018-q2-update.linux64_1.4.0.202007081208/tools/bin/../lib/gcc/arm-none-eabi/7.3.1/../../../../arm-none-eabi/lib/thumb/v6-m/libc_nano.a(lib_a-sf_nan.o)
                0x000000000800b7e0                nanf
 .text.snprintf
                0x000000000800b7e8       0x64 /home/chris/opt/STM32CubeIDE/st/stm32cubeide_1.2.0/plugins/com.st.stm32cube.ide.mcu.externaltools.gnu-tools-for-stm32.7-2018-q2-update.linux64_1.4.0.202007081208/tools/bin/../lib/gcc/arm-none-eabi/7.3.1/../../../../arm-none-eabi/lib/thumb/v6-m/libc_nano.a(lib_a-snprintf.o)
                0x000000000800b7e8                snprintf
                0x000000000800b7e8                sniprintf
 .text.sprintf  0x000000000800b84c       0x40 /home/chris/opt/STM32CubeIDE/st/stm32cubeide_1.2.0/plugins/com.st.stm32cube.ide.mcu.externaltools.gnu-tools-for-stm32.7-2018-q2-update.linux64_1.4.0.202007081208/tools/bin/../lib/gcc/arm-none-eabi/7.3.1/../../../../arm-none-eabi/lib/thumb/v6-m/libc_nano.a(lib_a-sprintf.o)
                0x000000000800b84c                sprintf
                0x000000000800b84c                siprintf
 .text.unlikely.sulp
                0x000000000800b88c       0x30 /home/chris/opt/STM32CubeIDE/st/stm32cubeide_1.2.0/plugins/com.st.stm32cube.ide.mcu.externaltools.gnu-tools-for-stm32.7-2018-q2-update.linux64_1.4.0.202007081208/tools/bin/../lib/gcc/arm-none-eabi/7.3.1/../../../../arm-none-eabi/lib/thumb/v6-m/libc_nano.a(lib_a-strtod.o)
 .text._strtod_l
                0x000000000800b8bc      0xc50 /home/chris/opt/STM32CubeIDE/st/stm32cubeide_1.2.0/plugins/com.st.stm32cube.ide.mcu.externaltools.gnu-tools-for-stm32.7-2018-q2-update.linux64_1.4.0.202007081208/tools/bin/../lib/gcc/arm-none-eabi/7.3.1/../../../../arm-none-eabi/lib/thumb/v6-m/libc_nano.a(lib_a-strtod.o)
                0x000000000800b8bc                _strtod_l
 .text._strtod_r
                0x000000000800c50c       0x1c /home/chris/opt/STM32CubeIDE/st/stm32cubeide_1.2.0/plugins/com.st.stm32cube.ide.mcu.externaltools.gnu-tools-for-stm32.7-2018-q2-update.linux64_1.4.0.202007081208/tools/bin/../lib/gcc/arm-none-eabi/7.3.1/../../../../arm-none-eabi/lib/thumb/v6-m/libc_nano.a(lib_a-strtod.o)
                0x000000000800c50c                _strtod_r
 .text._strtol_l.isra.0
                0x000000000800c528      0x104 /home/chris/opt/STM32CubeIDE/st/stm32cubeide_1.2.0/plugins/com.st.stm32cube.ide.mcu.externaltools.gnu-tools-for-stm32.7-2018-q2-update.linux64_1.4.0.202007081208/tools/bin/../lib/gcc/arm-none-eabi/7.3.1/../../../../arm-none-eabi/lib/thumb/v6-m/libc_nano.a(lib_a-strtol.o)
 .text._strtol_r
                0x000000000800c62c       0x20 /home/chris/opt/STM32CubeIDE/st/stm32cubeide_1.2.0/plugins/com.st.stm32cube.ide.mcu.externaltools.gnu-tools-for-stm32.7-2018-q2-update.linux64_1.4.0.202007081208/tools/bin/../lib/gcc/arm-none-eabi/7.3.1/../../../../arm-none-eabi/lib/thumb/v6-m/libc_nano.a(lib_a-strtol.o)
                0x000000000800c62c                _strtol_r
 .text.quorem   0x000000000800c64c      0x10c /home/chris/opt/STM32CubeIDE/st/stm32cubeide_1.2.0/plugins/com.st.stm32cube.ide.mcu.externaltools.gnu-tools-for-stm32.7-2018-q2-update.linux64_1.4.0.202007081208/tools/bin/../lib/gcc/arm-none-eabi/7.3.1/../../../../arm-none-eabi/lib/thumb/v6-m/libc_nano.a(lib_a-dtoa.o)
 .text._dtoa_r  0x000000000800c758      0xbc0 /home/chris/opt/STM32CubeIDE/st/stm32cubeide_1.2.0/plugins/com.st.stm32cube.ide.mcu.externaltools.gnu-tools-for-stm32.7-2018-q2-update.linux64_1.4.0.202007081208/tools/bin/../lib/gcc/arm-none-eabi/7.3.1/../../../../arm-none-eabi/lib/thumb/v6-m/libc_nano.a(lib_a-dtoa.o)
                0x000000000800c758                _dtoa_r
 .text.rshift   0x000000000800d318       0x68 /home/chris/opt/STM32CubeIDE/st/stm32cubeide_1.2.0/plugins/com.st.stm32cube.ide.mcu.externaltools.gnu-tools-for-stm32.7-2018-q2-update.linux64_1.4.0.202007081208/tools/bin/../lib/gcc/arm-none-eabi/7.3.1/../../../../arm-none-eabi/lib/thumb/v6-m/libc_nano.a(lib_a-gdtoa-gethex.o)
 .text.__hexdig_fun
                0x000000000800d380       0x2a /home/chris/opt/STM32CubeIDE/st/stm32cubeide_1.2.0/plugins/com.st.stm32cube.ide.mcu.externaltools.gnu-tools-for-stm32.7-2018-q2-update.linux64_1.4.0.202007081208/tools/bin/../lib/gcc/arm-none-eabi/7.3.1/../../../../arm-none-eabi/lib/thumb/v6-m/libc_nano.a(lib_a-gdtoa-gethex.o)
                0x000000000800d380                __hexdig_fun
 .text.__gethex
                0x000000000800d3aa      0x456 /home/chris/opt/STM32CubeIDE/st/stm32cubeide_1.2.0/plugins/com.st.stm32cube.ide.mcu.externaltools.gnu-tools-for-stm32.7-2018-q2-update.linux64_1.4.0.202007081208/tools/bin/../lib/gcc/arm-none-eabi/7.3.1/../../../../arm-none-eabi/lib/thumb/v6-m/libc_nano.a(lib_a-gdtoa-gethex.o)
                0x000000000800d3aa                __gethex
 .text.L_shift  0x000000000800d800       0x24 /home/chris/opt/STM32CubeIDE/st/stm32cubeide_1.2.0/plugins/com.st.stm32cube.ide.mcu.externaltools.gnu-tools-for-stm32.7-2018-q2-update.linux64_1.4.0.202007081208/tools/bin/../lib/gcc/arm-none-eabi/7.3.1/../../../../arm-none-eabi/lib/thumb/v6-m/libc_nano.a(lib_a-gdtoa-hexnan.o)
 .text.__match  0x000000000800d824       0x28 /home/chris/opt/STM32CubeIDE/st/stm32cubeide_1.2.0/plugins/com.st.stm32cube.ide.mcu.externaltools.gnu-tools-for-stm32.7-2018-q2-update.linux64_1.4.0.202007081208/tools/bin/../lib/gcc/arm-none-eabi/7.3.1/../../../../arm-none-eabi/lib/thumb/v6-m/libc_nano.a(lib_a-gdtoa-hexnan.o)
                0x000000000800d824                __match
 .text.__hexnan
                0x000000000800d84c      0x12e /home/chris/opt/STM32CubeIDE/st/stm32cubeide_1.2.0/plugins/com.st.stm32cube.ide.mcu.externaltools.gnu-tools-for-stm32.7-2018-q2-update.linux64_1.4.0.202007081208/tools/bin/../lib/gcc/arm-none-eabi/7.3.1/../../../../arm-none-eabi/lib/thumb/v6-m/libc_nano.a(lib_a-gdtoa-hexnan.o)
                0x000000000800d84c                __hexnan
 .text.__locale_ctype_ptr_l
                0x000000000800d97a        0x6 /home/chris/opt/STM32CubeIDE/st/stm32cubeide_1.2.0/plugins/com.st.stm32cube.ide.mcu.externaltools.gnu-tools-for-stm32.7-2018-q2-update.linux64_1.4.0.202007081208/tools/bin/../lib/gcc/arm-none-eabi/7.3.1/../../../../arm-none-eabi/lib/thumb/v6-m/libc_nano.a(lib_a-locale.o)
                0x000000000800d97a                __locale_ctype_ptr_l
 .text.__localeconv_l
                0x000000000800d980        0x4 /home/chris/opt/STM32CubeIDE/st/stm32cubeide_1.2.0/plugins/com.st.stm32cube.ide.mcu.externaltools.gnu-tools-for-stm32.7-2018-q2-update.linux64_1.4.0.202007081208/tools/bin/../lib/gcc/arm-none-eabi/7.3.1/../../../../arm-none-eabi/lib/thumb/v6-m/libc_nano.a(lib_a-localeconv.o)
                0x000000000800d980                __localeconv_l
 .text._localeconv_r
                0x000000000800d984       0x18 /home/chris/opt/STM32CubeIDE/st/stm32cubeide_1.2.0/plugins/com.st.stm32cube.ide.mcu.externaltools.gnu-tools-for-stm32.7-2018-q2-update.linux64_1.4.0.202007081208/tools/bin/../lib/gcc/arm-none-eabi/7.3.1/../../../../arm-none-eabi/lib/thumb/v6-m/libc_nano.a(lib_a-localeconv.o)
                0x000000000800d984                _localeconv_r
 .text.__ascii_mbtowc
                0x000000000800d99c       0x24 /home/chris/opt/STM32CubeIDE/st/stm32cubeide_1.2.0/plugins/com.st.stm32cube.ide.mcu.externaltools.gnu-tools-for-stm32.7-2018-q2-update.linux64_1.4.0.202007081208/tools/bin/../lib/gcc/arm-none-eabi/7.3.1/../../../../arm-none-eabi/lib/thumb/v6-m/libc_nano.a(lib_a-mbtowc_r.o)
                0x000000000800d99c                __ascii_mbtowc
 .text.memchr   0x000000000800d9c0       0x16 /home/chris/opt/STM32CubeIDE/st/stm32cubeide_1.2.0/plugins/com.st.stm32cube.ide.mcu.externaltools.gnu-tools-for-stm32.7-2018-q2-update.linux64_1.4.0.202007081208/tools/bin/../lib/gcc/arm-none-eabi/7.3.1/../../../../arm-none-eabi/lib/thumb/v6-m/libc_nano.a(lib_a-memchr-stub.o)
                0x000000000800d9c0                memchr
 .text._Balloc  0x000000000800d9d6       0x70 /home/chris/opt/STM32CubeIDE/st/stm32cubeide_1.2.0/plugins/com.st.stm32cube.ide.mcu.externaltools.gnu-tools-for-stm32.7-2018-q2-update.linux64_1.4.0.202007081208/tools/bin/../lib/gcc/arm-none-eabi/7.3.1/../../../../arm-none-eabi/lib/thumb/v6-m/libc_nano.a(lib_a-mprec.o)
                0x000000000800d9d6                _Balloc
 .text._Bfree   0x000000000800da46       0x32 /home/chris/opt/STM32CubeIDE/st/stm32cubeide_1.2.0/plugins/com.st.stm32cube.ide.mcu.externaltools.gnu-tools-for-stm32.7-2018-q2-update.linux64_1.4.0.202007081208/tools/bin/../lib/gcc/arm-none-eabi/7.3.1/../../../../arm-none-eabi/lib/thumb/v6-m/libc_nano.a(lib_a-mprec.o)
                0x000000000800da46                _Bfree
 .text.__multadd
                0x000000000800da78       0x7c /home/chris/opt/STM32CubeIDE/st/stm32cubeide_1.2.0/plugins/com.st.stm32cube.ide.mcu.externaltools.gnu-tools-for-stm32.7-2018-q2-update.linux64_1.4.0.202007081208/tools/bin/../lib/gcc/arm-none-eabi/7.3.1/../../../../arm-none-eabi/lib/thumb/v6-m/libc_nano.a(lib_a-mprec.o)
                0x000000000800da78                __multadd
 .text.__s2b    0x000000000800daf4       0x7c /home/chris/opt/STM32CubeIDE/st/stm32cubeide_1.2.0/plugins/com.st.stm32cube.ide.mcu.externaltools.gnu-tools-for-stm32.7-2018-q2-update.linux64_1.4.0.202007081208/tools/bin/../lib/gcc/arm-none-eabi/7.3.1/../../../../arm-none-eabi/lib/thumb/v6-m/libc_nano.a(lib_a-mprec.o)
                0x000000000800daf4                __s2b
 .text.__hi0bits
                0x000000000800db70       0x34 /home/chris/opt/STM32CubeIDE/st/stm32cubeide_1.2.0/plugins/com.st.stm32cube.ide.mcu.externaltools.gnu-tools-for-stm32.7-2018-q2-update.linux64_1.4.0.202007081208/tools/bin/../lib/gcc/arm-none-eabi/7.3.1/../../../../arm-none-eabi/lib/thumb/v6-m/libc_nano.a(lib_a-mprec.o)
                0x000000000800db70                __hi0bits
 .text.__lo0bits
                0x000000000800dba4       0x5e /home/chris/opt/STM32CubeIDE/st/stm32cubeide_1.2.0/plugins/com.st.stm32cube.ide.mcu.externaltools.gnu-tools-for-stm32.7-2018-q2-update.linux64_1.4.0.202007081208/tools/bin/../lib/gcc/arm-none-eabi/7.3.1/../../../../arm-none-eabi/lib/thumb/v6-m/libc_nano.a(lib_a-mprec.o)
                0x000000000800dba4                __lo0bits
 .text.__i2b    0x000000000800dc02       0x12 /home/chris/opt/STM32CubeIDE/st/stm32cubeide_1.2.0/plugins/com.st.stm32cube.ide.mcu.externaltools.gnu-tools-for-stm32.7-2018-q2-update.linux64_1.4.0.202007081208/tools/bin/../lib/gcc/arm-none-eabi/7.3.1/../../../../arm-none-eabi/lib/thumb/v6-m/libc_nano.a(lib_a-mprec.o)
                0x000000000800dc02                __i2b
 .text.__multiply
                0x000000000800dc14      0x11e /home/chris/opt/STM32CubeIDE/st/stm32cubeide_1.2.0/plugins/com.st.stm32cube.ide.mcu.externaltools.gnu-tools-for-stm32.7-2018-q2-update.linux64_1.4.0.202007081208/tools/bin/../lib/gcc/arm-none-eabi/7.3.1/../../../../arm-none-eabi/lib/thumb/v6-m/libc_nano.a(lib_a-mprec.o)
                0x000000000800dc14                __multiply
 *fill*         0x000000000800dd32        0x2 
 .text.__pow5mult
                0x000000000800dd34       0xa4 /home/chris/opt/STM32CubeIDE/st/stm32cubeide_1.2.0/plugins/com.st.stm32cube.ide.mcu.externaltools.gnu-tools-for-stm32.7-2018-q2-update.linux64_1.4.0.202007081208/tools/bin/../lib/gcc/arm-none-eabi/7.3.1/../../../../arm-none-eabi/lib/thumb/v6-m/libc_nano.a(lib_a-mprec.o)
                0x000000000800dd34                __pow5mult
 .text.__lshift
                0x000000000800ddd8       0xa4 /home/chris/opt/STM32CubeIDE/st/stm32cubeide_1.2.0/plugins/com.st.stm32cube.ide.mcu.externaltools.gnu-tools-for-stm32.7-2018-q2-update.linux64_1.4.0.202007081208/tools/bin/../lib/gcc/arm-none-eabi/7.3.1/../../../../arm-none-eabi/lib/thumb/v6-m/libc_nano.a(lib_a-mprec.o)
                0x000000000800ddd8                __lshift
 .text.__mcmp   0x000000000800de7c       0x34 /home/chris/opt/STM32CubeIDE/st/stm32cubeide_1.2.0/plugins/com.st.stm32cube.ide.mcu.externaltools.gnu-tools-for-stm32.7-2018-q2-update.linux64_1.4.0.202007081208/tools/bin/../lib/gcc/arm-none-eabi/7.3.1/../../../../arm-none-eabi/lib/thumb/v6-m/libc_nano.a(lib_a-mprec.o)
                0x000000000800de7c                __mcmp
 .text.__mdiff  0x000000000800deb0       0xc8 /home/chris/opt/STM32CubeIDE/st/stm32cubeide_1.2.0/plugins/com.st.stm32cube.ide.mcu.externaltools.gnu-tools-for-stm32.7-2018-q2-update.linux64_1.4.0.202007081208/tools/bin/../lib/gcc/arm-none-eabi/7.3.1/../../../../arm-none-eabi/lib/thumb/v6-m/libc_nano.a(lib_a-mprec.o)
                0x000000000800deb0                __mdiff
 .text.__ulp    0x000000000800df78       0x4c /home/chris/opt/STM32CubeIDE/st/stm32cubeide_1.2.0/plugins/com.st.stm32cube.ide.mcu.externaltools.gnu-tools-for-stm32.7-2018-q2-update.linux64_1.4.0.202007081208/tools/bin/../lib/gcc/arm-none-eabi/7.3.1/../../../../arm-none-eabi/lib/thumb/v6-m/libc_nano.a(lib_a-mprec.o)
                0x000000000800df78                __ulp
 .text.__b2d    0x000000000800dfc4       0x98 /home/chris/opt/STM32CubeIDE/st/stm32cubeide_1.2.0/plugins/com.st.stm32cube.ide.mcu.externaltools.gnu-tools-for-stm32.7-2018-q2-update.linux64_1.4.0.202007081208/tools/bin/../lib/gcc/arm-none-eabi/7.3.1/../../../../arm-none-eabi/lib/thumb/v6-m/libc_nano.a(lib_a-mprec.o)
                0x000000000800dfc4                __b2d
 .text.__d2b    0x000000000800e05c       0xa8 /home/chris/opt/STM32CubeIDE/st/stm32cubeide_1.2.0/plugins/com.st.stm32cube.ide.mcu.externaltools.gnu-tools-for-stm32.7-2018-q2-update.linux64_1.4.0.202007081208/tools/bin/../lib/gcc/arm-none-eabi/7.3.1/../../../../arm-none-eabi/lib/thumb/v6-m/libc_nano.a(lib_a-mprec.o)
                0x000000000800e05c                __d2b
 .text.__ratio  0x000000000800e104       0x4e /home/chris/opt/STM32CubeIDE/st/stm32cubeide_1.2.0/plugins/com.st.stm32cube.ide.mcu.externaltools.gnu-tools-for-stm32.7-2018-q2-update.linux64_1.4.0.202007081208/tools/bin/../lib/gcc/arm-none-eabi/7.3.1/../../../../arm-none-eabi/lib/thumb/v6-m/libc_nano.a(lib_a-mprec.o)
                0x000000000800e104                __ratio
 .text.__copybits
                0x000000000800e152       0x2c /home/chris/opt/STM32CubeIDE/st/stm32cubeide_1.2.0/plugins/com.st.stm32cube.ide.mcu.externaltools.gnu-tools-for-stm32.7-2018-q2-update.linux64_1.4.0.202007081208/tools/bin/../lib/gcc/arm-none-eabi/7.3.1/../../../../arm-none-eabi/lib/thumb/v6-m/libc_nano.a(lib_a-mprec.o)
                0x000000000800e152                __copybits
 .text.__any_on
                0x000000000800e17e       0x44 /home/chris/opt/STM32CubeIDE/st/stm32cubeide_1.2.0/plugins/com.st.stm32cube.ide.mcu.externaltools.gnu-tools-for-stm32.7-2018-q2-update.linux64_1.4.0.202007081208/tools/bin/../lib/gcc/arm-none-eabi/7.3.1/../../../../arm-none-eabi/lib/thumb/v6-m/libc_nano.a(lib_a-mprec.o)
                0x000000000800e17e                __any_on
 .text._calloc_r
                0x000000000800e1c2       0x1c /home/chris/opt/STM32CubeIDE/st/stm32cubeide_1.2.0/plugins/com.st.stm32cube.ide.mcu.externaltools.gnu-tools-for-stm32.7-2018-q2-update.linux64_1.4.0.202007081208/tools/bin/../lib/gcc/arm-none-eabi/7.3.1/../../../../arm-none-eabi/lib/thumb/v6-m/libc_nano.a(lib_a-nano-callocr.o)
                0x000000000800e1c2                _calloc_r
 *fill*         0x000000000800e1de        0x2 
 .text.__ssputs_r
                0x000000000800e1e0       0xc4 /home/chris/opt/STM32CubeIDE/st/stm32cubeide_1.2.0/plugins/com.st.stm32cube.ide.mcu.externaltools.gnu-tools-for-stm32.7-2018-q2-update.linux64_1.4.0.202007081208/tools/bin/../lib/gcc/arm-none-eabi/7.3.1/../../../../arm-none-eabi/lib/thumb/v6-m/libc_nano.a(lib_a-nano-svfprintf.o)
                0x000000000800e1e0                __ssputs_r
 .text._svfprintf_r
                0x000000000800e2a4      0x1fc /home/chris/opt/STM32CubeIDE/st/stm32cubeide_1.2.0/plugins/com.st.stm32cube.ide.mcu.externaltools.gnu-tools-for-stm32.7-2018-q2-update.linux64_1.4.0.202007081208/tools/bin/../lib/gcc/arm-none-eabi/7.3.1/../../../../arm-none-eabi/lib/thumb/v6-m/libc_nano.a(lib_a-nano-svfprintf.o)
                0x000000000800e2a4                _svfprintf_r
                0x000000000800e2a4                _svfiprintf_r
 .text.strncmp  0x000000000800e4a0       0x22 /home/chris/opt/STM32CubeIDE/st/stm32cubeide_1.2.0/plugins/com.st.stm32cube.ide.mcu.externaltools.gnu-tools-for-stm32.7-2018-q2-update.linux64_1.4.0.202007081208/tools/bin/../lib/gcc/arm-none-eabi/7.3.1/../../../../arm-none-eabi/lib/thumb/v6-m/libc_nano.a(lib_a-strncmp.o)
                0x000000000800e4a0                strncmp
 .text.__ascii_wctomb
                0x000000000800e4c2       0x18 /home/chris/opt/STM32CubeIDE/st/stm32cubeide_1.2.0/plugins/com.st.stm32cube.ide.mcu.externaltools.gnu-tools-for-stm32.7-2018-q2-update.linux64_1.4.0.202007081208/tools/bin/../lib/gcc/arm-none-eabi/7.3.1/../../../../arm-none-eabi/lib/thumb/v6-m/libc_nano.a(lib_a-wctomb_r.o)
                0x000000000800e4c2                __ascii_wctomb
 .text.memmove  0x000000000800e4da       0x26 /home/chris/opt/STM32CubeIDE/st/stm32cubeide_1.2.0/plugins/com.st.stm32cube.ide.mcu.externaltools.gnu-tools-for-stm32.7-2018-q2-update.linux64_1.4.0.202007081208/tools/bin/../lib/gcc/arm-none-eabi/7.3.1/../../../../arm-none-eabi/lib/thumb/v6-m/libc_nano.a(lib_a-memmove.o)
                0x000000000800e4da                memmove
 .text._realloc_r
                0x000000000800e500       0x4c /home/chris/opt/STM32CubeIDE/st/stm32cubeide_1.2.0/plugins/com.st.stm32cube.ide.mcu.externaltools.gnu-tools-for-stm32.7-2018-q2-update.linux64_1.4.0.202007081208/tools/bin/../lib/gcc/arm-none-eabi/7.3.1/../../../../arm-none-eabi/lib/thumb/v6-m/libc_nano.a(lib_a-nano-reallocr.o)
                0x000000000800e500                _realloc_r
 .text._malloc_usable_size_r
                0x000000000800e54c       0x10 /home/chris/opt/STM32CubeIDE/st/stm32cubeide_1.2.0/plugins/com.st.stm32cube.ide.mcu.externaltools.gnu-tools-for-stm32.7-2018-q2-update.linux64_1.4.0.202007081208/tools/bin/../lib/gcc/arm-none-eabi/7.3.1/../../../../arm-none-eabi/lib/thumb/v6-m/libc_nano.a(lib_a-nano-msizer.o)
                0x000000000800e54c                _malloc_usable_size_r
 *(.glue_7)
 .glue_7        0x000000000800e55c        0x0 linker stubs
 *(.glue_7t)
 .glue_7t       0x000000000800e55c        0x0 linker stubs
 *(.eh_frame)
 .eh_frame      0x000000000800e55c        0x0 /home/chris/opt/STM32CubeIDE/st/stm32cubeide_1.2.0/plugins/com.st.stm32cube.ide.mcu.externaltools.gnu-tools-for-stm32.7-2018-q2-update.linux64_1.4.0.202007081208/tools/bin/../lib/gcc/arm-none-eabi/7.3.1/thumb/v6-m/crtbegin.o
 *(.init)
 .init          0x000000000800e55c        0x4 /home/chris/opt/STM32CubeIDE/st/stm32cubeide_1.2.0/plugins/com.st.stm32cube.ide.mcu.externaltools.gnu-tools-for-stm32.7-2018-q2-update.linux64_1.4.0.202007081208/tools/bin/../lib/gcc/arm-none-eabi/7.3.1/thumb/v6-m/crti.o
                0x000000000800e55c                _init
 .init          0x000000000800e560        0x8 /home/chris/opt/STM32CubeIDE/st/stm32cubeide_1.2.0/plugins/com.st.stm32cube.ide.mcu.externaltools.gnu-tools-for-stm32.7-2018-q2-update.linux64_1.4.0.202007081208/tools/bin/../lib/gcc/arm-none-eabi/7.3.1/thumb/v6-m/crtn.o
 *(.fini)
 .fini          0x000000000800e568        0x4 /home/chris/opt/STM32CubeIDE/st/stm32cubeide_1.2.0/plugins/com.st.stm32cube.ide.mcu.externaltools.gnu-tools-for-stm32.7-2018-q2-update.linux64_1.4.0.202007081208/tools/bin/../lib/gcc/arm-none-eabi/7.3.1/thumb/v6-m/crti.o
                0x000000000800e568                _fini
 .fini          0x000000000800e56c        0x8 /home/chris/opt/STM32CubeIDE/st/stm32cubeide_1.2.0/plugins/com.st.stm32cube.ide.mcu.externaltools.gnu-tools-for-stm32.7-2018-q2-update.linux64_1.4.0.202007081208/tools/bin/../lib/gcc/arm-none-eabi/7.3.1/thumb/v6-m/crtn.o
                0x000000000800e574                . = ALIGN (0x4)
                0x000000000800e574                _etext = .

.vfp11_veneer   0x000000000800e574        0x0
 .vfp11_veneer  0x000000000800e574        0x0 linker stubs

.v4_bx          0x000000000800e574        0x0
 .v4_bx         0x000000000800e574        0x0 linker stubs

.iplt           0x000000000800e574        0x0
 .iplt          0x000000000800e574        0x0 /home/chris/opt/STM32CubeIDE/st/stm32cubeide_1.2.0/plugins/com.st.stm32cube.ide.mcu.externaltools.gnu-tools-for-stm32.7-2018-q2-update.linux64_1.4.0.202007081208/tools/bin/../lib/gcc/arm-none-eabi/7.3.1/thumb/v6-m/crtbegin.o

.rodata         0x000000000800e578      0x818
                0x000000000800e578                . = ALIGN (0x4)
 *(.rodata)
 .rodata        0x000000000800e578       0x74 Core/Src/freertos.o
 .rodata        0x000000000800e5ec       0x20 Drivers/STM32F0xx_HAL_Driver/Src/stm32f0xx_hal_rcc.o
 .rodata        0x000000000800e60c        0x5 Middlewares/Third_Party/FreeRTOS/Source/tasks.o
 *fill*         0x000000000800e611        0x3 
 .rodata        0x000000000800e614       0xa8 UserApplication/SMBUS_Manager.o
 .rodata        0x000000000800e6bc       0x6a UserApplication/UserTasks.o
 *fill*         0x000000000800e726        0x2 
 .rodata        0x000000000800e728       0x80 /home/chris/opt/STM32CubeIDE/st/stm32cubeide_1.2.0/plugins/com.st.stm32cube.ide.mcu.externaltools.gnu-tools-for-stm32.7-2018-q2-update.linux64_1.4.0.202007081208/tools/bin/../lib/gcc/arm-none-eabi/7.3.1/thumb/v6-m/libgcc.a(divsf3.o)
 .rodata        0x000000000800e7a8       0x40 /home/chris/opt/STM32CubeIDE/st/stm32cubeide_1.2.0/plugins/com.st.stm32cube.ide.mcu.externaltools.gnu-tools-for-stm32.7-2018-q2-update.linux64_1.4.0.202007081208/tools/bin/../lib/gcc/arm-none-eabi/7.3.1/thumb/v6-m/libgcc.a(divdf3.o)
 .rodata        0x000000000800e7e8       0x40 /home/chris/opt/STM32CubeIDE/st/stm32cubeide_1.2.0/plugins/com.st.stm32cube.ide.mcu.externaltools.gnu-tools-for-stm32.7-2018-q2-update.linux64_1.4.0.202007081208/tools/bin/../lib/gcc/arm-none-eabi/7.3.1/thumb/v6-m/libgcc.a(muldf3.o)
 *(.rodata*)
 .rodata.AHBPrescTable
                0x000000000800e828       0x10 Core/Src/system_stm32f0xx.o
                0x000000000800e828                AHBPrescTable
 .rodata.font   0x000000000800e838      0x240 Optimized_STM32_ILI9341/ILI9341_GFX.o
 .rodata.__sf_fake_stderr
                0x000000000800ea78       0x20 /home/chris/opt/STM32CubeIDE/st/stm32cubeide_1.2.0/plugins/com.st.stm32cube.ide.mcu.externaltools.gnu-tools-for-stm32.7-2018-q2-update.linux64_1.4.0.202007081208/tools/bin/../lib/gcc/arm-none-eabi/7.3.1/../../../../arm-none-eabi/lib/thumb/v6-m/libc_nano.a(lib_a-findfp.o)
                0x000000000800ea78                __sf_fake_stderr
 .rodata.__sf_fake_stdin
                0x000000000800ea98       0x20 /home/chris/opt/STM32CubeIDE/st/stm32cubeide_1.2.0/plugins/com.st.stm32cube.ide.mcu.externaltools.gnu-tools-for-stm32.7-2018-q2-update.linux64_1.4.0.202007081208/tools/bin/../lib/gcc/arm-none-eabi/7.3.1/../../../../arm-none-eabi/lib/thumb/v6-m/libc_nano.a(lib_a-findfp.o)
                0x000000000800ea98                __sf_fake_stdin
 .rodata.__sf_fake_stdout
                0x000000000800eab8       0x20 /home/chris/opt/STM32CubeIDE/st/stm32cubeide_1.2.0/plugins/com.st.stm32cube.ide.mcu.externaltools.gnu-tools-for-stm32.7-2018-q2-update.linux64_1.4.0.202007081208/tools/bin/../lib/gcc/arm-none-eabi/7.3.1/../../../../arm-none-eabi/lib/thumb/v6-m/libc_nano.a(lib_a-findfp.o)
                0x000000000800eab8                __sf_fake_stdout
 .rodata._printf_float.str1.1
                0x000000000800ead8       0x12 /home/chris/opt/STM32CubeIDE/st/stm32cubeide_1.2.0/plugins/com.st.stm32cube.ide.mcu.externaltools.gnu-tools-for-stm32.7-2018-q2-update.linux64_1.4.0.202007081208/tools/bin/../lib/gcc/arm-none-eabi/7.3.1/../../../../arm-none-eabi/lib/thumb/v6-m/libc_nano.a(lib_a-nano-vfprintf_float.o)
 .rodata._printf_i.str1.1
                0x000000000800eaea       0x22 /home/chris/opt/STM32CubeIDE/st/stm32cubeide_1.2.0/plugins/com.st.stm32cube.ide.mcu.externaltools.gnu-tools-for-stm32.7-2018-q2-update.linux64_1.4.0.202007081208/tools/bin/../lib/gcc/arm-none-eabi/7.3.1/../../../../arm-none-eabi/lib/thumb/v6-m/libc_nano.a(lib_a-nano-vfprintf_i.o)
 .rodata._scanf_float.str1.1
                0x000000000800eb0c        0x5 /home/chris/opt/STM32CubeIDE/st/stm32cubeide_1.2.0/plugins/com.st.stm32cube.ide.mcu.externaltools.gnu-tools-for-stm32.7-2018-q2-update.linux64_1.4.0.202007081208/tools/bin/../lib/gcc/arm-none-eabi/7.3.1/../../../../arm-none-eabi/lib/thumb/v6-m/libc_nano.a(lib_a-nano-vfscanf_float.o)
 .rodata._strtod_l.str1.1
                0x000000000800eb11        0x5 /home/chris/opt/STM32CubeIDE/st/stm32cubeide_1.2.0/plugins/com.st.stm32cube.ide.mcu.externaltools.gnu-tools-for-stm32.7-2018-q2-update.linux64_1.4.0.202007081208/tools/bin/../lib/gcc/arm-none-eabi/7.3.1/../../../../arm-none-eabi/lib/thumb/v6-m/libc_nano.a(lib_a-strtod.o)
                                          0xc (size before relaxing)
 *fill*         0x000000000800eb11        0x3 
 .rodata.fpi.6160
                0x000000000800eb14       0x14 /home/chris/opt/STM32CubeIDE/st/stm32cubeide_1.2.0/plugins/com.st.stm32cube.ide.mcu.externaltools.gnu-tools-for-stm32.7-2018-q2-update.linux64_1.4.0.202007081208/tools/bin/../lib/gcc/arm-none-eabi/7.3.1/../../../../arm-none-eabi/lib/thumb/v6-m/libc_nano.a(lib_a-strtod.o)
 .rodata.fpinan.6196
                0x000000000800eb28       0x14 /home/chris/opt/STM32CubeIDE/st/stm32cubeide_1.2.0/plugins/com.st.stm32cube.ide.mcu.externaltools.gnu-tools-for-stm32.7-2018-q2-update.linux64_1.4.0.202007081208/tools/bin/../lib/gcc/arm-none-eabi/7.3.1/../../../../arm-none-eabi/lib/thumb/v6-m/libc_nano.a(lib_a-strtod.o)
 *fill*         0x000000000800eb3c        0x4 
 .rodata.tinytens
                0x000000000800eb40       0x28 /home/chris/opt/STM32CubeIDE/st/stm32cubeide_1.2.0/plugins/com.st.stm32cube.ide.mcu.externaltools.gnu-tools-for-stm32.7-2018-q2-update.linux64_1.4.0.202007081208/tools/bin/../lib/gcc/arm-none-eabi/7.3.1/../../../../arm-none-eabi/lib/thumb/v6-m/libc_nano.a(lib_a-strtod.o)
 .rodata._dtoa_r.str1.1
                0x000000000800eb68        0xd /home/chris/opt/STM32CubeIDE/st/stm32cubeide_1.2.0/plugins/com.st.stm32cube.ide.mcu.externaltools.gnu-tools-for-stm32.7-2018-q2-update.linux64_1.4.0.202007081208/tools/bin/../lib/gcc/arm-none-eabi/7.3.1/../../../../arm-none-eabi/lib/thumb/v6-m/libc_nano.a(lib_a-dtoa.o)
                                          0xf (size before relaxing)
 .rodata._setlocale_r.str1.1
                0x000000000800eb75        0x8 /home/chris/opt/STM32CubeIDE/st/stm32cubeide_1.2.0/plugins/com.st.stm32cube.ide.mcu.externaltools.gnu-tools-for-stm32.7-2018-q2-update.linux64_1.4.0.202007081208/tools/bin/../lib/gcc/arm-none-eabi/7.3.1/../../../../arm-none-eabi/lib/thumb/v6-m/libc_nano.a(lib_a-locale.o)
                                          0x9 (size before relaxing)
 .rodata.str1.1
                0x000000000800eb7d        0x2 /home/chris/opt/STM32CubeIDE/st/stm32cubeide_1.2.0/plugins/com.st.stm32cube.ide.mcu.externaltools.gnu-tools-for-stm32.7-2018-q2-update.linux64_1.4.0.202007081208/tools/bin/../lib/gcc/arm-none-eabi/7.3.1/../../../../arm-none-eabi/lib/thumb/v6-m/libc_nano.a(lib_a-locale.o)
 *fill*         0x000000000800eb7f        0x1 
 .rodata.__mprec_bigtens
                0x000000000800eb80       0x28 /home/chris/opt/STM32CubeIDE/st/stm32cubeide_1.2.0/plugins/com.st.stm32cube.ide.mcu.externaltools.gnu-tools-for-stm32.7-2018-q2-update.linux64_1.4.0.202007081208/tools/bin/../lib/gcc/arm-none-eabi/7.3.1/../../../../arm-none-eabi/lib/thumb/v6-m/libc_nano.a(lib_a-mprec.o)
                0x000000000800eb80                __mprec_bigtens
 .rodata.__mprec_tens
                0x000000000800eba8       0xc8 /home/chris/opt/STM32CubeIDE/st/stm32cubeide_1.2.0/plugins/com.st.stm32cube.ide.mcu.externaltools.gnu-tools-for-stm32.7-2018-q2-update.linux64_1.4.0.202007081208/tools/bin/../lib/gcc/arm-none-eabi/7.3.1/../../../../arm-none-eabi/lib/thumb/v6-m/libc_nano.a(lib_a-mprec.o)
                0x000000000800eba8                __mprec_tens
 .rodata.p05.6084
                0x000000000800ec70        0xc /home/chris/opt/STM32CubeIDE/st/stm32cubeide_1.2.0/plugins/com.st.stm32cube.ide.mcu.externaltools.gnu-tools-for-stm32.7-2018-q2-update.linux64_1.4.0.202007081208/tools/bin/../lib/gcc/arm-none-eabi/7.3.1/../../../../arm-none-eabi/lib/thumb/v6-m/libc_nano.a(lib_a-mprec.o)
 .rodata._svfprintf_r.str1.1
                0x000000000800ec7c       0x11 /home/chris/opt/STM32CubeIDE/st/stm32cubeide_1.2.0/plugins/com.st.stm32cube.ide.mcu.externaltools.gnu-tools-for-stm32.7-2018-q2-update.linux64_1.4.0.202007081208/tools/bin/../lib/gcc/arm-none-eabi/7.3.1/../../../../arm-none-eabi/lib/thumb/v6-m/libc_nano.a(lib_a-nano-svfprintf.o)
 .rodata._ctype_
                0x000000000800ec8d      0x101 /home/chris/opt/STM32CubeIDE/st/stm32cubeide_1.2.0/plugins/com.st.stm32cube.ide.mcu.externaltools.gnu-tools-for-stm32.7-2018-q2-update.linux64_1.4.0.202007081208/tools/bin/../lib/gcc/arm-none-eabi/7.3.1/../../../../arm-none-eabi/lib/thumb/v6-m/libc_nano.a(lib_a-ctype_.o)
                0x000000000800ec8d                _ctype_
                0x000000000800ed90                . = ALIGN (0x4)
 *fill*         0x000000000800ed8e        0x2 

.rel.dyn        0x000000000800ed90        0x0
 .rel.iplt      0x000000000800ed90        0x0 /home/chris/opt/STM32CubeIDE/st/stm32cubeide_1.2.0/plugins/com.st.stm32cube.ide.mcu.externaltools.gnu-tools-for-stm32.7-2018-q2-update.linux64_1.4.0.202007081208/tools/bin/../lib/gcc/arm-none-eabi/7.3.1/thumb/v6-m/crtbegin.o

.ARM.extab      0x000000000800ed90        0x0
                0x000000000800ed90                . = ALIGN (0x4)
 *(.ARM.extab* .gnu.linkonce.armextab.*)
                0x000000000800ed90                . = ALIGN (0x4)

.ARM            0x000000000800ed90        0x0
                0x000000000800ed90                . = ALIGN (0x4)
                0x000000000800ed90                __exidx_start = .
 *(.ARM.exidx*)
                0x000000000800ed90                __exidx_end = .
                0x000000000800ed90                . = ALIGN (0x4)

.preinit_array  0x000000000800ed90        0x0
                0x000000000800ed90                . = ALIGN (0x4)
                0x000000000800ed90                PROVIDE (__preinit_array_start = .)
 *(.preinit_array*)
                0x000000000800ed90                PROVIDE (__preinit_array_end = .)
                0x000000000800ed90                . = ALIGN (0x4)

.init_array     0x000000000800ed90        0x4
                0x000000000800ed90                . = ALIGN (0x4)
                0x000000000800ed90                PROVIDE (__init_array_start = .)
 *(SORT_BY_NAME(.init_array.*))
 *(.init_array*)
 .init_array    0x000000000800ed90        0x4 /home/chris/opt/STM32CubeIDE/st/stm32cubeide_1.2.0/plugins/com.st.stm32cube.ide.mcu.externaltools.gnu-tools-for-stm32.7-2018-q2-update.linux64_1.4.0.202007081208/tools/bin/../lib/gcc/arm-none-eabi/7.3.1/thumb/v6-m/crtbegin.o
                0x000000000800ed94                PROVIDE (__init_array_end = .)
                0x000000000800ed94                . = ALIGN (0x4)

.fini_array     0x000000000800ed94        0x4
                0x000000000800ed94                . = ALIGN (0x4)
                [!provide]                        PROVIDE (__fini_array_start = .)
 *(SORT_BY_NAME(.fini_array.*))
 *(.fini_array*)
 .fini_array    0x000000000800ed94        0x4 /home/chris/opt/STM32CubeIDE/st/stm32cubeide_1.2.0/plugins/com.st.stm32cube.ide.mcu.externaltools.gnu-tools-for-stm32.7-2018-q2-update.linux64_1.4.0.202007081208/tools/bin/../lib/gcc/arm-none-eabi/7.3.1/thumb/v6-m/crtbegin.o
                [!provide]                        PROVIDE (__fini_array_end = .)
                0x000000000800ed98                . = ALIGN (0x4)
                0x000000000800ed98                _sidata = LOADADDR (.data)

.data           0x0000000020000000      0x1ec load address 0x000000000800ed98
                0x0000000020000000                . = ALIGN (0x4)
                0x0000000020000000                _sdata = .
 *(.data)
 *(.data*)
 .data.currentHeapEnd.5267
                0x0000000020000000        0x4 Core/Src/heap_useNewlib_ST.o
 .data.SystemCoreClock
                0x0000000020000004        0x4 Core/Src/system_stm32f0xx.o
                0x0000000020000004                SystemCoreClock
 .data.uwTickPrio
                0x0000000020000008        0x4 Drivers/STM32F0xx_HAL_Driver/Src/stm32f0xx_hal.o
                0x0000000020000008                uwTickPrio
 .data.uwTickFreq
                0x000000002000000c        0x1 Drivers/STM32F0xx_HAL_Driver/Src/stm32f0xx_hal.o
                0x000000002000000c                uwTickFreq