reent.h:153:14:_sbrk_r	24	static
heap_useNewlib_ST.c:204:8:sbrk	16	static
heap_useNewlib_ST.c:206:8:_sbrk	16	static
malloc.h:136:13:__malloc_lock	16	static
malloc.h:138:13:__malloc_unlock	16	static
heap_useNewlib_ST.c:233:6:__env_lock	8	static
heap_useNewlib_ST.c:234:6:__env_unlock	8	static
heap_useNewlib_ST.c:243:9:__wrap_malloc	24	static
heap_useNewlib_ST.c:252:9:__wrap__malloc_r	24	static
heap_useNewlib_ST.c:267:7:pvPortMalloc	24	static
heap_useNewlib_ST.c:271:6:vPortFree	16	static
heap_useNewlib_ST.c:275:8:xPortGetFreeHeapSize	48	static
heap_useNewlib_ST.c:284:6:vPortInitialiseBlocks	8	static
