TSC2046_STM32_HardwareManager.c:38:6:TSC2046_HM_Init	16	static
TSC2046_STM32_HardwareManager.c:71:27:TSC2046_HM_RunConversion	16	static
TSC2046_STM32_HardwareManager.c:180:6:TSC2046_HM_ConvertToQVGA	24	static
TSC2046_STM32_HardwareManager.c:216:6:_SetCsPinHigh	8	static
TSC2046_STM32_HardwareManager.c:229:6:_SetCsPinLow	8	static
TSC2046_STM32_HardwareManager.c:242:6:_EnableSPI	8	static
TSC2046_STM32_HardwareManager.c:260:6:_SpiTransmit8	16	static
TSC2046_STM32_HardwareManager.c:276:10:_SpiReceive16	16	static
TSC2046_STM32_HardwareManager.c:294:6:_SpiOverflowReset	8	static
TSC2046_STM32_HardwareManager.c:307:6:_WaitDelay	24	static,ignoring_inline_asm
TSC2046_STM32_HardwareManager.c:321:10:TSC4026_STM32_HM_GetXpos	8	static
TSC2046_STM32_HardwareManager.c:334:10:TSC4026_STM32_HM_GetYpos	8	static
